ARM GAS  C:\Users\jagumiel\AppData\Local\Temp\ccWJQhh8.s 			page 1


   1              		.syntax unified
   2              		.cpu cortex-m0
   3              		.fpu softvfp
   4              		.eabi_attribute 20, 1
   5              		.eabi_attribute 21, 1
   6              		.eabi_attribute 23, 3
   7              		.eabi_attribute 24, 1
   8              		.eabi_attribute 25, 1
   9              		.eabi_attribute 26, 1
  10              		.eabi_attribute 30, 1
  11              		.eabi_attribute 34, 0
  12              		.eabi_attribute 18, 4
  13              		.thumb
  14              		.syntax unified
  15              		.file	"cyfitter_cfg.c"
  16              		.text
  17              	.Ltext0:
  18              		.cfi_sections	.debug_frame
  19              		.section	.text.CYMEMZERO,"ax",%progbits
  20              		.align	2
  21              		.code	16
  22              		.thumb_func
  23              		.type	CYMEMZERO, %function
  24              	CYMEMZERO:
  25              	.LFB0:
  26              		.file 1 "Generated_Source\\PSoC4\\cyfitter_cfg.c"
   1:Generated_Source\PSoC4/cyfitter_cfg.c **** 
   2:Generated_Source\PSoC4/cyfitter_cfg.c **** /*******************************************************************************
   3:Generated_Source\PSoC4/cyfitter_cfg.c **** * File Name: cyfitter_cfg.c
   4:Generated_Source\PSoC4/cyfitter_cfg.c **** * 
   5:Generated_Source\PSoC4/cyfitter_cfg.c **** * PSoC Creator  4.2
   6:Generated_Source\PSoC4/cyfitter_cfg.c **** *
   7:Generated_Source\PSoC4/cyfitter_cfg.c **** * Description:
   8:Generated_Source\PSoC4/cyfitter_cfg.c **** * This file contains device initialization code.
   9:Generated_Source\PSoC4/cyfitter_cfg.c **** * Except for the user defined sections in CyClockStartupError(), this file should not be modified.
  10:Generated_Source\PSoC4/cyfitter_cfg.c **** * This file is automatically generated by PSoC Creator.
  11:Generated_Source\PSoC4/cyfitter_cfg.c **** *
  12:Generated_Source\PSoC4/cyfitter_cfg.c **** ********************************************************************************
  13:Generated_Source\PSoC4/cyfitter_cfg.c **** * Copyright (c) 2007-2018 Cypress Semiconductor.  All rights reserved.
  14:Generated_Source\PSoC4/cyfitter_cfg.c **** * You may use this file only in accordance with the license, terms, conditions, 
  15:Generated_Source\PSoC4/cyfitter_cfg.c **** * disclaimers, and limitations in the end user license agreement accompanying 
  16:Generated_Source\PSoC4/cyfitter_cfg.c **** * the software package with which this file was provided.
  17:Generated_Source\PSoC4/cyfitter_cfg.c **** ********************************************************************************/
  18:Generated_Source\PSoC4/cyfitter_cfg.c **** 
  19:Generated_Source\PSoC4/cyfitter_cfg.c **** #include <string.h>
  20:Generated_Source\PSoC4/cyfitter_cfg.c **** #include "cytypes.h"
  21:Generated_Source\PSoC4/cyfitter_cfg.c **** #include "cydevice_trm.h"
  22:Generated_Source\PSoC4/cyfitter_cfg.c **** #include "cyfitter.h"
  23:Generated_Source\PSoC4/cyfitter_cfg.c **** #include "CyLib.h"
  24:Generated_Source\PSoC4/cyfitter_cfg.c **** #include "CyLFClk.h"
  25:Generated_Source\PSoC4/cyfitter_cfg.c **** #include "cyfitter_cfg.h"
  26:Generated_Source\PSoC4/cyfitter_cfg.c **** #include "cyapicallbacks.h"
  27:Generated_Source\PSoC4/cyfitter_cfg.c **** 
  28:Generated_Source\PSoC4/cyfitter_cfg.c **** 
  29:Generated_Source\PSoC4/cyfitter_cfg.c **** #if defined(__GNUC__) || defined(__ARMCC_VERSION)
  30:Generated_Source\PSoC4/cyfitter_cfg.c ****     #define CYPACKED 
  31:Generated_Source\PSoC4/cyfitter_cfg.c ****     #define CYPACKED_ATTR __attribute__ ((packed))
ARM GAS  C:\Users\jagumiel\AppData\Local\Temp\ccWJQhh8.s 			page 2


  32:Generated_Source\PSoC4/cyfitter_cfg.c ****     #define CYALIGNED __attribute__ ((aligned))
  33:Generated_Source\PSoC4/cyfitter_cfg.c ****     #define CY_CFG_UNUSED __attribute__ ((unused))
  34:Generated_Source\PSoC4/cyfitter_cfg.c ****     #ifndef CY_CFG_SECTION
  35:Generated_Source\PSoC4/cyfitter_cfg.c ****         #define CY_CFG_SECTION __attribute__ ((section(".psocinit")))
  36:Generated_Source\PSoC4/cyfitter_cfg.c ****     #endif
  37:Generated_Source\PSoC4/cyfitter_cfg.c ****     
  38:Generated_Source\PSoC4/cyfitter_cfg.c ****     #if defined(__ARMCC_VERSION)
  39:Generated_Source\PSoC4/cyfitter_cfg.c ****         #define CY_CFG_MEMORY_BARRIER() __memory_changed()
  40:Generated_Source\PSoC4/cyfitter_cfg.c ****     #else
  41:Generated_Source\PSoC4/cyfitter_cfg.c ****         #define CY_CFG_MEMORY_BARRIER() __sync_synchronize()
  42:Generated_Source\PSoC4/cyfitter_cfg.c ****     #endif
  43:Generated_Source\PSoC4/cyfitter_cfg.c ****     
  44:Generated_Source\PSoC4/cyfitter_cfg.c **** #elif defined(__ICCARM__)
  45:Generated_Source\PSoC4/cyfitter_cfg.c ****     #include <intrinsics.h>
  46:Generated_Source\PSoC4/cyfitter_cfg.c **** 
  47:Generated_Source\PSoC4/cyfitter_cfg.c ****     #define CYPACKED __packed
  48:Generated_Source\PSoC4/cyfitter_cfg.c ****     #define CYPACKED_ATTR 
  49:Generated_Source\PSoC4/cyfitter_cfg.c ****     #define CYALIGNED _Pragma("data_alignment=4")
  50:Generated_Source\PSoC4/cyfitter_cfg.c ****     #define CY_CFG_UNUSED _Pragma("diag_suppress=Pe177")
  51:Generated_Source\PSoC4/cyfitter_cfg.c ****     #define CY_CFG_SECTION _Pragma("location=\".psocinit\"")
  52:Generated_Source\PSoC4/cyfitter_cfg.c ****     
  53:Generated_Source\PSoC4/cyfitter_cfg.c ****     #define CY_CFG_MEMORY_BARRIER() __DMB()
  54:Generated_Source\PSoC4/cyfitter_cfg.c ****     
  55:Generated_Source\PSoC4/cyfitter_cfg.c **** #else
  56:Generated_Source\PSoC4/cyfitter_cfg.c ****     #error Unsupported toolchain
  57:Generated_Source\PSoC4/cyfitter_cfg.c **** #endif
  58:Generated_Source\PSoC4/cyfitter_cfg.c **** 
  59:Generated_Source\PSoC4/cyfitter_cfg.c **** #ifndef CYCODE
  60:Generated_Source\PSoC4/cyfitter_cfg.c ****     #define CYCODE
  61:Generated_Source\PSoC4/cyfitter_cfg.c **** #endif
  62:Generated_Source\PSoC4/cyfitter_cfg.c **** #ifndef CYDATA
  63:Generated_Source\PSoC4/cyfitter_cfg.c ****     #define CYDATA
  64:Generated_Source\PSoC4/cyfitter_cfg.c **** #endif
  65:Generated_Source\PSoC4/cyfitter_cfg.c **** #ifndef CYFAR
  66:Generated_Source\PSoC4/cyfitter_cfg.c ****     #define CYFAR
  67:Generated_Source\PSoC4/cyfitter_cfg.c **** #endif
  68:Generated_Source\PSoC4/cyfitter_cfg.c **** #ifndef CYXDATA
  69:Generated_Source\PSoC4/cyfitter_cfg.c ****     #define CYXDATA
  70:Generated_Source\PSoC4/cyfitter_cfg.c **** #endif
  71:Generated_Source\PSoC4/cyfitter_cfg.c **** 
  72:Generated_Source\PSoC4/cyfitter_cfg.c **** 
  73:Generated_Source\PSoC4/cyfitter_cfg.c **** CY_CFG_UNUSED
  74:Generated_Source\PSoC4/cyfitter_cfg.c **** static void CYMEMZERO(void *s, size_t n);
  75:Generated_Source\PSoC4/cyfitter_cfg.c **** CY_CFG_UNUSED
  76:Generated_Source\PSoC4/cyfitter_cfg.c **** static void CYMEMZERO(void *s, size_t n)
  77:Generated_Source\PSoC4/cyfitter_cfg.c **** {
  27              		.loc 1 77 0
  28              		.cfi_startproc
  29              		@ args = 0, pretend = 0, frame = 0
  30              		@ frame_needed = 0, uses_anonymous_args = 0
  31              	.LVL0:
  32 0000 10B5     		push	{r4, lr}
  33              		.cfi_def_cfa_offset 8
  34              		.cfi_offset 4, -8
  35              		.cfi_offset 14, -4
  36 0002 0A00     		movs	r2, r1
  78:Generated_Source\PSoC4/cyfitter_cfg.c **** 	(void)memset(s, 0, n);
ARM GAS  C:\Users\jagumiel\AppData\Local\Temp\ccWJQhh8.s 			page 3


  37              		.loc 1 78 0
  38 0004 0021     		movs	r1, #0
  39              	.LVL1:
  40 0006 FFF7FEFF 		bl	memset
  41              	.LVL2:
  79:Generated_Source\PSoC4/cyfitter_cfg.c **** }
  42              		.loc 1 79 0
  43              		@ sp needed
  44 000a 10BD     		pop	{r4, pc}
  45              		.cfi_endproc
  46              	.LFE0:
  47              		.size	CYMEMZERO, .-CYMEMZERO
  48              		.section	.psocinit,"ax",%progbits
  49              		.align	2
  50              		.code	16
  51              		.thumb_func
  52              		.type	ClockSetup, %function
  53              	ClockSetup:
  54              	.LFB3:
  80:Generated_Source\PSoC4/cyfitter_cfg.c **** CY_CFG_UNUSED
  81:Generated_Source\PSoC4/cyfitter_cfg.c **** static void CYCONFIGCPY(void *dest, const void *src, size_t n);
  82:Generated_Source\PSoC4/cyfitter_cfg.c **** CY_CFG_UNUSED
  83:Generated_Source\PSoC4/cyfitter_cfg.c **** static void CYCONFIGCPY(void *dest, const void *src, size_t n)
  84:Generated_Source\PSoC4/cyfitter_cfg.c **** {
  85:Generated_Source\PSoC4/cyfitter_cfg.c **** 	(void)memcpy(dest, src, n);
  86:Generated_Source\PSoC4/cyfitter_cfg.c **** }
  87:Generated_Source\PSoC4/cyfitter_cfg.c **** CY_CFG_UNUSED
  88:Generated_Source\PSoC4/cyfitter_cfg.c **** static void CYCONFIGCPYCODE(void *dest, const void *src, size_t n);
  89:Generated_Source\PSoC4/cyfitter_cfg.c **** CY_CFG_UNUSED
  90:Generated_Source\PSoC4/cyfitter_cfg.c **** static void CYCONFIGCPYCODE(void *dest, const void *src, size_t n)
  91:Generated_Source\PSoC4/cyfitter_cfg.c **** {
  92:Generated_Source\PSoC4/cyfitter_cfg.c **** 	(void)memcpy(dest, src, n);
  93:Generated_Source\PSoC4/cyfitter_cfg.c **** }
  94:Generated_Source\PSoC4/cyfitter_cfg.c **** 
  95:Generated_Source\PSoC4/cyfitter_cfg.c **** 
  96:Generated_Source\PSoC4/cyfitter_cfg.c **** 
  97:Generated_Source\PSoC4/cyfitter_cfg.c **** 
  98:Generated_Source\PSoC4/cyfitter_cfg.c **** /* Clock startup error codes                                                   */
  99:Generated_Source\PSoC4/cyfitter_cfg.c **** #define CYCLOCKSTART_NO_ERROR    0u
 100:Generated_Source\PSoC4/cyfitter_cfg.c **** #define CYCLOCKSTART_XTAL_ERROR  1u
 101:Generated_Source\PSoC4/cyfitter_cfg.c **** #define CYCLOCKSTART_32KHZ_ERROR 2u
 102:Generated_Source\PSoC4/cyfitter_cfg.c **** #define CYCLOCKSTART_PLL_ERROR   3u
 103:Generated_Source\PSoC4/cyfitter_cfg.c **** #define CYCLOCKSTART_FLL_ERROR   4u
 104:Generated_Source\PSoC4/cyfitter_cfg.c **** #define CYCLOCKSTART_WCO_ERROR   5u
 105:Generated_Source\PSoC4/cyfitter_cfg.c **** 
 106:Generated_Source\PSoC4/cyfitter_cfg.c **** 
 107:Generated_Source\PSoC4/cyfitter_cfg.c **** #ifdef CY_NEED_CYCLOCKSTARTUPERROR
 108:Generated_Source\PSoC4/cyfitter_cfg.c **** /*******************************************************************************
 109:Generated_Source\PSoC4/cyfitter_cfg.c **** * Function Name: CyClockStartupError
 110:Generated_Source\PSoC4/cyfitter_cfg.c **** ********************************************************************************
 111:Generated_Source\PSoC4/cyfitter_cfg.c **** * Summary:
 112:Generated_Source\PSoC4/cyfitter_cfg.c **** *  If an error is encountered during clock configuration (crystal startup error,
 113:Generated_Source\PSoC4/cyfitter_cfg.c **** *  PLL lock error, etc.), the system will end up here.  Unless reimplemented by
 114:Generated_Source\PSoC4/cyfitter_cfg.c **** *  the customer, this function will stop in an infinite loop.
 115:Generated_Source\PSoC4/cyfitter_cfg.c **** *
 116:Generated_Source\PSoC4/cyfitter_cfg.c **** * Parameters:
 117:Generated_Source\PSoC4/cyfitter_cfg.c **** *   void
ARM GAS  C:\Users\jagumiel\AppData\Local\Temp\ccWJQhh8.s 			page 4


 118:Generated_Source\PSoC4/cyfitter_cfg.c **** *
 119:Generated_Source\PSoC4/cyfitter_cfg.c **** * Return:
 120:Generated_Source\PSoC4/cyfitter_cfg.c **** *   void
 121:Generated_Source\PSoC4/cyfitter_cfg.c **** *
 122:Generated_Source\PSoC4/cyfitter_cfg.c **** *******************************************************************************/
 123:Generated_Source\PSoC4/cyfitter_cfg.c **** CY_CFG_UNUSED
 124:Generated_Source\PSoC4/cyfitter_cfg.c **** static void CyClockStartupError(uint8 errorCode);
 125:Generated_Source\PSoC4/cyfitter_cfg.c **** CY_CFG_UNUSED
 126:Generated_Source\PSoC4/cyfitter_cfg.c **** static void CyClockStartupError(uint8 errorCode)
 127:Generated_Source\PSoC4/cyfitter_cfg.c **** {
 128:Generated_Source\PSoC4/cyfitter_cfg.c ****     /* To remove the compiler warning if errorCode not used.                */
 129:Generated_Source\PSoC4/cyfitter_cfg.c ****     errorCode = errorCode;
 130:Generated_Source\PSoC4/cyfitter_cfg.c **** 
 131:Generated_Source\PSoC4/cyfitter_cfg.c ****     /* If we have a clock startup error (bad MHz crystal, PLL lock, etc.),  */
 132:Generated_Source\PSoC4/cyfitter_cfg.c ****     /* we will end up here to allow the customer to implement something to  */
 133:Generated_Source\PSoC4/cyfitter_cfg.c ****     /* deal with the clock condition.                                       */
 134:Generated_Source\PSoC4/cyfitter_cfg.c **** 
 135:Generated_Source\PSoC4/cyfitter_cfg.c **** #ifdef CY_CFG_CLOCK_STARTUP_ERROR_CALLBACK
 136:Generated_Source\PSoC4/cyfitter_cfg.c ****     CY_CFG_Clock_Startup_ErrorCallback();
 137:Generated_Source\PSoC4/cyfitter_cfg.c **** #else
 138:Generated_Source\PSoC4/cyfitter_cfg.c ****     /*  If not using CY_CFG_CLOCK_STARTUP_ERROR_CALLBACK, place your clock startup code here. */
 139:Generated_Source\PSoC4/cyfitter_cfg.c ****     /* `#START CyClockStartupError` */
 140:Generated_Source\PSoC4/cyfitter_cfg.c **** 
 141:Generated_Source\PSoC4/cyfitter_cfg.c **** 
 142:Generated_Source\PSoC4/cyfitter_cfg.c **** 
 143:Generated_Source\PSoC4/cyfitter_cfg.c ****     /* `#END` */
 144:Generated_Source\PSoC4/cyfitter_cfg.c **** 
 145:Generated_Source\PSoC4/cyfitter_cfg.c ****     while(1) {}
 146:Generated_Source\PSoC4/cyfitter_cfg.c **** #endif /* CY_CFG_CLOCK_STARTUP_ERROR_CALLBACK */
 147:Generated_Source\PSoC4/cyfitter_cfg.c **** }
 148:Generated_Source\PSoC4/cyfitter_cfg.c **** #endif
 149:Generated_Source\PSoC4/cyfitter_cfg.c **** 
 150:Generated_Source\PSoC4/cyfitter_cfg.c **** 
 151:Generated_Source\PSoC4/cyfitter_cfg.c **** 
 152:Generated_Source\PSoC4/cyfitter_cfg.c **** /*******************************************************************************
 153:Generated_Source\PSoC4/cyfitter_cfg.c **** * Function Name: ClockSetup
 154:Generated_Source\PSoC4/cyfitter_cfg.c **** ********************************************************************************
 155:Generated_Source\PSoC4/cyfitter_cfg.c **** *
 156:Generated_Source\PSoC4/cyfitter_cfg.c **** * Summary:
 157:Generated_Source\PSoC4/cyfitter_cfg.c **** *   Performs the initialization of all of the clocks in the device based on the
 158:Generated_Source\PSoC4/cyfitter_cfg.c **** *   settings in the Clock tab of the DWR.  This includes enabling the requested
 159:Generated_Source\PSoC4/cyfitter_cfg.c **** *   clocks and setting the necessary dividers to produce the desired frequency. 
 160:Generated_Source\PSoC4/cyfitter_cfg.c **** *
 161:Generated_Source\PSoC4/cyfitter_cfg.c **** * Parameters:
 162:Generated_Source\PSoC4/cyfitter_cfg.c **** *   void
 163:Generated_Source\PSoC4/cyfitter_cfg.c **** *
 164:Generated_Source\PSoC4/cyfitter_cfg.c **** * Return:
 165:Generated_Source\PSoC4/cyfitter_cfg.c **** *   void
 166:Generated_Source\PSoC4/cyfitter_cfg.c **** *
 167:Generated_Source\PSoC4/cyfitter_cfg.c **** *******************************************************************************/
 168:Generated_Source\PSoC4/cyfitter_cfg.c **** static void ClockSetup(void);
 169:Generated_Source\PSoC4/cyfitter_cfg.c **** CY_CFG_SECTION
 170:Generated_Source\PSoC4/cyfitter_cfg.c **** static void ClockSetup(void)
 171:Generated_Source\PSoC4/cyfitter_cfg.c **** {
  55              		.loc 1 171 0
  56              		.cfi_startproc
  57              		@ args = 0, pretend = 0, frame = 0
ARM GAS  C:\Users\jagumiel\AppData\Local\Temp\ccWJQhh8.s 			page 5


  58              		@ frame_needed = 0, uses_anonymous_args = 0
  59 0000 70B5     		push	{r4, r5, r6, lr}
  60              		.cfi_def_cfa_offset 16
  61              		.cfi_offset 4, -16
  62              		.cfi_offset 5, -12
  63              		.cfi_offset 6, -8
  64              		.cfi_offset 14, -4
 172:Generated_Source\PSoC4/cyfitter_cfg.c **** 	/* Enable HALF_EN before trimming for the flash accelerator. */
 173:Generated_Source\PSoC4/cyfitter_cfg.c **** 	CY_SET_REG32((void CYXDATA *)(CYREG_CLK_SELECT), (CY_GET_REG32((void *)CYREG_CLK_SELECT) | 0x00040
  65              		.loc 1 173 0
  66 0002 114C     		ldr	r4, .L3
  67 0004 2368     		ldr	r3, [r4]
  68 0006 8025     		movs	r5, #128
  69 0008 ED02     		lsls	r5, r5, #11
  70 000a 2B43     		orrs	r3, r5
  71 000c 2360     		str	r3, [r4]
 174:Generated_Source\PSoC4/cyfitter_cfg.c **** 
 175:Generated_Source\PSoC4/cyfitter_cfg.c **** 	/* Setup and trim IMO based on desired frequency. */
 176:Generated_Source\PSoC4/cyfitter_cfg.c **** 	CySysClkWriteImoFreq(48u);
  72              		.loc 1 176 0
  73 000e 3020     		movs	r0, #48
  74 0010 FFF7FEFF 		bl	CySysClkWriteImoFreq
  75              	.LVL3:
 177:Generated_Source\PSoC4/cyfitter_cfg.c **** 	/* CYDEV_CLK_ILO_CONFIG Starting address: CYDEV_CLK_ILO_CONFIG */
 178:Generated_Source\PSoC4/cyfitter_cfg.c **** 	CY_SET_REG32((void *)(CYREG_CLK_ILO_CONFIG), 0x80000006u);
  76              		.loc 1 178 0
  77 0014 0D4A     		ldr	r2, .L3+4
  78 0016 0E4B     		ldr	r3, .L3+8
  79 0018 1A60     		str	r2, [r3]
 179:Generated_Source\PSoC4/cyfitter_cfg.c **** 
 180:Generated_Source\PSoC4/cyfitter_cfg.c **** 
 181:Generated_Source\PSoC4/cyfitter_cfg.c **** 	/* CYDEV_CLK_SELECT00 Starting address: CYDEV_CLK_SELECT00 */
 182:Generated_Source\PSoC4/cyfitter_cfg.c **** 	CY_SET_REG32((void *)(CYREG_CLK_SELECT03), 0x00000010u);
  80              		.loc 1 182 0
  81 001a 1022     		movs	r2, #16
  82 001c 0D4B     		ldr	r3, .L3+12
  83 001e 1A60     		str	r2, [r3]
 183:Generated_Source\PSoC4/cyfitter_cfg.c **** 
 184:Generated_Source\PSoC4/cyfitter_cfg.c **** 	/* CYDEV_CLK_IMO_CONFIG Starting address: CYDEV_CLK_IMO_CONFIG */
 185:Generated_Source\PSoC4/cyfitter_cfg.c **** 	CY_SET_REG32((void *)(CYREG_CLK_IMO_CONFIG), 0x80000000u);
  84              		.loc 1 185 0
  85 0020 8022     		movs	r2, #128
  86 0022 1206     		lsls	r2, r2, #24
  87 0024 0C4B     		ldr	r3, .L3+16
  88 0026 1A60     		str	r2, [r3]
 186:Generated_Source\PSoC4/cyfitter_cfg.c **** 
 187:Generated_Source\PSoC4/cyfitter_cfg.c **** 	/* CYDEV_CLK_SELECT Starting address: CYDEV_CLK_SELECT */
 188:Generated_Source\PSoC4/cyfitter_cfg.c **** 	CY_SET_REG32((void *)(CYREG_CLK_SELECT), 0x00040000u);
  89              		.loc 1 188 0
  90 0028 2560     		str	r5, [r4]
 189:Generated_Source\PSoC4/cyfitter_cfg.c **** 
 190:Generated_Source\PSoC4/cyfitter_cfg.c **** 	/* CYDEV_CLK_DIVIDER_A00 Starting address: CYDEV_CLK_DIVIDER_A00 */
 191:Generated_Source\PSoC4/cyfitter_cfg.c **** 	CY_SET_REG32((void *)(CYREG_CLK_DIVIDER_A00), 0x800000CFu);
  91              		.loc 1 191 0
  92 002a 0C4A     		ldr	r2, .L3+20
  93 002c 0C4B     		ldr	r3, .L3+24
  94 002e 1A60     		str	r2, [r3]
ARM GAS  C:\Users\jagumiel\AppData\Local\Temp\ccWJQhh8.s 			page 6


 192:Generated_Source\PSoC4/cyfitter_cfg.c **** 
 193:Generated_Source\PSoC4/cyfitter_cfg.c **** 	(void)CyIntSetVector(9u, &CySysWdtIsr);
  95              		.loc 1 193 0
  96 0030 0C49     		ldr	r1, .L3+28
  97 0032 0920     		movs	r0, #9
  98 0034 FFF7FEFF 		bl	CyIntSetVector
  99              	.LVL4:
 194:Generated_Source\PSoC4/cyfitter_cfg.c **** 	CyIntEnable(9u);
 100              		.loc 1 194 0
 101 0038 0920     		movs	r0, #9
 102 003a FFF7FEFF 		bl	CyIntEnable
 103              	.LVL5:
 195:Generated_Source\PSoC4/cyfitter_cfg.c **** 	CY_SET_REG32((void *)(CYREG_WDT_CONFIG), 0x00000000u);
 104              		.loc 1 195 0
 105 003e 0022     		movs	r2, #0
 106 0040 094B     		ldr	r3, .L3+32
 107 0042 1A60     		str	r2, [r3]
 196:Generated_Source\PSoC4/cyfitter_cfg.c **** }
 108              		.loc 1 196 0
 109              		@ sp needed
 110 0044 70BD     		pop	{r4, r5, r6, pc}
 111              	.L4:
 112 0046 C046     		.align	2
 113              	.L3:
 114 0048 00010B40 		.word	1074462976
 115 004c 06000080 		.word	-2147483642
 116 0050 04010B40 		.word	1074462980
 117 0054 0C020240 		.word	1073873420
 118 0058 08010B40 		.word	1074462984
 119 005c CF000080 		.word	-2147483441
 120 0060 00000240 		.word	1073872896
 121 0064 00000000 		.word	CySysWdtIsr
 122 0068 0C020B40 		.word	1074463244
 123              		.cfi_endproc
 124              	.LFE3:
 125              		.size	ClockSetup, .-ClockSetup
 126              		.align	2
 127              		.global	cyfitter_cfg
 128              		.code	16
 129              		.thumb_func
 130              		.type	cyfitter_cfg, %function
 131              	cyfitter_cfg:
 132              	.LFB5:
 197:Generated_Source\PSoC4/cyfitter_cfg.c **** 
 198:Generated_Source\PSoC4/cyfitter_cfg.c **** 
 199:Generated_Source\PSoC4/cyfitter_cfg.c **** /* Analog API Functions */
 200:Generated_Source\PSoC4/cyfitter_cfg.c **** 
 201:Generated_Source\PSoC4/cyfitter_cfg.c **** 
 202:Generated_Source\PSoC4/cyfitter_cfg.c **** /*******************************************************************************
 203:Generated_Source\PSoC4/cyfitter_cfg.c **** * Function Name: AnalogSetDefault
 204:Generated_Source\PSoC4/cyfitter_cfg.c **** ********************************************************************************
 205:Generated_Source\PSoC4/cyfitter_cfg.c **** *
 206:Generated_Source\PSoC4/cyfitter_cfg.c **** * Summary:
 207:Generated_Source\PSoC4/cyfitter_cfg.c **** *  Sets up the analog portions of the chip to default values based on chip
 208:Generated_Source\PSoC4/cyfitter_cfg.c **** *  configuration options from the project.
 209:Generated_Source\PSoC4/cyfitter_cfg.c **** *
 210:Generated_Source\PSoC4/cyfitter_cfg.c **** * Parameters:
ARM GAS  C:\Users\jagumiel\AppData\Local\Temp\ccWJQhh8.s 			page 7


 211:Generated_Source\PSoC4/cyfitter_cfg.c **** *  void
 212:Generated_Source\PSoC4/cyfitter_cfg.c **** *
 213:Generated_Source\PSoC4/cyfitter_cfg.c **** * Return:
 214:Generated_Source\PSoC4/cyfitter_cfg.c **** *  void
 215:Generated_Source\PSoC4/cyfitter_cfg.c **** *
 216:Generated_Source\PSoC4/cyfitter_cfg.c **** *******************************************************************************/
 217:Generated_Source\PSoC4/cyfitter_cfg.c **** static void AnalogSetDefault(void);
 218:Generated_Source\PSoC4/cyfitter_cfg.c **** static void AnalogSetDefault(void)
 219:Generated_Source\PSoC4/cyfitter_cfg.c **** {
 220:Generated_Source\PSoC4/cyfitter_cfg.c **** }
 221:Generated_Source\PSoC4/cyfitter_cfg.c **** 
 222:Generated_Source\PSoC4/cyfitter_cfg.c **** 
 223:Generated_Source\PSoC4/cyfitter_cfg.c **** 
 224:Generated_Source\PSoC4/cyfitter_cfg.c **** 
 225:Generated_Source\PSoC4/cyfitter_cfg.c **** /*******************************************************************************
 226:Generated_Source\PSoC4/cyfitter_cfg.c **** * Function Name: cyfitter_cfg
 227:Generated_Source\PSoC4/cyfitter_cfg.c **** ********************************************************************************
 228:Generated_Source\PSoC4/cyfitter_cfg.c **** * Summary:
 229:Generated_Source\PSoC4/cyfitter_cfg.c **** *  This function is called by the start-up code for the selected device. It
 230:Generated_Source\PSoC4/cyfitter_cfg.c **** *  performs all of the necessary device configuration based on the design
 231:Generated_Source\PSoC4/cyfitter_cfg.c **** *  settings.  This includes settings from the Design Wide Resources (DWR) such
 232:Generated_Source\PSoC4/cyfitter_cfg.c **** *  as Clocks and Pins as well as any component configuration that is necessary.
 233:Generated_Source\PSoC4/cyfitter_cfg.c **** *
 234:Generated_Source\PSoC4/cyfitter_cfg.c **** * Parameters:
 235:Generated_Source\PSoC4/cyfitter_cfg.c **** *   void
 236:Generated_Source\PSoC4/cyfitter_cfg.c **** *
 237:Generated_Source\PSoC4/cyfitter_cfg.c **** * Return:
 238:Generated_Source\PSoC4/cyfitter_cfg.c **** *   void
 239:Generated_Source\PSoC4/cyfitter_cfg.c **** *
 240:Generated_Source\PSoC4/cyfitter_cfg.c **** *******************************************************************************/
 241:Generated_Source\PSoC4/cyfitter_cfg.c **** CY_CFG_SECTION
 242:Generated_Source\PSoC4/cyfitter_cfg.c **** void cyfitter_cfg(void)
 243:Generated_Source\PSoC4/cyfitter_cfg.c **** {
 133              		.loc 1 243 0
 134              		.cfi_startproc
 135              		@ args = 0, pretend = 0, frame = 0
 136              		@ frame_needed = 0, uses_anonymous_args = 0
 137 006c 10B5     		push	{r4, lr}
 138              		.cfi_def_cfa_offset 8
 139              		.cfi_offset 4, -8
 140              		.cfi_offset 14, -4
 244:Generated_Source\PSoC4/cyfitter_cfg.c **** 	/* Disable interrupts by default. Let user enable if/when they want. */
 245:Generated_Source\PSoC4/cyfitter_cfg.c **** 	CyGlobalIntDisable;
 141              		.loc 1 245 0
 142              		.syntax divided
 143              	@ 245 "Generated_Source\PSoC4\cyfitter_cfg.c" 1
 144 006e 72B6     		CPSID   i
 145              	@ 0 "" 2
 146              	.LVL6:
 147              		.thumb
 148              		.syntax unified
 149              	.LBB2:
 246:Generated_Source\PSoC4/cyfitter_cfg.c **** 
 247:Generated_Source\PSoC4/cyfitter_cfg.c **** 	{
 248:Generated_Source\PSoC4/cyfitter_cfg.c **** 
 249:Generated_Source\PSoC4/cyfitter_cfg.c **** 		CYPACKED typedef struct {
 250:Generated_Source\PSoC4/cyfitter_cfg.c **** 			void CYFAR *address;
ARM GAS  C:\Users\jagumiel\AppData\Local\Temp\ccWJQhh8.s 			page 8


 251:Generated_Source\PSoC4/cyfitter_cfg.c **** 			uint16 size;
 252:Generated_Source\PSoC4/cyfitter_cfg.c **** 		} CYPACKED_ATTR cfg_memset_t;
 253:Generated_Source\PSoC4/cyfitter_cfg.c **** 
 254:Generated_Source\PSoC4/cyfitter_cfg.c **** 		static const cfg_memset_t CYCODE cfg_memset_list[] = {
 255:Generated_Source\PSoC4/cyfitter_cfg.c **** 			/* address, size */
 256:Generated_Source\PSoC4/cyfitter_cfg.c **** 			{(void CYFAR *)(CYDEV_UDB_P0_U0_BASE), 1024u},
 257:Generated_Source\PSoC4/cyfitter_cfg.c **** 			{(void CYFAR *)(CYDEV_UDB_DSI0_BASE), 1024u},
 258:Generated_Source\PSoC4/cyfitter_cfg.c **** 		};
 259:Generated_Source\PSoC4/cyfitter_cfg.c **** 
 260:Generated_Source\PSoC4/cyfitter_cfg.c **** 		uint8 CYDATA i;
 261:Generated_Source\PSoC4/cyfitter_cfg.c **** 
 262:Generated_Source\PSoC4/cyfitter_cfg.c **** 		/* Zero out critical memory blocks before beginning configuration */
 263:Generated_Source\PSoC4/cyfitter_cfg.c **** 		for (i = 0u; i < (sizeof(cfg_memset_list)/sizeof(cfg_memset_list[0])); i++)
 150              		.loc 1 263 0
 151 0070 0024     		movs	r4, #0
 152 0072 0FE0     		b	.L6
 153              	.LVL7:
 154              	.L7:
 155              	.LBB3:
 264:Generated_Source\PSoC4/cyfitter_cfg.c **** 		{
 265:Generated_Source\PSoC4/cyfitter_cfg.c **** 			const cfg_memset_t CYCODE * CYDATA ms = &cfg_memset_list[i];
 266:Generated_Source\PSoC4/cyfitter_cfg.c **** 			CYMEMZERO(ms->address, (size_t)(uint32)(ms->size));
 156              		.loc 1 266 0 discriminator 3
 157 0074 2048     		ldr	r0, .L8
 158 0076 6200     		lsls	r2, r4, #1
 159 0078 1319     		adds	r3, r2, r4
 160 007a 5900     		lsls	r1, r3, #1
 161 007c 0B00     		movs	r3, r1
 162 007e 4118     		adds	r1, r0, r1
 163 0080 8988     		ldrh	r1, [r1, #4]
 164 0082 1A5A     		ldrh	r2, [r3, r0]
 165 0084 C318     		adds	r3, r0, r3
 166 0086 5888     		ldrh	r0, [r3, #2]
 167 0088 0004     		lsls	r0, r0, #16
 168 008a 1043     		orrs	r0, r2
 169 008c FFF7FEFF 		bl	CYMEMZERO
 170              	.LVL8:
 171              	.LBE3:
 263:Generated_Source\PSoC4/cyfitter_cfg.c **** 		{
 172              		.loc 1 263 0 discriminator 3
 173 0090 0134     		adds	r4, r4, #1
 174              	.LVL9:
 175 0092 E4B2     		uxtb	r4, r4
 176              	.LVL10:
 177              	.L6:
 263:Generated_Source\PSoC4/cyfitter_cfg.c **** 		{
 178              		.loc 1 263 0 is_stmt 0 discriminator 1
 179 0094 012C     		cmp	r4, #1
 180 0096 EDD9     		bls	.L7
 267:Generated_Source\PSoC4/cyfitter_cfg.c **** 		}
 268:Generated_Source\PSoC4/cyfitter_cfg.c **** 
 269:Generated_Source\PSoC4/cyfitter_cfg.c **** 		/* HSIOM Starting address: CYDEV_HSIOM_BASE */
 270:Generated_Source\PSoC4/cyfitter_cfg.c **** 		CY_SET_REG32((void *)(CYDEV_HSIOM_BASE), 0x00990000u);
 181              		.loc 1 270 0 is_stmt 1
 182 0098 9923     		movs	r3, #153
 183 009a 1B04     		lsls	r3, r3, #16
 184 009c 174A     		ldr	r2, .L8+4
ARM GAS  C:\Users\jagumiel\AppData\Local\Temp\ccWJQhh8.s 			page 9


 185 009e 1360     		str	r3, [r2]
 271:Generated_Source\PSoC4/cyfitter_cfg.c **** 		CY_SET_REG32((void *)(CYREG_HSIOM_PORT_SEL3), 0x0000EE00u);
 186              		.loc 1 271 0
 187 00a0 EE21     		movs	r1, #238
 188 00a2 0902     		lsls	r1, r1, #8
 189 00a4 164A     		ldr	r2, .L8+8
 190 00a6 1160     		str	r1, [r2]
 272:Generated_Source\PSoC4/cyfitter_cfg.c **** 
 273:Generated_Source\PSoC4/cyfitter_cfg.c **** 		/* UDB_PA_0 Starting address: CYDEV_UDB_PA0_BASE */
 274:Generated_Source\PSoC4/cyfitter_cfg.c **** 		CY_SET_REG32((void *)(CYDEV_UDB_PA0_BASE), 0x00990000u);
 191              		.loc 1 274 0
 192 00a8 164A     		ldr	r2, .L8+12
 193 00aa 1360     		str	r3, [r2]
 275:Generated_Source\PSoC4/cyfitter_cfg.c **** 
 276:Generated_Source\PSoC4/cyfitter_cfg.c **** 		/* UDB_PA_1 Starting address: CYDEV_UDB_PA1_BASE */
 277:Generated_Source\PSoC4/cyfitter_cfg.c **** 		CY_SET_REG32((void *)(CYDEV_UDB_PA1_BASE), 0x00990000u);
 194              		.loc 1 277 0
 195 00ac 164A     		ldr	r2, .L8+16
 196 00ae 1360     		str	r3, [r2]
 278:Generated_Source\PSoC4/cyfitter_cfg.c **** 
 279:Generated_Source\PSoC4/cyfitter_cfg.c **** 		/* UDB_PA_3 Starting address: CYDEV_UDB_PA3_BASE */
 280:Generated_Source\PSoC4/cyfitter_cfg.c **** 		CY_SET_REG32((void *)(CYDEV_UDB_PA3_BASE), 0x00990000u);
 197              		.loc 1 280 0
 198 00b0 164A     		ldr	r2, .L8+20
 199 00b2 1360     		str	r3, [r2]
 281:Generated_Source\PSoC4/cyfitter_cfg.c **** 
 282:Generated_Source\PSoC4/cyfitter_cfg.c **** 		/* Enable digital routing */
 283:Generated_Source\PSoC4/cyfitter_cfg.c **** 		CY_SET_XTND_REG8((void *)CYREG_UDB_UDBIF_BANK_CTL, (uint8)(CY_GET_XTND_REG8((void *)CYREG_UDB_UDB
 200              		.loc 1 283 0
 201 00b4 164A     		ldr	r2, .L8+24
 202 00b6 1178     		ldrb	r1, [r2]
 203 00b8 0623     		movs	r3, #6
 204 00ba 0B43     		orrs	r3, r1
 205 00bc DBB2     		uxtb	r3, r3
 206 00be 1370     		strb	r3, [r2]
 207              	.LBE2:
 284:Generated_Source\PSoC4/cyfitter_cfg.c **** 	}
 285:Generated_Source\PSoC4/cyfitter_cfg.c **** 
 286:Generated_Source\PSoC4/cyfitter_cfg.c **** 	/* Perform second pass device configuration. These items must be configured in specific order afte
 287:Generated_Source\PSoC4/cyfitter_cfg.c **** 	/* IOPINS0_0 Starting address: CYDEV_PRT0_BASE */
 288:Generated_Source\PSoC4/cyfitter_cfg.c **** 	CY_SET_REG32((void *)(CYDEV_PRT0_BASE), 0x00000022u);
 208              		.loc 1 288 0
 209 00c0 2222     		movs	r2, #34
 210 00c2 144B     		ldr	r3, .L8+28
 211 00c4 1A60     		str	r2, [r3]
 289:Generated_Source\PSoC4/cyfitter_cfg.c **** 	CY_SET_REG32((void *)(CYREG_PRT0_PC), 0x00031010u);
 212              		.loc 1 289 0
 213 00c6 144A     		ldr	r2, .L8+32
 214 00c8 144B     		ldr	r3, .L8+36
 215 00ca 1A60     		str	r2, [r3]
 290:Generated_Source\PSoC4/cyfitter_cfg.c **** 	CY_SET_REG32((void *)(CYREG_PRT0_INTCFG), 0x0000000Cu);
 216              		.loc 1 290 0
 217 00cc 0C22     		movs	r2, #12
 218 00ce 144B     		ldr	r3, .L8+40
 219 00d0 1A60     		str	r2, [r3]
 291:Generated_Source\PSoC4/cyfitter_cfg.c **** 	CY_SET_REG32((void *)(CYREG_PRT0_PC2), 0x00000020u);
 220              		.loc 1 291 0
ARM GAS  C:\Users\jagumiel\AppData\Local\Temp\ccWJQhh8.s 			page 10


 221 00d2 1432     		adds	r2, r2, #20
 222 00d4 134B     		ldr	r3, .L8+44
 223 00d6 1A60     		str	r2, [r3]
 292:Generated_Source\PSoC4/cyfitter_cfg.c **** 
 293:Generated_Source\PSoC4/cyfitter_cfg.c **** 	/* IOPINS0_1 Starting address: CYDEV_PRT1_BASE */
 294:Generated_Source\PSoC4/cyfitter_cfg.c **** 	CY_SET_REG32((void *)(CYDEV_PRT1_BASE), 0x00000001u);
 224              		.loc 1 294 0
 225 00d8 1F3A     		subs	r2, r2, #31
 226 00da 134B     		ldr	r3, .L8+48
 227 00dc 1A60     		str	r2, [r3]
 295:Generated_Source\PSoC4/cyfitter_cfg.c **** 	CY_SET_REG32((void *)(CYREG_PRT1_PC), 0x00180002u);
 228              		.loc 1 295 0
 229 00de 134A     		ldr	r2, .L8+52
 230 00e0 134B     		ldr	r3, .L8+56
 231 00e2 1A60     		str	r2, [r3]
 296:Generated_Source\PSoC4/cyfitter_cfg.c **** 	CY_SET_REG32((void *)(CYREG_PRT1_INTCFG), 0x00000003u);
 232              		.loc 1 296 0
 233 00e4 0322     		movs	r2, #3
 234 00e6 134B     		ldr	r3, .L8+60
 235 00e8 1A60     		str	r2, [r3]
 297:Generated_Source\PSoC4/cyfitter_cfg.c **** 
 298:Generated_Source\PSoC4/cyfitter_cfg.c **** 	/* IOPINS0_3 Starting address: CYDEV_PRT3_BASE */
 299:Generated_Source\PSoC4/cyfitter_cfg.c **** 	CY_SET_REG32((void *)(CYREG_PRT3_PC), 0x00000D80u);
 236              		.loc 1 299 0
 237 00ea D822     		movs	r2, #216
 238 00ec 1201     		lsls	r2, r2, #4
 239 00ee 124B     		ldr	r3, .L8+64
 240 00f0 1A60     		str	r2, [r3]
 300:Generated_Source\PSoC4/cyfitter_cfg.c **** 
 301:Generated_Source\PSoC4/cyfitter_cfg.c **** 
 302:Generated_Source\PSoC4/cyfitter_cfg.c **** 	/* Setup clocks based on selections from Clock DWR */
 303:Generated_Source\PSoC4/cyfitter_cfg.c **** 	ClockSetup();
 241              		.loc 1 303 0
 242 00f2 FFF785FF 		bl	ClockSetup
 243              	.LVL11:
 304:Generated_Source\PSoC4/cyfitter_cfg.c **** 
 305:Generated_Source\PSoC4/cyfitter_cfg.c **** 	/* Perform basic analog initialization to defaults */
 306:Generated_Source\PSoC4/cyfitter_cfg.c **** 	AnalogSetDefault();
 307:Generated_Source\PSoC4/cyfitter_cfg.c **** 
 308:Generated_Source\PSoC4/cyfitter_cfg.c **** }
 244              		.loc 1 308 0
 245              		@ sp needed
 246              	.LVL12:
 247 00f6 10BD     		pop	{r4, pc}
 248              	.L9:
 249              		.align	2
 250              	.L8:
 251 00f8 00000000 		.word	.LANCHOR0
 252 00fc 00000140 		.word	1073807360
 253 0100 0C000140 		.word	1073807372
 254 0104 00500F40 		.word	1074745344
 255 0108 10500F40 		.word	1074745360
 256 010c 30500F40 		.word	1074745392
 257 0110 00700F40 		.word	1074753536
 258 0114 00000440 		.word	1074003968
 259 0118 10100300 		.word	200720
 260 011c 08000440 		.word	1074003976
ARM GAS  C:\Users\jagumiel\AppData\Local\Temp\ccWJQhh8.s 			page 11


 261 0120 0C000440 		.word	1074003980
 262 0124 18000440 		.word	1074003992
 263 0128 00010440 		.word	1074004224
 264 012c 02001800 		.word	1572866
 265 0130 08010440 		.word	1074004232
 266 0134 0C010440 		.word	1074004236
 267 0138 08030440 		.word	1074004744
 268              		.cfi_endproc
 269              	.LFE5:
 270              		.size	cyfitter_cfg, .-cyfitter_cfg
 271              		.section	.rodata
 272              		.align	2
 273              		.set	.LANCHOR0,. + 0
 274              		.type	cfg_memset_list.4847, %object
 275              		.size	cfg_memset_list.4847, 12
 276              	cfg_memset_list.4847:
 277 0000 00300F40 		.word	1074737152
 278 0004 0004     		.short	1024
 279 0006 00400F40 		.4byte	1074741248
 280 000a 0004     		.short	1024
 281              		.text
 282              	.Letext0:
 283              		.file 2 "c:\\program files (x86)\\cypress\\psoc creator\\4.2\\psoc creator\\import\\gnu\\arm\\5.4.
 284              		.file 3 "Generated_Source\\PSoC4\\cytypes.h"
 285              		.file 4 "Generated_Source\\PSoC4\\CyLib.h"
 286              		.section	.debug_info,"",%progbits
 287              	.Ldebug_info0:
 288 0000 75020000 		.4byte	0x275
 289 0004 0400     		.2byte	0x4
 290 0006 00000000 		.4byte	.Ldebug_abbrev0
 291 000a 04       		.byte	0x4
 292 000b 01       		.uleb128 0x1
 293 000c EB000000 		.4byte	.LASF29
 294 0010 0C       		.byte	0xc
 295 0011 E2010000 		.4byte	.LASF30
 296 0015 08020000 		.4byte	.LASF31
 297 0019 00000000 		.4byte	.Ldebug_ranges0+0
 298 001d 00000000 		.4byte	0
 299 0021 00000000 		.4byte	.Ldebug_line0
 300 0025 02       		.uleb128 0x2
 301 0026 04       		.byte	0x4
 302 0027 05       		.byte	0x5
 303 0028 696E7400 		.ascii	"int\000"
 304 002c 03       		.uleb128 0x3
 305 002d 06000000 		.4byte	.LASF12
 306 0031 02       		.byte	0x2
 307 0032 D8       		.byte	0xd8
 308 0033 37000000 		.4byte	0x37
 309 0037 04       		.uleb128 0x4
 310 0038 04       		.byte	0x4
 311 0039 07       		.byte	0x7
 312 003a B2000000 		.4byte	.LASF0
 313 003e 04       		.uleb128 0x4
 314 003f 08       		.byte	0x8
 315 0040 05       		.byte	0x5
 316 0041 8F010000 		.4byte	.LASF1
 317 0045 04       		.uleb128 0x4
ARM GAS  C:\Users\jagumiel\AppData\Local\Temp\ccWJQhh8.s 			page 12


 318 0046 08       		.byte	0x8
 319 0047 04       		.byte	0x4
 320 0048 CA010000 		.4byte	.LASF2
 321 004c 04       		.uleb128 0x4
 322 004d 01       		.byte	0x1
 323 004e 06       		.byte	0x6
 324 004f D6010000 		.4byte	.LASF3
 325 0053 04       		.uleb128 0x4
 326 0054 01       		.byte	0x1
 327 0055 08       		.byte	0x8
 328 0056 7C000000 		.4byte	.LASF4
 329 005a 04       		.uleb128 0x4
 330 005b 02       		.byte	0x2
 331 005c 05       		.byte	0x5
 332 005d A2010000 		.4byte	.LASF5
 333 0061 04       		.uleb128 0x4
 334 0062 02       		.byte	0x2
 335 0063 07       		.byte	0x7
 336 0064 37000000 		.4byte	.LASF6
 337 0068 04       		.uleb128 0x4
 338 0069 04       		.byte	0x4
 339 006a 05       		.byte	0x5
 340 006b C1010000 		.4byte	.LASF7
 341 006f 04       		.uleb128 0x4
 342 0070 04       		.byte	0x4
 343 0071 07       		.byte	0x7
 344 0072 5A000000 		.4byte	.LASF8
 345 0076 04       		.uleb128 0x4
 346 0077 08       		.byte	0x8
 347 0078 07       		.byte	0x7
 348 0079 D4000000 		.4byte	.LASF9
 349 007d 04       		.uleb128 0x4
 350 007e 04       		.byte	0x4
 351 007f 07       		.byte	0x7
 352 0080 86010000 		.4byte	.LASF10
 353 0084 05       		.uleb128 0x5
 354 0085 04       		.byte	0x4
 355 0086 04       		.uleb128 0x4
 356 0087 01       		.byte	0x1
 357 0088 08       		.byte	0x8
 358 0089 9D010000 		.4byte	.LASF11
 359 008d 06       		.uleb128 0x6
 360 008e 6C000000 		.4byte	.LASF13
 361 0092 03       		.byte	0x3
 362 0093 E401     		.2byte	0x1e4
 363 0095 53000000 		.4byte	0x53
 364 0099 06       		.uleb128 0x6
 365 009a A4000000 		.4byte	.LASF14
 366 009e 03       		.byte	0x3
 367 009f E501     		.2byte	0x1e5
 368 00a1 61000000 		.4byte	0x61
 369 00a5 06       		.uleb128 0x6
 370 00a6 AB000000 		.4byte	.LASF15
 371 00aa 03       		.byte	0x3
 372 00ab E601     		.2byte	0x1e6
 373 00ad 6F000000 		.4byte	0x6f
 374 00b1 04       		.uleb128 0x4
ARM GAS  C:\Users\jagumiel\AppData\Local\Temp\ccWJQhh8.s 			page 13


 375 00b2 04       		.byte	0x4
 376 00b3 04       		.byte	0x4
 377 00b4 4A000000 		.4byte	.LASF16
 378 00b8 04       		.uleb128 0x4
 379 00b9 08       		.byte	0x8
 380 00ba 04       		.byte	0x4
 381 00bb 91000000 		.4byte	.LASF17
 382 00bf 06       		.uleb128 0x6
 383 00c0 55000000 		.4byte	.LASF18
 384 00c4 03       		.byte	0x3
 385 00c5 8E02     		.2byte	0x28e
 386 00c7 CB000000 		.4byte	0xcb
 387 00cb 07       		.uleb128 0x7
 388 00cc 8D000000 		.4byte	0x8d
 389 00d0 06       		.uleb128 0x6
 390 00d1 00000000 		.4byte	.LASF19
 391 00d5 03       		.byte	0x3
 392 00d6 9002     		.2byte	0x290
 393 00d8 DC000000 		.4byte	0xdc
 394 00dc 07       		.uleb128 0x7
 395 00dd A5000000 		.4byte	0xa5
 396 00e1 08       		.uleb128 0x8
 397 00e2 72000000 		.4byte	.LASF20
 398 00e6 01       		.byte	0x1
 399 00e7 4C       		.byte	0x4c
 400 00e8 00000000 		.4byte	.LFB0
 401 00ec 0C000000 		.4byte	.LFE0-.LFB0
 402 00f0 01       		.uleb128 0x1
 403 00f1 9C       		.byte	0x9c
 404 00f2 2E010000 		.4byte	0x12e
 405 00f6 09       		.uleb128 0x9
 406 00f7 7300     		.ascii	"s\000"
 407 00f9 01       		.byte	0x1
 408 00fa 4C       		.byte	0x4c
 409 00fb 84000000 		.4byte	0x84
 410 00ff 00000000 		.4byte	.LLST0
 411 0103 09       		.uleb128 0x9
 412 0104 6E00     		.ascii	"n\000"
 413 0106 01       		.byte	0x1
 414 0107 4C       		.byte	0x4c
 415 0108 2C000000 		.4byte	0x2c
 416 010c 21000000 		.4byte	.LLST1
 417 0110 0A       		.uleb128 0xa
 418 0111 0A000000 		.4byte	.LVL2
 419 0115 4E020000 		.4byte	0x24e
 420 0119 0B       		.uleb128 0xb
 421 011a 01       		.uleb128 0x1
 422 011b 50       		.byte	0x50
 423 011c 03       		.uleb128 0x3
 424 011d F3       		.byte	0xf3
 425 011e 01       		.uleb128 0x1
 426 011f 50       		.byte	0x50
 427 0120 0B       		.uleb128 0xb
 428 0121 01       		.uleb128 0x1
 429 0122 51       		.byte	0x51
 430 0123 01       		.uleb128 0x1
 431 0124 30       		.byte	0x30
ARM GAS  C:\Users\jagumiel\AppData\Local\Temp\ccWJQhh8.s 			page 14


 432 0125 0B       		.uleb128 0xb
 433 0126 01       		.uleb128 0x1
 434 0127 52       		.byte	0x52
 435 0128 03       		.uleb128 0x3
 436 0129 F3       		.byte	0xf3
 437 012a 01       		.uleb128 0x1
 438 012b 51       		.byte	0x51
 439 012c 00       		.byte	0
 440 012d 00       		.byte	0
 441 012e 08       		.uleb128 0x8
 442 012f 2C000000 		.4byte	.LASF21
 443 0133 01       		.byte	0x1
 444 0134 AA       		.byte	0xaa
 445 0135 00000000 		.4byte	.LFB3
 446 0139 6C000000 		.4byte	.LFE3-.LFB3
 447 013d 01       		.uleb128 0x1
 448 013e 9C       		.byte	0x9c
 449 013f 7A010000 		.4byte	0x17a
 450 0143 0C       		.uleb128 0xc
 451 0144 14000000 		.4byte	.LVL3
 452 0148 57020000 		.4byte	0x257
 453 014c 57010000 		.4byte	0x157
 454 0150 0B       		.uleb128 0xb
 455 0151 01       		.uleb128 0x1
 456 0152 50       		.byte	0x50
 457 0153 02       		.uleb128 0x2
 458 0154 08       		.byte	0x8
 459 0155 30       		.byte	0x30
 460 0156 00       		.byte	0
 461 0157 0C       		.uleb128 0xc
 462 0158 38000000 		.4byte	.LVL4
 463 015c 62020000 		.4byte	0x262
 464 0160 6A010000 		.4byte	0x16a
 465 0164 0B       		.uleb128 0xb
 466 0165 01       		.uleb128 0x1
 467 0166 50       		.byte	0x50
 468 0167 01       		.uleb128 0x1
 469 0168 39       		.byte	0x39
 470 0169 00       		.byte	0
 471 016a 0A       		.uleb128 0xa
 472 016b 3E000000 		.4byte	.LVL5
 473 016f 6D020000 		.4byte	0x26d
 474 0173 0B       		.uleb128 0xb
 475 0174 01       		.uleb128 0x1
 476 0175 50       		.byte	0x50
 477 0176 01       		.uleb128 0x1
 478 0177 39       		.byte	0x39
 479 0178 00       		.byte	0
 480 0179 00       		.byte	0
 481 017a 0D       		.uleb128 0xd
 482 017b BF000000 		.4byte	.LASF32
 483 017f 01       		.byte	0x1
 484 0180 F2       		.byte	0xf2
 485 0181 6C000000 		.4byte	.LFB5
 486 0185 D0000000 		.4byte	.LFE5-.LFB5
 487 0189 01       		.uleb128 0x1
 488 018a 9C       		.byte	0x9c
ARM GAS  C:\Users\jagumiel\AppData\Local\Temp\ccWJQhh8.s 			page 15


 489 018b 4E020000 		.4byte	0x24e
 490 018f 0E       		.uleb128 0xe
 491 0190 70000000 		.4byte	.LBB2
 492 0194 50000000 		.4byte	.LBE2-.LBB2
 493 0198 44020000 		.4byte	0x244
 494 019c 0F       		.uleb128 0xf
 495 019d 06       		.byte	0x6
 496 019e 01       		.byte	0x1
 497 019f F9       		.byte	0xf9
 498 01a0 BD010000 		.4byte	0x1bd
 499 01a4 10       		.uleb128 0x10
 500 01a5 CC000000 		.4byte	.LASF22
 501 01a9 01       		.byte	0x1
 502 01aa FA       		.byte	0xfa
 503 01ab 84000000 		.4byte	0x84
 504 01af 00       		.byte	0
 505 01b0 10       		.uleb128 0x10
 506 01b1 50000000 		.4byte	.LASF23
 507 01b5 01       		.byte	0x1
 508 01b6 FB       		.byte	0xfb
 509 01b7 99000000 		.4byte	0x99
 510 01bb 04       		.byte	0x4
 511 01bc 00       		.byte	0
 512 01bd 03       		.uleb128 0x3
 513 01be 79010000 		.4byte	.LASF24
 514 01c2 01       		.byte	0x1
 515 01c3 FC       		.byte	0xfc
 516 01c4 9C010000 		.4byte	0x19c
 517 01c8 11       		.uleb128 0x11
 518 01c9 D8010000 		.4byte	0x1d8
 519 01cd D8010000 		.4byte	0x1d8
 520 01d1 12       		.uleb128 0x12
 521 01d2 7D000000 		.4byte	0x7d
 522 01d6 01       		.byte	0x1
 523 01d7 00       		.byte	0
 524 01d8 13       		.uleb128 0x13
 525 01d9 BD010000 		.4byte	0x1bd
 526 01dd 14       		.uleb128 0x14
 527 01de 1C000000 		.4byte	.LASF25
 528 01e2 01       		.byte	0x1
 529 01e3 FE       		.byte	0xfe
 530 01e4 EE010000 		.4byte	0x1ee
 531 01e8 05       		.uleb128 0x5
 532 01e9 03       		.byte	0x3
 533 01ea 00000000 		.4byte	cfg_memset_list.4847
 534 01ee 13       		.uleb128 0x13
 535 01ef C8010000 		.4byte	0x1c8
 536 01f3 15       		.uleb128 0x15
 537 01f4 6900     		.ascii	"i\000"
 538 01f6 01       		.byte	0x1
 539 01f7 0401     		.2byte	0x104
 540 01f9 8D000000 		.4byte	0x8d
 541 01fd 4D000000 		.4byte	.LLST2
 542 0201 16       		.uleb128 0x16
 543 0202 74000000 		.4byte	.LBB3
 544 0206 1C000000 		.4byte	.LBE3-.LBB3
 545 020a 15       		.uleb128 0x15
ARM GAS  C:\Users\jagumiel\AppData\Local\Temp\ccWJQhh8.s 			page 16


 546 020b 6D7300   		.ascii	"ms\000"
 547 020e 01       		.byte	0x1
 548 020f 0901     		.2byte	0x109
 549 0211 19020000 		.4byte	0x219
 550 0215 77000000 		.4byte	.LLST3
 551 0219 17       		.uleb128 0x17
 552 021a 04       		.byte	0x4
 553 021b D8010000 		.4byte	0x1d8
 554 021f 0A       		.uleb128 0xa
 555 0220 90000000 		.4byte	.LVL8
 556 0224 E1000000 		.4byte	0xe1
 557 0228 0B       		.uleb128 0xb
 558 0229 01       		.uleb128 0x1
 559 022a 51       		.byte	0x51
 560 022b 15       		.uleb128 0x15
 561 022c 74       		.byte	0x74
 562 022d 00       		.sleb128 0
 563 022e 31       		.byte	0x31
 564 022f 24       		.byte	0x24
 565 0230 74       		.byte	0x74
 566 0231 00       		.sleb128 0
 567 0232 22       		.byte	0x22
 568 0233 31       		.byte	0x31
 569 0234 24       		.byte	0x24
 570 0235 03       		.byte	0x3
 571 0236 04000000 		.4byte	.LANCHOR0+4
 572 023a 22       		.byte	0x22
 573 023b 94       		.byte	0x94
 574 023c 02       		.byte	0x2
 575 023d 0A       		.byte	0xa
 576 023e FFFF     		.2byte	0xffff
 577 0240 1A       		.byte	0x1a
 578 0241 00       		.byte	0
 579 0242 00       		.byte	0
 580 0243 00       		.byte	0
 581 0244 18       		.uleb128 0x18
 582 0245 F6000000 		.4byte	.LVL11
 583 0249 2E010000 		.4byte	0x12e
 584 024d 00       		.byte	0
 585 024e 19       		.uleb128 0x19
 586 024f 8A000000 		.4byte	.LASF33
 587 0253 8A000000 		.4byte	.LASF33
 588 0257 1A       		.uleb128 0x1a
 589 0258 AC010000 		.4byte	.LASF26
 590 025c AC010000 		.4byte	.LASF26
 591 0260 04       		.byte	0x4
 592 0261 6C       		.byte	0x6c
 593 0262 1A       		.uleb128 0x1a
 594 0263 0D000000 		.4byte	.LASF27
 595 0267 0D000000 		.4byte	.LASF27
 596 026b 04       		.byte	0x4
 597 026c BD       		.byte	0xbd
 598 026d 1A       		.uleb128 0x1a
 599 026e 98000000 		.4byte	.LASF28
 600 0272 98000000 		.4byte	.LASF28
 601 0276 04       		.byte	0x4
 602 0277 C3       		.byte	0xc3
ARM GAS  C:\Users\jagumiel\AppData\Local\Temp\ccWJQhh8.s 			page 17


 603 0278 00       		.byte	0
 604              		.section	.debug_abbrev,"",%progbits
 605              	.Ldebug_abbrev0:
 606 0000 01       		.uleb128 0x1
 607 0001 11       		.uleb128 0x11
 608 0002 01       		.byte	0x1
 609 0003 25       		.uleb128 0x25
 610 0004 0E       		.uleb128 0xe
 611 0005 13       		.uleb128 0x13
 612 0006 0B       		.uleb128 0xb
 613 0007 03       		.uleb128 0x3
 614 0008 0E       		.uleb128 0xe
 615 0009 1B       		.uleb128 0x1b
 616 000a 0E       		.uleb128 0xe
 617 000b 55       		.uleb128 0x55
 618 000c 17       		.uleb128 0x17
 619 000d 11       		.uleb128 0x11
 620 000e 01       		.uleb128 0x1
 621 000f 10       		.uleb128 0x10
 622 0010 17       		.uleb128 0x17
 623 0011 00       		.byte	0
 624 0012 00       		.byte	0
 625 0013 02       		.uleb128 0x2
 626 0014 24       		.uleb128 0x24
 627 0015 00       		.byte	0
 628 0016 0B       		.uleb128 0xb
 629 0017 0B       		.uleb128 0xb
 630 0018 3E       		.uleb128 0x3e
 631 0019 0B       		.uleb128 0xb
 632 001a 03       		.uleb128 0x3
 633 001b 08       		.uleb128 0x8
 634 001c 00       		.byte	0
 635 001d 00       		.byte	0
 636 001e 03       		.uleb128 0x3
 637 001f 16       		.uleb128 0x16
 638 0020 00       		.byte	0
 639 0021 03       		.uleb128 0x3
 640 0022 0E       		.uleb128 0xe
 641 0023 3A       		.uleb128 0x3a
 642 0024 0B       		.uleb128 0xb
 643 0025 3B       		.uleb128 0x3b
 644 0026 0B       		.uleb128 0xb
 645 0027 49       		.uleb128 0x49
 646 0028 13       		.uleb128 0x13
 647 0029 00       		.byte	0
 648 002a 00       		.byte	0
 649 002b 04       		.uleb128 0x4
 650 002c 24       		.uleb128 0x24
 651 002d 00       		.byte	0
 652 002e 0B       		.uleb128 0xb
 653 002f 0B       		.uleb128 0xb
 654 0030 3E       		.uleb128 0x3e
 655 0031 0B       		.uleb128 0xb
 656 0032 03       		.uleb128 0x3
 657 0033 0E       		.uleb128 0xe
 658 0034 00       		.byte	0
 659 0035 00       		.byte	0
ARM GAS  C:\Users\jagumiel\AppData\Local\Temp\ccWJQhh8.s 			page 18


 660 0036 05       		.uleb128 0x5
 661 0037 0F       		.uleb128 0xf
 662 0038 00       		.byte	0
 663 0039 0B       		.uleb128 0xb
 664 003a 0B       		.uleb128 0xb
 665 003b 00       		.byte	0
 666 003c 00       		.byte	0
 667 003d 06       		.uleb128 0x6
 668 003e 16       		.uleb128 0x16
 669 003f 00       		.byte	0
 670 0040 03       		.uleb128 0x3
 671 0041 0E       		.uleb128 0xe
 672 0042 3A       		.uleb128 0x3a
 673 0043 0B       		.uleb128 0xb
 674 0044 3B       		.uleb128 0x3b
 675 0045 05       		.uleb128 0x5
 676 0046 49       		.uleb128 0x49
 677 0047 13       		.uleb128 0x13
 678 0048 00       		.byte	0
 679 0049 00       		.byte	0
 680 004a 07       		.uleb128 0x7
 681 004b 35       		.uleb128 0x35
 682 004c 00       		.byte	0
 683 004d 49       		.uleb128 0x49
 684 004e 13       		.uleb128 0x13
 685 004f 00       		.byte	0
 686 0050 00       		.byte	0
 687 0051 08       		.uleb128 0x8
 688 0052 2E       		.uleb128 0x2e
 689 0053 01       		.byte	0x1
 690 0054 03       		.uleb128 0x3
 691 0055 0E       		.uleb128 0xe
 692 0056 3A       		.uleb128 0x3a
 693 0057 0B       		.uleb128 0xb
 694 0058 3B       		.uleb128 0x3b
 695 0059 0B       		.uleb128 0xb
 696 005a 27       		.uleb128 0x27
 697 005b 19       		.uleb128 0x19
 698 005c 11       		.uleb128 0x11
 699 005d 01       		.uleb128 0x1
 700 005e 12       		.uleb128 0x12
 701 005f 06       		.uleb128 0x6
 702 0060 40       		.uleb128 0x40
 703 0061 18       		.uleb128 0x18
 704 0062 9742     		.uleb128 0x2117
 705 0064 19       		.uleb128 0x19
 706 0065 01       		.uleb128 0x1
 707 0066 13       		.uleb128 0x13
 708 0067 00       		.byte	0
 709 0068 00       		.byte	0
 710 0069 09       		.uleb128 0x9
 711 006a 05       		.uleb128 0x5
 712 006b 00       		.byte	0
 713 006c 03       		.uleb128 0x3
 714 006d 08       		.uleb128 0x8
 715 006e 3A       		.uleb128 0x3a
 716 006f 0B       		.uleb128 0xb
ARM GAS  C:\Users\jagumiel\AppData\Local\Temp\ccWJQhh8.s 			page 19


 717 0070 3B       		.uleb128 0x3b
 718 0071 0B       		.uleb128 0xb
 719 0072 49       		.uleb128 0x49
 720 0073 13       		.uleb128 0x13
 721 0074 02       		.uleb128 0x2
 722 0075 17       		.uleb128 0x17
 723 0076 00       		.byte	0
 724 0077 00       		.byte	0
 725 0078 0A       		.uleb128 0xa
 726 0079 898201   		.uleb128 0x4109
 727 007c 01       		.byte	0x1
 728 007d 11       		.uleb128 0x11
 729 007e 01       		.uleb128 0x1
 730 007f 31       		.uleb128 0x31
 731 0080 13       		.uleb128 0x13
 732 0081 00       		.byte	0
 733 0082 00       		.byte	0
 734 0083 0B       		.uleb128 0xb
 735 0084 8A8201   		.uleb128 0x410a
 736 0087 00       		.byte	0
 737 0088 02       		.uleb128 0x2
 738 0089 18       		.uleb128 0x18
 739 008a 9142     		.uleb128 0x2111
 740 008c 18       		.uleb128 0x18
 741 008d 00       		.byte	0
 742 008e 00       		.byte	0
 743 008f 0C       		.uleb128 0xc
 744 0090 898201   		.uleb128 0x4109
 745 0093 01       		.byte	0x1
 746 0094 11       		.uleb128 0x11
 747 0095 01       		.uleb128 0x1
 748 0096 31       		.uleb128 0x31
 749 0097 13       		.uleb128 0x13
 750 0098 01       		.uleb128 0x1
 751 0099 13       		.uleb128 0x13
 752 009a 00       		.byte	0
 753 009b 00       		.byte	0
 754 009c 0D       		.uleb128 0xd
 755 009d 2E       		.uleb128 0x2e
 756 009e 01       		.byte	0x1
 757 009f 3F       		.uleb128 0x3f
 758 00a0 19       		.uleb128 0x19
 759 00a1 03       		.uleb128 0x3
 760 00a2 0E       		.uleb128 0xe
 761 00a3 3A       		.uleb128 0x3a
 762 00a4 0B       		.uleb128 0xb
 763 00a5 3B       		.uleb128 0x3b
 764 00a6 0B       		.uleb128 0xb
 765 00a7 27       		.uleb128 0x27
 766 00a8 19       		.uleb128 0x19
 767 00a9 11       		.uleb128 0x11
 768 00aa 01       		.uleb128 0x1
 769 00ab 12       		.uleb128 0x12
 770 00ac 06       		.uleb128 0x6
 771 00ad 40       		.uleb128 0x40
 772 00ae 18       		.uleb128 0x18
 773 00af 9742     		.uleb128 0x2117
ARM GAS  C:\Users\jagumiel\AppData\Local\Temp\ccWJQhh8.s 			page 20


 774 00b1 19       		.uleb128 0x19
 775 00b2 01       		.uleb128 0x1
 776 00b3 13       		.uleb128 0x13
 777 00b4 00       		.byte	0
 778 00b5 00       		.byte	0
 779 00b6 0E       		.uleb128 0xe
 780 00b7 0B       		.uleb128 0xb
 781 00b8 01       		.byte	0x1
 782 00b9 11       		.uleb128 0x11
 783 00ba 01       		.uleb128 0x1
 784 00bb 12       		.uleb128 0x12
 785 00bc 06       		.uleb128 0x6
 786 00bd 01       		.uleb128 0x1
 787 00be 13       		.uleb128 0x13
 788 00bf 00       		.byte	0
 789 00c0 00       		.byte	0
 790 00c1 0F       		.uleb128 0xf
 791 00c2 13       		.uleb128 0x13
 792 00c3 01       		.byte	0x1
 793 00c4 0B       		.uleb128 0xb
 794 00c5 0B       		.uleb128 0xb
 795 00c6 3A       		.uleb128 0x3a
 796 00c7 0B       		.uleb128 0xb
 797 00c8 3B       		.uleb128 0x3b
 798 00c9 0B       		.uleb128 0xb
 799 00ca 01       		.uleb128 0x1
 800 00cb 13       		.uleb128 0x13
 801 00cc 00       		.byte	0
 802 00cd 00       		.byte	0
 803 00ce 10       		.uleb128 0x10
 804 00cf 0D       		.uleb128 0xd
 805 00d0 00       		.byte	0
 806 00d1 03       		.uleb128 0x3
 807 00d2 0E       		.uleb128 0xe
 808 00d3 3A       		.uleb128 0x3a
 809 00d4 0B       		.uleb128 0xb
 810 00d5 3B       		.uleb128 0x3b
 811 00d6 0B       		.uleb128 0xb
 812 00d7 49       		.uleb128 0x49
 813 00d8 13       		.uleb128 0x13
 814 00d9 38       		.uleb128 0x38
 815 00da 0B       		.uleb128 0xb
 816 00db 00       		.byte	0
 817 00dc 00       		.byte	0
 818 00dd 11       		.uleb128 0x11
 819 00de 01       		.uleb128 0x1
 820 00df 01       		.byte	0x1
 821 00e0 49       		.uleb128 0x49
 822 00e1 13       		.uleb128 0x13
 823 00e2 01       		.uleb128 0x1
 824 00e3 13       		.uleb128 0x13
 825 00e4 00       		.byte	0
 826 00e5 00       		.byte	0
 827 00e6 12       		.uleb128 0x12
 828 00e7 21       		.uleb128 0x21
 829 00e8 00       		.byte	0
 830 00e9 49       		.uleb128 0x49
ARM GAS  C:\Users\jagumiel\AppData\Local\Temp\ccWJQhh8.s 			page 21


 831 00ea 13       		.uleb128 0x13
 832 00eb 2F       		.uleb128 0x2f
 833 00ec 0B       		.uleb128 0xb
 834 00ed 00       		.byte	0
 835 00ee 00       		.byte	0
 836 00ef 13       		.uleb128 0x13
 837 00f0 26       		.uleb128 0x26
 838 00f1 00       		.byte	0
 839 00f2 49       		.uleb128 0x49
 840 00f3 13       		.uleb128 0x13
 841 00f4 00       		.byte	0
 842 00f5 00       		.byte	0
 843 00f6 14       		.uleb128 0x14
 844 00f7 34       		.uleb128 0x34
 845 00f8 00       		.byte	0
 846 00f9 03       		.uleb128 0x3
 847 00fa 0E       		.uleb128 0xe
 848 00fb 3A       		.uleb128 0x3a
 849 00fc 0B       		.uleb128 0xb
 850 00fd 3B       		.uleb128 0x3b
 851 00fe 0B       		.uleb128 0xb
 852 00ff 49       		.uleb128 0x49
 853 0100 13       		.uleb128 0x13
 854 0101 02       		.uleb128 0x2
 855 0102 18       		.uleb128 0x18
 856 0103 00       		.byte	0
 857 0104 00       		.byte	0
 858 0105 15       		.uleb128 0x15
 859 0106 34       		.uleb128 0x34
 860 0107 00       		.byte	0
 861 0108 03       		.uleb128 0x3
 862 0109 08       		.uleb128 0x8
 863 010a 3A       		.uleb128 0x3a
 864 010b 0B       		.uleb128 0xb
 865 010c 3B       		.uleb128 0x3b
 866 010d 05       		.uleb128 0x5
 867 010e 49       		.uleb128 0x49
 868 010f 13       		.uleb128 0x13
 869 0110 02       		.uleb128 0x2
 870 0111 17       		.uleb128 0x17
 871 0112 00       		.byte	0
 872 0113 00       		.byte	0
 873 0114 16       		.uleb128 0x16
 874 0115 0B       		.uleb128 0xb
 875 0116 01       		.byte	0x1
 876 0117 11       		.uleb128 0x11
 877 0118 01       		.uleb128 0x1
 878 0119 12       		.uleb128 0x12
 879 011a 06       		.uleb128 0x6
 880 011b 00       		.byte	0
 881 011c 00       		.byte	0
 882 011d 17       		.uleb128 0x17
 883 011e 0F       		.uleb128 0xf
 884 011f 00       		.byte	0
 885 0120 0B       		.uleb128 0xb
 886 0121 0B       		.uleb128 0xb
 887 0122 49       		.uleb128 0x49
ARM GAS  C:\Users\jagumiel\AppData\Local\Temp\ccWJQhh8.s 			page 22


 888 0123 13       		.uleb128 0x13
 889 0124 00       		.byte	0
 890 0125 00       		.byte	0
 891 0126 18       		.uleb128 0x18
 892 0127 898201   		.uleb128 0x4109
 893 012a 00       		.byte	0
 894 012b 11       		.uleb128 0x11
 895 012c 01       		.uleb128 0x1
 896 012d 31       		.uleb128 0x31
 897 012e 13       		.uleb128 0x13
 898 012f 00       		.byte	0
 899 0130 00       		.byte	0
 900 0131 19       		.uleb128 0x19
 901 0132 2E       		.uleb128 0x2e
 902 0133 00       		.byte	0
 903 0134 3F       		.uleb128 0x3f
 904 0135 19       		.uleb128 0x19
 905 0136 3C       		.uleb128 0x3c
 906 0137 19       		.uleb128 0x19
 907 0138 6E       		.uleb128 0x6e
 908 0139 0E       		.uleb128 0xe
 909 013a 03       		.uleb128 0x3
 910 013b 0E       		.uleb128 0xe
 911 013c 00       		.byte	0
 912 013d 00       		.byte	0
 913 013e 1A       		.uleb128 0x1a
 914 013f 2E       		.uleb128 0x2e
 915 0140 00       		.byte	0
 916 0141 3F       		.uleb128 0x3f
 917 0142 19       		.uleb128 0x19
 918 0143 3C       		.uleb128 0x3c
 919 0144 19       		.uleb128 0x19
 920 0145 6E       		.uleb128 0x6e
 921 0146 0E       		.uleb128 0xe
 922 0147 03       		.uleb128 0x3
 923 0148 0E       		.uleb128 0xe
 924 0149 3A       		.uleb128 0x3a
 925 014a 0B       		.uleb128 0xb
 926 014b 3B       		.uleb128 0x3b
 927 014c 0B       		.uleb128 0xb
 928 014d 00       		.byte	0
 929 014e 00       		.byte	0
 930 014f 00       		.byte	0
 931              		.section	.debug_loc,"",%progbits
 932              	.Ldebug_loc0:
 933              	.LLST0:
 934 0000 00000000 		.4byte	.LVL0
 935 0004 09000000 		.4byte	.LVL2-1
 936 0008 0100     		.2byte	0x1
 937 000a 50       		.byte	0x50
 938 000b 09000000 		.4byte	.LVL2-1
 939 000f 0C000000 		.4byte	.LFE0
 940 0013 0400     		.2byte	0x4
 941 0015 F3       		.byte	0xf3
 942 0016 01       		.uleb128 0x1
 943 0017 50       		.byte	0x50
 944 0018 9F       		.byte	0x9f
ARM GAS  C:\Users\jagumiel\AppData\Local\Temp\ccWJQhh8.s 			page 23


 945 0019 00000000 		.4byte	0
 946 001d 00000000 		.4byte	0
 947              	.LLST1:
 948 0021 00000000 		.4byte	.LVL0
 949 0025 06000000 		.4byte	.LVL1
 950 0029 0100     		.2byte	0x1
 951 002b 51       		.byte	0x51
 952 002c 06000000 		.4byte	.LVL1
 953 0030 09000000 		.4byte	.LVL2-1
 954 0034 0100     		.2byte	0x1
 955 0036 52       		.byte	0x52
 956 0037 09000000 		.4byte	.LVL2-1
 957 003b 0C000000 		.4byte	.LFE0
 958 003f 0400     		.2byte	0x4
 959 0041 F3       		.byte	0xf3
 960 0042 01       		.uleb128 0x1
 961 0043 51       		.byte	0x51
 962 0044 9F       		.byte	0x9f
 963 0045 00000000 		.4byte	0
 964 0049 00000000 		.4byte	0
 965              	.LLST2:
 966 004d 70000000 		.4byte	.LVL6
 967 0051 74000000 		.4byte	.LVL7
 968 0055 0200     		.2byte	0x2
 969 0057 30       		.byte	0x30
 970 0058 9F       		.byte	0x9f
 971 0059 74000000 		.4byte	.LVL7
 972 005d 92000000 		.4byte	.LVL9
 973 0061 0100     		.2byte	0x1
 974 0063 54       		.byte	0x54
 975 0064 94000000 		.4byte	.LVL10
 976 0068 F6000000 		.4byte	.LVL12
 977 006c 0100     		.2byte	0x1
 978 006e 54       		.byte	0x54
 979 006f 00000000 		.4byte	0
 980 0073 00000000 		.4byte	0
 981              	.LLST3:
 982 0077 74000000 		.4byte	.LVL7
 983 007b 92000000 		.4byte	.LVL9
 984 007f 0B00     		.2byte	0xb
 985 0081 74       		.byte	0x74
 986 0082 00       		.sleb128 0
 987 0083 36       		.byte	0x36
 988 0084 1E       		.byte	0x1e
 989 0085 03       		.byte	0x3
 990 0086 00000000 		.4byte	cfg_memset_list.4847
 991 008a 22       		.byte	0x22
 992 008b 9F       		.byte	0x9f
 993 008c 92000000 		.4byte	.LVL9
 994 0090 94000000 		.4byte	.LVL10
 995 0094 0B00     		.2byte	0xb
 996 0096 74       		.byte	0x74
 997 0097 7F       		.sleb128 -1
 998 0098 36       		.byte	0x36
 999 0099 1E       		.byte	0x1e
 1000 009a 03       		.byte	0x3
 1001 009b 00000000 		.4byte	cfg_memset_list.4847
ARM GAS  C:\Users\jagumiel\AppData\Local\Temp\ccWJQhh8.s 			page 24


 1002 009f 22       		.byte	0x22
 1003 00a0 9F       		.byte	0x9f
 1004 00a1 00000000 		.4byte	0
 1005 00a5 00000000 		.4byte	0
 1006              		.section	.debug_aranges,"",%progbits
 1007 0000 2C000000 		.4byte	0x2c
 1008 0004 0200     		.2byte	0x2
 1009 0006 00000000 		.4byte	.Ldebug_info0
 1010 000a 04       		.byte	0x4
 1011 000b 00       		.byte	0
 1012 000c 0000     		.2byte	0
 1013 000e 0000     		.2byte	0
 1014 0010 00000000 		.4byte	.LFB0
 1015 0014 0C000000 		.4byte	.LFE0-.LFB0
 1016 0018 00000000 		.4byte	.LFB3
 1017 001c 6C000000 		.4byte	.LFE3-.LFB3
 1018 0020 6C000000 		.4byte	.LFB5
 1019 0024 D0000000 		.4byte	.LFE5-.LFB5
 1020 0028 00000000 		.4byte	0
 1021 002c 00000000 		.4byte	0
 1022              		.section	.debug_ranges,"",%progbits
 1023              	.Ldebug_ranges0:
 1024 0000 00000000 		.4byte	.LFB0
 1025 0004 0C000000 		.4byte	.LFE0
 1026 0008 00000000 		.4byte	.LFB3
 1027 000c 6C000000 		.4byte	.LFE3
 1028 0010 6C000000 		.4byte	.LFB5
 1029 0014 3C010000 		.4byte	.LFE5
 1030 0018 00000000 		.4byte	0
 1031 001c 00000000 		.4byte	0
 1032              		.section	.debug_line,"",%progbits
 1033              	.Ldebug_line0:
 1034 0000 32010000 		.section	.debug_str,"MS",%progbits,1
 1034      0200D600 
 1034      00000201 
 1034      FB0E0D00 
 1034      01010101 
 1035              	.LASF19:
 1036 0000 72656733 		.ascii	"reg32\000"
 1036      3200
 1037              	.LASF12:
 1038 0006 73697A65 		.ascii	"size_t\000"
 1038      5F7400
 1039              	.LASF27:
 1040 000d 4379496E 		.ascii	"CyIntSetVector\000"
 1040      74536574 
 1040      56656374 
 1040      6F7200
 1041              	.LASF25:
 1042 001c 6366675F 		.ascii	"cfg_memset_list\000"
 1042      6D656D73 
 1042      65745F6C 
 1042      69737400 
 1043              	.LASF21:
 1044 002c 436C6F63 		.ascii	"ClockSetup\000"
 1044      6B536574 
 1044      757000
ARM GAS  C:\Users\jagumiel\AppData\Local\Temp\ccWJQhh8.s 			page 25


 1045              	.LASF6:
 1046 0037 73686F72 		.ascii	"short unsigned int\000"
 1046      7420756E 
 1046      7369676E 
 1046      65642069 
 1046      6E7400
 1047              	.LASF16:
 1048 004a 666C6F61 		.ascii	"float\000"
 1048      7400
 1049              	.LASF23:
 1050 0050 73697A65 		.ascii	"size\000"
 1050      00
 1051              	.LASF18:
 1052 0055 72656738 		.ascii	"reg8\000"
 1052      00
 1053              	.LASF8:
 1054 005a 6C6F6E67 		.ascii	"long unsigned int\000"
 1054      20756E73 
 1054      69676E65 
 1054      6420696E 
 1054      7400
 1055              	.LASF13:
 1056 006c 75696E74 		.ascii	"uint8\000"
 1056      3800
 1057              	.LASF20:
 1058 0072 43594D45 		.ascii	"CYMEMZERO\000"
 1058      4D5A4552 
 1058      4F00
 1059              	.LASF4:
 1060 007c 756E7369 		.ascii	"unsigned char\000"
 1060      676E6564 
 1060      20636861 
 1060      7200
 1061              	.LASF33:
 1062 008a 6D656D73 		.ascii	"memset\000"
 1062      657400
 1063              	.LASF17:
 1064 0091 646F7562 		.ascii	"double\000"
 1064      6C6500
 1065              	.LASF28:
 1066 0098 4379496E 		.ascii	"CyIntEnable\000"
 1066      74456E61 
 1066      626C6500 
 1067              	.LASF14:
 1068 00a4 75696E74 		.ascii	"uint16\000"
 1068      313600
 1069              	.LASF15:
 1070 00ab 75696E74 		.ascii	"uint32\000"
 1070      333200
 1071              	.LASF0:
 1072 00b2 756E7369 		.ascii	"unsigned int\000"
 1072      676E6564 
 1072      20696E74 
 1072      00
 1073              	.LASF32:
 1074 00bf 63796669 		.ascii	"cyfitter_cfg\000"
 1074      74746572 
ARM GAS  C:\Users\jagumiel\AppData\Local\Temp\ccWJQhh8.s 			page 26


 1074      5F636667 
 1074      00
 1075              	.LASF22:
 1076 00cc 61646472 		.ascii	"address\000"
 1076      65737300 
 1077              	.LASF9:
 1078 00d4 6C6F6E67 		.ascii	"long long unsigned int\000"
 1078      206C6F6E 
 1078      6720756E 
 1078      7369676E 
 1078      65642069 
 1079              	.LASF29:
 1080 00eb 474E5520 		.ascii	"GNU C11 5.4.1 20160609 (release) [ARM/embedded-5-br"
 1080      43313120 
 1080      352E342E 
 1080      31203230 
 1080      31363036 
 1081 011e 616E6368 		.ascii	"anch revision 237715] -mcpu=cortex-m0 -mthumb -g -O"
 1081      20726576 
 1081      6973696F 
 1081      6E203233 
 1081      37373135 
 1082 0151 67202D66 		.ascii	"g -ffunction-sections -ffat-lto-objects\000"
 1082      66756E63 
 1082      74696F6E 
 1082      2D736563 
 1082      74696F6E 
 1083              	.LASF24:
 1084 0179 6366675F 		.ascii	"cfg_memset_t\000"
 1084      6D656D73 
 1084      65745F74 
 1084      00
 1085              	.LASF10:
 1086 0186 73697A65 		.ascii	"sizetype\000"
 1086      74797065 
 1086      00
 1087              	.LASF1:
 1088 018f 6C6F6E67 		.ascii	"long long int\000"
 1088      206C6F6E 
 1088      6720696E 
 1088      7400
 1089              	.LASF11:
 1090 019d 63686172 		.ascii	"char\000"
 1090      00
 1091              	.LASF5:
 1092 01a2 73686F72 		.ascii	"short int\000"
 1092      7420696E 
 1092      7400
 1093              	.LASF26:
 1094 01ac 43795379 		.ascii	"CySysClkWriteImoFreq\000"
 1094      73436C6B 
 1094      57726974 
 1094      65496D6F 
 1094      46726571 
 1095              	.LASF7:
 1096 01c1 6C6F6E67 		.ascii	"long int\000"
 1096      20696E74 
ARM GAS  C:\Users\jagumiel\AppData\Local\Temp\ccWJQhh8.s 			page 27


 1096      00
 1097              	.LASF2:
 1098 01ca 6C6F6E67 		.ascii	"long double\000"
 1098      20646F75 
 1098      626C6500 
 1099              	.LASF3:
 1100 01d6 7369676E 		.ascii	"signed char\000"
 1100      65642063 
 1100      68617200 
 1101              	.LASF30:
 1102 01e2 47656E65 		.ascii	"Generated_Source\\PSoC4\\cyfitter_cfg.c\000"
 1102      72617465 
 1102      645F536F 
 1102      75726365 
 1102      5C50536F 
 1103              	.LASF31:
 1104 0208 443A5C55 		.ascii	"D:\\Users\\jagumiel\\Documents\\PSoC Creator\\LIN-A"
 1104      73657273 
 1104      5C6A6167 
 1104      756D6965 
 1104      6C5C446F 
 1105 0236 75746F6D 		.ascii	"utomotive\\3-LIN-Internal-Light-Control\\LIN-Intern"
 1105      6F746976 
 1105      655C332D 
 1105      4C494E2D 
 1105      496E7465 
 1106 0267 616C5F4C 		.ascii	"al_Light_ECU.cydsn\000"
 1106      69676874 
 1106      5F454355 
 1106      2E637964 
 1106      736E00
 1107              		.ident	"GCC: (GNU Tools for ARM Embedded Processors) 5.4.1 20160609 (release) [ARM/embedded-5-bran
