Archive member included to satisfy reference by file (symbol)

.\CortexM0\ARM_GCC_541\Debug\ECU-RGB_Command_Sender.a(CyLib.o)
                              .\CortexM0\ARM_GCC_541\Debug\cyfitter_cfg.o (CyIntEnable)
.\CortexM0\ARM_GCC_541\Debug\ECU-RGB_Command_Sender.a(CyLFClk.o)
                              .\CortexM0\ARM_GCC_541\Debug\cyfitter_cfg.o (CySysWdtIsr)
.\CortexM0\ARM_GCC_541\Debug\ECU-RGB_Command_Sender.a(UART_MASTER.o)
                              .\CortexM0\ARM_GCC_541\Debug\main.o (UART_MASTER_Start)
.\CortexM0\ARM_GCC_541\Debug\ECU-RGB_Command_Sender.a(UART_MASTER_SPI_UART.o)
                              .\CortexM0\ARM_GCC_541\Debug\main.o (UART_MASTER_SpiUartWriteTxData)
.\CortexM0\ARM_GCC_541\Debug\ECU-RGB_Command_Sender.a(UART_MASTER_UART.o)
                              .\CortexM0\ARM_GCC_541\Debug\ECU-RGB_Command_Sender.a(UART_MASTER.o) (UART_MASTER_UartInit)
.\CortexM0\ARM_GCC_541\Debug\ECU-RGB_Command_Sender.a(UART_PC.o)
                              .\CortexM0\ARM_GCC_541\Debug\main.o (UART_PC_Start)
.\CortexM0\ARM_GCC_541\Debug\ECU-RGB_Command_Sender.a(UART_PC_SPI_UART.o)
                              .\CortexM0\ARM_GCC_541\Debug\main.o (UART_PC_SpiUartWriteTxData)
.\CortexM0\ARM_GCC_541\Debug\ECU-RGB_Command_Sender.a(UART_PC_UART.o)
                              .\CortexM0\ARM_GCC_541\Debug\ECU-RGB_Command_Sender.a(UART_PC.o) (UART_PC_UartInit)
.\CortexM0\ARM_GCC_541\Debug\ECU-RGB_Command_Sender.a(SW1.o)
                              .\CortexM0\ARM_GCC_541\Debug\main.o (SW1_Read)
.\CortexM0\ARM_GCC_541\Debug\ECU-RGB_Command_Sender.a(PWM_B.o)
                              .\CortexM0\ARM_GCC_541\Debug\main.o (PWM_B_WriteCompare)
.\CortexM0\ARM_GCC_541\Debug\ECU-RGB_Command_Sender.a(PWM_G.o)
                              .\CortexM0\ARM_GCC_541\Debug\main.o (PWM_G_WriteCompare)
.\CortexM0\ARM_GCC_541\Debug\ECU-RGB_Command_Sender.a(PWM_R.o)
                              .\CortexM0\ARM_GCC_541\Debug\main.o (PWM_R_WriteCompare)
.\CortexM0\ARM_GCC_541\Debug\ECU-RGB_Command_Sender.a(CyBootAsmGnu.o)
                              .\CortexM0\ARM_GCC_541\Debug\ECU-RGB_Command_Sender.a(CyLib.o) (CyDelayCycles)
.\CortexM0\ARM_GCC_541\Debug\ECU-RGB_Command_Sender.a(UART_MASTER_SPI_UART_INT.o)
                              .\CortexM0\ARM_GCC_541\Debug\ECU-RGB_Command_Sender.a(UART_MASTER_UART.o) (UART_MASTER_SPI_UART_ISR)
c:/program files (x86)/cypress/psoc creator/4.2/psoc creator/import/gnu/arm/5.4.1/bin/../lib/gcc/arm-none-eabi/5.4.1/armv6-m\libgcc.a(_udivsi3.o)
                              .\CortexM0\ARM_GCC_541\Debug\ECU-RGB_Command_Sender.a(CyLib.o) (__aeabi_uidiv)
c:/program files (x86)/cypress/psoc creator/4.2/psoc creator/import/gnu/arm/5.4.1/bin/../lib/gcc/arm-none-eabi/5.4.1/armv6-m\libgcc.a(_dvmd_tls.o)
                              c:/program files (x86)/cypress/psoc creator/4.2/psoc creator/import/gnu/arm/5.4.1/bin/../lib/gcc/arm-none-eabi/5.4.1/armv6-m\libgcc.a(_udivsi3.o) (__aeabi_idiv0)
c:/program files (x86)/cypress/psoc creator/4.2/psoc creator/import/gnu/arm/5.4.1/bin/../lib/gcc/arm-none-eabi/5.4.1/../../../../arm-none-eabi/lib/armv6-m\libg_nano.a(lib_a-atoi.o)
                              .\CortexM0\ARM_GCC_541\Debug\main.o (atoi)
c:/program files (x86)/cypress/psoc creator/4.2/psoc creator/import/gnu/arm/5.4.1/bin/../lib/gcc/arm-none-eabi/5.4.1/../../../../arm-none-eabi/lib/armv6-m\libg_nano.a(lib_a-errno.o)
                              .\CortexM0\ARM_GCC_541\Debug\Cm0Start.o (__errno)
c:/program files (x86)/cypress/psoc creator/4.2/psoc creator/import/gnu/arm/5.4.1/bin/../lib/gcc/arm-none-eabi/5.4.1/../../../../arm-none-eabi/lib/armv6-m\libg_nano.a(lib_a-exit.o)
                              c:/program files (x86)/cypress/psoc creator/4.2/psoc creator/import/gnu/arm/5.4.1/bin/../lib/gcc/arm-none-eabi/5.4.1/../../../../arm-none-eabi/lib/armv6-m/crt0.o (exit)
c:/program files (x86)/cypress/psoc creator/4.2/psoc creator/import/gnu/arm/5.4.1/bin/../lib/gcc/arm-none-eabi/5.4.1/../../../../arm-none-eabi/lib/armv6-m\libg_nano.a(lib_a-impure.o)
                              c:/program files (x86)/cypress/psoc creator/4.2/psoc creator/import/gnu/arm/5.4.1/bin/../lib/gcc/arm-none-eabi/5.4.1/../../../../arm-none-eabi/lib/armv6-m\libg_nano.a(lib_a-exit.o) (_global_impure_ptr)
c:/program files (x86)/cypress/psoc creator/4.2/psoc creator/import/gnu/arm/5.4.1/bin/../lib/gcc/arm-none-eabi/5.4.1/../../../../arm-none-eabi/lib/armv6-m\libg_nano.a(lib_a-init.o)
                              c:/program files (x86)/cypress/psoc creator/4.2/psoc creator/import/gnu/arm/5.4.1/bin/../lib/gcc/arm-none-eabi/5.4.1/../../../../arm-none-eabi/lib/armv6-m/crt0.o (__libc_init_array)
c:/program files (x86)/cypress/psoc creator/4.2/psoc creator/import/gnu/arm/5.4.1/bin/../lib/gcc/arm-none-eabi/5.4.1/../../../../arm-none-eabi/lib/armv6-m\libg_nano.a(lib_a-memset.o)
                              c:/program files (x86)/cypress/psoc creator/4.2/psoc creator/import/gnu/arm/5.4.1/bin/../lib/gcc/arm-none-eabi/5.4.1/../../../../arm-none-eabi/lib/armv6-m/crt0.o (memset)
c:/program files (x86)/cypress/psoc creator/4.2/psoc creator/import/gnu/arm/5.4.1/bin/../lib/gcc/arm-none-eabi/5.4.1/../../../../arm-none-eabi/lib/armv6-m\libg_nano.a(lib_a-strtol.o)
                              c:/program files (x86)/cypress/psoc creator/4.2/psoc creator/import/gnu/arm/5.4.1/bin/../lib/gcc/arm-none-eabi/5.4.1/../../../../arm-none-eabi/lib/armv6-m\libg_nano.a(lib_a-atoi.o) (_strtol_r)
c:/program files (x86)/cypress/psoc creator/4.2/psoc creator/import/gnu/arm/5.4.1/bin/../lib/gcc/arm-none-eabi/5.4.1/../../../../arm-none-eabi/lib/armv6-m\libg_nano.a(lib_a-ctype_.o)
                              c:/program files (x86)/cypress/psoc creator/4.2/psoc creator/import/gnu/arm/5.4.1/bin/../lib/gcc/arm-none-eabi/5.4.1/../../../../arm-none-eabi/lib/armv6-m\libg_nano.a(lib_a-strtol.o) (__ctype_ptr__)

Allocating common symbols
Common symbol       size              file

colors              0x3               .\CortexM0\ARM_GCC_541\Debug\main.o
UART_MASTER_rxBufferInternal
                    0xb               .\CortexM0\ARM_GCC_541\Debug\ECU-RGB_Command_Sender.a(UART_MASTER_SPI_UART.o)
Sensor_data         0xa               .\CortexM0\ARM_GCC_541\Debug\main.o
UART_MASTER_txBufferHead
                    0x4               .\CortexM0\ARM_GCC_541\Debug\ECU-RGB_Command_Sender.a(UART_MASTER_SPI_UART.o)
UART_MASTER_rxBufferHead
                    0x4               .\CortexM0\ARM_GCC_541\Debug\ECU-RGB_Command_Sender.a(UART_MASTER_SPI_UART.o)
UART_MASTER_rxBufferTail
                    0x4               .\CortexM0\ARM_GCC_541\Debug\ECU-RGB_Command_Sender.a(UART_MASTER_SPI_UART.o)
UART_MASTER_txBufferInternal
                    0xa               .\CortexM0\ARM_GCC_541\Debug\ECU-RGB_Command_Sender.a(UART_MASTER_SPI_UART.o)
UART_MASTER_txBufferTail
                    0x4               .\CortexM0\ARM_GCC_541\Debug\ECU-RGB_Command_Sender.a(UART_MASTER_SPI_UART.o)
UART_MASTER_rxBufferOverflow
                    0x1               .\CortexM0\ARM_GCC_541\Debug\ECU-RGB_Command_Sender.a(UART_MASTER_SPI_UART.o)

Discarded input sections

 .text          0x00000000        0x0 c:/program files (x86)/cypress/psoc creator/4.2/psoc creator/import/gnu/arm/5.4.1/bin/../lib/gcc/arm-none-eabi/5.4.1/armv6-m/crti.o
 .data          0x00000000        0x0 c:/program files (x86)/cypress/psoc creator/4.2/psoc creator/import/gnu/arm/5.4.1/bin/../lib/gcc/arm-none-eabi/5.4.1/armv6-m/crti.o
 .bss           0x00000000        0x0 c:/program files (x86)/cypress/psoc creator/4.2/psoc creator/import/gnu/arm/5.4.1/bin/../lib/gcc/arm-none-eabi/5.4.1/armv6-m/crti.o
 .data          0x00000000        0x4 c:/program files (x86)/cypress/psoc creator/4.2/psoc creator/import/gnu/arm/5.4.1/bin/../lib/gcc/arm-none-eabi/5.4.1/armv6-m/crtbegin.o
 .text          0x00000000       0x78 c:/program files (x86)/cypress/psoc creator/4.2/psoc creator/import/gnu/arm/5.4.1/bin/../lib/gcc/arm-none-eabi/5.4.1/../../../../arm-none-eabi/lib/armv6-m/crt0.o
 .data          0x00000000        0x0 c:/program files (x86)/cypress/psoc creator/4.2/psoc creator/import/gnu/arm/5.4.1/bin/../lib/gcc/arm-none-eabi/5.4.1/../../../../arm-none-eabi/lib/armv6-m/crt0.o
 .bss           0x00000000        0x0 c:/program files (x86)/cypress/psoc creator/4.2/psoc creator/import/gnu/arm/5.4.1/bin/../lib/gcc/arm-none-eabi/5.4.1/../../../../arm-none-eabi/lib/armv6-m/crt0.o
 .ARM.extab     0x00000000        0x0 c:/program files (x86)/cypress/psoc creator/4.2/psoc creator/import/gnu/arm/5.4.1/bin/../lib/gcc/arm-none-eabi/5.4.1/../../../../arm-none-eabi/lib/armv6-m/crt0.o
 .ARM.exidx     0x00000000        0x8 c:/program files (x86)/cypress/psoc creator/4.2/psoc creator/import/gnu/arm/5.4.1/bin/../lib/gcc/arm-none-eabi/5.4.1/../../../../arm-none-eabi/lib/armv6-m/crt0.o
 .text          0x00000000        0x0 .\CortexM0\ARM_GCC_541\Debug\main.o
 .rodata        0x00000000        0x1 .\CortexM0\ARM_GCC_541\Debug\main.o
 .text          0x00000000        0x0 .\CortexM0\ARM_GCC_541\Debug\cyfitter_cfg.o
 .data          0x00000000        0x0 .\CortexM0\ARM_GCC_541\Debug\cyfitter_cfg.o
 .bss           0x00000000        0x0 .\CortexM0\ARM_GCC_541\Debug\cyfitter_cfg.o
 .text          0x00000000        0x0 .\CortexM0\ARM_GCC_541\Debug\cymetadata.o
 .data          0x00000000        0x0 .\CortexM0\ARM_GCC_541\Debug\cymetadata.o
 .bss           0x00000000        0x0 .\CortexM0\ARM_GCC_541\Debug\cymetadata.o
 .text          0x00000000        0x0 .\CortexM0\ARM_GCC_541\Debug\Cm0Start.o
 .data          0x00000000        0x4 .\CortexM0\ARM_GCC_541\Debug\Cm0Start.o
 .bss           0x00000000        0x0 .\CortexM0\ARM_GCC_541\Debug\Cm0Start.o
 .text._exit    0x00000000        0xc .\CortexM0\ARM_GCC_541\Debug\Cm0Start.o
 .text._sbrk    0x00000000       0x30 .\CortexM0\ARM_GCC_541\Debug\Cm0Start.o
 .text          0x00000000        0x0 .\CortexM0\ARM_GCC_541\Debug\ECU-RGB_Command_Sender.a(CyLib.o)
 .bss           0x00000000       0x18 .\CortexM0\ARM_GCC_541\Debug\ECU-RGB_Command_Sender.a(CyLib.o)
 .text.CySysClkImoStart
                0x00000000       0x14 .\CortexM0\ARM_GCC_541\Debug\ECU-RGB_Command_Sender.a(CyLib.o)
 .text.CySysClkImoStop
                0x00000000       0x10 .\CortexM0\ARM_GCC_541\Debug\ECU-RGB_Command_Sender.a(CyLib.o)
 .text.CySysClkWriteHfclkDirect
                0x00000000       0x20 .\CortexM0\ARM_GCC_541\Debug\ECU-RGB_Command_Sender.a(CyLib.o)
 .text.CySysEnablePumpClock
                0x00000000       0x38 .\CortexM0\ARM_GCC_541\Debug\ECU-RGB_Command_Sender.a(CyLib.o)
 .text.CySysClkGetSysclkSource
                0x00000000       0x1c .\CortexM0\ARM_GCC_541\Debug\ECU-RGB_Command_Sender.a(CyLib.o)
 .text.CySysClkWriteSysclkDiv
                0x00000000       0x30 .\CortexM0\ARM_GCC_541\Debug\ECU-RGB_Command_Sender.a(CyLib.o)
 .text.CySysLvdDisable
                0x00000000       0x20 .\CortexM0\ARM_GCC_541\Debug\ECU-RGB_Command_Sender.a(CyLib.o)
 .text.CySysLvdGetInterruptSource
                0x00000000       0x10 .\CortexM0\ARM_GCC_541\Debug\ECU-RGB_Command_Sender.a(CyLib.o)
 .text.CySysLvdClearInterrupt
                0x00000000        0xc .\CortexM0\ARM_GCC_541\Debug\ECU-RGB_Command_Sender.a(CyLib.o)
 .text.CySysGetResetReason
                0x00000000       0x14 .\CortexM0\ARM_GCC_541\Debug\ECU-RGB_Command_Sender.a(CyLib.o)
 .text.CyDisableInts
                0x00000000       0x10 .\CortexM0\ARM_GCC_541\Debug\ECU-RGB_Command_Sender.a(CyLib.o)
 .text.CyEnableInts
                0x00000000        0xc .\CortexM0\ARM_GCC_541\Debug\ECU-RGB_Command_Sender.a(CyLib.o)
 .text.CyIntGetState
                0x00000000       0x18 .\CortexM0\ARM_GCC_541\Debug\ECU-RGB_Command_Sender.a(CyLib.o)
 .text.CyIntSetPending
                0x00000000       0x14 .\CortexM0\ARM_GCC_541\Debug\ECU-RGB_Command_Sender.a(CyLib.o)
 .text.CyIntClearPending
                0x00000000       0x14 .\CortexM0\ARM_GCC_541\Debug\ECU-RGB_Command_Sender.a(CyLib.o)
 .text.CyIntSetSysVector
                0x00000000       0x20 .\CortexM0\ARM_GCC_541\Debug\ECU-RGB_Command_Sender.a(CyLib.o)
 .text.CyIntGetSysVector
                0x00000000       0x1c .\CortexM0\ARM_GCC_541\Debug\ECU-RGB_Command_Sender.a(CyLib.o)
 .text.CyIntGetVector
                0x00000000       0x20 .\CortexM0\ARM_GCC_541\Debug\ECU-RGB_Command_Sender.a(CyLib.o)
 .text.CyIntGetPriority
                0x00000000       0x2c .\CortexM0\ARM_GCC_541\Debug\ECU-RGB_Command_Sender.a(CyLib.o)
 .text.CySoftwareReset
                0x00000000       0x18 .\CortexM0\ARM_GCC_541\Debug\ECU-RGB_Command_Sender.a(CyLib.o)
 .text.CySysLvdEnable
                0x00000000       0x44 .\CortexM0\ARM_GCC_541\Debug\ECU-RGB_Command_Sender.a(CyLib.o)
 .text.CyDelayFreq
                0x00000000       0x4c .\CortexM0\ARM_GCC_541\Debug\ECU-RGB_Command_Sender.a(CyLib.o)
 .text.CySysTickStop
                0x00000000       0x10 .\CortexM0\ARM_GCC_541\Debug\ECU-RGB_Command_Sender.a(CyLib.o)
 .text.CySysTickEnableInterrupt
                0x00000000       0x10 .\CortexM0\ARM_GCC_541\Debug\ECU-RGB_Command_Sender.a(CyLib.o)
 .text.CySysTickEnable
                0x00000000       0x18 .\CortexM0\ARM_GCC_541\Debug\ECU-RGB_Command_Sender.a(CyLib.o)
 .text.CySysTickDisableInterrupt
                0x00000000       0x10 .\CortexM0\ARM_GCC_541\Debug\ECU-RGB_Command_Sender.a(CyLib.o)
 .text.CySysTickSetReload
                0x00000000       0x10 .\CortexM0\ARM_GCC_541\Debug\ECU-RGB_Command_Sender.a(CyLib.o)
 .text.CySysTickGetReload
                0x00000000       0x10 .\CortexM0\ARM_GCC_541\Debug\ECU-RGB_Command_Sender.a(CyLib.o)
 .text.CySysTickGetValue
                0x00000000       0x10 .\CortexM0\ARM_GCC_541\Debug\ECU-RGB_Command_Sender.a(CyLib.o)
 .text.CySysTickGetCountFlag
                0x00000000       0x10 .\CortexM0\ARM_GCC_541\Debug\ECU-RGB_Command_Sender.a(CyLib.o)
 .text.CySysTickServiceCallbacks
                0x00000000       0x28 .\CortexM0\ARM_GCC_541\Debug\ECU-RGB_Command_Sender.a(CyLib.o)
 .text.CySysTickClear
                0x00000000        0xc .\CortexM0\ARM_GCC_541\Debug\ECU-RGB_Command_Sender.a(CyLib.o)
 .text.CySysTickInit
                0x00000000       0x40 .\CortexM0\ARM_GCC_541\Debug\ECU-RGB_Command_Sender.a(CyLib.o)
 .text.CySysTickStart
                0x00000000       0x20 .\CortexM0\ARM_GCC_541\Debug\ECU-RGB_Command_Sender.a(CyLib.o)
 .text.CySysTickSetCallback
                0x00000000       0x10 .\CortexM0\ARM_GCC_541\Debug\ECU-RGB_Command_Sender.a(CyLib.o)
 .text.CySysTickGetCallback
                0x00000000        0xc .\CortexM0\ARM_GCC_541\Debug\ECU-RGB_Command_Sender.a(CyLib.o)
 .text.CyGetUniqueId
                0x00000000       0x70 .\CortexM0\ARM_GCC_541\Debug\ECU-RGB_Command_Sender.a(CyLib.o)
 .text          0x00000000        0x0 .\CortexM0\ARM_GCC_541\Debug\ECU-RGB_Command_Sender.a(CyLFClk.o)
 .text.CySysClkIloEnabled
                0x00000000       0x14 .\CortexM0\ARM_GCC_541\Debug\ECU-RGB_Command_Sender.a(CyLFClk.o)
 .text.CySysClkIloStart
                0x00000000       0x14 .\CortexM0\ARM_GCC_541\Debug\ECU-RGB_Command_Sender.a(CyLFClk.o)
 .text.CySysClkIloStartMeasurement
                0x00000000       0x34 .\CortexM0\ARM_GCC_541\Debug\ECU-RGB_Command_Sender.a(CyLFClk.o)
 .text.CySysClkIloStopMeasurement
                0x00000000       0x14 .\CortexM0\ARM_GCC_541\Debug\ECU-RGB_Command_Sender.a(CyLFClk.o)
 .text.CySysClkIloCompensate
                0x00000000      0x104 .\CortexM0\ARM_GCC_541\Debug\ECU-RGB_Command_Sender.a(CyLFClk.o)
 .text.CySysWdtGetEnabledStatus
                0x00000000       0x24 .\CortexM0\ARM_GCC_541\Debug\ECU-RGB_Command_Sender.a(CyLFClk.o)
 .text.CySysWdtSetMode
                0x00000000       0x38 .\CortexM0\ARM_GCC_541\Debug\ECU-RGB_Command_Sender.a(CyLFClk.o)
 .text.CySysClkLfclkPosedgeRestore
                0x00000000       0x2c .\CortexM0\ARM_GCC_541\Debug\ECU-RGB_Command_Sender.a(CyLFClk.o)
 .text.CySysWdtGetMode
                0x00000000       0x14 .\CortexM0\ARM_GCC_541\Debug\ECU-RGB_Command_Sender.a(CyLFClk.o)
 .text.CySysWdtSetClearOnMatch
                0x00000000       0x34 .\CortexM0\ARM_GCC_541\Debug\ECU-RGB_Command_Sender.a(CyLFClk.o)
 .text.CySysWdtGetClearOnMatch
                0x00000000       0x24 .\CortexM0\ARM_GCC_541\Debug\ECU-RGB_Command_Sender.a(CyLFClk.o)
 .text.CySysWdtEnable
                0x00000000       0x40 .\CortexM0\ARM_GCC_541\Debug\ECU-RGB_Command_Sender.a(CyLFClk.o)
 .text.CySysWdtDisable
                0x00000000       0x44 .\CortexM0\ARM_GCC_541\Debug\ECU-RGB_Command_Sender.a(CyLFClk.o)
 .text.CySysWdtSetCascade
                0x00000000       0x34 .\CortexM0\ARM_GCC_541\Debug\ECU-RGB_Command_Sender.a(CyLFClk.o)
 .text.CySysWdtGetCascade
                0x00000000       0x14 .\CortexM0\ARM_GCC_541\Debug\ECU-RGB_Command_Sender.a(CyLFClk.o)
 .text.CySysWdtSetMatch
                0x00000000       0x38 .\CortexM0\ARM_GCC_541\Debug\ECU-RGB_Command_Sender.a(CyLFClk.o)
 .text.CySysWdtSetToggleBit
                0x00000000       0x30 .\CortexM0\ARM_GCC_541\Debug\ECU-RGB_Command_Sender.a(CyLFClk.o)
 .text.CySysWdtGetToggleBit
                0x00000000       0x10 .\CortexM0\ARM_GCC_541\Debug\ECU-RGB_Command_Sender.a(CyLFClk.o)
 .text.CySysWdtGetMatch
                0x00000000       0x20 .\CortexM0\ARM_GCC_541\Debug\ECU-RGB_Command_Sender.a(CyLFClk.o)
 .text.CySysWdtGetCount
                0x00000000       0x3c .\CortexM0\ARM_GCC_541\Debug\ECU-RGB_Command_Sender.a(CyLFClk.o)
 .text.CySysClkLfclkPosedgeCatch
                0x00000000       0x74 .\CortexM0\ARM_GCC_541\Debug\ECU-RGB_Command_Sender.a(CyLFClk.o)
 .text.CySysClkIloStop
                0x00000000       0x38 .\CortexM0\ARM_GCC_541\Debug\ECU-RGB_Command_Sender.a(CyLFClk.o)
 .text.CySysWdtGetInterruptSource
                0x00000000       0x14 .\CortexM0\ARM_GCC_541\Debug\ECU-RGB_Command_Sender.a(CyLFClk.o)
 .text.CySysWdtResetCounters
                0x00000000       0x20 .\CortexM0\ARM_GCC_541\Debug\ECU-RGB_Command_Sender.a(CyLFClk.o)
 .text.CySysWdtSetInterruptCallback
                0x00000000       0x20 .\CortexM0\ARM_GCC_541\Debug\ECU-RGB_Command_Sender.a(CyLFClk.o)
 .text.CySysWdtGetInterruptCallback
                0x00000000       0x20 .\CortexM0\ARM_GCC_541\Debug\ECU-RGB_Command_Sender.a(CyLFClk.o)
 .text.CySysWdtEnableCounterIsr
                0x00000000       0x34 .\CortexM0\ARM_GCC_541\Debug\ECU-RGB_Command_Sender.a(CyLFClk.o)
 .text.CySysWdtDisableCounterIsr
                0x00000000       0x28 .\CortexM0\ARM_GCC_541\Debug\ECU-RGB_Command_Sender.a(CyLFClk.o)
 .text.CySysWatchdogFeed
                0x00000000       0x60 .\CortexM0\ARM_GCC_541\Debug\ECU-RGB_Command_Sender.a(CyLFClk.o)
 .text.CySysTimerDelayUntilMatch
                0x00000000       0x6c .\CortexM0\ARM_GCC_541\Debug\ECU-RGB_Command_Sender.a(CyLFClk.o)
 .text.CySysTimerDelay
                0x00000000       0x3c .\CortexM0\ARM_GCC_541\Debug\ECU-RGB_Command_Sender.a(CyLFClk.o)
 .rodata        0x00000000        0xc .\CortexM0\ARM_GCC_541\Debug\ECU-RGB_Command_Sender.a(CyLFClk.o)
 .text          0x00000000        0x0 .\CortexM0\ARM_GCC_541\Debug\ECU-RGB_Command_Sender.a(UART_MASTER.o)
 .data          0x00000000        0x0 .\CortexM0\ARM_GCC_541\Debug\ECU-RGB_Command_Sender.a(UART_MASTER.o)
 .text.UART_MASTER_ScbModeStop
                0x00000000        0x8 .\CortexM0\ARM_GCC_541\Debug\ECU-RGB_Command_Sender.a(UART_MASTER.o)
 .text.UART_MASTER_Stop
                0x00000000       0x2c .\CortexM0\ARM_GCC_541\Debug\ECU-RGB_Command_Sender.a(UART_MASTER.o)
 .text.UART_MASTER_SetRxFifoLevel
                0x00000000       0x14 .\CortexM0\ARM_GCC_541\Debug\ECU-RGB_Command_Sender.a(UART_MASTER.o)
 .text.UART_MASTER_SetTxFifoLevel
                0x00000000       0x14 .\CortexM0\ARM_GCC_541\Debug\ECU-RGB_Command_Sender.a(UART_MASTER.o)
 .text.UART_MASTER_SetCustomInterruptHandler
                0x00000000        0xc .\CortexM0\ARM_GCC_541\Debug\ECU-RGB_Command_Sender.a(UART_MASTER.o)
 .text.UART_MASTER_I2CSlaveNackGeneration
                0x00000000       0x3c .\CortexM0\ARM_GCC_541\Debug\ECU-RGB_Command_Sender.a(UART_MASTER.o)
 .text          0x00000000        0x0 .\CortexM0\ARM_GCC_541\Debug\ECU-RGB_Command_Sender.a(UART_MASTER_SPI_UART.o)
 .data          0x00000000        0x0 .\CortexM0\ARM_GCC_541\Debug\ECU-RGB_Command_Sender.a(UART_MASTER_SPI_UART.o)
 .bss           0x00000000        0x0 .\CortexM0\ARM_GCC_541\Debug\ECU-RGB_Command_Sender.a(UART_MASTER_SPI_UART.o)
 .text.UART_MASTER_SpiUartClearRxBuffer
                0x00000000       0x54 .\CortexM0\ARM_GCC_541\Debug\ECU-RGB_Command_Sender.a(UART_MASTER_SPI_UART.o)
 .text.UART_MASTER_SpiUartPutArray
                0x00000000       0x18 .\CortexM0\ARM_GCC_541\Debug\ECU-RGB_Command_Sender.a(UART_MASTER_SPI_UART.o)
 .text.UART_MASTER_SpiUartGetTxBufferSize
                0x00000000       0x28 .\CortexM0\ARM_GCC_541\Debug\ECU-RGB_Command_Sender.a(UART_MASTER_SPI_UART.o)
 .text.UART_MASTER_SpiUartClearTxBuffer
                0x00000000       0x58 .\CortexM0\ARM_GCC_541\Debug\ECU-RGB_Command_Sender.a(UART_MASTER_SPI_UART.o)
 .text.UART_MASTER_SpiUartDisableIntRx
                0x00000000       0x10 .\CortexM0\ARM_GCC_541\Debug\ECU-RGB_Command_Sender.a(UART_MASTER_SPI_UART.o)
 .text.UART_MASTER_SpiUartDisableIntTx
                0x00000000       0x10 .\CortexM0\ARM_GCC_541\Debug\ECU-RGB_Command_Sender.a(UART_MASTER_SPI_UART.o)
 .text          0x00000000        0x0 .\CortexM0\ARM_GCC_541\Debug\ECU-RGB_Command_Sender.a(UART_MASTER_UART.o)
 .data          0x00000000        0x0 .\CortexM0\ARM_GCC_541\Debug\ECU-RGB_Command_Sender.a(UART_MASTER_UART.o)
 .bss           0x00000000        0x0 .\CortexM0\ARM_GCC_541\Debug\ECU-RGB_Command_Sender.a(UART_MASTER_UART.o)
 .text.UART_MASTER_UartStop
                0x00000000       0x2c .\CortexM0\ARM_GCC_541\Debug\ECU-RGB_Command_Sender.a(UART_MASTER_UART.o)
 .text.UART_MASTER_UartSetRxAddress
                0x00000000       0x14 .\CortexM0\ARM_GCC_541\Debug\ECU-RGB_Command_Sender.a(UART_MASTER_UART.o)
 .text.UART_MASTER_UartSetRxAddressMask
                0x00000000       0x18 .\CortexM0\ARM_GCC_541\Debug\ECU-RGB_Command_Sender.a(UART_MASTER_UART.o)
 .text.UART_MASTER_UartGetByte
                0x00000000       0x4c .\CortexM0\ARM_GCC_541\Debug\ECU-RGB_Command_Sender.a(UART_MASTER_UART.o)
 .text.UART_MASTER_UartPutString
                0x00000000       0x18 .\CortexM0\ARM_GCC_541\Debug\ECU-RGB_Command_Sender.a(UART_MASTER_UART.o)
 .text.UART_MASTER_UartPutCRLF
                0x00000000       0x14 .\CortexM0\ARM_GCC_541\Debug\ECU-RGB_Command_Sender.a(UART_MASTER_UART.o)
 .text          0x00000000        0x0 .\CortexM0\ARM_GCC_541\Debug\ECU-RGB_Command_Sender.a(UART_PC.o)
 .data          0x00000000        0x0 .\CortexM0\ARM_GCC_541\Debug\ECU-RGB_Command_Sender.a(UART_PC.o)
 .text.UART_PC_ScbModeStop
                0x00000000        0x8 .\CortexM0\ARM_GCC_541\Debug\ECU-RGB_Command_Sender.a(UART_PC.o)
 .text.UART_PC_Stop
                0x00000000       0x20 .\CortexM0\ARM_GCC_541\Debug\ECU-RGB_Command_Sender.a(UART_PC.o)
 .text.UART_PC_SetRxFifoLevel
                0x00000000       0x14 .\CortexM0\ARM_GCC_541\Debug\ECU-RGB_Command_Sender.a(UART_PC.o)
 .text.UART_PC_SetTxFifoLevel
                0x00000000       0x14 .\CortexM0\ARM_GCC_541\Debug\ECU-RGB_Command_Sender.a(UART_PC.o)
 .text.UART_PC_I2CSlaveNackGeneration
                0x00000000       0x3c .\CortexM0\ARM_GCC_541\Debug\ECU-RGB_Command_Sender.a(UART_PC.o)
 .text          0x00000000        0x0 .\CortexM0\ARM_GCC_541\Debug\ECU-RGB_Command_Sender.a(UART_PC_SPI_UART.o)
 .data          0x00000000        0x0 .\CortexM0\ARM_GCC_541\Debug\ECU-RGB_Command_Sender.a(UART_PC_SPI_UART.o)
 .bss           0x00000000        0x0 .\CortexM0\ARM_GCC_541\Debug\ECU-RGB_Command_Sender.a(UART_PC_SPI_UART.o)
 .text.UART_PC_SpiUartClearRxBuffer
                0x00000000       0x20 .\CortexM0\ARM_GCC_541\Debug\ECU-RGB_Command_Sender.a(UART_PC_SPI_UART.o)
 .text.UART_PC_SpiUartPutArray
                0x00000000       0x18 .\CortexM0\ARM_GCC_541\Debug\ECU-RGB_Command_Sender.a(UART_PC_SPI_UART.o)
 .text.UART_PC_SpiUartGetTxBufferSize
                0x00000000       0x10 .\CortexM0\ARM_GCC_541\Debug\ECU-RGB_Command_Sender.a(UART_PC_SPI_UART.o)
 .text.UART_PC_SpiUartClearTxBuffer
                0x00000000       0x20 .\CortexM0\ARM_GCC_541\Debug\ECU-RGB_Command_Sender.a(UART_PC_SPI_UART.o)
 .text.UART_PC_SpiUartDisableIntRx
                0x00000000       0x10 .\CortexM0\ARM_GCC_541\Debug\ECU-RGB_Command_Sender.a(UART_PC_SPI_UART.o)
 .text.UART_PC_SpiUartDisableIntTx
                0x00000000       0x10 .\CortexM0\ARM_GCC_541\Debug\ECU-RGB_Command_Sender.a(UART_PC_SPI_UART.o)
 .text          0x00000000        0x0 .\CortexM0\ARM_GCC_541\Debug\ECU-RGB_Command_Sender.a(UART_PC_UART.o)
 .data          0x00000000        0x0 .\CortexM0\ARM_GCC_541\Debug\ECU-RGB_Command_Sender.a(UART_PC_UART.o)
 .bss           0x00000000        0x0 .\CortexM0\ARM_GCC_541\Debug\ECU-RGB_Command_Sender.a(UART_PC_UART.o)
 .text.UART_PC_UartStop
                0x00000000       0x28 .\CortexM0\ARM_GCC_541\Debug\ECU-RGB_Command_Sender.a(UART_PC_UART.o)
 .text.UART_PC_UartSetRxAddress
                0x00000000       0x14 .\CortexM0\ARM_GCC_541\Debug\ECU-RGB_Command_Sender.a(UART_PC_UART.o)
 .text.UART_PC_UartSetRxAddressMask
                0x00000000       0x18 .\CortexM0\ARM_GCC_541\Debug\ECU-RGB_Command_Sender.a(UART_PC_UART.o)
 .text.UART_PC_UartGetByte
                0x00000000       0x34 .\CortexM0\ARM_GCC_541\Debug\ECU-RGB_Command_Sender.a(UART_PC_UART.o)
 .text.UART_PC_UartPutCRLF
                0x00000000       0x14 .\CortexM0\ARM_GCC_541\Debug\ECU-RGB_Command_Sender.a(UART_PC_UART.o)
 .text.UART_PC_UartSendBreakBlocking
                0x00000000       0x58 .\CortexM0\ARM_GCC_541\Debug\ECU-RGB_Command_Sender.a(UART_PC_UART.o)
 .text          0x00000000        0x0 .\CortexM0\ARM_GCC_541\Debug\ECU-RGB_Command_Sender.a(SW1.o)
 .data          0x00000000        0x0 .\CortexM0\ARM_GCC_541\Debug\ECU-RGB_Command_Sender.a(SW1.o)
 .bss           0x00000000        0x0 .\CortexM0\ARM_GCC_541\Debug\ECU-RGB_Command_Sender.a(SW1.o)
 .text.SW1_SetDriveMode
                0x00000000       0x18 .\CortexM0\ARM_GCC_541\Debug\ECU-RGB_Command_Sender.a(SW1.o)
 .text.SW1_Write
                0x00000000       0x18 .\CortexM0\ARM_GCC_541\Debug\ECU-RGB_Command_Sender.a(SW1.o)
 .text.SW1_ReadDataReg
                0x00000000       0x10 .\CortexM0\ARM_GCC_541\Debug\ECU-RGB_Command_Sender.a(SW1.o)
 .text.SW1_SetInterruptMode
                0x00000000       0x14 .\CortexM0\ARM_GCC_541\Debug\ECU-RGB_Command_Sender.a(SW1.o)
 .text.SW1_ClearInterrupt
                0x00000000       0x14 .\CortexM0\ARM_GCC_541\Debug\ECU-RGB_Command_Sender.a(SW1.o)
 .text          0x00000000        0x0 .\CortexM0\ARM_GCC_541\Debug\ECU-RGB_Command_Sender.a(PWM_B.o)
 .data          0x00000000        0x0 .\CortexM0\ARM_GCC_541\Debug\ECU-RGB_Command_Sender.a(PWM_B.o)
 .text.PWM_B_Stop
                0x00000000       0x10 .\CortexM0\ARM_GCC_541\Debug\ECU-RGB_Command_Sender.a(PWM_B.o)
 .text.PWM_B_ReadCounter
                0x00000000       0x14 .\CortexM0\ARM_GCC_541\Debug\ECU-RGB_Command_Sender.a(PWM_B.o)
 .text.PWM_B_ReadControlRegister
                0x00000000        0xc .\CortexM0\ARM_GCC_541\Debug\ECU-RGB_Command_Sender.a(PWM_B.o)
 .text.PWM_B_WriteControlRegister
                0x00000000        0xc .\CortexM0\ARM_GCC_541\Debug\ECU-RGB_Command_Sender.a(PWM_B.o)
 .text.PWM_B_ReadCompare
                0x00000000        0xc .\CortexM0\ARM_GCC_541\Debug\ECU-RGB_Command_Sender.a(PWM_B.o)
 .text.PWM_B_ReadPeriod
                0x00000000        0xc .\CortexM0\ARM_GCC_541\Debug\ECU-RGB_Command_Sender.a(PWM_B.o)
 .text          0x00000000        0x0 .\CortexM0\ARM_GCC_541\Debug\ECU-RGB_Command_Sender.a(PWM_G.o)
 .data          0x00000000        0x0 .\CortexM0\ARM_GCC_541\Debug\ECU-RGB_Command_Sender.a(PWM_G.o)
 .text.PWM_G_Stop
                0x00000000       0x10 .\CortexM0\ARM_GCC_541\Debug\ECU-RGB_Command_Sender.a(PWM_G.o)
 .text.PWM_G_ReadCounter
                0x00000000       0x14 .\CortexM0\ARM_GCC_541\Debug\ECU-RGB_Command_Sender.a(PWM_G.o)
 .text.PWM_G_ReadControlRegister
                0x00000000        0xc .\CortexM0\ARM_GCC_541\Debug\ECU-RGB_Command_Sender.a(PWM_G.o)
 .text.PWM_G_WriteControlRegister
                0x00000000        0xc .\CortexM0\ARM_GCC_541\Debug\ECU-RGB_Command_Sender.a(PWM_G.o)
 .text.PWM_G_ReadCompare
                0x00000000        0xc .\CortexM0\ARM_GCC_541\Debug\ECU-RGB_Command_Sender.a(PWM_G.o)
 .text.PWM_G_ReadPeriod
                0x00000000        0xc .\CortexM0\ARM_GCC_541\Debug\ECU-RGB_Command_Sender.a(PWM_G.o)
 .text          0x00000000        0x0 .\CortexM0\ARM_GCC_541\Debug\ECU-RGB_Command_Sender.a(PWM_R.o)
 .data          0x00000000        0x0 .\CortexM0\ARM_GCC_541\Debug\ECU-RGB_Command_Sender.a(PWM_R.o)
 .text.PWM_R_Stop
                0x00000000       0x10 .\CortexM0\ARM_GCC_541\Debug\ECU-RGB_Command_Sender.a(PWM_R.o)
 .text.PWM_R_ReadCounter
                0x00000000       0x14 .\CortexM0\ARM_GCC_541\Debug\ECU-RGB_Command_Sender.a(PWM_R.o)
 .text.PWM_R_ReadControlRegister
                0x00000000        0xc .\CortexM0\ARM_GCC_541\Debug\ECU-RGB_Command_Sender.a(PWM_R.o)
 .text.PWM_R_WriteControlRegister
                0x00000000        0xc .\CortexM0\ARM_GCC_541\Debug\ECU-RGB_Command_Sender.a(PWM_R.o)
 .text.PWM_R_ReadCompare
                0x00000000        0xc .\CortexM0\ARM_GCC_541\Debug\ECU-RGB_Command_Sender.a(PWM_R.o)
 .text.PWM_R_ReadPeriod
                0x00000000        0xc .\CortexM0\ARM_GCC_541\Debug\ECU-RGB_Command_Sender.a(PWM_R.o)
 .data          0x00000000        0x0 .\CortexM0\ARM_GCC_541\Debug\ECU-RGB_Command_Sender.a(CyBootAsmGnu.o)
 .bss           0x00000000        0x0 .\CortexM0\ARM_GCC_541\Debug\ECU-RGB_Command_Sender.a(CyBootAsmGnu.o)
 .text          0x00000000        0x0 .\CortexM0\ARM_GCC_541\Debug\ECU-RGB_Command_Sender.a(UART_MASTER_SPI_UART_INT.o)
 .data          0x00000000        0x0 .\CortexM0\ARM_GCC_541\Debug\ECU-RGB_Command_Sender.a(UART_MASTER_SPI_UART_INT.o)
 .bss           0x00000000        0x0 .\CortexM0\ARM_GCC_541\Debug\ECU-RGB_Command_Sender.a(UART_MASTER_SPI_UART_INT.o)
 .data          0x00000000        0x0 c:/program files (x86)/cypress/psoc creator/4.2/psoc creator/import/gnu/arm/5.4.1/bin/../lib/gcc/arm-none-eabi/5.4.1/armv6-m\libgcc.a(_udivsi3.o)
 .bss           0x00000000        0x0 c:/program files (x86)/cypress/psoc creator/4.2/psoc creator/import/gnu/arm/5.4.1/bin/../lib/gcc/arm-none-eabi/5.4.1/armv6-m\libgcc.a(_udivsi3.o)
 .data          0x00000000        0x0 c:/program files (x86)/cypress/psoc creator/4.2/psoc creator/import/gnu/arm/5.4.1/bin/../lib/gcc/arm-none-eabi/5.4.1/armv6-m\libgcc.a(_dvmd_tls.o)
 .bss           0x00000000        0x0 c:/program files (x86)/cypress/psoc creator/4.2/psoc creator/import/gnu/arm/5.4.1/bin/../lib/gcc/arm-none-eabi/5.4.1/armv6-m\libgcc.a(_dvmd_tls.o)
 .text          0x00000000        0x0 c:/program files (x86)/cypress/psoc creator/4.2/psoc creator/import/gnu/arm/5.4.1/bin/../lib/gcc/arm-none-eabi/5.4.1/../../../../arm-none-eabi/lib/armv6-m\libg_nano.a(lib_a-atoi.o)
 .data          0x00000000        0x0 c:/program files (x86)/cypress/psoc creator/4.2/psoc creator/import/gnu/arm/5.4.1/bin/../lib/gcc/arm-none-eabi/5.4.1/../../../../arm-none-eabi/lib/armv6-m\libg_nano.a(lib_a-atoi.o)
 .bss           0x00000000        0x0 c:/program files (x86)/cypress/psoc creator/4.2/psoc creator/import/gnu/arm/5.4.1/bin/../lib/gcc/arm-none-eabi/5.4.1/../../../../arm-none-eabi/lib/armv6-m\libg_nano.a(lib_a-atoi.o)
 .text._atoi_r  0x00000000        0xc c:/program files (x86)/cypress/psoc creator/4.2/psoc creator/import/gnu/arm/5.4.1/bin/../lib/gcc/arm-none-eabi/5.4.1/../../../../arm-none-eabi/lib/armv6-m\libg_nano.a(lib_a-atoi.o)
 .text          0x00000000        0x0 c:/program files (x86)/cypress/psoc creator/4.2/psoc creator/import/gnu/arm/5.4.1/bin/../lib/gcc/arm-none-eabi/5.4.1/../../../../arm-none-eabi/lib/armv6-m\libg_nano.a(lib_a-errno.o)
 .data          0x00000000        0x0 c:/program files (x86)/cypress/psoc creator/4.2/psoc creator/import/gnu/arm/5.4.1/bin/../lib/gcc/arm-none-eabi/5.4.1/../../../../arm-none-eabi/lib/armv6-m\libg_nano.a(lib_a-errno.o)
 .bss           0x00000000        0x0 c:/program files (x86)/cypress/psoc creator/4.2/psoc creator/import/gnu/arm/5.4.1/bin/../lib/gcc/arm-none-eabi/5.4.1/../../../../arm-none-eabi/lib/armv6-m\libg_nano.a(lib_a-errno.o)
 .text          0x00000000        0x0 c:/program files (x86)/cypress/psoc creator/4.2/psoc creator/import/gnu/arm/5.4.1/bin/../lib/gcc/arm-none-eabi/5.4.1/../../../../arm-none-eabi/lib/armv6-m\libg_nano.a(lib_a-exit.o)
 .data          0x00000000        0x0 c:/program files (x86)/cypress/psoc creator/4.2/psoc creator/import/gnu/arm/5.4.1/bin/../lib/gcc/arm-none-eabi/5.4.1/../../../../arm-none-eabi/lib/armv6-m\libg_nano.a(lib_a-exit.o)
 .bss           0x00000000        0x0 c:/program files (x86)/cypress/psoc creator/4.2/psoc creator/import/gnu/arm/5.4.1/bin/../lib/gcc/arm-none-eabi/5.4.1/../../../../arm-none-eabi/lib/armv6-m\libg_nano.a(lib_a-exit.o)
 .text.exit     0x00000000       0x2c c:/program files (x86)/cypress/psoc creator/4.2/psoc creator/import/gnu/arm/5.4.1/bin/../lib/gcc/arm-none-eabi/5.4.1/../../../../arm-none-eabi/lib/armv6-m\libg_nano.a(lib_a-exit.o)
 .text          0x00000000        0x0 c:/program files (x86)/cypress/psoc creator/4.2/psoc creator/import/gnu/arm/5.4.1/bin/../lib/gcc/arm-none-eabi/5.4.1/../../../../arm-none-eabi/lib/armv6-m\libg_nano.a(lib_a-impure.o)
 .data          0x00000000        0x0 c:/program files (x86)/cypress/psoc creator/4.2/psoc creator/import/gnu/arm/5.4.1/bin/../lib/gcc/arm-none-eabi/5.4.1/../../../../arm-none-eabi/lib/armv6-m\libg_nano.a(lib_a-impure.o)
 .bss           0x00000000        0x0 c:/program files (x86)/cypress/psoc creator/4.2/psoc creator/import/gnu/arm/5.4.1/bin/../lib/gcc/arm-none-eabi/5.4.1/../../../../arm-none-eabi/lib/armv6-m\libg_nano.a(lib_a-impure.o)
 .rodata._global_impure_ptr
                0x00000000        0x4 c:/program files (x86)/cypress/psoc creator/4.2/psoc creator/import/gnu/arm/5.4.1/bin/../lib/gcc/arm-none-eabi/5.4.1/../../../../arm-none-eabi/lib/armv6-m\libg_nano.a(lib_a-impure.o)
 .text          0x00000000        0x0 c:/program files (x86)/cypress/psoc creator/4.2/psoc creator/import/gnu/arm/5.4.1/bin/../lib/gcc/arm-none-eabi/5.4.1/../../../../arm-none-eabi/lib/armv6-m\libg_nano.a(lib_a-init.o)
 .data          0x00000000        0x0 c:/program files (x86)/cypress/psoc creator/4.2/psoc creator/import/gnu/arm/5.4.1/bin/../lib/gcc/arm-none-eabi/5.4.1/../../../../arm-none-eabi/lib/armv6-m\libg_nano.a(lib_a-init.o)
 .bss           0x00000000        0x0 c:/program files (x86)/cypress/psoc creator/4.2/psoc creator/import/gnu/arm/5.4.1/bin/../lib/gcc/arm-none-eabi/5.4.1/../../../../arm-none-eabi/lib/armv6-m\libg_nano.a(lib_a-init.o)
 .text          0x00000000        0x0 c:/program files (x86)/cypress/psoc creator/4.2/psoc creator/import/gnu/arm/5.4.1/bin/../lib/gcc/arm-none-eabi/5.4.1/../../../../arm-none-eabi/lib/armv6-m\libg_nano.a(lib_a-memset.o)
 .data          0x00000000        0x0 c:/program files (x86)/cypress/psoc creator/4.2/psoc creator/import/gnu/arm/5.4.1/bin/../lib/gcc/arm-none-eabi/5.4.1/../../../../arm-none-eabi/lib/armv6-m\libg_nano.a(lib_a-memset.o)
 .bss           0x00000000        0x0 c:/program files (x86)/cypress/psoc creator/4.2/psoc creator/import/gnu/arm/5.4.1/bin/../lib/gcc/arm-none-eabi/5.4.1/../../../../arm-none-eabi/lib/armv6-m\libg_nano.a(lib_a-memset.o)
 .text          0x00000000        0x0 c:/program files (x86)/cypress/psoc creator/4.2/psoc creator/import/gnu/arm/5.4.1/bin/../lib/gcc/arm-none-eabi/5.4.1/../../../../arm-none-eabi/lib/armv6-m\libg_nano.a(lib_a-strtol.o)
 .data          0x00000000        0x0 c:/program files (x86)/cypress/psoc creator/4.2/psoc creator/import/gnu/arm/5.4.1/bin/../lib/gcc/arm-none-eabi/5.4.1/../../../../arm-none-eabi/lib/armv6-m\libg_nano.a(lib_a-strtol.o)
 .bss           0x00000000        0x0 c:/program files (x86)/cypress/psoc creator/4.2/psoc creator/import/gnu/arm/5.4.1/bin/../lib/gcc/arm-none-eabi/5.4.1/../../../../arm-none-eabi/lib/armv6-m\libg_nano.a(lib_a-strtol.o)
 .text          0x00000000        0x0 c:/program files (x86)/cypress/psoc creator/4.2/psoc creator/import/gnu/arm/5.4.1/bin/../lib/gcc/arm-none-eabi/5.4.1/../../../../arm-none-eabi/lib/armv6-m\libg_nano.a(lib_a-ctype_.o)
 .data          0x00000000        0x0 c:/program files (x86)/cypress/psoc creator/4.2/psoc creator/import/gnu/arm/5.4.1/bin/../lib/gcc/arm-none-eabi/5.4.1/../../../../arm-none-eabi/lib/armv6-m\libg_nano.a(lib_a-ctype_.o)
 .bss           0x00000000        0x0 c:/program files (x86)/cypress/psoc creator/4.2/psoc creator/import/gnu/arm/5.4.1/bin/../lib/gcc/arm-none-eabi/5.4.1/../../../../arm-none-eabi/lib/armv6-m\libg_nano.a(lib_a-ctype_.o)
 .text          0x00000000        0x0 c:/program files (x86)/cypress/psoc creator/4.2/psoc creator/import/gnu/arm/5.4.1/bin/../lib/gcc/arm-none-eabi/5.4.1/armv6-m/crtend.o
 .data          0x00000000        0x0 c:/program files (x86)/cypress/psoc creator/4.2/psoc creator/import/gnu/arm/5.4.1/bin/../lib/gcc/arm-none-eabi/5.4.1/armv6-m/crtend.o
 .bss           0x00000000        0x0 c:/program files (x86)/cypress/psoc creator/4.2/psoc creator/import/gnu/arm/5.4.1/bin/../lib/gcc/arm-none-eabi/5.4.1/armv6-m/crtend.o
 .text          0x00000000        0x0 c:/program files (x86)/cypress/psoc creator/4.2/psoc creator/import/gnu/arm/5.4.1/bin/../lib/gcc/arm-none-eabi/5.4.1/armv6-m/crtn.o
 .data          0x00000000        0x0 c:/program files (x86)/cypress/psoc creator/4.2/psoc creator/import/gnu/arm/5.4.1/bin/../lib/gcc/arm-none-eabi/5.4.1/armv6-m/crtn.o
 .bss           0x00000000        0x0 c:/program files (x86)/cypress/psoc creator/4.2/psoc creator/import/gnu/arm/5.4.1/bin/../lib/gcc/arm-none-eabi/5.4.1/armv6-m/crtn.o

Memory Configuration

Name             Origin             Length             Attributes
rom              0x00000000         0x00008000         xr
ram              0x20000000         0x00001000         xrw
*default*        0x00000000         0xffffffff

Linker script and memory map

LOAD c:/program files (x86)/cypress/psoc creator/4.2/psoc creator/import/gnu/arm/5.4.1/bin/../lib/gcc/arm-none-eabi/5.4.1/armv6-m/crti.o
LOAD c:/program files (x86)/cypress/psoc creator/4.2/psoc creator/import/gnu/arm/5.4.1/bin/../lib/gcc/arm-none-eabi/5.4.1/armv6-m/crtbegin.o
LOAD c:/program files (x86)/cypress/psoc creator/4.2/psoc creator/import/gnu/arm/5.4.1/bin/../lib/gcc/arm-none-eabi/5.4.1/../../../../arm-none-eabi/lib/armv6-m/crt0.o
START GROUP
LOAD .\CortexM0\ARM_GCC_541\Debug\main.o
LOAD .\CortexM0\ARM_GCC_541\Debug\cyfitter_cfg.o
LOAD .\CortexM0\ARM_GCC_541\Debug\cymetadata.o
LOAD .\CortexM0\ARM_GCC_541\Debug\Cm0Start.o
LOAD .\CortexM0\ARM_GCC_541\Debug\ECU-RGB_Command_Sender.a
END GROUP
START GROUP
LOAD c:/program files (x86)/cypress/psoc creator/4.2/psoc creator/import/gnu/arm/5.4.1/bin/../lib/gcc/arm-none-eabi/5.4.1/armv6-m\libgcc.a
LOAD c:/program files (x86)/cypress/psoc creator/4.2/psoc creator/import/gnu/arm/5.4.1/bin/../lib/gcc/arm-none-eabi/5.4.1/../../../../arm-none-eabi/lib/armv6-m\libg_nano.a
LOAD c:/program files (x86)/cypress/psoc creator/4.2/psoc creator/import/gnu/arm/5.4.1/bin/../lib/gcc/arm-none-eabi/5.4.1/../../../../arm-none-eabi/lib/armv6-m\libc_nano.a
END GROUP
START GROUP
LOAD c:/program files (x86)/cypress/psoc creator/4.2/psoc creator/import/gnu/arm/5.4.1/bin/../lib/gcc/arm-none-eabi/5.4.1/armv6-m\libgcc.a
LOAD c:/program files (x86)/cypress/psoc creator/4.2/psoc creator/import/gnu/arm/5.4.1/bin/../lib/gcc/arm-none-eabi/5.4.1/../../../../arm-none-eabi/lib/armv6-m\libc_nano.a
END GROUP
LOAD c:/program files (x86)/cypress/psoc creator/4.2/psoc creator/import/gnu/arm/5.4.1/bin/../lib/gcc/arm-none-eabi/5.4.1/armv6-m/crtend.o
LOAD c:/program files (x86)/cypress/psoc creator/4.2/psoc creator/import/gnu/arm/5.4.1/bin/../lib/gcc/arm-none-eabi/5.4.1/armv6-m/crtn.o
START GROUP
LOAD c:/program files (x86)/cypress/psoc creator/4.2/psoc creator/import/gnu/arm/5.4.1/bin/../lib/gcc/arm-none-eabi/5.4.1/armv6-m\libgcc.a
LOAD c:/program files (x86)/cypress/psoc creator/4.2/psoc creator/import/gnu/arm/5.4.1/bin/../lib/gcc/arm-none-eabi/5.4.1/../../../../arm-none-eabi/lib/armv6-m\libc.a
LOAD c:/program files (x86)/cypress/psoc creator/4.2/psoc creator/import/gnu/arm/5.4.1/bin/../lib/gcc/arm-none-eabi/5.4.1/../../../../arm-none-eabi/lib/armv6-m\libnosys.a
END GROUP
                0x00000000                CY_APPL_ORIGIN = 0x0
                0x00000080                CY_FLASH_ROW_SIZE = 0x80
                0x00000001                CY_APPL_NUM = 0x1
                0x00000001                CY_APPL_MAX = 0x1
                0x00000040                CY_METADATA_SIZE = 0x40
                0x00000000                CY_APPL_LOADABLE = 0x0
                0x00000000                CY_CHECKSUM_EXCLUDE_SIZE = ALIGN (0x0, CY_FLASH_ROW_SIZE)
                0x00000000                CY_APP_FOR_STACK_AND_COPIER = 0x0
                [!provide]                PROVIDE (__cy_heap_start, _end)
                0x00000001                PROVIDE (__cy_region_num, ((__cy_regions_end - __cy_regions) / 0x10))
                0x20001000                PROVIDE (__cy_stack, (ORIGIN (ram) + LENGTH (ram)))
                [!provide]                PROVIDE (__cy_heap_end, (__cy_stack - 0x800))

.cybootloader   0x00000000        0x0
 *(.cybootloader)
                0x00000000                appl1_start = CY_APPL_ORIGIN?CY_APPL_ORIGIN:ALIGN (CY_FLASH_ROW_SIZE)
                0x00003f80                appl2_start = (appl1_start + ALIGN ((((LENGTH (rom) - appl1_start) - (0x2 * CY_FLASH_ROW_SIZE)) / 0x2), CY_FLASH_ROW_SIZE))
                0x00000000                appl_start = (CY_APPL_NUM == 0x1)?appl1_start:appl2_start
                0x00000001                cy_project_type_bootloader = (appl_start == 0x0)?0x1:0x0
                0x00000000                cy_project_type_app_for_stack_and_copier = (CY_APP_FOR_STACK_AND_COPIER == 0x1)?0x1:0x0

.text           0x00000000     0x1460
 CREATE_OBJECT_SYMBOLS
                0x00000000                PROVIDE (__cy_interrupt_vector, RomVectors)
 *(.romvectors)
 .romvectors    0x00000000       0x10 .\CortexM0\ARM_GCC_541\Debug\Cm0Start.o
                0x00000000                RomVectors
                0x00000001                ASSERT ((. != __cy_interrupt_vector), No interrupt vector)
                0x00000001                ASSERT (CY_APPL_ORIGIN?(SIZEOF (.cybootloader) <= CY_APPL_ORIGIN):0x1, Wrong image location)
                0x00000010                PROVIDE (__cy_reset, Reset)
 *(.text.Reset)
 .text.Reset    0x00000010        0x8 .\CortexM0\ARM_GCC_541\Debug\Cm0Start.o
                0x00000010                Reset
                0x00000001                ASSERT ((. != __cy_reset), No reset code)
 *(.psocinit)
 .psocinit      0x00000018      0x1cc .\CortexM0\ARM_GCC_541\Debug\cyfitter_cfg.o
                0x000000b4                cyfitter_cfg
                0x000001e4                . = MAX (., 0x100)
 *(.text .text.* .gnu.linkonce.t.*)
 .text          0x000001e4       0x60 c:/program files (x86)/cypress/psoc creator/4.2/psoc creator/import/gnu/arm/5.4.1/bin/../lib/gcc/arm-none-eabi/5.4.1/armv6-m/crtbegin.o
 .text.LIN_ID_Parity_Calculator
                0x00000244       0x28 .\CortexM0\ARM_GCC_541\Debug\main.o
                0x00000244                LIN_ID_Parity_Calculator
 .text.LIN_PID_Calculator
                0x0000026c       0x2c .\CortexM0\ARM_GCC_541\Debug\main.o
                0x0000026c                LIN_PID_Calculator
 .text.LIN_Checksum_Calculation
                0x00000298       0x20 .\CortexM0\ARM_GCC_541\Debug\main.o
                0x00000298                LIN_Checksum_Calculation
 .text.getResults
                0x000002b8       0xb0 .\CortexM0\ARM_GCC_541\Debug\main.o
                0x000002b8                getResults
 .text.getData  0x00000368       0x90 .\CortexM0\ARM_GCC_541\Debug\main.o
                0x00000368                getData
 .text.getSlaveResponse
                0x000003f8       0x30 .\CortexM0\ARM_GCC_541\Debug\main.o
                0x000003f8                getSlaveResponse
 .text.sendFrame
                0x00000428       0x4c .\CortexM0\ARM_GCC_541\Debug\main.o
                0x00000428                sendFrame
 .text.setLeds  0x00000474       0x1c .\CortexM0\ARM_GCC_541\Debug\main.o
                0x00000474                setLeds
 .text.main     0x00000490       0x8c .\CortexM0\ARM_GCC_541\Debug\main.o
                0x00000490                main
 .text.cfg_write_bytes32
                0x0000051c       0x34 .\CortexM0\ARM_GCC_541\Debug\cyfitter_cfg.o
 .text.CYMEMZERO
                0x00000550        0xc .\CortexM0\ARM_GCC_541\Debug\cyfitter_cfg.o
 .text.IntDefaultHandler
                0x0000055c       0x10 .\CortexM0\ARM_GCC_541\Debug\Cm0Start.o
                0x0000055c                IntDefaultHandler
 .text.Start_c  0x0000056c       0x48 .\CortexM0\ARM_GCC_541\Debug\Cm0Start.o
                0x0000056c                Start_c
 .text.initialize_psoc
                0x000005b4       0x40 .\CortexM0\ARM_GCC_541\Debug\Cm0Start.o
                0x000005b4                initialize_psoc
 .text.CyIntEnable
                0x000005f4       0x14 .\CortexM0\ARM_GCC_541\Debug\ECU-RGB_Command_Sender.a(CyLib.o)
                0x000005f4                CyIntEnable
 .text.CyIntDisable
                0x00000608       0x14 .\CortexM0\ARM_GCC_541\Debug\ECU-RGB_Command_Sender.a(CyLib.o)
                0x00000608                CyIntDisable
 .text.CyHalt   0x0000061c        0x4 .\CortexM0\ARM_GCC_541\Debug\ECU-RGB_Command_Sender.a(CyLib.o)
                0x0000061c                CyHalt
 .text.CyIntSetVector
                0x00000620       0x24 .\CortexM0\ARM_GCC_541\Debug\ECU-RGB_Command_Sender.a(CyLib.o)
                0x00000620                CyIntSetVector
 .text.CyIntSetPriority
                0x00000644       0x4c .\CortexM0\ARM_GCC_541\Debug\ECU-RGB_Command_Sender.a(CyLib.o)
                0x00000644                CyIntSetPriority
 .text.CyDelay  0x00000690       0x30 .\CortexM0\ARM_GCC_541\Debug\ECU-RGB_Command_Sender.a(CyLib.o)
                0x00000690                CyDelay
 .text.CyDelayUs
                0x000006c0       0x14 .\CortexM0\ARM_GCC_541\Debug\ECU-RGB_Command_Sender.a(CyLib.o)
                0x000006c0                CyDelayUs
 .text.CySysClkWriteImoFreq
                0x000006d4      0x164 .\CortexM0\ARM_GCC_541\Debug\ECU-RGB_Command_Sender.a(CyLib.o)
                0x000006d4                CySysClkWriteImoFreq
 .text.CySysWdtLocked
                0x00000838       0x14 .\CortexM0\ARM_GCC_541\Debug\ECU-RGB_Command_Sender.a(CyLFClk.o)
 .text.CySysWdtLock
                0x0000084c       0x1c .\CortexM0\ARM_GCC_541\Debug\ECU-RGB_Command_Sender.a(CyLFClk.o)
                0x0000084c                CySysWdtLock
 .text.CySysWdtUnlock
                0x00000868       0x30 .\CortexM0\ARM_GCC_541\Debug\ECU-RGB_Command_Sender.a(CyLFClk.o)
                0x00000868                CySysWdtUnlock
 .text.CySysWdtClearInterrupt
                0x00000898       0x4c .\CortexM0\ARM_GCC_541\Debug\ECU-RGB_Command_Sender.a(CyLFClk.o)
                0x00000898                CySysWdtClearInterrupt
 .text.CySysWdtIsr
                0x000008e4       0xa4 .\CortexM0\ARM_GCC_541\Debug\ECU-RGB_Command_Sender.a(CyLFClk.o)
                0x000008e4                CySysWdtIsr
 .text.UART_MASTER_ScbEnableIntr
                0x00000988        0xc .\CortexM0\ARM_GCC_541\Debug\ECU-RGB_Command_Sender.a(UART_MASTER.o)
 .text.UART_MASTER_ScbModePostEnable
                0x00000994        0x8 .\CortexM0\ARM_GCC_541\Debug\ECU-RGB_Command_Sender.a(UART_MASTER.o)
 .text.UART_MASTER_Init
                0x0000099c        0x8 .\CortexM0\ARM_GCC_541\Debug\ECU-RGB_Command_Sender.a(UART_MASTER.o)
                0x0000099c                UART_MASTER_Init
 .text.UART_MASTER_Enable
                0x000009a4       0x1c .\CortexM0\ARM_GCC_541\Debug\ECU-RGB_Command_Sender.a(UART_MASTER.o)
                0x000009a4                UART_MASTER_Enable
 .text.UART_MASTER_Start
                0x000009c0       0x20 .\CortexM0\ARM_GCC_541\Debug\ECU-RGB_Command_Sender.a(UART_MASTER.o)
                0x000009c0                UART_MASTER_Start
 .text.UART_MASTER_SpiUartReadRxData
                0x000009e0       0x34 .\CortexM0\ARM_GCC_541\Debug\ECU-RGB_Command_Sender.a(UART_MASTER_SPI_UART.o)
                0x000009e0                UART_MASTER_SpiUartReadRxData
 .text.UART_MASTER_SpiUartGetRxBufferSize
                0x00000a14       0x28 .\CortexM0\ARM_GCC_541\Debug\ECU-RGB_Command_Sender.a(UART_MASTER_SPI_UART.o)
                0x00000a14                UART_MASTER_SpiUartGetRxBufferSize
 .text.UART_MASTER_SpiUartWriteTxData
                0x00000a3c       0x70 .\CortexM0\ARM_GCC_541\Debug\ECU-RGB_Command_Sender.a(UART_MASTER_SPI_UART.o)
                0x00000a3c                UART_MASTER_SpiUartWriteTxData
 .text.UART_MASTER_UartInit
                0x00000aac       0xe4 .\CortexM0\ARM_GCC_541\Debug\ECU-RGB_Command_Sender.a(UART_MASTER_UART.o)
                0x00000aac                UART_MASTER_UartInit
 .text.UART_MASTER_UartPostEnable
                0x00000b90       0x2c .\CortexM0\ARM_GCC_541\Debug\ECU-RGB_Command_Sender.a(UART_MASTER_UART.o)
                0x00000b90                UART_MASTER_UartPostEnable
 .text.UART_MASTER_UartGetChar
                0x00000bbc       0x2c .\CortexM0\ARM_GCC_541\Debug\ECU-RGB_Command_Sender.a(UART_MASTER_UART.o)
                0x00000bbc                UART_MASTER_UartGetChar
 .text.UART_MASTER_UartSendBreakBlocking
                0x00000be8       0x58 .\CortexM0\ARM_GCC_541\Debug\ECU-RGB_Command_Sender.a(UART_MASTER_UART.o)
                0x00000be8                UART_MASTER_UartSendBreakBlocking
 .text.UART_PC_ScbModePostEnable
                0x00000c40        0x8 .\CortexM0\ARM_GCC_541\Debug\ECU-RGB_Command_Sender.a(UART_PC.o)
 .text.UART_PC_Init
                0x00000c48        0x8 .\CortexM0\ARM_GCC_541\Debug\ECU-RGB_Command_Sender.a(UART_PC.o)
                0x00000c48                UART_PC_Init
 .text.UART_PC_Enable
                0x00000c50       0x18 .\CortexM0\ARM_GCC_541\Debug\ECU-RGB_Command_Sender.a(UART_PC.o)
                0x00000c50                UART_PC_Enable
 .text.UART_PC_Start
                0x00000c68       0x20 .\CortexM0\ARM_GCC_541\Debug\ECU-RGB_Command_Sender.a(UART_PC.o)
                0x00000c68                UART_PC_Start
 .text.UART_PC_SpiUartReadRxData
                0x00000c88        0xc .\CortexM0\ARM_GCC_541\Debug\ECU-RGB_Command_Sender.a(UART_PC_SPI_UART.o)
                0x00000c88                UART_PC_SpiUartReadRxData
 .text.UART_PC_SpiUartGetRxBufferSize
                0x00000c94       0x10 .\CortexM0\ARM_GCC_541\Debug\ECU-RGB_Command_Sender.a(UART_PC_SPI_UART.o)
                0x00000c94                UART_PC_SpiUartGetRxBufferSize
 .text.UART_PC_SpiUartWriteTxData
                0x00000ca4       0x1c .\CortexM0\ARM_GCC_541\Debug\ECU-RGB_Command_Sender.a(UART_PC_SPI_UART.o)
                0x00000ca4                UART_PC_SpiUartWriteTxData
 .text.UART_PC_UartInit
                0x00000cc0       0x9c .\CortexM0\ARM_GCC_541\Debug\ECU-RGB_Command_Sender.a(UART_PC_UART.o)
                0x00000cc0                UART_PC_UartInit
 .text.UART_PC_UartPostEnable
                0x00000d5c       0x24 .\CortexM0\ARM_GCC_541\Debug\ECU-RGB_Command_Sender.a(UART_PC_UART.o)
                0x00000d5c                UART_PC_UartPostEnable
 .text.UART_PC_UartGetChar
                0x00000d80       0x2c .\CortexM0\ARM_GCC_541\Debug\ECU-RGB_Command_Sender.a(UART_PC_UART.o)
                0x00000d80                UART_PC_UartGetChar
 .text.UART_PC_UartPutString
                0x00000dac       0x18 .\CortexM0\ARM_GCC_541\Debug\ECU-RGB_Command_Sender.a(UART_PC_UART.o)
                0x00000dac                UART_PC_UartPutString
 .text.SW1_Read
                0x00000dc4       0x10 .\CortexM0\ARM_GCC_541\Debug\ECU-RGB_Command_Sender.a(SW1.o)
                0x00000dc4                SW1_Read
 .text.PWM_B_Enable
                0x00000dd4       0x14 .\CortexM0\ARM_GCC_541\Debug\ECU-RGB_Command_Sender.a(PWM_B.o)
                0x00000dd4                PWM_B_Enable
 .text.PWM_B_WriteCounter
                0x00000de8        0xc .\CortexM0\ARM_GCC_541\Debug\ECU-RGB_Command_Sender.a(PWM_B.o)
                0x00000de8                PWM_B_WriteCounter
 .text.PWM_B_WritePeriod
                0x00000df4        0xc .\CortexM0\ARM_GCC_541\Debug\ECU-RGB_Command_Sender.a(PWM_B.o)
                0x00000df4                PWM_B_WritePeriod
 .text.PWM_B_WriteCompare
                0x00000e00        0xc .\CortexM0\ARM_GCC_541\Debug\ECU-RGB_Command_Sender.a(PWM_B.o)
                0x00000e00                PWM_B_WriteCompare
 .text.PWM_B_SetInterruptMode
                0x00000e0c        0xc .\CortexM0\ARM_GCC_541\Debug\ECU-RGB_Command_Sender.a(PWM_B.o)
                0x00000e0c                PWM_B_SetInterruptMode
 .text.PWM_B_ReadStatusRegister
                0x00000e18        0xc .\CortexM0\ARM_GCC_541\Debug\ECU-RGB_Command_Sender.a(PWM_B.o)
                0x00000e18                PWM_B_ReadStatusRegister
 .text.PWM_B_ReadCapture
                0x00000e24        0xc .\CortexM0\ARM_GCC_541\Debug\ECU-RGB_Command_Sender.a(PWM_B.o)
                0x00000e24                PWM_B_ReadCapture
 .text.PWM_B_ClearFIFO
                0x00000e30       0x14 .\CortexM0\ARM_GCC_541\Debug\ECU-RGB_Command_Sender.a(PWM_B.o)
                0x00000e30                PWM_B_ClearFIFO
 .text.PWM_B_Init
                0x00000e44       0x58 .\CortexM0\ARM_GCC_541\Debug\ECU-RGB_Command_Sender.a(PWM_B.o)
                0x00000e44                PWM_B_Init
 .text.PWM_B_Start
                0x00000e9c       0x20 .\CortexM0\ARM_GCC_541\Debug\ECU-RGB_Command_Sender.a(PWM_B.o)
                0x00000e9c                PWM_B_Start
 .text.PWM_G_Enable
                0x00000ebc       0x14 .\CortexM0\ARM_GCC_541\Debug\ECU-RGB_Command_Sender.a(PWM_G.o)
                0x00000ebc                PWM_G_Enable
 .text.PWM_G_WriteCounter
                0x00000ed0        0xc .\CortexM0\ARM_GCC_541\Debug\ECU-RGB_Command_Sender.a(PWM_G.o)
                0x00000ed0                PWM_G_WriteCounter
 .text.PWM_G_WritePeriod
                0x00000edc        0xc .\CortexM0\ARM_GCC_541\Debug\ECU-RGB_Command_Sender.a(PWM_G.o)
                0x00000edc                PWM_G_WritePeriod
 .text.PWM_G_WriteCompare
                0x00000ee8        0xc .\CortexM0\ARM_GCC_541\Debug\ECU-RGB_Command_Sender.a(PWM_G.o)
                0x00000ee8                PWM_G_WriteCompare
 .text.PWM_G_SetInterruptMode
                0x00000ef4        0xc .\CortexM0\ARM_GCC_541\Debug\ECU-RGB_Command_Sender.a(PWM_G.o)
                0x00000ef4                PWM_G_SetInterruptMode
 .text.PWM_G_ReadStatusRegister
                0x00000f00        0xc .\CortexM0\ARM_GCC_541\Debug\ECU-RGB_Command_Sender.a(PWM_G.o)
                0x00000f00                PWM_G_ReadStatusRegister
 .text.PWM_G_ReadCapture
                0x00000f0c        0xc .\CortexM0\ARM_GCC_541\Debug\ECU-RGB_Command_Sender.a(PWM_G.o)
                0x00000f0c                PWM_G_ReadCapture
 .text.PWM_G_ClearFIFO
                0x00000f18       0x14 .\CortexM0\ARM_GCC_541\Debug\ECU-RGB_Command_Sender.a(PWM_G.o)
                0x00000f18                PWM_G_ClearFIFO
 .text.PWM_G_Init
                0x00000f2c       0x58 .\CortexM0\ARM_GCC_541\Debug\ECU-RGB_Command_Sender.a(PWM_G.o)
                0x00000f2c                PWM_G_Init
 .text.PWM_G_Start
                0x00000f84       0x20 .\CortexM0\ARM_GCC_541\Debug\ECU-RGB_Command_Sender.a(PWM_G.o)
                0x00000f84                PWM_G_Start
 .text.PWM_R_Enable
                0x00000fa4       0x14 .\CortexM0\ARM_GCC_541\Debug\ECU-RGB_Command_Sender.a(PWM_R.o)
                0x00000fa4                PWM_R_Enable
 .text.PWM_R_WriteCounter
                0x00000fb8        0xc .\CortexM0\ARM_GCC_541\Debug\ECU-RGB_Command_Sender.a(PWM_R.o)
                0x00000fb8                PWM_R_WriteCounter
 .text.PWM_R_WritePeriod
                0x00000fc4        0xc .\CortexM0\ARM_GCC_541\Debug\ECU-RGB_Command_Sender.a(PWM_R.o)
                0x00000fc4                PWM_R_WritePeriod
 .text.PWM_R_WriteCompare
                0x00000fd0        0xc .\CortexM0\ARM_GCC_541\Debug\ECU-RGB_Command_Sender.a(PWM_R.o)
                0x00000fd0                PWM_R_WriteCompare
 .text.PWM_R_SetInterruptMode
                0x00000fdc        0xc .\CortexM0\ARM_GCC_541\Debug\ECU-RGB_Command_Sender.a(PWM_R.o)
                0x00000fdc                PWM_R_SetInterruptMode
 .text.PWM_R_ReadStatusRegister
                0x00000fe8        0xc .\CortexM0\ARM_GCC_541\Debug\ECU-RGB_Command_Sender.a(PWM_R.o)
                0x00000fe8                PWM_R_ReadStatusRegister
 .text.PWM_R_ReadCapture
                0x00000ff4        0xc .\CortexM0\ARM_GCC_541\Debug\ECU-RGB_Command_Sender.a(PWM_R.o)
                0x00000ff4                PWM_R_ReadCapture
 .text.PWM_R_ClearFIFO
                0x00001000       0x14 .\CortexM0\ARM_GCC_541\Debug\ECU-RGB_Command_Sender.a(PWM_R.o)
                0x00001000                PWM_R_ClearFIFO
 .text.PWM_R_Init
                0x00001014       0x58 .\CortexM0\ARM_GCC_541\Debug\ECU-RGB_Command_Sender.a(PWM_R.o)
                0x00001014                PWM_R_Init
 .text.PWM_R_Start
                0x0000106c       0x20 .\CortexM0\ARM_GCC_541\Debug\ECU-RGB_Command_Sender.a(PWM_R.o)
                0x0000106c                PWM_R_Start
 *fill*         0x0000108c        0x4 
 .text          0x00001090       0x24 .\CortexM0\ARM_GCC_541\Debug\ECU-RGB_Command_Sender.a(CyBootAsmGnu.o)
                0x00001090                CyDelayCycles
                0x000010a4                CyEnterCriticalSection
                0x000010ac                CyExitCriticalSection
 .text.UART_MASTER_SPI_UART_ISR
                0x000010b4       0xe4 .\CortexM0\ARM_GCC_541\Debug\ECU-RGB_Command_Sender.a(UART_MASTER_SPI_UART_INT.o)
                0x000010b4                UART_MASTER_SPI_UART_ISR
 .text          0x00001198      0x114 c:/program files (x86)/cypress/psoc creator/4.2/psoc creator/import/gnu/arm/5.4.1/bin/../lib/gcc/arm-none-eabi/5.4.1/armv6-m\libgcc.a(_udivsi3.o)
                0x00001198                __aeabi_uidiv
                0x00001198                __udivsi3
                0x000012a4                __aeabi_uidivmod
 .text          0x000012ac        0x4 c:/program files (x86)/cypress/psoc creator/4.2/psoc creator/import/gnu/arm/5.4.1/bin/../lib/gcc/arm-none-eabi/5.4.1/armv6-m\libgcc.a(_dvmd_tls.o)
                0x000012ac                __aeabi_idiv0
                0x000012ac                __aeabi_ldiv0
 .text.atoi     0x000012b0        0xc c:/program files (x86)/cypress/psoc creator/4.2/psoc creator/import/gnu/arm/5.4.1/bin/../lib/gcc/arm-none-eabi/5.4.1/../../../../arm-none-eabi/lib/armv6-m\libg_nano.a(lib_a-atoi.o)
                0x000012b0                atoi
 .text.__errno  0x000012bc        0xc c:/program files (x86)/cypress/psoc creator/4.2/psoc creator/import/gnu/arm/5.4.1/bin/../lib/gcc/arm-none-eabi/5.4.1/../../../../arm-none-eabi/lib/armv6-m\libg_nano.a(lib_a-errno.o)
                0x000012bc                __errno
 .text.__libc_init_array
                0x000012c8       0x4c c:/program files (x86)/cypress/psoc creator/4.2/psoc creator/import/gnu/arm/5.4.1/bin/../lib/gcc/arm-none-eabi/5.4.1/../../../../arm-none-eabi/lib/armv6-m\libg_nano.a(lib_a-init.o)
                0x000012c8                __libc_init_array
 .text.memset   0x00001314       0x10 c:/program files (x86)/cypress/psoc creator/4.2/psoc creator/import/gnu/arm/5.4.1/bin/../lib/gcc/arm-none-eabi/5.4.1/../../../../arm-none-eabi/lib/armv6-m\libg_nano.a(lib_a-memset.o)
                0x00001314                memset
 .text._strtol_r
                0x00001324      0x124 c:/program files (x86)/cypress/psoc creator/4.2/psoc creator/import/gnu/arm/5.4.1/bin/../lib/gcc/arm-none-eabi/5.4.1/../../../../arm-none-eabi/lib/armv6-m\libg_nano.a(lib_a-strtol.o)
                0x00001324                _strtol_r
 .text.strtol   0x00001448       0x18 c:/program files (x86)/cypress/psoc creator/4.2/psoc creator/import/gnu/arm/5.4.1/bin/../lib/gcc/arm-none-eabi/5.4.1/../../../../arm-none-eabi/lib/armv6-m\libg_nano.a(lib_a-strtol.o)
                0x00001448                strtol
 *(.plt)
 *(.gnu.warning)
 *(.glue_7t)
 .glue_7t       0x00001460        0x0 linker stubs
 *(.glue_7)
 .glue_7        0x00001460        0x0 linker stubs
 *(.vfp11_veneer)
 .vfp11_veneer  0x00001460        0x0 linker stubs
 *(.bootloader)
 *(.ARM.extab* .gnu.linkonce.armextab.*)
 *(.gcc_except_table)

.v4_bx          0x00001460        0x0
 .v4_bx         0x00001460        0x0 linker stubs

.iplt           0x00001460        0x0
 .iplt          0x00001460        0x0 c:/program files (x86)/cypress/psoc creator/4.2/psoc creator/import/gnu/arm/5.4.1/bin/../lib/gcc/arm-none-eabi/5.4.1/armv6-m/crtbegin.o

.eh_frame_hdr
 *(.eh_frame_hdr)

.eh_frame       0x00001460        0x4
 *(.eh_frame)
 .eh_frame      0x00001460        0x0 c:/program files (x86)/cypress/psoc creator/4.2/psoc creator/import/gnu/arm/5.4.1/bin/../lib/gcc/arm-none-eabi/5.4.1/armv6-m/crtbegin.o
 .eh_frame      0x00001460        0x4 c:/program files (x86)/cypress/psoc creator/4.2/psoc creator/import/gnu/arm/5.4.1/bin/../lib/gcc/arm-none-eabi/5.4.1/armv6-m/crtend.o
                [!provide]                PROVIDE (__exidx_start, .)

.ARM.exidx
 *(.ARM.exidx* .gnu.linkonce.armexidx.*)
                0x00001464                __exidx_end = .

.rodata         0x00001464      0x38c
 *(.rodata .rodata.* .gnu.linkonce.r.*)
 .rodata.str1.4
                0x00001464       0x60 .\CortexM0\ARM_GCC_541\Debug\main.o
 .rodata        0x000014c4      0x1c0 .\CortexM0\ARM_GCC_541\Debug\cyfitter_cfg.o
 .rodata        0x00001684       0x2e .\CortexM0\ARM_GCC_541\Debug\ECU-RGB_Command_Sender.a(CyLib.o)
                0x00001684                cyImoFreqMhz2Reg
 .rodata.str1.1
                0x000016b2        0x2 c:/program files (x86)/cypress/psoc creator/4.2/psoc creator/import/gnu/arm/5.4.1/bin/../lib/gcc/arm-none-eabi/5.4.1/../../../../arm-none-eabi/lib/armv6-m\libg_nano.a(lib_a-impure.o)
 .rodata._ctype_
                0x000016b4      0x101 c:/program files (x86)/cypress/psoc creator/4.2/psoc creator/import/gnu/arm/5.4.1/bin/../lib/gcc/arm-none-eabi/5.4.1/../../../../arm-none-eabi/lib/armv6-m\libg_nano.a(lib_a-ctype_.o)
                0x000016b4                _ctype_
                0x000017b8                . = ALIGN (0x4)
 *fill*         0x000017b5        0x3 
 *(.init)
 .init          0x000017b8        0x4 c:/program files (x86)/cypress/psoc creator/4.2/psoc creator/import/gnu/arm/5.4.1/bin/../lib/gcc/arm-none-eabi/5.4.1/armv6-m/crti.o
                0x000017b8                _init
 .init          0x000017bc        0x8 c:/program files (x86)/cypress/psoc creator/4.2/psoc creator/import/gnu/arm/5.4.1/bin/../lib/gcc/arm-none-eabi/5.4.1/armv6-m/crtn.o
                0x000017c4                . = ALIGN (0x4)
                0x000017c4                __preinit_array_start = .
 *(.preinit_array)
                0x000017c4                __preinit_array_end = .
                0x000017c4                . = ALIGN (0x4)
                0x000017c4                __init_array_start = .
 *(SORT(.init_array.*))
 *(.init_array)
 .init_array    0x000017c4        0x4 c:/program files (x86)/cypress/psoc creator/4.2/psoc creator/import/gnu/arm/5.4.1/bin/../lib/gcc/arm-none-eabi/5.4.1/armv6-m/crtbegin.o
 .init_array    0x000017c8        0x4 .\CortexM0\ARM_GCC_541\Debug\Cm0Start.o
                0x000017cc                __init_array_end = .
                0x000017cc                . = ALIGN (0x4)
 *(.fini)
 .fini          0x000017cc        0x4 c:/program files (x86)/cypress/psoc creator/4.2/psoc creator/import/gnu/arm/5.4.1/bin/../lib/gcc/arm-none-eabi/5.4.1/armv6-m/crti.o
                0x000017cc                _fini
 .fini          0x000017d0        0x8 c:/program files (x86)/cypress/psoc creator/4.2/psoc creator/import/gnu/arm/5.4.1/bin/../lib/gcc/arm-none-eabi/5.4.1/armv6-m/crtn.o
                0x000017d8                . = ALIGN (0x4)
                0x000017d8                __fini_array_start = .
 *(.fini_array)
 .fini_array    0x000017d8        0x4 c:/program files (x86)/cypress/psoc creator/4.2/psoc creator/import/gnu/arm/5.4.1/bin/../lib/gcc/arm-none-eabi/5.4.1/armv6-m/crtbegin.o
 *(SORT(.fini_array.*))
                0x000017dc                __fini_array_end = .
                0x000017dc                . = ALIGN (0x4)
 *crtbegin.o(.ctors)
 *(EXCLUDE_FILE(*crtend.o) .ctors)
 *(SORT(.ctors.*))
 *crtend.o(.ctors)
                0x000017dc                . = ALIGN (0x4)
 *crtbegin.o(.dtors)
 *(EXCLUDE_FILE(*crtend.o) .dtors)
 *(SORT(.dtors.*))
 *crtend.o(.dtors)
                0x000017dc                . = ALIGN (0x4)
                0x000017dc                __cy_regions = .
                0x000017dc        0x4 LONG 0x17f0 __cy_region_init_ram
                0x000017e0        0x4 LONG 0x200000c0 __cy_region_start_data
                0x000017e4        0x4 LONG 0x90 __cy_region_init_size_ram
                0x000017e8        0x4 LONG 0x90 __cy_region_zero_size_ram
                0x000017ec                __cy_regions_end = .
                0x000017f0                . = ALIGN (0x8)
 *fill*         0x000017ec        0x4 
                0x000017f0                _etext = .

.cy_checksum_exclude
                0x000017f0        0x0
 *(.cy_checksum_exclude)

.ramvectors     0x20000000       0xc0
                0x20000000                __cy_region_start_ram = .
 *(.ramvectors)
 .ramvectors    0x20000000       0xc0 .\CortexM0\ARM_GCC_541\Debug\Cm0Start.o
                0x20000000                CyRamVectors

.noinit
 *(.noinit)

.data           0x200000c0       0x90 load address 0x000017f0
                0x200000c0                __cy_region_start_data = .
 *(.jcr)
 .jcr           0x200000c0        0x0 c:/program files (x86)/cypress/psoc creator/4.2/psoc creator/import/gnu/arm/5.4.1/bin/../lib/gcc/arm-none-eabi/5.4.1/armv6-m/crtbegin.o
 .jcr           0x200000c0        0x4 c:/program files (x86)/cypress/psoc creator/4.2/psoc creator/import/gnu/arm/5.4.1/bin/../lib/gcc/arm-none-eabi/5.4.1/armv6-m/crtend.o
 *(.got.plt)
 *(.got)
 *(.shdata)
 *(.data .data.* .gnu.linkonce.d.*)
 .data          0x200000c4        0xc .\CortexM0\ARM_GCC_541\Debug\main.o
                0x200000c4                id
                0x200000c8                packet
 .data          0x200000d0       0x14 .\CortexM0\ARM_GCC_541\Debug\ECU-RGB_Command_Sender.a(CyLib.o)
                0x200000d0                CySysClkPumpConfig
                0x200000d4                cydelay32kMs
                0x200000d8                cydelayFreqKhz
                0x200000dc                cydelayFreqMhz
                0x200000e0                cydelayFreqHz
 .data          0x200000e4        0x4 .\CortexM0\ARM_GCC_541\Debug\ECU-RGB_Command_Sender.a(CyLFClk.o)
 .data.impure_data
                0x200000e8       0x60 c:/program files (x86)/cypress/psoc creator/4.2/psoc creator/import/gnu/arm/5.4.1/bin/../lib/gcc/arm-none-eabi/5.4.1/../../../../arm-none-eabi/lib/armv6-m\libg_nano.a(lib_a-impure.o)
 .data._impure_ptr
                0x20000148        0x4 c:/program files (x86)/cypress/psoc creator/4.2/psoc creator/import/gnu/arm/5.4.1/bin/../lib/gcc/arm-none-eabi/5.4.1/../../../../arm-none-eabi/lib/armv6-m\libg_nano.a(lib_a-impure.o)
                0x20000148                _impure_ptr
 .data.__ctype_ptr__
                0x2000014c        0x4 c:/program files (x86)/cypress/psoc creator/4.2/psoc creator/import/gnu/arm/5.4.1/bin/../lib/gcc/arm-none-eabi/5.4.1/../../../../arm-none-eabi/lib/armv6-m\libg_nano.a(lib_a-ctype_.o)
                0x2000014c                __ctype_ptr__
                0x20000150                . = ALIGN (0x8)
 *(.ram)
                0x20000150                _edata = .

.igot.plt       0x20000150        0x0 load address 0x00001880
 .igot.plt      0x20000150        0x0 c:/program files (x86)/cypress/psoc creator/4.2/psoc creator/import/gnu/arm/5.4.1/bin/../lib/gcc/arm-none-eabi/5.4.1/armv6-m/crtbegin.o

.bss            0x20000150       0x90 load address 0x00001880
                0x20000150                PROVIDE (__bss_start__, .)
 *(.shbss)
 *(.bss .bss.* .gnu.linkonce.b.*)
 .bss           0x20000150       0x1c c:/program files (x86)/cypress/psoc creator/4.2/psoc creator/import/gnu/arm/5.4.1/bin/../lib/gcc/arm-none-eabi/5.4.1/armv6-m/crtbegin.o
 .bss           0x2000016c        0x2 .\CortexM0\ARM_GCC_541\Debug\main.o
                0x2000016c                pid
                0x2000016d                checksum
 *fill*         0x2000016e        0x2 
 .bss           0x20000170       0x20 .\CortexM0\ARM_GCC_541\Debug\ECU-RGB_Command_Sender.a(CyLFClk.o)
 .bss           0x20000190        0xa .\CortexM0\ARM_GCC_541\Debug\ECU-RGB_Command_Sender.a(UART_MASTER.o)
                0x20000190                UART_MASTER_initVar
                0x20000194                UART_MASTER_customIntrHandler
                0x20000198                UART_MASTER_IntrTxMask
 .bss           0x2000019a        0x4 .\CortexM0\ARM_GCC_541\Debug\ECU-RGB_Command_Sender.a(UART_PC.o)
                0x2000019a                UART_PC_initVar
                0x2000019c                UART_PC_IntrTxMask
 .bss           0x2000019e        0x1 .\CortexM0\ARM_GCC_541\Debug\ECU-RGB_Command_Sender.a(PWM_B.o)
                0x2000019e                PWM_B_initVar
 .bss           0x2000019f        0x1 .\CortexM0\ARM_GCC_541\Debug\ECU-RGB_Command_Sender.a(PWM_G.o)
                0x2000019f                PWM_G_initVar
 .bss           0x200001a0        0x1 .\CortexM0\ARM_GCC_541\Debug\ECU-RGB_Command_Sender.a(PWM_R.o)
                0x200001a0                PWM_R_initVar
 *(COMMON)
 *fill*         0x200001a1        0x3 
 COMMON         0x200001a4        0xe .\CortexM0\ARM_GCC_541\Debug\main.o
                0x200001a4                colors
                0x200001a8                Sensor_data
 *fill*         0x200001b2        0x2 
 COMMON         0x200001b4       0x29 .\CortexM0\ARM_GCC_541\Debug\ECU-RGB_Command_Sender.a(UART_MASTER_SPI_UART.o)
                0x200001b4                UART_MASTER_rxBufferInternal
                0x200001c0                UART_MASTER_txBufferHead
                0x200001c4                UART_MASTER_rxBufferHead
                0x200001c8                UART_MASTER_rxBufferTail
                0x200001cc                UART_MASTER_txBufferInternal
                0x200001d8                UART_MASTER_txBufferTail
                0x200001dc                UART_MASTER_rxBufferOverflow
                0x200001e0                . = ALIGN (0x8)
 *fill*         0x200001dd        0x3 
 *(.ram.b)
                0x200001e0                _end = .
                0x200001e0                __end = .
                0x200001e0                PROVIDE (end, .)
                0x200001e0                PROVIDE (__bss_end__, .)
                0x000017f0                __cy_region_init_ram = LOADADDR (.data)
                0x00000090                __cy_region_init_size_ram = (_edata - ADDR (.data))
                0x00000090                __cy_region_zero_size_ram = (_end - _edata)

.heap           0x200001e0       0x80 load address 0x00001880
                0x200001e0                . = _end
                0x20000260                . = (. + 0x80)
 *fill*         0x200001e0       0x80 
                0x20000260                __cy_heap_limit = .

.stack          0x20000800      0x800
                0x20000800                __cy_stack_limit = .
                0x20001000                . = (. + 0x800)
 *fill*         0x20000800      0x800 
                0x00000001                ASSERT ((__cy_stack_limit >= __cy_heap_limit), region RAM overflowed with stack)
                0x00000000                cy_checksum_exclude_size = (CY_APPL_LOADABLE == 0x1)?SIZEOF (.cy_checksum_exclude):0x0
                0x00000001                ASSERT ((cy_checksum_exclude_size <= CY_CHECKSUM_EXCLUDE_SIZE), CY_BOOT: Section .cy_checksum_exclude size exceedes specified limit.)
                0x00007fc0                cyloadermeta_start = (cy_project_type_bootloader || cy_project_type_app_for_stack_and_copier)?(LENGTH (rom) - CY_METADATA_SIZE):0xf0000000

.cyloadermeta
 *(.cyloadermeta)
                0x00007fc0                cyloadablemeta_start = cy_project_type_app_for_stack_and_copier?((LENGTH (rom) - CY_FLASH_ROW_SIZE) - CY_METADATA_SIZE):((LENGTH (rom) - (CY_FLASH_ROW_SIZE * (CY_APPL_NUM - 0x1))) - CY_METADATA_SIZE)

.cyloadablemeta
 *(.cyloadablemeta)

.cyflashprotect
                0x90400000       0x20
 *(.cyflashprotect)
 .cyflashprotect
                0x90400000       0x20 .\CortexM0\ARM_GCC_541\Debug\cymetadata.o
                0x90400000                cy_meta_flashprotect

.cymeta         0x90500000        0xc
 *(.cymeta)
 .cymeta        0x90500000        0xc .\CortexM0\ARM_GCC_541\Debug\cymetadata.o
                0x90500000                cy_metadata

.cychipprotect  0x90600000        0x1
 *(.cychipprotect)
 .cychipprotect
                0x90600000        0x1 .\CortexM0\ARM_GCC_541\Debug\cymetadata.o
                0x90600000                cy_meta_chipprotect

.rel.dyn        0x00001880        0x0 load address 0x90600004
 .rel.iplt      0x00001880        0x0 c:/program files (x86)/cypress/psoc creator/4.2/psoc creator/import/gnu/arm/5.4.1/bin/../lib/gcc/arm-none-eabi/5.4.1/armv6-m/crtbegin.o

.stab
 *(.stab)

.stabstr
 *(.stabstr)

.debug
 *(.debug)

.line
 *(.line)

.debug_srcinfo
 *(.debug_srcinfo)

.debug_sfnames
 *(.debug_sfnames)

.debug_aranges  0x00000000      0x860
 *(.debug_aranges)
 .debug_aranges
                0x00000000       0x60 .\CortexM0\ARM_GCC_541\Debug\main.o
 .debug_aranges
                0x00000060       0x38 .\CortexM0\ARM_GCC_541\Debug\cyfitter_cfg.o
 .debug_aranges
                0x00000098       0x18 .\CortexM0\ARM_GCC_541\Debug\cymetadata.o
 .debug_aranges
                0x000000b0       0x48 .\CortexM0\ARM_GCC_541\Debug\Cm0Start.o
 .debug_aranges
                0x000000f8      0x180 .\CortexM0\ARM_GCC_541\Debug\ECU-RGB_Command_Sender.a(CyLib.o)
 .debug_aranges
                0x00000278      0x138 .\CortexM0\ARM_GCC_541\Debug\ECU-RGB_Command_Sender.a(CyLFClk.o)
 .debug_aranges
                0x000003b0       0x70 .\CortexM0\ARM_GCC_541\Debug\ECU-RGB_Command_Sender.a(UART_MASTER.o)
 .debug_aranges
                0x00000420       0x60 .\CortexM0\ARM_GCC_541\Debug\ECU-RGB_Command_Sender.a(UART_MASTER_SPI_UART.o)
 .debug_aranges
                0x00000480       0x68 .\CortexM0\ARM_GCC_541\Debug\ECU-RGB_Command_Sender.a(UART_MASTER_UART.o)
 .debug_aranges
                0x000004e8       0x60 .\CortexM0\ARM_GCC_541\Debug\ECU-RGB_Command_Sender.a(UART_PC.o)
 .debug_aranges
                0x00000548       0x60 .\CortexM0\ARM_GCC_541\Debug\ECU-RGB_Command_Sender.a(UART_PC_SPI_UART.o)
 .debug_aranges
                0x000005a8       0x68 .\CortexM0\ARM_GCC_541\Debug\ECU-RGB_Command_Sender.a(UART_PC_UART.o)
 .debug_aranges
                0x00000610       0x48 .\CortexM0\ARM_GCC_541\Debug\ECU-RGB_Command_Sender.a(SW1.o)
 .debug_aranges
                0x00000658       0x98 .\CortexM0\ARM_GCC_541\Debug\ECU-RGB_Command_Sender.a(PWM_B.o)
 .debug_aranges
                0x000006f0       0x98 .\CortexM0\ARM_GCC_541\Debug\ECU-RGB_Command_Sender.a(PWM_G.o)
 .debug_aranges
                0x00000788       0x98 .\CortexM0\ARM_GCC_541\Debug\ECU-RGB_Command_Sender.a(PWM_R.o)
 .debug_aranges
                0x00000820       0x20 .\CortexM0\ARM_GCC_541\Debug\ECU-RGB_Command_Sender.a(CyBootAsmGnu.o)
 .debug_aranges
                0x00000840       0x20 .\CortexM0\ARM_GCC_541\Debug\ECU-RGB_Command_Sender.a(UART_MASTER_SPI_UART_INT.o)

.debug_pubnames
 *(.debug_pubnames)

.debug_info     0x00000000     0x46e8
 *(.debug_info .gnu.linkonce.wi.*)
 .debug_info    0x00000000      0x768 .\CortexM0\ARM_GCC_541\Debug\main.o
 .debug_info    0x00000768      0x3a1 .\CortexM0\ARM_GCC_541\Debug\cyfitter_cfg.o
 .debug_info    0x00000b09       0xf8 .\CortexM0\ARM_GCC_541\Debug\cymetadata.o
 .debug_info    0x00000c01      0x3a2 .\CortexM0\ARM_GCC_541\Debug\Cm0Start.o
 .debug_info    0x00000fa3      0xaec .\CortexM0\ARM_GCC_541\Debug\ECU-RGB_Command_Sender.a(CyLib.o)
 .debug_info    0x00001a8f      0xcfe .\CortexM0\ARM_GCC_541\Debug\ECU-RGB_Command_Sender.a(CyLFClk.o)
 .debug_info    0x0000278d      0x2fb .\CortexM0\ARM_GCC_541\Debug\ECU-RGB_Command_Sender.a(UART_MASTER.o)
 .debug_info    0x00002a88      0x372 .\CortexM0\ARM_GCC_541\Debug\ECU-RGB_Command_Sender.a(UART_MASTER_SPI_UART.o)
 .debug_info    0x00002dfa      0x3f8 .\CortexM0\ARM_GCC_541\Debug\ECU-RGB_Command_Sender.a(UART_MASTER_UART.o)
 .debug_info    0x000031f2      0x24c .\CortexM0\ARM_GCC_541\Debug\ECU-RGB_Command_Sender.a(UART_PC.o)
 .debug_info    0x0000343e      0x220 .\CortexM0\ARM_GCC_541\Debug\ECU-RGB_Command_Sender.a(UART_PC_SPI_UART.o)
 .debug_info    0x0000365e      0x310 .\CortexM0\ARM_GCC_541\Debug\ECU-RGB_Command_Sender.a(UART_PC_UART.o)
 .debug_info    0x0000396e      0x19d .\CortexM0\ARM_GCC_541\Debug\ECU-RGB_Command_Sender.a(SW1.o)
 .debug_info    0x00003b0b      0x334 .\CortexM0\ARM_GCC_541\Debug\ECU-RGB_Command_Sender.a(PWM_B.o)
 .debug_info    0x00003e3f      0x334 .\CortexM0\ARM_GCC_541\Debug\ECU-RGB_Command_Sender.a(PWM_G.o)
 .debug_info    0x00004173      0x334 .\CortexM0\ARM_GCC_541\Debug\ECU-RGB_Command_Sender.a(PWM_R.o)
 .debug_info    0x000044a7       0xbb .\CortexM0\ARM_GCC_541\Debug\ECU-RGB_Command_Sender.a(CyBootAsmGnu.o)
 .debug_info    0x00004562      0x186 .\CortexM0\ARM_GCC_541\Debug\ECU-RGB_Command_Sender.a(UART_MASTER_SPI_UART_INT.o)

.debug_abbrev   0x00000000     0x15e6
 *(.debug_abbrev)
 .debug_abbrev  0x00000000      0x1ed .\CortexM0\ARM_GCC_541\Debug\main.o
 .debug_abbrev  0x000001ed      0x199 .\CortexM0\ARM_GCC_541\Debug\cyfitter_cfg.o
 .debug_abbrev  0x00000386       0x5d .\CortexM0\ARM_GCC_541\Debug\cymetadata.o
 .debug_abbrev  0x000003e3      0x1d7 .\CortexM0\ARM_GCC_541\Debug\Cm0Start.o
 .debug_abbrev  0x000005ba      0x1e0 .\CortexM0\ARM_GCC_541\Debug\ECU-RGB_Command_Sender.a(CyLib.o)
 .debug_abbrev  0x0000079a      0x210 .\CortexM0\ARM_GCC_541\Debug\ECU-RGB_Command_Sender.a(CyLFClk.o)
 .debug_abbrev  0x000009aa      0x130 .\CortexM0\ARM_GCC_541\Debug\ECU-RGB_Command_Sender.a(UART_MASTER.o)
 .debug_abbrev  0x00000ada      0x168 .\CortexM0\ARM_GCC_541\Debug\ECU-RGB_Command_Sender.a(UART_MASTER_SPI_UART.o)
 .debug_abbrev  0x00000c42      0x136 .\CortexM0\ARM_GCC_541\Debug\ECU-RGB_Command_Sender.a(UART_MASTER_UART.o)
 .debug_abbrev  0x00000d78       0xed .\CortexM0\ARM_GCC_541\Debug\ECU-RGB_Command_Sender.a(UART_PC.o)
 .debug_abbrev  0x00000e65      0x14f .\CortexM0\ARM_GCC_541\Debug\ECU-RGB_Command_Sender.a(UART_PC_SPI_UART.o)
 .debug_abbrev  0x00000fb4      0x123 .\CortexM0\ARM_GCC_541\Debug\ECU-RGB_Command_Sender.a(UART_PC_UART.o)
 .debug_abbrev  0x000010d7       0xc8 .\CortexM0\ARM_GCC_541\Debug\ECU-RGB_Command_Sender.a(SW1.o)
 .debug_abbrev  0x0000119f      0x133 .\CortexM0\ARM_GCC_541\Debug\ECU-RGB_Command_Sender.a(PWM_B.o)
 .debug_abbrev  0x000012d2      0x133 .\CortexM0\ARM_GCC_541\Debug\ECU-RGB_Command_Sender.a(PWM_G.o)
 .debug_abbrev  0x00001405      0x133 .\CortexM0\ARM_GCC_541\Debug\ECU-RGB_Command_Sender.a(PWM_R.o)
 .debug_abbrev  0x00001538       0x14 .\CortexM0\ARM_GCC_541\Debug\ECU-RGB_Command_Sender.a(CyBootAsmGnu.o)
 .debug_abbrev  0x0000154c       0x9a .\CortexM0\ARM_GCC_541\Debug\ECU-RGB_Command_Sender.a(UART_MASTER_SPI_UART_INT.o)

.debug_line     0x00000000     0x208d
 *(.debug_line)
 .debug_line    0x00000000      0x41c .\CortexM0\ARM_GCC_541\Debug\main.o
 .debug_line    0x0000041c      0x16b .\CortexM0\ARM_GCC_541\Debug\cyfitter_cfg.o
 .debug_line    0x00000587      0x141 .\CortexM0\ARM_GCC_541\Debug\cymetadata.o
 .debug_line    0x000006c8      0x235 .\CortexM0\ARM_GCC_541\Debug\Cm0Start.o
 .debug_line    0x000008fd      0x460 .\CortexM0\ARM_GCC_541\Debug\ECU-RGB_Command_Sender.a(CyLib.o)
 .debug_line    0x00000d5d      0x466 .\CortexM0\ARM_GCC_541\Debug\ECU-RGB_Command_Sender.a(CyLFClk.o)
 .debug_line    0x000011c3      0x169 .\CortexM0\ARM_GCC_541\Debug\ECU-RGB_Command_Sender.a(UART_MASTER.o)
 .debug_line    0x0000132c      0x159 .\CortexM0\ARM_GCC_541\Debug\ECU-RGB_Command_Sender.a(UART_MASTER_SPI_UART.o)
 .debug_line    0x00001485      0x1b1 .\CortexM0\ARM_GCC_541\Debug\ECU-RGB_Command_Sender.a(UART_MASTER_UART.o)
 .debug_line    0x00001636      0x12d .\CortexM0\ARM_GCC_541\Debug\ECU-RGB_Command_Sender.a(UART_PC.o)
 .debug_line    0x00001763      0x11d .\CortexM0\ARM_GCC_541\Debug\ECU-RGB_Command_Sender.a(UART_PC_SPI_UART.o)
 .debug_line    0x00001880      0x176 .\CortexM0\ARM_GCC_541\Debug\ECU-RGB_Command_Sender.a(UART_PC_UART.o)
 .debug_line    0x000019f6       0xbb .\CortexM0\ARM_GCC_541\Debug\ECU-RGB_Command_Sender.a(SW1.o)
 .debug_line    0x00001ab1      0x190 .\CortexM0\ARM_GCC_541\Debug\ECU-RGB_Command_Sender.a(PWM_B.o)
 .debug_line    0x00001c41      0x190 .\CortexM0\ARM_GCC_541\Debug\ECU-RGB_Command_Sender.a(PWM_G.o)
 .debug_line    0x00001dd1      0x190 .\CortexM0\ARM_GCC_541\Debug\ECU-RGB_Command_Sender.a(PWM_R.o)
 .debug_line    0x00001f61       0x69 .\CortexM0\ARM_GCC_541\Debug\ECU-RGB_Command_Sender.a(CyBootAsmGnu.o)
 .debug_line    0x00001fca       0xc3 .\CortexM0\ARM_GCC_541\Debug\ECU-RGB_Command_Sender.a(UART_MASTER_SPI_UART_INT.o)

.debug_frame    0x00000000     0x14c4
 *(.debug_frame)
 .debug_frame   0x00000000      0x118 .\CortexM0\ARM_GCC_541\Debug\main.o
 .debug_frame   0x00000118       0x8c .\CortexM0\ARM_GCC_541\Debug\cyfitter_cfg.o
 .debug_frame   0x000001a4       0xbc .\CortexM0\ARM_GCC_541\Debug\Cm0Start.o
 .debug_frame   0x00000260      0x3e0 .\CortexM0\ARM_GCC_541\Debug\ECU-RGB_Command_Sender.a(CyLib.o)
 .debug_frame   0x00000640      0x3a8 .\CortexM0\ARM_GCC_541\Debug\ECU-RGB_Command_Sender.a(CyLFClk.o)
 .debug_frame   0x000009e8      0x114 .\CortexM0\ARM_GCC_541\Debug\ECU-RGB_Command_Sender.a(UART_MASTER.o)
 .debug_frame   0x00000afc       0xc8 .\CortexM0\ARM_GCC_541\Debug\ECU-RGB_Command_Sender.a(UART_MASTER_SPI_UART.o)
 .debug_frame   0x00000bc4      0x100 .\CortexM0\ARM_GCC_541\Debug\ECU-RGB_Command_Sender.a(UART_MASTER_UART.o)
 .debug_frame   0x00000cc4       0xe8 .\CortexM0\ARM_GCC_541\Debug\ECU-RGB_Command_Sender.a(UART_PC.o)
 .debug_frame   0x00000dac       0xb0 .\CortexM0\ARM_GCC_541\Debug\ECU-RGB_Command_Sender.a(UART_PC_SPI_UART.o)
 .debug_frame   0x00000e5c       0xf4 .\CortexM0\ARM_GCC_541\Debug\ECU-RGB_Command_Sender.a(UART_PC_UART.o)
 .debug_frame   0x00000f50       0x70 .\CortexM0\ARM_GCC_541\Debug\ECU-RGB_Command_Sender.a(SW1.o)
 .debug_frame   0x00000fc0      0x134 .\CortexM0\ARM_GCC_541\Debug\ECU-RGB_Command_Sender.a(PWM_B.o)
 .debug_frame   0x000010f4      0x134 .\CortexM0\ARM_GCC_541\Debug\ECU-RGB_Command_Sender.a(PWM_G.o)
 .debug_frame   0x00001228      0x134 .\CortexM0\ARM_GCC_541\Debug\ECU-RGB_Command_Sender.a(PWM_R.o)
 .debug_frame   0x0000135c       0x2c .\CortexM0\ARM_GCC_541\Debug\ECU-RGB_Command_Sender.a(UART_MASTER_SPI_UART_INT.o)
 .debug_frame   0x00001388       0x20 c:/program files (x86)/cypress/psoc creator/4.2/psoc creator/import/gnu/arm/5.4.1/bin/../lib/gcc/arm-none-eabi/5.4.1/armv6-m\libgcc.a(_udivsi3.o)
 .debug_frame   0x000013a8       0x40 c:/program files (x86)/cypress/psoc creator/4.2/psoc creator/import/gnu/arm/5.4.1/bin/../lib/gcc/arm-none-eabi/5.4.1/../../../../arm-none-eabi/lib/armv6-m\libg_nano.a(lib_a-atoi.o)
 .debug_frame   0x000013e8       0x20 c:/program files (x86)/cypress/psoc creator/4.2/psoc creator/import/gnu/arm/5.4.1/bin/../lib/gcc/arm-none-eabi/5.4.1/../../../../arm-none-eabi/lib/armv6-m\libg_nano.a(lib_a-errno.o)
 .debug_frame   0x00001408       0x28 c:/program files (x86)/cypress/psoc creator/4.2/psoc creator/import/gnu/arm/5.4.1/bin/../lib/gcc/arm-none-eabi/5.4.1/../../../../arm-none-eabi/lib/armv6-m\libg_nano.a(lib_a-exit.o)
 .debug_frame   0x00001430       0x2c c:/program files (x86)/cypress/psoc creator/4.2/psoc creator/import/gnu/arm/5.4.1/bin/../lib/gcc/arm-none-eabi/5.4.1/../../../../arm-none-eabi/lib/armv6-m\libg_nano.a(lib_a-init.o)
 .debug_frame   0x0000145c       0x20 c:/program files (x86)/cypress/psoc creator/4.2/psoc creator/import/gnu/arm/5.4.1/bin/../lib/gcc/arm-none-eabi/5.4.1/../../../../arm-none-eabi/lib/armv6-m\libg_nano.a(lib_a-memset.o)
 .debug_frame   0x0000147c       0x48 c:/program files (x86)/cypress/psoc creator/4.2/psoc creator/import/gnu/arm/5.4.1/bin/../lib/gcc/arm-none-eabi/5.4.1/../../../../arm-none-eabi/lib/armv6-m\libg_nano.a(lib_a-strtol.o)

.debug_str      0x00000000     0x1dc0
 *(.debug_str)
 .debug_str     0x00000000      0x3f6 .\CortexM0\ARM_GCC_541\Debug\main.o
                                0x451 (size before relaxing)
 .debug_str     0x000003f6      0x120 .\CortexM0\ARM_GCC_541\Debug\cyfitter_cfg.o
                                0x2f0 (size before relaxing)
 .debug_str     0x00000516       0xcb .\CortexM0\ARM_GCC_541\Debug\cymetadata.o
                                0x1f8 (size before relaxing)
 .debug_str     0x000005e1      0x13a .\CortexM0\ARM_GCC_541\Debug\Cm0Start.o
                                0x32c (size before relaxing)
 .debug_str     0x0000071b      0x4b3 .\CortexM0\ARM_GCC_541\Debug\ECU-RGB_Command_Sender.a(CyLib.o)
                                0x6e1 (size before relaxing)
 .debug_str     0x00000bce      0x530 .\CortexM0\ARM_GCC_541\Debug\ECU-RGB_Command_Sender.a(CyLFClk.o)
                                0x768 (size before relaxing)
 .debug_str     0x000010fe      0x1d8 .\CortexM0\ARM_GCC_541\Debug\ECU-RGB_Command_Sender.a(UART_MASTER.o)
                                0x3d5 (size before relaxing)
 .debug_str     0x000012d6      0x227 .\CortexM0\ARM_GCC_541\Debug\ECU-RGB_Command_Sender.a(UART_MASTER_SPI_UART.o)
                                0x423 (size before relaxing)
 .debug_str     0x000014fd      0x111 .\CortexM0\ARM_GCC_541\Debug\ECU-RGB_Command_Sender.a(UART_MASTER_UART.o)
                                0x490 (size before relaxing)
 .debug_str     0x0000160e      0x121 .\CortexM0\ARM_GCC_541\Debug\ECU-RGB_Command_Sender.a(UART_PC.o)
                                0x30b (size before relaxing)
 .debug_str     0x0000172f      0x10c .\CortexM0\ARM_GCC_541\Debug\ECU-RGB_Command_Sender.a(UART_PC_SPI_UART.o)
                                0x317 (size before relaxing)
 .debug_str     0x0000183b       0xa2 .\CortexM0\ARM_GCC_541\Debug\ECU-RGB_Command_Sender.a(UART_PC_UART.o)
                                0x394 (size before relaxing)
 .debug_str     0x000018dd       0x94 .\CortexM0\ARM_GCC_541\Debug\ECU-RGB_Command_Sender.a(SW1.o)
                                0x253 (size before relaxing)
 .debug_str     0x00001971      0x178 .\CortexM0\ARM_GCC_541\Debug\ECU-RGB_Command_Sender.a(PWM_B.o)
                                0x37c (size before relaxing)
 .debug_str     0x00001ae9      0x146 .\CortexM0\ARM_GCC_541\Debug\ECU-RGB_Command_Sender.a(PWM_G.o)
                                0x37c (size before relaxing)
 .debug_str     0x00001c2f      0x146 .\CortexM0\ARM_GCC_541\Debug\ECU-RGB_Command_Sender.a(PWM_R.o)
                                0x37c (size before relaxing)
 .debug_str     0x00001d75       0x4b .\CortexM0\ARM_GCC_541\Debug\ECU-RGB_Command_Sender.a(UART_MASTER_SPI_UART_INT.o)
                                0x2fa (size before relaxing)

.debug_loc      0x00000000     0x1d58
 *(.debug_loc)
 .debug_loc     0x00000000      0x37d .\CortexM0\ARM_GCC_541\Debug\main.o
 .debug_loc     0x0000037d      0x118 .\CortexM0\ARM_GCC_541\Debug\cyfitter_cfg.o
 .debug_loc     0x00000495      0x14f .\CortexM0\ARM_GCC_541\Debug\Cm0Start.o
 .debug_loc     0x000005e4      0x599 .\CortexM0\ARM_GCC_541\Debug\ECU-RGB_Command_Sender.a(CyLib.o)
 .debug_loc     0x00000b7d      0x9b5 .\CortexM0\ARM_GCC_541\Debug\ECU-RGB_Command_Sender.a(CyLFClk.o)
 .debug_loc     0x00001532       0x7e .\CortexM0\ARM_GCC_541\Debug\ECU-RGB_Command_Sender.a(UART_MASTER.o)
 .debug_loc     0x000015b0      0x170 .\CortexM0\ARM_GCC_541\Debug\ECU-RGB_Command_Sender.a(UART_MASTER_SPI_UART.o)
 .debug_loc     0x00001720      0x1ef .\CortexM0\ARM_GCC_541\Debug\ECU-RGB_Command_Sender.a(UART_MASTER_UART.o)
 .debug_loc     0x0000190f       0x7e .\CortexM0\ARM_GCC_541\Debug\ECU-RGB_Command_Sender.a(UART_PC.o)
 .debug_loc     0x0000198d       0x96 .\CortexM0\ARM_GCC_541\Debug\ECU-RGB_Command_Sender.a(UART_PC_SPI_UART.o)
 .debug_loc     0x00001a23      0x1e4 .\CortexM0\ARM_GCC_541\Debug\ECU-RGB_Command_Sender.a(UART_PC_UART.o)
 .debug_loc     0x00001c07       0xa2 .\CortexM0\ARM_GCC_541\Debug\ECU-RGB_Command_Sender.a(SW1.o)
 .debug_loc     0x00001ca9       0x26 .\CortexM0\ARM_GCC_541\Debug\ECU-RGB_Command_Sender.a(PWM_B.o)
 .debug_loc     0x00001ccf       0x26 .\CortexM0\ARM_GCC_541\Debug\ECU-RGB_Command_Sender.a(PWM_G.o)
 .debug_loc     0x00001cf5       0x26 .\CortexM0\ARM_GCC_541\Debug\ECU-RGB_Command_Sender.a(PWM_R.o)
 .debug_loc     0x00001d1b       0x3d .\CortexM0\ARM_GCC_541\Debug\ECU-RGB_Command_Sender.a(UART_MASTER_SPI_UART_INT.o)

.debug_macinfo
 *(.debug_macinfo)

.debug_ranges   0x00000000      0x770
 *(.debug_ranges)
 .debug_ranges  0x00000000       0x98 .\CortexM0\ARM_GCC_541\Debug\main.o
 .debug_ranges  0x00000098       0x28 .\CortexM0\ARM_GCC_541\Debug\cyfitter_cfg.o
 .debug_ranges  0x000000c0       0x38 .\CortexM0\ARM_GCC_541\Debug\Cm0Start.o
 .debug_ranges  0x000000f8      0x170 .\CortexM0\ARM_GCC_541\Debug\ECU-RGB_Command_Sender.a(CyLib.o)
 .debug_ranges  0x00000268      0x128 .\CortexM0\ARM_GCC_541\Debug\ECU-RGB_Command_Sender.a(CyLFClk.o)
 .debug_ranges  0x00000390       0x60 .\CortexM0\ARM_GCC_541\Debug\ECU-RGB_Command_Sender.a(UART_MASTER.o)
 .debug_ranges  0x000003f0       0x50 .\CortexM0\ARM_GCC_541\Debug\ECU-RGB_Command_Sender.a(UART_MASTER_SPI_UART.o)
 .debug_ranges  0x00000440       0x58 .\CortexM0\ARM_GCC_541\Debug\ECU-RGB_Command_Sender.a(UART_MASTER_UART.o)
 .debug_ranges  0x00000498       0x50 .\CortexM0\ARM_GCC_541\Debug\ECU-RGB_Command_Sender.a(UART_PC.o)
 .debug_ranges  0x000004e8       0x50 .\CortexM0\ARM_GCC_541\Debug\ECU-RGB_Command_Sender.a(UART_PC_SPI_UART.o)
 .debug_ranges  0x00000538       0x58 .\CortexM0\ARM_GCC_541\Debug\ECU-RGB_Command_Sender.a(UART_PC_UART.o)
 .debug_ranges  0x00000590       0x38 .\CortexM0\ARM_GCC_541\Debug\ECU-RGB_Command_Sender.a(SW1.o)
 .debug_ranges  0x000005c8       0x88 .\CortexM0\ARM_GCC_541\Debug\ECU-RGB_Command_Sender.a(PWM_B.o)
 .debug_ranges  0x00000650       0x88 .\CortexM0\ARM_GCC_541\Debug\ECU-RGB_Command_Sender.a(PWM_G.o)
 .debug_ranges  0x000006d8       0x88 .\CortexM0\ARM_GCC_541\Debug\ECU-RGB_Command_Sender.a(PWM_R.o)
 .debug_ranges  0x00000760       0x10 .\CortexM0\ARM_GCC_541\Debug\ECU-RGB_Command_Sender.a(UART_MASTER_SPI_UART_INT.o)

.comment        0x00000000       0x6e
 .comment       0x00000000       0x6e .\CortexM0\ARM_GCC_541\Debug\main.o
                                 0x6f (size before relaxing)
 .comment       0x0000006e       0x6f .\CortexM0\ARM_GCC_541\Debug\cyfitter_cfg.o
 .comment       0x0000006e       0x6f .\CortexM0\ARM_GCC_541\Debug\cymetadata.o
 .comment       0x0000006e       0x6f .\CortexM0\ARM_GCC_541\Debug\Cm0Start.o
 .comment       0x0000006e       0x6f .\CortexM0\ARM_GCC_541\Debug\ECU-RGB_Command_Sender.a(CyLib.o)
 .comment       0x0000006e       0x6f .\CortexM0\ARM_GCC_541\Debug\ECU-RGB_Command_Sender.a(CyLFClk.o)
 .comment       0x0000006e       0x6f .\CortexM0\ARM_GCC_541\Debug\ECU-RGB_Command_Sender.a(UART_MASTER.o)
 .comment       0x0000006e       0x6f .\CortexM0\ARM_GCC_541\Debug\ECU-RGB_Command_Sender.a(UART_MASTER_SPI_UART.o)
 .comment       0x0000006e       0x6f .\CortexM0\ARM_GCC_541\Debug\ECU-RGB_Command_Sender.a(UART_MASTER_UART.o)
 .comment       0x0000006e       0x6f .\CortexM0\ARM_GCC_541\Debug\ECU-RGB_Command_Sender.a(UART_PC.o)
 .comment       0x0000006e       0x6f .\CortexM0\ARM_GCC_541\Debug\ECU-RGB_Command_Sender.a(UART_PC_SPI_UART.o)
 .comment       0x0000006e       0x6f .\CortexM0\ARM_GCC_541\Debug\ECU-RGB_Command_Sender.a(UART_PC_UART.o)
 .comment       0x0000006e       0x6f .\CortexM0\ARM_GCC_541\Debug\ECU-RGB_Command_Sender.a(SW1.o)
 .comment       0x0000006e       0x6f .\CortexM0\ARM_GCC_541\Debug\ECU-RGB_Command_Sender.a(PWM_B.o)
 .comment       0x0000006e       0x6f .\CortexM0\ARM_GCC_541\Debug\ECU-RGB_Command_Sender.a(PWM_G.o)
 .comment       0x0000006e       0x6f .\CortexM0\ARM_GCC_541\Debug\ECU-RGB_Command_Sender.a(PWM_R.o)
 .comment       0x0000006e       0x6f .\CortexM0\ARM_GCC_541\Debug\ECU-RGB_Command_Sender.a(UART_MASTER_SPI_UART_INT.o)

.debug_weaknames
 *(.debug_weaknames)

.debug_funcnames
 *(.debug_funcnames)

.debug_typenames
 *(.debug_typenames)

.debug_varnames
 *(.debug_varnames)

.note.gnu.arm.ident
 *(.note.gnu.arm.ident)

.ARM.attributes
                0x00000000       0x28
 *(.ARM.attributes)
 .ARM.attributes
                0x00000000       0x1e c:/program files (x86)/cypress/psoc creator/4.2/psoc creator/import/gnu/arm/5.4.1/bin/../lib/gcc/arm-none-eabi/5.4.1/armv6-m/crti.o
 .ARM.attributes
                0x0000001e       0x2c c:/program files (x86)/cypress/psoc creator/4.2/psoc creator/import/gnu/arm/5.4.1/bin/../lib/gcc/arm-none-eabi/5.4.1/armv6-m/crtbegin.o
 .ARM.attributes
                0x0000004a       0x1b c:/program files (x86)/cypress/psoc creator/4.2/psoc creator/import/gnu/arm/5.4.1/bin/../lib/gcc/arm-none-eabi/5.4.1/../../../../arm-none-eabi/lib/armv6-m/crt0.o
 .ARM.attributes
                0x00000065       0x31 .\CortexM0\ARM_GCC_541\Debug\main.o
 .ARM.attributes
                0x00000096       0x31 .\CortexM0\ARM_GCC_541\Debug\cyfitter_cfg.o
 .ARM.attributes
                0x000000c7       0x31 .\CortexM0\ARM_GCC_541\Debug\cymetadata.o
 .ARM.attributes
                0x000000f8       0x31 .\CortexM0\ARM_GCC_541\Debug\Cm0Start.o
 .ARM.attributes
                0x00000129       0x31 .\CortexM0\ARM_GCC_541\Debug\ECU-RGB_Command_Sender.a(CyLib.o)
 .ARM.attributes
                0x0000015a       0x31 .\CortexM0\ARM_GCC_541\Debug\ECU-RGB_Command_Sender.a(CyLFClk.o)
 .ARM.attributes
                0x0000018b       0x31 .\CortexM0\ARM_GCC_541\Debug\ECU-RGB_Command_Sender.a(UART_MASTER.o)
 .ARM.attributes
                0x000001bc       0x31 .\CortexM0\ARM_GCC_541\Debug\ECU-RGB_Command_Sender.a(UART_MASTER_SPI_UART.o)
 .ARM.attributes
                0x000001ed       0x31 .\CortexM0\ARM_GCC_541\Debug\ECU-RGB_Command_Sender.a(UART_MASTER_UART.o)
 .ARM.attributes
                0x0000021e       0x31 .\CortexM0\ARM_GCC_541\Debug\ECU-RGB_Command_Sender.a(UART_PC.o)
 .ARM.attributes
                0x0000024f       0x31 .\CortexM0\ARM_GCC_541\Debug\ECU-RGB_Command_Sender.a(UART_PC_SPI_UART.o)
 .ARM.attributes
                0x00000280       0x31 .\CortexM0\ARM_GCC_541\Debug\ECU-RGB_Command_Sender.a(UART_PC_UART.o)
 .ARM.attributes
                0x000002b1       0x31 .\CortexM0\ARM_GCC_541\Debug\ECU-RGB_Command_Sender.a(SW1.o)
 .ARM.attributes
                0x000002e2       0x31 .\CortexM0\ARM_GCC_541\Debug\ECU-RGB_Command_Sender.a(PWM_B.o)
 .ARM.attributes
                0x00000313       0x31 .\CortexM0\ARM_GCC_541\Debug\ECU-RGB_Command_Sender.a(PWM_G.o)
 .ARM.attributes
                0x00000344       0x31 .\CortexM0\ARM_GCC_541\Debug\ECU-RGB_Command_Sender.a(PWM_R.o)
 .ARM.attributes
                0x00000375       0x21 .\CortexM0\ARM_GCC_541\Debug\ECU-RGB_Command_Sender.a(CyBootAsmGnu.o)
 .ARM.attributes
                0x00000396       0x31 .\CortexM0\ARM_GCC_541\Debug\ECU-RGB_Command_Sender.a(UART_MASTER_SPI_UART_INT.o)
 .ARM.attributes
                0x000003c7       0x1e c:/program files (x86)/cypress/psoc creator/4.2/psoc creator/import/gnu/arm/5.4.1/bin/../lib/gcc/arm-none-eabi/5.4.1/armv6-m\libgcc.a(_udivsi3.o)
 .ARM.attributes
                0x000003e5       0x1e c:/program files (x86)/cypress/psoc creator/4.2/psoc creator/import/gnu/arm/5.4.1/bin/../lib/gcc/arm-none-eabi/5.4.1/armv6-m\libgcc.a(_dvmd_tls.o)
 .ARM.attributes
                0x00000403       0x2c c:/program files (x86)/cypress/psoc creator/4.2/psoc creator/import/gnu/arm/5.4.1/bin/../lib/gcc/arm-none-eabi/5.4.1/../../../../arm-none-eabi/lib/armv6-m\libg_nano.a(lib_a-atoi.o)
 .ARM.attributes
                0x0000042f       0x2c c:/program files (x86)/cypress/psoc creator/4.2/psoc creator/import/gnu/arm/5.4.1/bin/../lib/gcc/arm-none-eabi/5.4.1/../../../../arm-none-eabi/lib/armv6-m\libg_nano.a(lib_a-errno.o)
 .ARM.attributes
                0x0000045b       0x2c c:/program files (x86)/cypress/psoc creator/4.2/psoc creator/import/gnu/arm/5.4.1/bin/../lib/gcc/arm-none-eabi/5.4.1/../../../../arm-none-eabi/lib/armv6-m\libg_nano.a(lib_a-exit.o)
 .ARM.attributes
                0x00000487       0x2c c:/program files (x86)/cypress/psoc creator/4.2/psoc creator/import/gnu/arm/5.4.1/bin/../lib/gcc/arm-none-eabi/5.4.1/../../../../arm-none-eabi/lib/armv6-m\libg_nano.a(lib_a-impure.o)
 .ARM.attributes
                0x000004b3       0x2c c:/program files (x86)/cypress/psoc creator/4.2/psoc creator/import/gnu/arm/5.4.1/bin/../lib/gcc/arm-none-eabi/5.4.1/../../../../arm-none-eabi/lib/armv6-m\libg_nano.a(lib_a-init.o)
 .ARM.attributes
                0x000004df       0x2c c:/program files (x86)/cypress/psoc creator/4.2/psoc creator/import/gnu/arm/5.4.1/bin/../lib/gcc/arm-none-eabi/5.4.1/../../../../arm-none-eabi/lib/armv6-m\libg_nano.a(lib_a-memset.o)
 .ARM.attributes
                0x0000050b       0x2c c:/program files (x86)/cypress/psoc creator/4.2/psoc creator/import/gnu/arm/5.4.1/bin/../lib/gcc/arm-none-eabi/5.4.1/../../../../arm-none-eabi/lib/armv6-m\libg_nano.a(lib_a-strtol.o)
 .ARM.attributes
                0x00000537       0x2c c:/program files (x86)/cypress/psoc creator/4.2/psoc creator/import/gnu/arm/5.4.1/bin/../lib/gcc/arm-none-eabi/5.4.1/../../../../arm-none-eabi/lib/armv6-m\libg_nano.a(lib_a-ctype_.o)
 .ARM.attributes
                0x00000563       0x2c c:/program files (x86)/cypress/psoc creator/4.2/psoc creator/import/gnu/arm/5.4.1/bin/../lib/gcc/arm-none-eabi/5.4.1/armv6-m/crtend.o
 .ARM.attributes
                0x0000058f       0x1e c:/program files (x86)/cypress/psoc creator/4.2/psoc creator/import/gnu/arm/5.4.1/bin/../lib/gcc/arm-none-eabi/5.4.1/armv6-m/crtn.o

/DISCARD/
 *(.note.GNU-stack)
OUTPUT(D:\Users\jagumiel\Documents\PSoC Creator\LIN-Automotive\4-LIN-RGB_Multiple_Data\ECU-RGB_Command_Sender.cydsn\CortexM0\ARM_GCC_541\Debug\ECU-RGB_Command_Sender.elf elf32-littlearm)
