Archive member included to satisfy reference by file (symbol)

.\CortexM0\ARM_GCC_541\Debug\ECU-RGB_Command_Sender.a(CyLib.o)
                              .\CortexM0\ARM_GCC_541\Debug\cyfitter_cfg.o (CyIntEnable)
.\CortexM0\ARM_GCC_541\Debug\ECU-RGB_Command_Sender.a(CyLFClk.o)
                              .\CortexM0\ARM_GCC_541\Debug\cyfitter_cfg.o (CySysWdtIsr)
.\CortexM0\ARM_GCC_541\Debug\ECU-RGB_Command_Sender.a(UART_MASTER.o)
                              .\CortexM0\ARM_GCC_541\Debug\main.o (UART_MASTER_Start)
.\CortexM0\ARM_GCC_541\Debug\ECU-RGB_Command_Sender.a(UART_MASTER_SPI_UART.o)
                              .\CortexM0\ARM_GCC_541\Debug\main.o (UART_MASTER_SpiUartWriteTxData)
.\CortexM0\ARM_GCC_541\Debug\ECU-RGB_Command_Sender.a(UART_MASTER_UART.o)
                              .\CortexM0\ARM_GCC_541\Debug\ECU-RGB_Command_Sender.a(UART_MASTER.o) (UART_MASTER_UartInit)
.\CortexM0\ARM_GCC_541\Debug\ECU-RGB_Command_Sender.a(LedRed.o)
                              .\CortexM0\ARM_GCC_541\Debug\main.o (LedRed_Write)
.\CortexM0\ARM_GCC_541\Debug\ECU-RGB_Command_Sender.a(UART_PC.o)
                              .\CortexM0\ARM_GCC_541\Debug\main.o (UART_PC_Start)
.\CortexM0\ARM_GCC_541\Debug\ECU-RGB_Command_Sender.a(UART_PC_SPI_UART.o)
                              .\CortexM0\ARM_GCC_541\Debug\main.o (UART_PC_SpiUartWriteTxData)
.\CortexM0\ARM_GCC_541\Debug\ECU-RGB_Command_Sender.a(UART_PC_UART.o)
                              .\CortexM0\ARM_GCC_541\Debug\ECU-RGB_Command_Sender.a(UART_PC.o) (UART_PC_UartInit)
.\CortexM0\ARM_GCC_541\Debug\ECU-RGB_Command_Sender.a(CyBootAsmGnu.o)
                              .\CortexM0\ARM_GCC_541\Debug\ECU-RGB_Command_Sender.a(CyLib.o) (CyDelayCycles)
.\CortexM0\ARM_GCC_541\Debug\ECU-RGB_Command_Sender.a(UART_MASTER_SPI_UART_INT.o)
                              .\CortexM0\ARM_GCC_541\Debug\ECU-RGB_Command_Sender.a(UART_MASTER_UART.o) (UART_MASTER_SPI_UART_ISR)
c:/program files (x86)/cypress/psoc creator/4.2/psoc creator/import/gnu/arm/5.4.1/bin/../lib/gcc/arm-none-eabi/5.4.1/armv6-m\libgcc.a(_udivsi3.o)
                              .\CortexM0\ARM_GCC_541\Debug\ECU-RGB_Command_Sender.a(CyLib.o) (__aeabi_uidiv)
c:/program files (x86)/cypress/psoc creator/4.2/psoc creator/import/gnu/arm/5.4.1/bin/../lib/gcc/arm-none-eabi/5.4.1/armv6-m\libgcc.a(_dvmd_tls.o)
                              c:/program files (x86)/cypress/psoc creator/4.2/psoc creator/import/gnu/arm/5.4.1/bin/../lib/gcc/arm-none-eabi/5.4.1/armv6-m\libgcc.a(_udivsi3.o) (__aeabi_idiv0)
c:/program files (x86)/cypress/psoc creator/4.2/psoc creator/import/gnu/arm/5.4.1/bin/../lib/gcc/arm-none-eabi/5.4.1/../../../../arm-none-eabi/lib/armv6-m\libg_nano.a(lib_a-atoi.o)
                              .\CortexM0\ARM_GCC_541\Debug\main.o (atoi)
c:/program files (x86)/cypress/psoc creator/4.2/psoc creator/import/gnu/arm/5.4.1/bin/../lib/gcc/arm-none-eabi/5.4.1/../../../../arm-none-eabi/lib/armv6-m\libg_nano.a(lib_a-errno.o)
                              .\CortexM0\ARM_GCC_541\Debug\Cm0Start.o (__errno)
c:/program files (x86)/cypress/psoc creator/4.2/psoc creator/import/gnu/arm/5.4.1/bin/../lib/gcc/arm-none-eabi/5.4.1/../../../../arm-none-eabi/lib/armv6-m\libg_nano.a(lib_a-exit.o)
                              c:/program files (x86)/cypress/psoc creator/4.2/psoc creator/import/gnu/arm/5.4.1/bin/../lib/gcc/arm-none-eabi/5.4.1/../../../../arm-none-eabi/lib/armv6-m/crt0.o (exit)
c:/program files (x86)/cypress/psoc creator/4.2/psoc creator/import/gnu/arm/5.4.1/bin/../lib/gcc/arm-none-eabi/5.4.1/../../../../arm-none-eabi/lib/armv6-m\libg_nano.a(lib_a-impure.o)
                              c:/program files (x86)/cypress/psoc creator/4.2/psoc creator/import/gnu/arm/5.4.1/bin/../lib/gcc/arm-none-eabi/5.4.1/../../../../arm-none-eabi/lib/armv6-m\libg_nano.a(lib_a-exit.o) (_global_impure_ptr)
c:/program files (x86)/cypress/psoc creator/4.2/psoc creator/import/gnu/arm/5.4.1/bin/../lib/gcc/arm-none-eabi/5.4.1/../../../../arm-none-eabi/lib/armv6-m\libg_nano.a(lib_a-init.o)
                              c:/program files (x86)/cypress/psoc creator/4.2/psoc creator/import/gnu/arm/5.4.1/bin/../lib/gcc/arm-none-eabi/5.4.1/../../../../arm-none-eabi/lib/armv6-m/crt0.o (__libc_init_array)
c:/program files (x86)/cypress/psoc creator/4.2/psoc creator/import/gnu/arm/5.4.1/bin/../lib/gcc/arm-none-eabi/5.4.1/../../../../arm-none-eabi/lib/armv6-m\libg_nano.a(lib_a-memset.o)
                              c:/program files (x86)/cypress/psoc creator/4.2/psoc creator/import/gnu/arm/5.4.1/bin/../lib/gcc/arm-none-eabi/5.4.1/../../../../arm-none-eabi/lib/armv6-m/crt0.o (memset)
c:/program files (x86)/cypress/psoc creator/4.2/psoc creator/import/gnu/arm/5.4.1/bin/../lib/gcc/arm-none-eabi/5.4.1/../../../../arm-none-eabi/lib/armv6-m\libg_nano.a(lib_a-strtol.o)
                              c:/program files (x86)/cypress/psoc creator/4.2/psoc creator/import/gnu/arm/5.4.1/bin/../lib/gcc/arm-none-eabi/5.4.1/../../../../arm-none-eabi/lib/armv6-m\libg_nano.a(lib_a-atoi.o) (_strtol_r)
c:/program files (x86)/cypress/psoc creator/4.2/psoc creator/import/gnu/arm/5.4.1/bin/../lib/gcc/arm-none-eabi/5.4.1/../../../../arm-none-eabi/lib/armv6-m\libg_nano.a(lib_a-ctype_.o)
                              c:/program files (x86)/cypress/psoc creator/4.2/psoc creator/import/gnu/arm/5.4.1/bin/../lib/gcc/arm-none-eabi/5.4.1/../../../../arm-none-eabi/lib/armv6-m\libg_nano.a(lib_a-strtol.o) (__ctype_ptr__)

Allocating common symbols
Common symbol       size              file

UART_MASTER_rxBufferInternal
                    0xb               .\CortexM0\ARM_GCC_541\Debug\ECU-RGB_Command_Sender.a(UART_MASTER_SPI_UART.o)
Sensor_data         0x8               .\CortexM0\ARM_GCC_541\Debug\main.o
UART_MASTER_txBufferHead
                    0x4               .\CortexM0\ARM_GCC_541\Debug\ECU-RGB_Command_Sender.a(UART_MASTER_SPI_UART.o)
UART_MASTER_rxBufferHead
                    0x4               .\CortexM0\ARM_GCC_541\Debug\ECU-RGB_Command_Sender.a(UART_MASTER_SPI_UART.o)
UART_MASTER_rxBufferTail
                    0x4               .\CortexM0\ARM_GCC_541\Debug\ECU-RGB_Command_Sender.a(UART_MASTER_SPI_UART.o)
UART_MASTER_txBufferInternal
                    0xa               .\CortexM0\ARM_GCC_541\Debug\ECU-RGB_Command_Sender.a(UART_MASTER_SPI_UART.o)
UART_MASTER_txBufferTail
                    0x4               .\CortexM0\ARM_GCC_541\Debug\ECU-RGB_Command_Sender.a(UART_MASTER_SPI_UART.o)
UART_MASTER_rxBufferOverflow
                    0x1               .\CortexM0\ARM_GCC_541\Debug\ECU-RGB_Command_Sender.a(UART_MASTER_SPI_UART.o)

Discarded input sections

 .text          0x00000000        0x0 c:/program files (x86)/cypress/psoc creator/4.2/psoc creator/import/gnu/arm/5.4.1/bin/../lib/gcc/arm-none-eabi/5.4.1/armv6-m/crti.o
 .data          0x00000000        0x0 c:/program files (x86)/cypress/psoc creator/4.2/psoc creator/import/gnu/arm/5.4.1/bin/../lib/gcc/arm-none-eabi/5.4.1/armv6-m/crti.o
 .bss           0x00000000        0x0 c:/program files (x86)/cypress/psoc creator/4.2/psoc creator/import/gnu/arm/5.4.1/bin/../lib/gcc/arm-none-eabi/5.4.1/armv6-m/crti.o
 .data          0x00000000        0x4 c:/program files (x86)/cypress/psoc creator/4.2/psoc creator/import/gnu/arm/5.4.1/bin/../lib/gcc/arm-none-eabi/5.4.1/armv6-m/crtbegin.o
 .text          0x00000000       0x78 c:/program files (x86)/cypress/psoc creator/4.2/psoc creator/import/gnu/arm/5.4.1/bin/../lib/gcc/arm-none-eabi/5.4.1/../../../../arm-none-eabi/lib/armv6-m/crt0.o
 .data          0x00000000        0x0 c:/program files (x86)/cypress/psoc creator/4.2/psoc creator/import/gnu/arm/5.4.1/bin/../lib/gcc/arm-none-eabi/5.4.1/../../../../arm-none-eabi/lib/armv6-m/crt0.o
 .bss           0x00000000        0x0 c:/program files (x86)/cypress/psoc creator/4.2/psoc creator/import/gnu/arm/5.4.1/bin/../lib/gcc/arm-none-eabi/5.4.1/../../../../arm-none-eabi/lib/armv6-m/crt0.o
 .ARM.extab     0x00000000        0x0 c:/program files (x86)/cypress/psoc creator/4.2/psoc creator/import/gnu/arm/5.4.1/bin/../lib/gcc/arm-none-eabi/5.4.1/../../../../arm-none-eabi/lib/armv6-m/crt0.o
 .ARM.exidx     0x00000000        0x8 c:/program files (x86)/cypress/psoc creator/4.2/psoc creator/import/gnu/arm/5.4.1/bin/../lib/gcc/arm-none-eabi/5.4.1/../../../../arm-none-eabi/lib/armv6-m/crt0.o
 .text          0x00000000        0x0 .\CortexM0\ARM_GCC_541\Debug\main.o
 .rodata        0x00000000        0x1 .\CortexM0\ARM_GCC_541\Debug\main.o
 COMMON         0x00000000        0x8 .\CortexM0\ARM_GCC_541\Debug\main.o
 .text          0x00000000        0x0 .\CortexM0\ARM_GCC_541\Debug\cyfitter_cfg.o
 .data          0x00000000        0x0 .\CortexM0\ARM_GCC_541\Debug\cyfitter_cfg.o
 .bss           0x00000000        0x0 .\CortexM0\ARM_GCC_541\Debug\cyfitter_cfg.o
 .text          0x00000000        0x0 .\CortexM0\ARM_GCC_541\Debug\cymetadata.o
 .data          0x00000000        0x0 .\CortexM0\ARM_GCC_541\Debug\cymetadata.o
 .bss           0x00000000        0x0 .\CortexM0\ARM_GCC_541\Debug\cymetadata.o
 .text          0x00000000        0x0 .\CortexM0\ARM_GCC_541\Debug\Cm0Start.o
 .data          0x00000000        0x4 .\CortexM0\ARM_GCC_541\Debug\Cm0Start.o
 .bss           0x00000000        0x0 .\CortexM0\ARM_GCC_541\Debug\Cm0Start.o
 .text._exit    0x00000000        0xc .\CortexM0\ARM_GCC_541\Debug\Cm0Start.o
 .text._sbrk    0x00000000       0x30 .\CortexM0\ARM_GCC_541\Debug\Cm0Start.o
 .text          0x00000000        0x0 .\CortexM0\ARM_GCC_541\Debug\ECU-RGB_Command_Sender.a(CyLib.o)
 .bss           0x00000000       0x18 .\CortexM0\ARM_GCC_541\Debug\ECU-RGB_Command_Sender.a(CyLib.o)
 .text.CySysClkImoStart
                0x00000000       0x14 .\CortexM0\ARM_GCC_541\Debug\ECU-RGB_Command_Sender.a(CyLib.o)
 .text.CySysClkImoStop
                0x00000000       0x10 .\CortexM0\ARM_GCC_541\Debug\ECU-RGB_Command_Sender.a(CyLib.o)
 .text.CySysClkWriteHfclkDirect
                0x00000000       0x20 .\CortexM0\ARM_GCC_541\Debug\ECU-RGB_Command_Sender.a(CyLib.o)
 .text.CySysEnablePumpClock
                0x00000000       0x38 .\CortexM0\ARM_GCC_541\Debug\ECU-RGB_Command_Sender.a(CyLib.o)
 .text.CySysClkGetSysclkSource
                0x00000000       0x1c .\CortexM0\ARM_GCC_541\Debug\ECU-RGB_Command_Sender.a(CyLib.o)
 .text.CySysClkWriteSysclkDiv
                0x00000000       0x30 .\CortexM0\ARM_GCC_541\Debug\ECU-RGB_Command_Sender.a(CyLib.o)
 .text.CySysLvdDisable
                0x00000000       0x20 .\CortexM0\ARM_GCC_541\Debug\ECU-RGB_Command_Sender.a(CyLib.o)
 .text.CySysLvdGetInterruptSource
                0x00000000       0x10 .\CortexM0\ARM_GCC_541\Debug\ECU-RGB_Command_Sender.a(CyLib.o)
 .text.CySysLvdClearInterrupt
                0x00000000        0xc .\CortexM0\ARM_GCC_541\Debug\ECU-RGB_Command_Sender.a(CyLib.o)
 .text.CySysGetResetReason
                0x00000000       0x14 .\CortexM0\ARM_GCC_541\Debug\ECU-RGB_Command_Sender.a(CyLib.o)
 .text.CyDisableInts
                0x00000000       0x10 .\CortexM0\ARM_GCC_541\Debug\ECU-RGB_Command_Sender.a(CyLib.o)
 .text.CyEnableInts
                0x00000000        0xc .\CortexM0\ARM_GCC_541\Debug\ECU-RGB_Command_Sender.a(CyLib.o)
 .text.CyIntGetState
                0x00000000       0x18 .\CortexM0\ARM_GCC_541\Debug\ECU-RGB_Command_Sender.a(CyLib.o)
 .text.CyIntSetPending
                0x00000000       0x14 .\CortexM0\ARM_GCC_541\Debug\ECU-RGB_Command_Sender.a(CyLib.o)
 .text.CyIntClearPending
                0x00000000       0x14 .\CortexM0\ARM_GCC_541\Debug\ECU-RGB_Command_Sender.a(CyLib.o)
 .text.CyIntSetSysVector
                0x00000000       0x20 .\CortexM0\ARM_GCC_541\Debug\ECU-RGB_Command_Sender.a(CyLib.o)
 .text.CyIntGetSysVector
                0x00000000       0x1c .\CortexM0\ARM_GCC_541\Debug\ECU-RGB_Command_Sender.a(CyLib.o)
 .text.CyIntGetVector
                0x00000000       0x20 .\CortexM0\ARM_GCC_541\Debug\ECU-RGB_Command_Sender.a(CyLib.o)
 .text.CyIntGetPriority
                0x00000000       0x2c .\CortexM0\ARM_GCC_541\Debug\ECU-RGB_Command_Sender.a(CyLib.o)
 .text.CySoftwareReset
                0x00000000       0x18 .\CortexM0\ARM_GCC_541\Debug\ECU-RGB_Command_Sender.a(CyLib.o)
 .text.CyDelay  0x00000000       0x30 .\CortexM0\ARM_GCC_541\Debug\ECU-RGB_Command_Sender.a(CyLib.o)
 .text.CySysLvdEnable
                0x00000000       0x44 .\CortexM0\ARM_GCC_541\Debug\ECU-RGB_Command_Sender.a(CyLib.o)
 .text.CyDelayFreq
                0x00000000       0x4c .\CortexM0\ARM_GCC_541\Debug\ECU-RGB_Command_Sender.a(CyLib.o)
 .text.CySysTickStop
                0x00000000       0x10 .\CortexM0\ARM_GCC_541\Debug\ECU-RGB_Command_Sender.a(CyLib.o)
 .text.CySysTickEnableInterrupt
                0x00000000       0x10 .\CortexM0\ARM_GCC_541\Debug\ECU-RGB_Command_Sender.a(CyLib.o)
 .text.CySysTickEnable
                0x00000000       0x18 .\CortexM0\ARM_GCC_541\Debug\ECU-RGB_Command_Sender.a(CyLib.o)
 .text.CySysTickDisableInterrupt
                0x00000000       0x10 .\CortexM0\ARM_GCC_541\Debug\ECU-RGB_Command_Sender.a(CyLib.o)
 .text.CySysTickSetReload
                0x00000000       0x10 .\CortexM0\ARM_GCC_541\Debug\ECU-RGB_Command_Sender.a(CyLib.o)
 .text.CySysTickGetReload
                0x00000000       0x10 .\CortexM0\ARM_GCC_541\Debug\ECU-RGB_Command_Sender.a(CyLib.o)
 .text.CySysTickGetValue
                0x00000000       0x10 .\CortexM0\ARM_GCC_541\Debug\ECU-RGB_Command_Sender.a(CyLib.o)
 .text.CySysTickGetCountFlag
                0x00000000       0x10 .\CortexM0\ARM_GCC_541\Debug\ECU-RGB_Command_Sender.a(CyLib.o)
 .text.CySysTickServiceCallbacks
                0x00000000       0x28 .\CortexM0\ARM_GCC_541\Debug\ECU-RGB_Command_Sender.a(CyLib.o)
 .text.CySysTickClear
                0x00000000        0xc .\CortexM0\ARM_GCC_541\Debug\ECU-RGB_Command_Sender.a(CyLib.o)
 .text.CySysTickInit
                0x00000000       0x40 .\CortexM0\ARM_GCC_541\Debug\ECU-RGB_Command_Sender.a(CyLib.o)
 .text.CySysTickStart
                0x00000000       0x20 .\CortexM0\ARM_GCC_541\Debug\ECU-RGB_Command_Sender.a(CyLib.o)
 .text.CySysTickSetCallback
                0x00000000       0x10 .\CortexM0\ARM_GCC_541\Debug\ECU-RGB_Command_Sender.a(CyLib.o)
 .text.CySysTickGetCallback
                0x00000000        0xc .\CortexM0\ARM_GCC_541\Debug\ECU-RGB_Command_Sender.a(CyLib.o)
 .text.CyGetUniqueId
                0x00000000       0x70 .\CortexM0\ARM_GCC_541\Debug\ECU-RGB_Command_Sender.a(CyLib.o)
 .text          0x00000000        0x0 .\CortexM0\ARM_GCC_541\Debug\ECU-RGB_Command_Sender.a(CyLFClk.o)
 .text.CySysClkIloEnabled
                0x00000000       0x14 .\CortexM0\ARM_GCC_541\Debug\ECU-RGB_Command_Sender.a(CyLFClk.o)
 .text.CySysClkIloStart
                0x00000000       0x14 .\CortexM0\ARM_GCC_541\Debug\ECU-RGB_Command_Sender.a(CyLFClk.o)
 .text.CySysClkIloStartMeasurement
                0x00000000       0x34 .\CortexM0\ARM_GCC_541\Debug\ECU-RGB_Command_Sender.a(CyLFClk.o)
 .text.CySysClkIloStopMeasurement
                0x00000000       0x14 .\CortexM0\ARM_GCC_541\Debug\ECU-RGB_Command_Sender.a(CyLFClk.o)
 .text.CySysClkIloCompensate
                0x00000000      0x104 .\CortexM0\ARM_GCC_541\Debug\ECU-RGB_Command_Sender.a(CyLFClk.o)
 .text.CySysWdtGetEnabledStatus
                0x00000000       0x24 .\CortexM0\ARM_GCC_541\Debug\ECU-RGB_Command_Sender.a(CyLFClk.o)
 .text.CySysWdtSetMode
                0x00000000       0x38 .\CortexM0\ARM_GCC_541\Debug\ECU-RGB_Command_Sender.a(CyLFClk.o)
 .text.CySysClkLfclkPosedgeRestore
                0x00000000       0x2c .\CortexM0\ARM_GCC_541\Debug\ECU-RGB_Command_Sender.a(CyLFClk.o)
 .text.CySysWdtGetMode
                0x00000000       0x14 .\CortexM0\ARM_GCC_541\Debug\ECU-RGB_Command_Sender.a(CyLFClk.o)
 .text.CySysWdtSetClearOnMatch
                0x00000000       0x34 .\CortexM0\ARM_GCC_541\Debug\ECU-RGB_Command_Sender.a(CyLFClk.o)
 .text.CySysWdtGetClearOnMatch
                0x00000000       0x24 .\CortexM0\ARM_GCC_541\Debug\ECU-RGB_Command_Sender.a(CyLFClk.o)
 .text.CySysWdtEnable
                0x00000000       0x40 .\CortexM0\ARM_GCC_541\Debug\ECU-RGB_Command_Sender.a(CyLFClk.o)
 .text.CySysWdtDisable
                0x00000000       0x44 .\CortexM0\ARM_GCC_541\Debug\ECU-RGB_Command_Sender.a(CyLFClk.o)
 .text.CySysWdtSetCascade
                0x00000000       0x34 .\CortexM0\ARM_GCC_541\Debug\ECU-RGB_Command_Sender.a(CyLFClk.o)
 .text.CySysWdtGetCascade
                0x00000000       0x14 .\CortexM0\ARM_GCC_541\Debug\ECU-RGB_Command_Sender.a(CyLFClk.o)
 .text.CySysWdtSetMatch
                0x00000000       0x38 .\CortexM0\ARM_GCC_541\Debug\ECU-RGB_Command_Sender.a(CyLFClk.o)
 .text.CySysWdtSetToggleBit
                0x00000000       0x30 .\CortexM0\ARM_GCC_541\Debug\ECU-RGB_Command_Sender.a(CyLFClk.o)
 .text.CySysWdtGetToggleBit
                0x00000000       0x10 .\CortexM0\ARM_GCC_541\Debug\ECU-RGB_Command_Sender.a(CyLFClk.o)
 .text.CySysWdtGetMatch
                0x00000000       0x20 .\CortexM0\ARM_GCC_541\Debug\ECU-RGB_Command_Sender.a(CyLFClk.o)
 .text.CySysWdtGetCount
                0x00000000       0x3c .\CortexM0\ARM_GCC_541\Debug\ECU-RGB_Command_Sender.a(CyLFClk.o)
 .text.CySysClkLfclkPosedgeCatch
                0x00000000       0x74 .\CortexM0\ARM_GCC_541\Debug\ECU-RGB_Command_Sender.a(CyLFClk.o)
 .text.CySysClkIloStop
                0x00000000       0x38 .\CortexM0\ARM_GCC_541\Debug\ECU-RGB_Command_Sender.a(CyLFClk.o)
 .text.CySysWdtGetInterruptSource
                0x00000000       0x14 .\CortexM0\ARM_GCC_541\Debug\ECU-RGB_Command_Sender.a(CyLFClk.o)
 .text.CySysWdtResetCounters
                0x00000000       0x20 .\CortexM0\ARM_GCC_541\Debug\ECU-RGB_Command_Sender.a(CyLFClk.o)
 .text.CySysWdtSetInterruptCallback
                0x00000000       0x20 .\CortexM0\ARM_GCC_541\Debug\ECU-RGB_Command_Sender.a(CyLFClk.o)
 .text.CySysWdtGetInterruptCallback
                0x00000000       0x20 .\CortexM0\ARM_GCC_541\Debug\ECU-RGB_Command_Sender.a(CyLFClk.o)
 .text.CySysWdtEnableCounterIsr
                0x00000000       0x34 .\CortexM0\ARM_GCC_541\Debug\ECU-RGB_Command_Sender.a(CyLFClk.o)
 .text.CySysWdtDisableCounterIsr
                0x00000000       0x28 .\CortexM0\ARM_GCC_541\Debug\ECU-RGB_Command_Sender.a(CyLFClk.o)
 .text.CySysWatchdogFeed
                0x00000000       0x60 .\CortexM0\ARM_GCC_541\Debug\ECU-RGB_Command_Sender.a(CyLFClk.o)
 .text.CySysTimerDelayUntilMatch
                0x00000000       0x6c .\CortexM0\ARM_GCC_541\Debug\ECU-RGB_Command_Sender.a(CyLFClk.o)
 .text.CySysTimerDelay
                0x00000000       0x3c .\CortexM0\ARM_GCC_541\Debug\ECU-RGB_Command_Sender.a(CyLFClk.o)
 .rodata        0x00000000        0xc .\CortexM0\ARM_GCC_541\Debug\ECU-RGB_Command_Sender.a(CyLFClk.o)
 .text          0x00000000        0x0 .\CortexM0\ARM_GCC_541\Debug\ECU-RGB_Command_Sender.a(UART_MASTER.o)
 .data          0x00000000        0x0 .\CortexM0\ARM_GCC_541\Debug\ECU-RGB_Command_Sender.a(UART_MASTER.o)
 .text.UART_MASTER_ScbModeStop
                0x00000000        0x8 .\CortexM0\ARM_GCC_541\Debug\ECU-RGB_Command_Sender.a(UART_MASTER.o)
 .text.UART_MASTER_Stop
                0x00000000       0x2c .\CortexM0\ARM_GCC_541\Debug\ECU-RGB_Command_Sender.a(UART_MASTER.o)
 .text.UART_MASTER_SetRxFifoLevel
                0x00000000       0x14 .\CortexM0\ARM_GCC_541\Debug\ECU-RGB_Command_Sender.a(UART_MASTER.o)
 .text.UART_MASTER_SetTxFifoLevel
                0x00000000       0x14 .\CortexM0\ARM_GCC_541\Debug\ECU-RGB_Command_Sender.a(UART_MASTER.o)
 .text.UART_MASTER_SetCustomInterruptHandler
                0x00000000        0xc .\CortexM0\ARM_GCC_541\Debug\ECU-RGB_Command_Sender.a(UART_MASTER.o)
 .text.UART_MASTER_I2CSlaveNackGeneration
                0x00000000       0x3c .\CortexM0\ARM_GCC_541\Debug\ECU-RGB_Command_Sender.a(UART_MASTER.o)
 .text          0x00000000        0x0 .\CortexM0\ARM_GCC_541\Debug\ECU-RGB_Command_Sender.a(UART_MASTER_SPI_UART.o)
 .data          0x00000000        0x0 .\CortexM0\ARM_GCC_541\Debug\ECU-RGB_Command_Sender.a(UART_MASTER_SPI_UART.o)
 .bss           0x00000000        0x0 .\CortexM0\ARM_GCC_541\Debug\ECU-RGB_Command_Sender.a(UART_MASTER_SPI_UART.o)
 .text.UART_MASTER_SpiUartReadRxData
                0x00000000       0x34 .\CortexM0\ARM_GCC_541\Debug\ECU-RGB_Command_Sender.a(UART_MASTER_SPI_UART.o)
 .text.UART_MASTER_SpiUartGetRxBufferSize
                0x00000000       0x28 .\CortexM0\ARM_GCC_541\Debug\ECU-RGB_Command_Sender.a(UART_MASTER_SPI_UART.o)
 .text.UART_MASTER_SpiUartClearRxBuffer
                0x00000000       0x54 .\CortexM0\ARM_GCC_541\Debug\ECU-RGB_Command_Sender.a(UART_MASTER_SPI_UART.o)
 .text.UART_MASTER_SpiUartPutArray
                0x00000000       0x18 .\CortexM0\ARM_GCC_541\Debug\ECU-RGB_Command_Sender.a(UART_MASTER_SPI_UART.o)
 .text.UART_MASTER_SpiUartGetTxBufferSize
                0x00000000       0x28 .\CortexM0\ARM_GCC_541\Debug\ECU-RGB_Command_Sender.a(UART_MASTER_SPI_UART.o)
 .text.UART_MASTER_SpiUartClearTxBuffer
                0x00000000       0x58 .\CortexM0\ARM_GCC_541\Debug\ECU-RGB_Command_Sender.a(UART_MASTER_SPI_UART.o)
 .text.UART_MASTER_SpiUartDisableIntRx
                0x00000000       0x10 .\CortexM0\ARM_GCC_541\Debug\ECU-RGB_Command_Sender.a(UART_MASTER_SPI_UART.o)
 .text.UART_MASTER_SpiUartDisableIntTx
                0x00000000       0x10 .\CortexM0\ARM_GCC_541\Debug\ECU-RGB_Command_Sender.a(UART_MASTER_SPI_UART.o)
 .text          0x00000000        0x0 .\CortexM0\ARM_GCC_541\Debug\ECU-RGB_Command_Sender.a(UART_MASTER_UART.o)
 .data          0x00000000        0x0 .\CortexM0\ARM_GCC_541\Debug\ECU-RGB_Command_Sender.a(UART_MASTER_UART.o)
 .bss           0x00000000        0x0 .\CortexM0\ARM_GCC_541\Debug\ECU-RGB_Command_Sender.a(UART_MASTER_UART.o)
 .text.UART_MASTER_UartStop
                0x00000000       0x2c .\CortexM0\ARM_GCC_541\Debug\ECU-RGB_Command_Sender.a(UART_MASTER_UART.o)
 .text.UART_MASTER_UartSetRxAddress
                0x00000000       0x14 .\CortexM0\ARM_GCC_541\Debug\ECU-RGB_Command_Sender.a(UART_MASTER_UART.o)
 .text.UART_MASTER_UartSetRxAddressMask
                0x00000000       0x18 .\CortexM0\ARM_GCC_541\Debug\ECU-RGB_Command_Sender.a(UART_MASTER_UART.o)
 .text.UART_MASTER_UartGetChar
                0x00000000       0x2c .\CortexM0\ARM_GCC_541\Debug\ECU-RGB_Command_Sender.a(UART_MASTER_UART.o)
 .text.UART_MASTER_UartGetByte
                0x00000000       0x4c .\CortexM0\ARM_GCC_541\Debug\ECU-RGB_Command_Sender.a(UART_MASTER_UART.o)
 .text.UART_MASTER_UartPutString
                0x00000000       0x18 .\CortexM0\ARM_GCC_541\Debug\ECU-RGB_Command_Sender.a(UART_MASTER_UART.o)
 .text.UART_MASTER_UartPutCRLF
                0x00000000       0x14 .\CortexM0\ARM_GCC_541\Debug\ECU-RGB_Command_Sender.a(UART_MASTER_UART.o)
 .text          0x00000000        0x0 .\CortexM0\ARM_GCC_541\Debug\ECU-RGB_Command_Sender.a(LedRed.o)
 .data          0x00000000        0x0 .\CortexM0\ARM_GCC_541\Debug\ECU-RGB_Command_Sender.a(LedRed.o)
 .bss           0x00000000        0x0 .\CortexM0\ARM_GCC_541\Debug\ECU-RGB_Command_Sender.a(LedRed.o)
 .text.LedRed_SetDriveMode
                0x00000000       0x18 .\CortexM0\ARM_GCC_541\Debug\ECU-RGB_Command_Sender.a(LedRed.o)
 .text.LedRed_Read
                0x00000000       0x10 .\CortexM0\ARM_GCC_541\Debug\ECU-RGB_Command_Sender.a(LedRed.o)
 .text.LedRed_ReadDataReg
                0x00000000       0x10 .\CortexM0\ARM_GCC_541\Debug\ECU-RGB_Command_Sender.a(LedRed.o)
 .text.LedRed_SetInterruptMode
                0x00000000       0x14 .\CortexM0\ARM_GCC_541\Debug\ECU-RGB_Command_Sender.a(LedRed.o)
 .text.LedRed_ClearInterrupt
                0x00000000       0x14 .\CortexM0\ARM_GCC_541\Debug\ECU-RGB_Command_Sender.a(LedRed.o)
 .text          0x00000000        0x0 .\CortexM0\ARM_GCC_541\Debug\ECU-RGB_Command_Sender.a(UART_PC.o)
 .data          0x00000000        0x0 .\CortexM0\ARM_GCC_541\Debug\ECU-RGB_Command_Sender.a(UART_PC.o)
 .text.UART_PC_ScbModeStop
                0x00000000        0x8 .\CortexM0\ARM_GCC_541\Debug\ECU-RGB_Command_Sender.a(UART_PC.o)
 .text.UART_PC_Stop
                0x00000000       0x20 .\CortexM0\ARM_GCC_541\Debug\ECU-RGB_Command_Sender.a(UART_PC.o)
 .text.UART_PC_SetRxFifoLevel
                0x00000000       0x14 .\CortexM0\ARM_GCC_541\Debug\ECU-RGB_Command_Sender.a(UART_PC.o)
 .text.UART_PC_SetTxFifoLevel
                0x00000000       0x14 .\CortexM0\ARM_GCC_541\Debug\ECU-RGB_Command_Sender.a(UART_PC.o)
 .text.UART_PC_I2CSlaveNackGeneration
                0x00000000       0x3c .\CortexM0\ARM_GCC_541\Debug\ECU-RGB_Command_Sender.a(UART_PC.o)
 .text          0x00000000        0x0 .\CortexM0\ARM_GCC_541\Debug\ECU-RGB_Command_Sender.a(UART_PC_SPI_UART.o)
 .data          0x00000000        0x0 .\CortexM0\ARM_GCC_541\Debug\ECU-RGB_Command_Sender.a(UART_PC_SPI_UART.o)
 .bss           0x00000000        0x0 .\CortexM0\ARM_GCC_541\Debug\ECU-RGB_Command_Sender.a(UART_PC_SPI_UART.o)
 .text.UART_PC_SpiUartClearRxBuffer
                0x00000000       0x20 .\CortexM0\ARM_GCC_541\Debug\ECU-RGB_Command_Sender.a(UART_PC_SPI_UART.o)
 .text.UART_PC_SpiUartPutArray
                0x00000000       0x18 .\CortexM0\ARM_GCC_541\Debug\ECU-RGB_Command_Sender.a(UART_PC_SPI_UART.o)
 .text.UART_PC_SpiUartGetTxBufferSize
                0x00000000       0x10 .\CortexM0\ARM_GCC_541\Debug\ECU-RGB_Command_Sender.a(UART_PC_SPI_UART.o)
 .text.UART_PC_SpiUartClearTxBuffer
                0x00000000       0x20 .\CortexM0\ARM_GCC_541\Debug\ECU-RGB_Command_Sender.a(UART_PC_SPI_UART.o)
 .text.UART_PC_SpiUartDisableIntRx
                0x00000000       0x10 .\CortexM0\ARM_GCC_541\Debug\ECU-RGB_Command_Sender.a(UART_PC_SPI_UART.o)
 .text.UART_PC_SpiUartDisableIntTx
                0x00000000       0x10 .\CortexM0\ARM_GCC_541\Debug\ECU-RGB_Command_Sender.a(UART_PC_SPI_UART.o)
 .text          0x00000000        0x0 .\CortexM0\ARM_GCC_541\Debug\ECU-RGB_Command_Sender.a(UART_PC_UART.o)
 .data          0x00000000        0x0 .\CortexM0\ARM_GCC_541\Debug\ECU-RGB_Command_Sender.a(UART_PC_UART.o)
 .bss           0x00000000        0x0 .\CortexM0\ARM_GCC_541\Debug\ECU-RGB_Command_Sender.a(UART_PC_UART.o)
 .text.UART_PC_UartStop
                0x00000000       0x28 .\CortexM0\ARM_GCC_541\Debug\ECU-RGB_Command_Sender.a(UART_PC_UART.o)
 .text.UART_PC_UartSetRxAddress
                0x00000000       0x14 .\CortexM0\ARM_GCC_541\Debug\ECU-RGB_Command_Sender.a(UART_PC_UART.o)
 .text.UART_PC_UartSetRxAddressMask
                0x00000000       0x18 .\CortexM0\ARM_GCC_541\Debug\ECU-RGB_Command_Sender.a(UART_PC_UART.o)
 .text.UART_PC_UartGetByte
                0x00000000       0x34 .\CortexM0\ARM_GCC_541\Debug\ECU-RGB_Command_Sender.a(UART_PC_UART.o)
 .text.UART_PC_UartPutCRLF
                0x00000000       0x14 .\CortexM0\ARM_GCC_541\Debug\ECU-RGB_Command_Sender.a(UART_PC_UART.o)
 .text.UART_PC_UartSendBreakBlocking
                0x00000000       0x58 .\CortexM0\ARM_GCC_541\Debug\ECU-RGB_Command_Sender.a(UART_PC_UART.o)
 .data          0x00000000        0x0 .\CortexM0\ARM_GCC_541\Debug\ECU-RGB_Command_Sender.a(CyBootAsmGnu.o)
 .bss           0x00000000        0x0 .\CortexM0\ARM_GCC_541\Debug\ECU-RGB_Command_Sender.a(CyBootAsmGnu.o)
 .text          0x00000000        0x0 .\CortexM0\ARM_GCC_541\Debug\ECU-RGB_Command_Sender.a(UART_MASTER_SPI_UART_INT.o)
 .data          0x00000000        0x0 .\CortexM0\ARM_GCC_541\Debug\ECU-RGB_Command_Sender.a(UART_MASTER_SPI_UART_INT.o)
 .bss           0x00000000        0x0 .\CortexM0\ARM_GCC_541\Debug\ECU-RGB_Command_Sender.a(UART_MASTER_SPI_UART_INT.o)
 .data          0x00000000        0x0 c:/program files (x86)/cypress/psoc creator/4.2/psoc creator/import/gnu/arm/5.4.1/bin/../lib/gcc/arm-none-eabi/5.4.1/armv6-m\libgcc.a(_udivsi3.o)
 .bss           0x00000000        0x0 c:/program files (x86)/cypress/psoc creator/4.2/psoc creator/import/gnu/arm/5.4.1/bin/../lib/gcc/arm-none-eabi/5.4.1/armv6-m\libgcc.a(_udivsi3.o)
 .data          0x00000000        0x0 c:/program files (x86)/cypress/psoc creator/4.2/psoc creator/import/gnu/arm/5.4.1/bin/../lib/gcc/arm-none-eabi/5.4.1/armv6-m\libgcc.a(_dvmd_tls.o)
 .bss           0x00000000        0x0 c:/program files (x86)/cypress/psoc creator/4.2/psoc creator/import/gnu/arm/5.4.1/bin/../lib/gcc/arm-none-eabi/5.4.1/armv6-m\libgcc.a(_dvmd_tls.o)
 .text          0x00000000        0x0 c:/program files (x86)/cypress/psoc creator/4.2/psoc creator/import/gnu/arm/5.4.1/bin/../lib/gcc/arm-none-eabi/5.4.1/../../../../arm-none-eabi/lib/armv6-m\libg_nano.a(lib_a-atoi.o)
 .data          0x00000000        0x0 c:/program files (x86)/cypress/psoc creator/4.2/psoc creator/import/gnu/arm/5.4.1/bin/../lib/gcc/arm-none-eabi/5.4.1/../../../../arm-none-eabi/lib/armv6-m\libg_nano.a(lib_a-atoi.o)
 .bss           0x00000000        0x0 c:/program files (x86)/cypress/psoc creator/4.2/psoc creator/import/gnu/arm/5.4.1/bin/../lib/gcc/arm-none-eabi/5.4.1/../../../../arm-none-eabi/lib/armv6-m\libg_nano.a(lib_a-atoi.o)
 .text._atoi_r  0x00000000        0xc c:/program files (x86)/cypress/psoc creator/4.2/psoc creator/import/gnu/arm/5.4.1/bin/../lib/gcc/arm-none-eabi/5.4.1/../../../../arm-none-eabi/lib/armv6-m\libg_nano.a(lib_a-atoi.o)
 .text          0x00000000        0x0 c:/program files (x86)/cypress/psoc creator/4.2/psoc creator/import/gnu/arm/5.4.1/bin/../lib/gcc/arm-none-eabi/5.4.1/../../../../arm-none-eabi/lib/armv6-m\libg_nano.a(lib_a-errno.o)
 .data          0x00000000        0x0 c:/program files (x86)/cypress/psoc creator/4.2/psoc creator/import/gnu/arm/5.4.1/bin/../lib/gcc/arm-none-eabi/5.4.1/../../../../arm-none-eabi/lib/armv6-m\libg_nano.a(lib_a-errno.o)
 .bss           0x00000000        0x0 c:/program files (x86)/cypress/psoc creator/4.2/psoc creator/import/gnu/arm/5.4.1/bin/../lib/gcc/arm-none-eabi/5.4.1/../../../../arm-none-eabi/lib/armv6-m\libg_nano.a(lib_a-errno.o)
 .text          0x00000000        0x0 c:/program files (x86)/cypress/psoc creator/4.2/psoc creator/import/gnu/arm/5.4.1/bin/../lib/gcc/arm-none-eabi/5.4.1/../../../../arm-none-eabi/lib/armv6-m\libg_nano.a(lib_a-exit.o)
 .data          0x00000000        0x0 c:/program files (x86)/cypress/psoc creator/4.2/psoc creator/import/gnu/arm/5.4.1/bin/../lib/gcc/arm-none-eabi/5.4.1/../../../../arm-none-eabi/lib/armv6-m\libg_nano.a(lib_a-exit.o)
 .bss           0x00000000        0x0 c:/program files (x86)/cypress/psoc creator/4.2/psoc creator/import/gnu/arm/5.4.1/bin/../lib/gcc/arm-none-eabi/5.4.1/../../../../arm-none-eabi/lib/armv6-m\libg_nano.a(lib_a-exit.o)
 .text.exit     0x00000000       0x2c c:/program files (x86)/cypress/psoc creator/4.2/psoc creator/import/gnu/arm/5.4.1/bin/../lib/gcc/arm-none-eabi/5.4.1/../../../../arm-none-eabi/lib/armv6-m\libg_nano.a(lib_a-exit.o)
 .text          0x00000000        0x0 c:/program files (x86)/cypress/psoc creator/4.2/psoc creator/import/gnu/arm/5.4.1/bin/../lib/gcc/arm-none-eabi/5.4.1/../../../../arm-none-eabi/lib/armv6-m\libg_nano.a(lib_a-impure.o)
 .data          0x00000000        0x0 c:/program files (x86)/cypress/psoc creator/4.2/psoc creator/import/gnu/arm/5.4.1/bin/../lib/gcc/arm-none-eabi/5.4.1/../../../../arm-none-eabi/lib/armv6-m\libg_nano.a(lib_a-impure.o)
 .bss           0x00000000        0x0 c:/program files (x86)/cypress/psoc creator/4.2/psoc creator/import/gnu/arm/5.4.1/bin/../lib/gcc/arm-none-eabi/5.4.1/../../../../arm-none-eabi/lib/armv6-m\libg_nano.a(lib_a-impure.o)
 .rodata._global_impure_ptr
                0x00000000        0x4 c:/program files (x86)/cypress/psoc creator/4.2/psoc creator/import/gnu/arm/5.4.1/bin/../lib/gcc/arm-none-eabi/5.4.1/../../../../arm-none-eabi/lib/armv6-m\libg_nano.a(lib_a-impure.o)
 .text          0x00000000        0x0 c:/program files (x86)/cypress/psoc creator/4.2/psoc creator/import/gnu/arm/5.4.1/bin/../lib/gcc/arm-none-eabi/5.4.1/../../../../arm-none-eabi/lib/armv6-m\libg_nano.a(lib_a-init.o)
 .data          0x00000000        0x0 c:/program files (x86)/cypress/psoc creator/4.2/psoc creator/import/gnu/arm/5.4.1/bin/../lib/gcc/arm-none-eabi/5.4.1/../../../../arm-none-eabi/lib/armv6-m\libg_nano.a(lib_a-init.o)
 .bss           0x00000000        0x0 c:/program files (x86)/cypress/psoc creator/4.2/psoc creator/import/gnu/arm/5.4.1/bin/../lib/gcc/arm-none-eabi/5.4.1/../../../../arm-none-eabi/lib/armv6-m\libg_nano.a(lib_a-init.o)
 .text          0x00000000        0x0 c:/program files (x86)/cypress/psoc creator/4.2/psoc creator/import/gnu/arm/5.4.1/bin/../lib/gcc/arm-none-eabi/5.4.1/../../../../arm-none-eabi/lib/armv6-m\libg_nano.a(lib_a-memset.o)
 .data          0x00000000        0x0 c:/program files (x86)/cypress/psoc creator/4.2/psoc creator/import/gnu/arm/5.4.1/bin/../lib/gcc/arm-none-eabi/5.4.1/../../../../arm-none-eabi/lib/armv6-m\libg_nano.a(lib_a-memset.o)
 .bss           0x00000000        0x0 c:/program files (x86)/cypress/psoc creator/4.2/psoc creator/import/gnu/arm/5.4.1/bin/../lib/gcc/arm-none-eabi/5.4.1/../../../../arm-none-eabi/lib/armv6-m\libg_nano.a(lib_a-memset.o)
 .text          0x00000000        0x0 c:/program files (x86)/cypress/psoc creator/4.2/psoc creator/import/gnu/arm/5.4.1/bin/../lib/gcc/arm-none-eabi/5.4.1/../../../../arm-none-eabi/lib/armv6-m\libg_nano.a(lib_a-strtol.o)
 .data          0x00000000        0x0 c:/program files (x86)/cypress/psoc creator/4.2/psoc creator/import/gnu/arm/5.4.1/bin/../lib/gcc/arm-none-eabi/5.4.1/../../../../arm-none-eabi/lib/armv6-m\libg_nano.a(lib_a-strtol.o)
 .bss           0x00000000        0x0 c:/program files (x86)/cypress/psoc creator/4.2/psoc creator/import/gnu/arm/5.4.1/bin/../lib/gcc/arm-none-eabi/5.4.1/../../../../arm-none-eabi/lib/armv6-m\libg_nano.a(lib_a-strtol.o)
 .text          0x00000000        0x0 c:/program files (x86)/cypress/psoc creator/4.2/psoc creator/import/gnu/arm/5.4.1/bin/../lib/gcc/arm-none-eabi/5.4.1/../../../../arm-none-eabi/lib/armv6-m\libg_nano.a(lib_a-ctype_.o)
 .data          0x00000000        0x0 c:/program files (x86)/cypress/psoc creator/4.2/psoc creator/import/gnu/arm/5.4.1/bin/../lib/gcc/arm-none-eabi/5.4.1/../../../../arm-none-eabi/lib/armv6-m\libg_nano.a(lib_a-ctype_.o)
 .bss           0x00000000        0x0 c:/program files (x86)/cypress/psoc creator/4.2/psoc creator/import/gnu/arm/5.4.1/bin/../lib/gcc/arm-none-eabi/5.4.1/../../../../arm-none-eabi/lib/armv6-m\libg_nano.a(lib_a-ctype_.o)
 .text          0x00000000        0x0 c:/program files (x86)/cypress/psoc creator/4.2/psoc creator/import/gnu/arm/5.4.1/bin/../lib/gcc/arm-none-eabi/5.4.1/armv6-m/crtend.o
 .data          0x00000000        0x0 c:/program files (x86)/cypress/psoc creator/4.2/psoc creator/import/gnu/arm/5.4.1/bin/../lib/gcc/arm-none-eabi/5.4.1/armv6-m/crtend.o
 .bss           0x00000000        0x0 c:/program files (x86)/cypress/psoc creator/4.2/psoc creator/import/gnu/arm/5.4.1/bin/../lib/gcc/arm-none-eabi/5.4.1/armv6-m/crtend.o
 .text          0x00000000        0x0 c:/program files (x86)/cypress/psoc creator/4.2/psoc creator/import/gnu/arm/5.4.1/bin/../lib/gcc/arm-none-eabi/5.4.1/armv6-m/crtn.o
 .data          0x00000000        0x0 c:/program files (x86)/cypress/psoc creator/4.2/psoc creator/import/gnu/arm/5.4.1/bin/../lib/gcc/arm-none-eabi/5.4.1/armv6-m/crtn.o
 .bss           0x00000000        0x0 c:/program files (x86)/cypress/psoc creator/4.2/psoc creator/import/gnu/arm/5.4.1/bin/../lib/gcc/arm-none-eabi/5.4.1/armv6-m/crtn.o

Memory Configuration

Name             Origin             Length             Attributes
rom              0x00000000         0x00008000         xr
ram              0x20000000         0x00001000         xrw
*default*        0x00000000         0xffffffff

Linker script and memory map

LOAD c:/program files (x86)/cypress/psoc creator/4.2/psoc creator/import/gnu/arm/5.4.1/bin/../lib/gcc/arm-none-eabi/5.4.1/armv6-m/crti.o
LOAD c:/program files (x86)/cypress/psoc creator/4.2/psoc creator/import/gnu/arm/5.4.1/bin/../lib/gcc/arm-none-eabi/5.4.1/armv6-m/crtbegin.o
LOAD c:/program files (x86)/cypress/psoc creator/4.2/psoc creator/import/gnu/arm/5.4.1/bin/../lib/gcc/arm-none-eabi/5.4.1/../../../../arm-none-eabi/lib/armv6-m/crt0.o
START GROUP
LOAD .\CortexM0\ARM_GCC_541\Debug\main.o
LOAD .\CortexM0\ARM_GCC_541\Debug\cyfitter_cfg.o
LOAD .\CortexM0\ARM_GCC_541\Debug\cymetadata.o
LOAD .\CortexM0\ARM_GCC_541\Debug\Cm0Start.o
LOAD .\CortexM0\ARM_GCC_541\Debug\ECU-RGB_Command_Sender.a
END GROUP
START GROUP
LOAD c:/program files (x86)/cypress/psoc creator/4.2/psoc creator/import/gnu/arm/5.4.1/bin/../lib/gcc/arm-none-eabi/5.4.1/armv6-m\libgcc.a
LOAD c:/program files (x86)/cypress/psoc creator/4.2/psoc creator/import/gnu/arm/5.4.1/bin/../lib/gcc/arm-none-eabi/5.4.1/../../../../arm-none-eabi/lib/armv6-m\libg_nano.a
LOAD c:/program files (x86)/cypress/psoc creator/4.2/psoc creator/import/gnu/arm/5.4.1/bin/../lib/gcc/arm-none-eabi/5.4.1/../../../../arm-none-eabi/lib/armv6-m\libc_nano.a
END GROUP
START GROUP
LOAD c:/program files (x86)/cypress/psoc creator/4.2/psoc creator/import/gnu/arm/5.4.1/bin/../lib/gcc/arm-none-eabi/5.4.1/armv6-m\libgcc.a
LOAD c:/program files (x86)/cypress/psoc creator/4.2/psoc creator/import/gnu/arm/5.4.1/bin/../lib/gcc/arm-none-eabi/5.4.1/../../../../arm-none-eabi/lib/armv6-m\libc_nano.a
END GROUP
LOAD c:/program files (x86)/cypress/psoc creator/4.2/psoc creator/import/gnu/arm/5.4.1/bin/../lib/gcc/arm-none-eabi/5.4.1/armv6-m/crtend.o
LOAD c:/program files (x86)/cypress/psoc creator/4.2/psoc creator/import/gnu/arm/5.4.1/bin/../lib/gcc/arm-none-eabi/5.4.1/armv6-m/crtn.o
START GROUP
LOAD c:/program files (x86)/cypress/psoc creator/4.2/psoc creator/import/gnu/arm/5.4.1/bin/../lib/gcc/arm-none-eabi/5.4.1/armv6-m\libgcc.a
LOAD c:/program files (x86)/cypress/psoc creator/4.2/psoc creator/import/gnu/arm/5.4.1/bin/../lib/gcc/arm-none-eabi/5.4.1/../../../../arm-none-eabi/lib/armv6-m\libc.a
LOAD c:/program files (x86)/cypress/psoc creator/4.2/psoc creator/import/gnu/arm/5.4.1/bin/../lib/gcc/arm-none-eabi/5.4.1/../../../../arm-none-eabi/lib/armv6-m\libnosys.a
END GROUP
                0x00000000                CY_APPL_ORIGIN = 0x0
                0x00000080                CY_FLASH_ROW_SIZE = 0x80
                0x00000001                CY_APPL_NUM = 0x1
                0x00000001                CY_APPL_MAX = 0x1
                0x00000040                CY_METADATA_SIZE = 0x40
                0x00000000                CY_APPL_LOADABLE = 0x0
                0x00000000                CY_CHECKSUM_EXCLUDE_SIZE = ALIGN (0x0, CY_FLASH_ROW_SIZE)
                0x00000000                CY_APP_FOR_STACK_AND_COPIER = 0x0
                [!provide]                PROVIDE (__cy_heap_start, _end)
                0x00000001                PROVIDE (__cy_region_num, ((__cy_regions_end - __cy_regions) / 0x10))
                0x20001000                PROVIDE (__cy_stack, (ORIGIN (ram) + LENGTH (ram)))
                [!provide]                PROVIDE (__cy_heap_end, (__cy_stack - 0x800))

.cybootloader   0x00000000        0x0
 *(.cybootloader)
                0x00000000                appl1_start = CY_APPL_ORIGIN?CY_APPL_ORIGIN:ALIGN (CY_FLASH_ROW_SIZE)
                0x00003f80                appl2_start = (appl1_start + ALIGN ((((LENGTH (rom) - appl1_start) - (0x2 * CY_FLASH_ROW_SIZE)) / 0x2), CY_FLASH_ROW_SIZE))
                0x00000000                appl_start = (CY_APPL_NUM == 0x1)?appl1_start:appl2_start
                0x00000001                cy_project_type_bootloader = (appl_start == 0x0)?0x1:0x0
                0x00000000                cy_project_type_app_for_stack_and_copier = (CY_APP_FOR_STACK_AND_COPIER == 0x1)?0x1:0x0

.text           0x00000000      0xfb0
 CREATE_OBJECT_SYMBOLS
                0x00000000                PROVIDE (__cy_interrupt_vector, RomVectors)
 *(.romvectors)
 .romvectors    0x00000000       0x10 .\CortexM0\ARM_GCC_541\Debug\Cm0Start.o
                0x00000000                RomVectors
                0x00000001                ASSERT ((. != __cy_interrupt_vector), No interrupt vector)
                0x00000001                ASSERT (CY_APPL_ORIGIN?(SIZEOF (.cybootloader) <= CY_APPL_ORIGIN):0x1, Wrong image location)
                0x00000010                PROVIDE (__cy_reset, Reset)
 *(.text.Reset)
 .text.Reset    0x00000010        0x8 .\CortexM0\ARM_GCC_541\Debug\Cm0Start.o
                0x00000010                Reset
                0x00000001                ASSERT ((. != __cy_reset), No reset code)
 *(.psocinit)
 .psocinit      0x00000018      0x158 .\CortexM0\ARM_GCC_541\Debug\cyfitter_cfg.o
                0x0000009c                cyfitter_cfg
                0x00000170                . = MAX (., 0x100)
 *(.text .text.* .gnu.linkonce.t.*)
 .text          0x00000170       0x60 c:/program files (x86)/cypress/psoc creator/4.2/psoc creator/import/gnu/arm/5.4.1/bin/../lib/gcc/arm-none-eabi/5.4.1/armv6-m/crtbegin.o
 .text.LIN_ID_Parity_Calculator
                0x000001d0       0x28 .\CortexM0\ARM_GCC_541\Debug\main.o
                0x000001d0                LIN_ID_Parity_Calculator
 .text.LIN_PID_Calculator
                0x000001f8       0x2c .\CortexM0\ARM_GCC_541\Debug\main.o
                0x000001f8                LIN_PID_Calculator
 .text.LIN_Checksum_Calculation
                0x00000224       0x20 .\CortexM0\ARM_GCC_541\Debug\main.o
                0x00000224                LIN_Checksum_Calculation
 .text.getResults
                0x00000244       0xb0 .\CortexM0\ARM_GCC_541\Debug\main.o
                0x00000244                getResults
 .text.getData  0x000002f4       0x90 .\CortexM0\ARM_GCC_541\Debug\main.o
                0x000002f4                getData
 .text.sendFrame
                0x00000384       0x3c .\CortexM0\ARM_GCC_541\Debug\main.o
                0x00000384                sendFrame
 .text.main     0x000003c0       0x48 .\CortexM0\ARM_GCC_541\Debug\main.o
                0x000003c0                main
 .text.CYMEMZERO
                0x00000408        0xc .\CortexM0\ARM_GCC_541\Debug\cyfitter_cfg.o
 .text.IntDefaultHandler
                0x00000414       0x10 .\CortexM0\ARM_GCC_541\Debug\Cm0Start.o
                0x00000414                IntDefaultHandler
 .text.Start_c  0x00000424       0x48 .\CortexM0\ARM_GCC_541\Debug\Cm0Start.o
                0x00000424                Start_c
 .text.initialize_psoc
                0x0000046c       0x40 .\CortexM0\ARM_GCC_541\Debug\Cm0Start.o
                0x0000046c                initialize_psoc
 .text.CyIntEnable
                0x000004ac       0x14 .\CortexM0\ARM_GCC_541\Debug\ECU-RGB_Command_Sender.a(CyLib.o)
                0x000004ac                CyIntEnable
 .text.CyIntDisable
                0x000004c0       0x14 .\CortexM0\ARM_GCC_541\Debug\ECU-RGB_Command_Sender.a(CyLib.o)
                0x000004c0                CyIntDisable
 .text.CyHalt   0x000004d4        0x4 .\CortexM0\ARM_GCC_541\Debug\ECU-RGB_Command_Sender.a(CyLib.o)
                0x000004d4                CyHalt
 .text.CyIntSetVector
                0x000004d8       0x24 .\CortexM0\ARM_GCC_541\Debug\ECU-RGB_Command_Sender.a(CyLib.o)
                0x000004d8                CyIntSetVector
 .text.CyIntSetPriority
                0x000004fc       0x4c .\CortexM0\ARM_GCC_541\Debug\ECU-RGB_Command_Sender.a(CyLib.o)
                0x000004fc                CyIntSetPriority
 .text.CyDelayUs
                0x00000548       0x14 .\CortexM0\ARM_GCC_541\Debug\ECU-RGB_Command_Sender.a(CyLib.o)
                0x00000548                CyDelayUs
 .text.CySysClkWriteImoFreq
                0x0000055c      0x164 .\CortexM0\ARM_GCC_541\Debug\ECU-RGB_Command_Sender.a(CyLib.o)
                0x0000055c                CySysClkWriteImoFreq
 .text.CySysWdtLocked
                0x000006c0       0x14 .\CortexM0\ARM_GCC_541\Debug\ECU-RGB_Command_Sender.a(CyLFClk.o)
 .text.CySysWdtLock
                0x000006d4       0x1c .\CortexM0\ARM_GCC_541\Debug\ECU-RGB_Command_Sender.a(CyLFClk.o)
                0x000006d4                CySysWdtLock
 .text.CySysWdtUnlock
                0x000006f0       0x30 .\CortexM0\ARM_GCC_541\Debug\ECU-RGB_Command_Sender.a(CyLFClk.o)
                0x000006f0                CySysWdtUnlock
 .text.CySysWdtClearInterrupt
                0x00000720       0x4c .\CortexM0\ARM_GCC_541\Debug\ECU-RGB_Command_Sender.a(CyLFClk.o)
                0x00000720                CySysWdtClearInterrupt
 .text.CySysWdtIsr
                0x0000076c       0xa4 .\CortexM0\ARM_GCC_541\Debug\ECU-RGB_Command_Sender.a(CyLFClk.o)
                0x0000076c                CySysWdtIsr
 .text.UART_MASTER_ScbEnableIntr
                0x00000810        0xc .\CortexM0\ARM_GCC_541\Debug\ECU-RGB_Command_Sender.a(UART_MASTER.o)
 .text.UART_MASTER_ScbModePostEnable
                0x0000081c        0x8 .\CortexM0\ARM_GCC_541\Debug\ECU-RGB_Command_Sender.a(UART_MASTER.o)
 .text.UART_MASTER_Init
                0x00000824        0x8 .\CortexM0\ARM_GCC_541\Debug\ECU-RGB_Command_Sender.a(UART_MASTER.o)
                0x00000824                UART_MASTER_Init
 .text.UART_MASTER_Enable
                0x0000082c       0x1c .\CortexM0\ARM_GCC_541\Debug\ECU-RGB_Command_Sender.a(UART_MASTER.o)
                0x0000082c                UART_MASTER_Enable
 .text.UART_MASTER_Start
                0x00000848       0x20 .\CortexM0\ARM_GCC_541\Debug\ECU-RGB_Command_Sender.a(UART_MASTER.o)
                0x00000848                UART_MASTER_Start
 .text.UART_MASTER_SpiUartWriteTxData
                0x00000868       0x70 .\CortexM0\ARM_GCC_541\Debug\ECU-RGB_Command_Sender.a(UART_MASTER_SPI_UART.o)
                0x00000868                UART_MASTER_SpiUartWriteTxData
 .text.UART_MASTER_UartInit
                0x000008d8       0xe4 .\CortexM0\ARM_GCC_541\Debug\ECU-RGB_Command_Sender.a(UART_MASTER_UART.o)
                0x000008d8                UART_MASTER_UartInit
 .text.UART_MASTER_UartPostEnable
                0x000009bc       0x2c .\CortexM0\ARM_GCC_541\Debug\ECU-RGB_Command_Sender.a(UART_MASTER_UART.o)
                0x000009bc                UART_MASTER_UartPostEnable
 .text.UART_MASTER_UartSendBreakBlocking
                0x000009e8       0x58 .\CortexM0\ARM_GCC_541\Debug\ECU-RGB_Command_Sender.a(UART_MASTER_UART.o)
                0x000009e8                UART_MASTER_UartSendBreakBlocking
 .text.LedRed_Write
                0x00000a40       0x18 .\CortexM0\ARM_GCC_541\Debug\ECU-RGB_Command_Sender.a(LedRed.o)
                0x00000a40                LedRed_Write
 .text.UART_PC_ScbModePostEnable
                0x00000a58        0x8 .\CortexM0\ARM_GCC_541\Debug\ECU-RGB_Command_Sender.a(UART_PC.o)
 .text.UART_PC_Init
                0x00000a60        0x8 .\CortexM0\ARM_GCC_541\Debug\ECU-RGB_Command_Sender.a(UART_PC.o)
                0x00000a60                UART_PC_Init
 .text.UART_PC_Enable
                0x00000a68       0x18 .\CortexM0\ARM_GCC_541\Debug\ECU-RGB_Command_Sender.a(UART_PC.o)
                0x00000a68                UART_PC_Enable
 .text.UART_PC_Start
                0x00000a80       0x20 .\CortexM0\ARM_GCC_541\Debug\ECU-RGB_Command_Sender.a(UART_PC.o)
                0x00000a80                UART_PC_Start
 .text.UART_PC_SpiUartReadRxData
                0x00000aa0        0xc .\CortexM0\ARM_GCC_541\Debug\ECU-RGB_Command_Sender.a(UART_PC_SPI_UART.o)
                0x00000aa0                UART_PC_SpiUartReadRxData
 .text.UART_PC_SpiUartGetRxBufferSize
                0x00000aac       0x10 .\CortexM0\ARM_GCC_541\Debug\ECU-RGB_Command_Sender.a(UART_PC_SPI_UART.o)
                0x00000aac                UART_PC_SpiUartGetRxBufferSize
 .text.UART_PC_SpiUartWriteTxData
                0x00000abc       0x1c .\CortexM0\ARM_GCC_541\Debug\ECU-RGB_Command_Sender.a(UART_PC_SPI_UART.o)
                0x00000abc                UART_PC_SpiUartWriteTxData
 .text.UART_PC_UartInit
                0x00000ad8       0x9c .\CortexM0\ARM_GCC_541\Debug\ECU-RGB_Command_Sender.a(UART_PC_UART.o)
                0x00000ad8                UART_PC_UartInit
 .text.UART_PC_UartPostEnable
                0x00000b74       0x24 .\CortexM0\ARM_GCC_541\Debug\ECU-RGB_Command_Sender.a(UART_PC_UART.o)
                0x00000b74                UART_PC_UartPostEnable
 .text.UART_PC_UartGetChar
                0x00000b98       0x2c .\CortexM0\ARM_GCC_541\Debug\ECU-RGB_Command_Sender.a(UART_PC_UART.o)
                0x00000b98                UART_PC_UartGetChar
 .text.UART_PC_UartPutString
                0x00000bc4       0x18 .\CortexM0\ARM_GCC_541\Debug\ECU-RGB_Command_Sender.a(UART_PC_UART.o)
                0x00000bc4                UART_PC_UartPutString
 *fill*         0x00000bdc        0x4 
 .text          0x00000be0       0x24 .\CortexM0\ARM_GCC_541\Debug\ECU-RGB_Command_Sender.a(CyBootAsmGnu.o)
                0x00000be0                CyDelayCycles
                0x00000bf4                CyEnterCriticalSection
                0x00000bfc                CyExitCriticalSection
 .text.UART_MASTER_SPI_UART_ISR
                0x00000c04       0xe4 .\CortexM0\ARM_GCC_541\Debug\ECU-RGB_Command_Sender.a(UART_MASTER_SPI_UART_INT.o)
                0x00000c04                UART_MASTER_SPI_UART_ISR
 .text          0x00000ce8      0x114 c:/program files (x86)/cypress/psoc creator/4.2/psoc creator/import/gnu/arm/5.4.1/bin/../lib/gcc/arm-none-eabi/5.4.1/armv6-m\libgcc.a(_udivsi3.o)
                0x00000ce8                __aeabi_uidiv
                0x00000ce8                __udivsi3
                0x00000df4                __aeabi_uidivmod
 .text          0x00000dfc        0x4 c:/program files (x86)/cypress/psoc creator/4.2/psoc creator/import/gnu/arm/5.4.1/bin/../lib/gcc/arm-none-eabi/5.4.1/armv6-m\libgcc.a(_dvmd_tls.o)
                0x00000dfc                __aeabi_idiv0
                0x00000dfc                __aeabi_ldiv0
 .text.atoi     0x00000e00        0xc c:/program files (x86)/cypress/psoc creator/4.2/psoc creator/import/gnu/arm/5.4.1/bin/../lib/gcc/arm-none-eabi/5.4.1/../../../../arm-none-eabi/lib/armv6-m\libg_nano.a(lib_a-atoi.o)
                0x00000e00                atoi
 .text.__errno  0x00000e0c        0xc c:/program files (x86)/cypress/psoc creator/4.2/psoc creator/import/gnu/arm/5.4.1/bin/../lib/gcc/arm-none-eabi/5.4.1/../../../../arm-none-eabi/lib/armv6-m\libg_nano.a(lib_a-errno.o)
                0x00000e0c                __errno
 .text.__libc_init_array
                0x00000e18       0x4c c:/program files (x86)/cypress/psoc creator/4.2/psoc creator/import/gnu/arm/5.4.1/bin/../lib/gcc/arm-none-eabi/5.4.1/../../../../arm-none-eabi/lib/armv6-m\libg_nano.a(lib_a-init.o)
                0x00000e18                __libc_init_array
 .text.memset   0x00000e64       0x10 c:/program files (x86)/cypress/psoc creator/4.2/psoc creator/import/gnu/arm/5.4.1/bin/../lib/gcc/arm-none-eabi/5.4.1/../../../../arm-none-eabi/lib/armv6-m\libg_nano.a(lib_a-memset.o)
                0x00000e64                memset
 .text._strtol_r
                0x00000e74      0x124 c:/program files (x86)/cypress/psoc creator/4.2/psoc creator/import/gnu/arm/5.4.1/bin/../lib/gcc/arm-none-eabi/5.4.1/../../../../arm-none-eabi/lib/armv6-m\libg_nano.a(lib_a-strtol.o)
                0x00000e74                _strtol_r
 .text.strtol   0x00000f98       0x18 c:/program files (x86)/cypress/psoc creator/4.2/psoc creator/import/gnu/arm/5.4.1/bin/../lib/gcc/arm-none-eabi/5.4.1/../../../../arm-none-eabi/lib/armv6-m\libg_nano.a(lib_a-strtol.o)
                0x00000f98                strtol
 *(.plt)
 *(.gnu.warning)
 *(.glue_7t)
 .glue_7t       0x00000fb0        0x0 linker stubs
 *(.glue_7)
 .glue_7        0x00000fb0        0x0 linker stubs
 *(.vfp11_veneer)
 .vfp11_veneer  0x00000fb0        0x0 linker stubs
 *(.bootloader)
 *(.ARM.extab* .gnu.linkonce.armextab.*)
 *(.gcc_except_table)

.v4_bx          0x00000fb0        0x0
 .v4_bx         0x00000fb0        0x0 linker stubs

.iplt           0x00000fb0        0x0
 .iplt          0x00000fb0        0x0 c:/program files (x86)/cypress/psoc creator/4.2/psoc creator/import/gnu/arm/5.4.1/bin/../lib/gcc/arm-none-eabi/5.4.1/armv6-m/crtbegin.o

.eh_frame_hdr
 *(.eh_frame_hdr)

.eh_frame       0x00000fb0        0x4
 *(.eh_frame)
 .eh_frame      0x00000fb0        0x0 c:/program files (x86)/cypress/psoc creator/4.2/psoc creator/import/gnu/arm/5.4.1/bin/../lib/gcc/arm-none-eabi/5.4.1/armv6-m/crtbegin.o
 .eh_frame      0x00000fb0        0x4 c:/program files (x86)/cypress/psoc creator/4.2/psoc creator/import/gnu/arm/5.4.1/bin/../lib/gcc/arm-none-eabi/5.4.1/armv6-m/crtend.o
                [!provide]                PROVIDE (__exidx_start, .)

.ARM.exidx
 *(.ARM.exidx* .gnu.linkonce.armexidx.*)
                0x00000fb4                __exidx_end = .

.rodata         0x00000fb4      0x1d4
 *(.rodata .rodata.* .gnu.linkonce.r.*)
 .rodata.str1.4
                0x00000fb4       0x60 .\CortexM0\ARM_GCC_541\Debug\main.o
 .rodata        0x00001014        0xc .\CortexM0\ARM_GCC_541\Debug\cyfitter_cfg.o
 .rodata        0x00001020       0x2e .\CortexM0\ARM_GCC_541\Debug\ECU-RGB_Command_Sender.a(CyLib.o)
                0x00001020                cyImoFreqMhz2Reg
 .rodata.str1.1
                0x0000104e        0x2 c:/program files (x86)/cypress/psoc creator/4.2/psoc creator/import/gnu/arm/5.4.1/bin/../lib/gcc/arm-none-eabi/5.4.1/../../../../arm-none-eabi/lib/armv6-m\libg_nano.a(lib_a-impure.o)
 .rodata._ctype_
                0x00001050      0x101 c:/program files (x86)/cypress/psoc creator/4.2/psoc creator/import/gnu/arm/5.4.1/bin/../lib/gcc/arm-none-eabi/5.4.1/../../../../arm-none-eabi/lib/armv6-m\libg_nano.a(lib_a-ctype_.o)
                0x00001050                _ctype_
                0x00001154                . = ALIGN (0x4)
 *fill*         0x00001151        0x3 
 *(.init)
 .init          0x00001154        0x4 c:/program files (x86)/cypress/psoc creator/4.2/psoc creator/import/gnu/arm/5.4.1/bin/../lib/gcc/arm-none-eabi/5.4.1/armv6-m/crti.o
                0x00001154                _init
 .init          0x00001158        0x8 c:/program files (x86)/cypress/psoc creator/4.2/psoc creator/import/gnu/arm/5.4.1/bin/../lib/gcc/arm-none-eabi/5.4.1/armv6-m/crtn.o
                0x00001160                . = ALIGN (0x4)
                0x00001160                __preinit_array_start = .
 *(.preinit_array)
                0x00001160                __preinit_array_end = .
                0x00001160                . = ALIGN (0x4)
                0x00001160                __init_array_start = .
 *(SORT(.init_array.*))
 *(.init_array)
 .init_array    0x00001160        0x4 c:/program files (x86)/cypress/psoc creator/4.2/psoc creator/import/gnu/arm/5.4.1/bin/../lib/gcc/arm-none-eabi/5.4.1/armv6-m/crtbegin.o
 .init_array    0x00001164        0x4 .\CortexM0\ARM_GCC_541\Debug\Cm0Start.o
                0x00001168                __init_array_end = .
                0x00001168                . = ALIGN (0x4)
 *(.fini)
 .fini          0x00001168        0x4 c:/program files (x86)/cypress/psoc creator/4.2/psoc creator/import/gnu/arm/5.4.1/bin/../lib/gcc/arm-none-eabi/5.4.1/armv6-m/crti.o
                0x00001168                _fini
 .fini          0x0000116c        0x8 c:/program files (x86)/cypress/psoc creator/4.2/psoc creator/import/gnu/arm/5.4.1/bin/../lib/gcc/arm-none-eabi/5.4.1/armv6-m/crtn.o
                0x00001174                . = ALIGN (0x4)
                0x00001174                __fini_array_start = .
 *(.fini_array)
 .fini_array    0x00001174        0x4 c:/program files (x86)/cypress/psoc creator/4.2/psoc creator/import/gnu/arm/5.4.1/bin/../lib/gcc/arm-none-eabi/5.4.1/armv6-m/crtbegin.o
 *(SORT(.fini_array.*))
                0x00001178                __fini_array_end = .
                0x00001178                . = ALIGN (0x4)
 *crtbegin.o(.ctors)
 *(EXCLUDE_FILE(*crtend.o) .ctors)
 *(SORT(.ctors.*))
 *crtend.o(.ctors)
                0x00001178                . = ALIGN (0x4)
 *crtbegin.o(.dtors)
 *(EXCLUDE_FILE(*crtend.o) .dtors)
 *(SORT(.dtors.*))
 *crtend.o(.dtors)
                0x00001178                . = ALIGN (0x4)
                0x00001178                __cy_regions = .
                0x00001178        0x4 LONG 0x1188 __cy_region_init_ram
                0x0000117c        0x4 LONG 0x200000c0 __cy_region_start_data
                0x00001180        0x4 LONG 0x90 __cy_region_init_size_ram
                0x00001184        0x4 LONG 0x80 __cy_region_zero_size_ram
                0x00001188                __cy_regions_end = .
                0x00001188                . = ALIGN (0x8)
                0x00001188                _etext = .

.cy_checksum_exclude
                0x00001188        0x0
 *(.cy_checksum_exclude)

.ramvectors     0x20000000       0xc0
                0x20000000                __cy_region_start_ram = .
 *(.ramvectors)
 .ramvectors    0x20000000       0xc0 .\CortexM0\ARM_GCC_541\Debug\Cm0Start.o
                0x20000000                CyRamVectors

.noinit
 *(.noinit)

.data           0x200000c0       0x90 load address 0x00001188
                0x200000c0                __cy_region_start_data = .
 *(.jcr)
 .jcr           0x200000c0        0x0 c:/program files (x86)/cypress/psoc creator/4.2/psoc creator/import/gnu/arm/5.4.1/bin/../lib/gcc/arm-none-eabi/5.4.1/armv6-m/crtbegin.o
 .jcr           0x200000c0        0x4 c:/program files (x86)/cypress/psoc creator/4.2/psoc creator/import/gnu/arm/5.4.1/bin/../lib/gcc/arm-none-eabi/5.4.1/armv6-m/crtend.o
 *(.got.plt)
 *(.got)
 *(.shdata)
 *(.data .data.* .gnu.linkonce.d.*)
 .data          0x200000c4        0xc .\CortexM0\ARM_GCC_541\Debug\main.o
                0x200000c4                id
                0x200000c8                packet
 .data          0x200000d0       0x14 .\CortexM0\ARM_GCC_541\Debug\ECU-RGB_Command_Sender.a(CyLib.o)
                0x200000d0                CySysClkPumpConfig
                0x200000d4                cydelay32kMs
                0x200000d8                cydelayFreqKhz
                0x200000dc                cydelayFreqMhz
                0x200000e0                cydelayFreqHz
 .data          0x200000e4        0x4 .\CortexM0\ARM_GCC_541\Debug\ECU-RGB_Command_Sender.a(CyLFClk.o)
 .data.impure_data
                0x200000e8       0x60 c:/program files (x86)/cypress/psoc creator/4.2/psoc creator/import/gnu/arm/5.4.1/bin/../lib/gcc/arm-none-eabi/5.4.1/../../../../arm-none-eabi/lib/armv6-m\libg_nano.a(lib_a-impure.o)
 .data._impure_ptr
                0x20000148        0x4 c:/program files (x86)/cypress/psoc creator/4.2/psoc creator/import/gnu/arm/5.4.1/bin/../lib/gcc/arm-none-eabi/5.4.1/../../../../arm-none-eabi/lib/armv6-m\libg_nano.a(lib_a-impure.o)
                0x20000148                _impure_ptr
 .data.__ctype_ptr__
                0x2000014c        0x4 c:/program files (x86)/cypress/psoc creator/4.2/psoc creator/import/gnu/arm/5.4.1/bin/../lib/gcc/arm-none-eabi/5.4.1/../../../../arm-none-eabi/lib/armv6-m\libg_nano.a(lib_a-ctype_.o)
                0x2000014c                __ctype_ptr__
                0x20000150                . = ALIGN (0x8)
 *(.ram)
                0x20000150                _edata = .

.igot.plt       0x20000150        0x0 load address 0x00001218
 .igot.plt      0x20000150        0x0 c:/program files (x86)/cypress/psoc creator/4.2/psoc creator/import/gnu/arm/5.4.1/bin/../lib/gcc/arm-none-eabi/5.4.1/armv6-m/crtbegin.o

.bss            0x20000150       0x80 load address 0x00001218
                0x20000150                PROVIDE (__bss_start__, .)
 *(.shbss)
 *(.bss .bss.* .gnu.linkonce.b.*)
 .bss           0x20000150       0x1c c:/program files (x86)/cypress/psoc creator/4.2/psoc creator/import/gnu/arm/5.4.1/bin/../lib/gcc/arm-none-eabi/5.4.1/armv6-m/crtbegin.o
 .bss           0x2000016c        0x2 .\CortexM0\ARM_GCC_541\Debug\main.o
                0x2000016c                pid
                0x2000016d                checksum
 *fill*         0x2000016e        0x2 
 .bss           0x20000170       0x20 .\CortexM0\ARM_GCC_541\Debug\ECU-RGB_Command_Sender.a(CyLFClk.o)
 .bss           0x20000190        0xa .\CortexM0\ARM_GCC_541\Debug\ECU-RGB_Command_Sender.a(UART_MASTER.o)
                0x20000190                UART_MASTER_initVar
                0x20000194                UART_MASTER_customIntrHandler
                0x20000198                UART_MASTER_IntrTxMask
 .bss           0x2000019a        0x4 .\CortexM0\ARM_GCC_541\Debug\ECU-RGB_Command_Sender.a(UART_PC.o)
                0x2000019a                UART_PC_initVar
                0x2000019c                UART_PC_IntrTxMask
 *(COMMON)
 *fill*         0x2000019e        0x2 
 COMMON         0x200001a0       0x29 .\CortexM0\ARM_GCC_541\Debug\ECU-RGB_Command_Sender.a(UART_MASTER_SPI_UART.o)
                0x200001a0                UART_MASTER_rxBufferInternal
                0x200001ac                UART_MASTER_txBufferHead
                0x200001b0                UART_MASTER_rxBufferHead
                0x200001b4                UART_MASTER_rxBufferTail
                0x200001b8                UART_MASTER_txBufferInternal
                0x200001c4                UART_MASTER_txBufferTail
                0x200001c8                UART_MASTER_rxBufferOverflow
                0x200001d0                . = ALIGN (0x8)
 *fill*         0x200001c9        0x7 
 *(.ram.b)
                0x200001d0                _end = .
                0x200001d0                __end = .
                0x200001d0                PROVIDE (end, .)
                0x200001d0                PROVIDE (__bss_end__, .)
                0x00001188                __cy_region_init_ram = LOADADDR (.data)
                0x00000090                __cy_region_init_size_ram = (_edata - ADDR (.data))
                0x00000080                __cy_region_zero_size_ram = (_end - _edata)

.heap           0x200001d0       0x80 load address 0x00001218
                0x200001d0                . = _end
                0x20000250                . = (. + 0x80)
 *fill*         0x200001d0       0x80 
                0x20000250                __cy_heap_limit = .

.stack          0x20000800      0x800
                0x20000800                __cy_stack_limit = .
                0x20001000                . = (. + 0x800)
 *fill*         0x20000800      0x800 
                0x00000001                ASSERT ((__cy_stack_limit >= __cy_heap_limit), region RAM overflowed with stack)
                0x00000000                cy_checksum_exclude_size = (CY_APPL_LOADABLE == 0x1)?SIZEOF (.cy_checksum_exclude):0x0
                0x00000001                ASSERT ((cy_checksum_exclude_size <= CY_CHECKSUM_EXCLUDE_SIZE), CY_BOOT: Section .cy_checksum_exclude size exceedes specified limit.)
                0x00007fc0                cyloadermeta_start = (cy_project_type_bootloader || cy_project_type_app_for_stack_and_copier)?(LENGTH (rom) - CY_METADATA_SIZE):0xf0000000

.cyloadermeta
 *(.cyloadermeta)
                0x00007fc0                cyloadablemeta_start = cy_project_type_app_for_stack_and_copier?((LENGTH (rom) - CY_FLASH_ROW_SIZE) - CY_METADATA_SIZE):((LENGTH (rom) - (CY_FLASH_ROW_SIZE * (CY_APPL_NUM - 0x1))) - CY_METADATA_SIZE)

.cyloadablemeta
 *(.cyloadablemeta)

.cyflashprotect
                0x90400000       0x20
 *(.cyflashprotect)
 .cyflashprotect
                0x90400000       0x20 .\CortexM0\ARM_GCC_541\Debug\cymetadata.o
                0x90400000                cy_meta_flashprotect

.cymeta         0x90500000        0xc
 *(.cymeta)
 .cymeta        0x90500000        0xc .\CortexM0\ARM_GCC_541\Debug\cymetadata.o
                0x90500000                cy_metadata

.cychipprotect  0x90600000        0x1
 *(.cychipprotect)
 .cychipprotect
                0x90600000        0x1 .\CortexM0\ARM_GCC_541\Debug\cymetadata.o
                0x90600000                cy_meta_chipprotect

.rel.dyn        0x00001218        0x0 load address 0x90600004
 .rel.iplt      0x00001218        0x0 c:/program files (x86)/cypress/psoc creator/4.2/psoc creator/import/gnu/arm/5.4.1/bin/../lib/gcc/arm-none-eabi/5.4.1/armv6-m/crtbegin.o

.stab
 *(.stab)

.stabstr
 *(.stabstr)

.debug
 *(.debug)

.line
 *(.line)

.debug_srcinfo
 *(.debug_srcinfo)

.debug_sfnames
 *(.debug_sfnames)

.debug_aranges  0x00000000      0x680
 *(.debug_aranges)
 .debug_aranges
                0x00000000       0x50 .\CortexM0\ARM_GCC_541\Debug\main.o
 .debug_aranges
                0x00000050       0x30 .\CortexM0\ARM_GCC_541\Debug\cyfitter_cfg.o
 .debug_aranges
                0x00000080       0x18 .\CortexM0\ARM_GCC_541\Debug\cymetadata.o
 .debug_aranges
                0x00000098       0x48 .\CortexM0\ARM_GCC_541\Debug\Cm0Start.o
 .debug_aranges
                0x000000e0      0x180 .\CortexM0\ARM_GCC_541\Debug\ECU-RGB_Command_Sender.a(CyLib.o)
 .debug_aranges
                0x00000260      0x138 .\CortexM0\ARM_GCC_541\Debug\ECU-RGB_Command_Sender.a(CyLFClk.o)
 .debug_aranges
                0x00000398       0x70 .\CortexM0\ARM_GCC_541\Debug\ECU-RGB_Command_Sender.a(UART_MASTER.o)
 .debug_aranges
                0x00000408       0x60 .\CortexM0\ARM_GCC_541\Debug\ECU-RGB_Command_Sender.a(UART_MASTER_SPI_UART.o)
 .debug_aranges
                0x00000468       0x68 .\CortexM0\ARM_GCC_541\Debug\ECU-RGB_Command_Sender.a(UART_MASTER_UART.o)
 .debug_aranges
                0x000004d0       0x48 .\CortexM0\ARM_GCC_541\Debug\ECU-RGB_Command_Sender.a(LedRed.o)
 .debug_aranges
                0x00000518       0x60 .\CortexM0\ARM_GCC_541\Debug\ECU-RGB_Command_Sender.a(UART_PC.o)
 .debug_aranges
                0x00000578       0x60 .\CortexM0\ARM_GCC_541\Debug\ECU-RGB_Command_Sender.a(UART_PC_SPI_UART.o)
 .debug_aranges
                0x000005d8       0x68 .\CortexM0\ARM_GCC_541\Debug\ECU-RGB_Command_Sender.a(UART_PC_UART.o)
 .debug_aranges
                0x00000640       0x20 .\CortexM0\ARM_GCC_541\Debug\ECU-RGB_Command_Sender.a(CyBootAsmGnu.o)
 .debug_aranges
                0x00000660       0x20 .\CortexM0\ARM_GCC_541\Debug\ECU-RGB_Command_Sender.a(UART_MASTER_SPI_UART_INT.o)

.debug_pubnames
 *(.debug_pubnames)

.debug_info     0x00000000     0x3aa8
 *(.debug_info .gnu.linkonce.wi.*)
 .debug_info    0x00000000      0x5ea .\CortexM0\ARM_GCC_541\Debug\main.o
 .debug_info    0x000005ea      0x27b .\CortexM0\ARM_GCC_541\Debug\cyfitter_cfg.o
 .debug_info    0x00000865       0xf8 .\CortexM0\ARM_GCC_541\Debug\cymetadata.o
 .debug_info    0x0000095d      0x3a2 .\CortexM0\ARM_GCC_541\Debug\Cm0Start.o
 .debug_info    0x00000cff      0xaec .\CortexM0\ARM_GCC_541\Debug\ECU-RGB_Command_Sender.a(CyLib.o)
 .debug_info    0x000017eb      0xcfe .\CortexM0\ARM_GCC_541\Debug\ECU-RGB_Command_Sender.a(CyLFClk.o)
 .debug_info    0x000024e9      0x2fb .\CortexM0\ARM_GCC_541\Debug\ECU-RGB_Command_Sender.a(UART_MASTER.o)
 .debug_info    0x000027e4      0x372 .\CortexM0\ARM_GCC_541\Debug\ECU-RGB_Command_Sender.a(UART_MASTER_SPI_UART.o)
 .debug_info    0x00002b56      0x3f8 .\CortexM0\ARM_GCC_541\Debug\ECU-RGB_Command_Sender.a(UART_MASTER_UART.o)
 .debug_info    0x00002f4e      0x19d .\CortexM0\ARM_GCC_541\Debug\ECU-RGB_Command_Sender.a(LedRed.o)
 .debug_info    0x000030eb      0x24c .\CortexM0\ARM_GCC_541\Debug\ECU-RGB_Command_Sender.a(UART_PC.o)
 .debug_info    0x00003337      0x220 .\CortexM0\ARM_GCC_541\Debug\ECU-RGB_Command_Sender.a(UART_PC_SPI_UART.o)
 .debug_info    0x00003557      0x310 .\CortexM0\ARM_GCC_541\Debug\ECU-RGB_Command_Sender.a(UART_PC_UART.o)
 .debug_info    0x00003867       0xbb .\CortexM0\ARM_GCC_541\Debug\ECU-RGB_Command_Sender.a(CyBootAsmGnu.o)
 .debug_info    0x00003922      0x186 .\CortexM0\ARM_GCC_541\Debug\ECU-RGB_Command_Sender.a(UART_MASTER_SPI_UART_INT.o)

.debug_abbrev   0x00000000     0x11e3
 *(.debug_abbrev)
 .debug_abbrev  0x00000000      0x1cc .\CortexM0\ARM_GCC_541\Debug\main.o
 .debug_abbrev  0x000001cc      0x150 .\CortexM0\ARM_GCC_541\Debug\cyfitter_cfg.o
 .debug_abbrev  0x0000031c       0x5d .\CortexM0\ARM_GCC_541\Debug\cymetadata.o
 .debug_abbrev  0x00000379      0x1d7 .\CortexM0\ARM_GCC_541\Debug\Cm0Start.o
 .debug_abbrev  0x00000550      0x1e0 .\CortexM0\ARM_GCC_541\Debug\ECU-RGB_Command_Sender.a(CyLib.o)
 .debug_abbrev  0x00000730      0x210 .\CortexM0\ARM_GCC_541\Debug\ECU-RGB_Command_Sender.a(CyLFClk.o)
 .debug_abbrev  0x00000940      0x130 .\CortexM0\ARM_GCC_541\Debug\ECU-RGB_Command_Sender.a(UART_MASTER.o)
 .debug_abbrev  0x00000a70      0x168 .\CortexM0\ARM_GCC_541\Debug\ECU-RGB_Command_Sender.a(UART_MASTER_SPI_UART.o)
 .debug_abbrev  0x00000bd8      0x136 .\CortexM0\ARM_GCC_541\Debug\ECU-RGB_Command_Sender.a(UART_MASTER_UART.o)
 .debug_abbrev  0x00000d0e       0xc8 .\CortexM0\ARM_GCC_541\Debug\ECU-RGB_Command_Sender.a(LedRed.o)
 .debug_abbrev  0x00000dd6       0xed .\CortexM0\ARM_GCC_541\Debug\ECU-RGB_Command_Sender.a(UART_PC.o)
 .debug_abbrev  0x00000ec3      0x14f .\CortexM0\ARM_GCC_541\Debug\ECU-RGB_Command_Sender.a(UART_PC_SPI_UART.o)
 .debug_abbrev  0x00001012      0x123 .\CortexM0\ARM_GCC_541\Debug\ECU-RGB_Command_Sender.a(UART_PC_UART.o)
 .debug_abbrev  0x00001135       0x14 .\CortexM0\ARM_GCC_541\Debug\ECU-RGB_Command_Sender.a(CyBootAsmGnu.o)
 .debug_abbrev  0x00001149       0x9a .\CortexM0\ARM_GCC_541\Debug\ECU-RGB_Command_Sender.a(UART_MASTER_SPI_UART_INT.o)

.debug_line     0x00000000     0x1b3b
 *(.debug_line)
 .debug_line    0x00000000      0x3a9 .\CortexM0\ARM_GCC_541\Debug\main.o
 .debug_line    0x000003a9      0x139 .\CortexM0\ARM_GCC_541\Debug\cyfitter_cfg.o
 .debug_line    0x000004e2      0x141 .\CortexM0\ARM_GCC_541\Debug\cymetadata.o
 .debug_line    0x00000623      0x235 .\CortexM0\ARM_GCC_541\Debug\Cm0Start.o
 .debug_line    0x00000858      0x460 .\CortexM0\ARM_GCC_541\Debug\ECU-RGB_Command_Sender.a(CyLib.o)
 .debug_line    0x00000cb8      0x466 .\CortexM0\ARM_GCC_541\Debug\ECU-RGB_Command_Sender.a(CyLFClk.o)
 .debug_line    0x0000111e      0x169 .\CortexM0\ARM_GCC_541\Debug\ECU-RGB_Command_Sender.a(UART_MASTER.o)
 .debug_line    0x00001287      0x159 .\CortexM0\ARM_GCC_541\Debug\ECU-RGB_Command_Sender.a(UART_MASTER_SPI_UART.o)
 .debug_line    0x000013e0      0x1b1 .\CortexM0\ARM_GCC_541\Debug\ECU-RGB_Command_Sender.a(UART_MASTER_UART.o)
 .debug_line    0x00001591       0xbe .\CortexM0\ARM_GCC_541\Debug\ECU-RGB_Command_Sender.a(LedRed.o)
 .debug_line    0x0000164f      0x12d .\CortexM0\ARM_GCC_541\Debug\ECU-RGB_Command_Sender.a(UART_PC.o)
 .debug_line    0x0000177c      0x11d .\CortexM0\ARM_GCC_541\Debug\ECU-RGB_Command_Sender.a(UART_PC_SPI_UART.o)
 .debug_line    0x00001899      0x176 .\CortexM0\ARM_GCC_541\Debug\ECU-RGB_Command_Sender.a(UART_PC_UART.o)
 .debug_line    0x00001a0f       0x69 .\CortexM0\ARM_GCC_541\Debug\ECU-RGB_Command_Sender.a(CyBootAsmGnu.o)
 .debug_line    0x00001a78       0xc3 .\CortexM0\ARM_GCC_541\Debug\ECU-RGB_Command_Sender.a(UART_MASTER_SPI_UART_INT.o)

.debug_frame    0x00000000     0x10cc
 *(.debug_frame)
 .debug_frame   0x00000000       0xe0 .\CortexM0\ARM_GCC_541\Debug\main.o
 .debug_frame   0x000000e0       0x68 .\CortexM0\ARM_GCC_541\Debug\cyfitter_cfg.o
 .debug_frame   0x00000148       0xbc .\CortexM0\ARM_GCC_541\Debug\Cm0Start.o
 .debug_frame   0x00000204      0x3e0 .\CortexM0\ARM_GCC_541\Debug\ECU-RGB_Command_Sender.a(CyLib.o)
 .debug_frame   0x000005e4      0x3a8 .\CortexM0\ARM_GCC_541\Debug\ECU-RGB_Command_Sender.a(CyLFClk.o)
 .debug_frame   0x0000098c      0x114 .\CortexM0\ARM_GCC_541\Debug\ECU-RGB_Command_Sender.a(UART_MASTER.o)
 .debug_frame   0x00000aa0       0xc8 .\CortexM0\ARM_GCC_541\Debug\ECU-RGB_Command_Sender.a(UART_MASTER_SPI_UART.o)
 .debug_frame   0x00000b68      0x100 .\CortexM0\ARM_GCC_541\Debug\ECU-RGB_Command_Sender.a(UART_MASTER_UART.o)
 .debug_frame   0x00000c68       0x70 .\CortexM0\ARM_GCC_541\Debug\ECU-RGB_Command_Sender.a(LedRed.o)
 .debug_frame   0x00000cd8       0xe8 .\CortexM0\ARM_GCC_541\Debug\ECU-RGB_Command_Sender.a(UART_PC.o)
 .debug_frame   0x00000dc0       0xb0 .\CortexM0\ARM_GCC_541\Debug\ECU-RGB_Command_Sender.a(UART_PC_SPI_UART.o)
 .debug_frame   0x00000e70       0xf4 .\CortexM0\ARM_GCC_541\Debug\ECU-RGB_Command_Sender.a(UART_PC_UART.o)
 .debug_frame   0x00000f64       0x2c .\CortexM0\ARM_GCC_541\Debug\ECU-RGB_Command_Sender.a(UART_MASTER_SPI_UART_INT.o)
 .debug_frame   0x00000f90       0x20 c:/program files (x86)/cypress/psoc creator/4.2/psoc creator/import/gnu/arm/5.4.1/bin/../lib/gcc/arm-none-eabi/5.4.1/armv6-m\libgcc.a(_udivsi3.o)
 .debug_frame   0x00000fb0       0x40 c:/program files (x86)/cypress/psoc creator/4.2/psoc creator/import/gnu/arm/5.4.1/bin/../lib/gcc/arm-none-eabi/5.4.1/../../../../arm-none-eabi/lib/armv6-m\libg_nano.a(lib_a-atoi.o)
 .debug_frame   0x00000ff0       0x20 c:/program files (x86)/cypress/psoc creator/4.2/psoc creator/import/gnu/arm/5.4.1/bin/../lib/gcc/arm-none-eabi/5.4.1/../../../../arm-none-eabi/lib/armv6-m\libg_nano.a(lib_a-errno.o)
 .debug_frame   0x00001010       0x28 c:/program files (x86)/cypress/psoc creator/4.2/psoc creator/import/gnu/arm/5.4.1/bin/../lib/gcc/arm-none-eabi/5.4.1/../../../../arm-none-eabi/lib/armv6-m\libg_nano.a(lib_a-exit.o)
 .debug_frame   0x00001038       0x2c c:/program files (x86)/cypress/psoc creator/4.2/psoc creator/import/gnu/arm/5.4.1/bin/../lib/gcc/arm-none-eabi/5.4.1/../../../../arm-none-eabi/lib/armv6-m\libg_nano.a(lib_a-init.o)
 .debug_frame   0x00001064       0x20 c:/program files (x86)/cypress/psoc creator/4.2/psoc creator/import/gnu/arm/5.4.1/bin/../lib/gcc/arm-none-eabi/5.4.1/../../../../arm-none-eabi/lib/armv6-m\libg_nano.a(lib_a-memset.o)
 .debug_frame   0x00001084       0x48 c:/program files (x86)/cypress/psoc creator/4.2/psoc creator/import/gnu/arm/5.4.1/bin/../lib/gcc/arm-none-eabi/5.4.1/../../../../arm-none-eabi/lib/armv6-m\libg_nano.a(lib_a-strtol.o)

.debug_str      0x00000000     0x1905
 *(.debug_str)
 .debug_str     0x00000000      0x358 .\CortexM0\ARM_GCC_541\Debug\main.o
                                0x3b3 (size before relaxing)
 .debug_str     0x00000358       0xbb .\CortexM0\ARM_GCC_541\Debug\cyfitter_cfg.o
                                0x275 (size before relaxing)
 .debug_str     0x00000413       0xcb .\CortexM0\ARM_GCC_541\Debug\cymetadata.o
                                0x1f8 (size before relaxing)
 .debug_str     0x000004de      0x140 .\CortexM0\ARM_GCC_541\Debug\Cm0Start.o
                                0x32c (size before relaxing)
 .debug_str     0x0000061e      0x4d0 .\CortexM0\ARM_GCC_541\Debug\ECU-RGB_Command_Sender.a(CyLib.o)
                                0x6e1 (size before relaxing)
 .debug_str     0x00000aee      0x530 .\CortexM0\ARM_GCC_541\Debug\ECU-RGB_Command_Sender.a(CyLFClk.o)
                                0x768 (size before relaxing)
 .debug_str     0x0000101e      0x1d8 .\CortexM0\ARM_GCC_541\Debug\ECU-RGB_Command_Sender.a(UART_MASTER.o)
                                0x3d5 (size before relaxing)
 .debug_str     0x000011f6      0x227 .\CortexM0\ARM_GCC_541\Debug\ECU-RGB_Command_Sender.a(UART_MASTER_SPI_UART.o)
                                0x423 (size before relaxing)
 .debug_str     0x0000141d      0x129 .\CortexM0\ARM_GCC_541\Debug\ECU-RGB_Command_Sender.a(UART_MASTER_UART.o)
                                0x490 (size before relaxing)
 .debug_str     0x00001546       0xa5 .\CortexM0\ARM_GCC_541\Debug\ECU-RGB_Command_Sender.a(LedRed.o)
                                0x268 (size before relaxing)
 .debug_str     0x000015eb      0x121 .\CortexM0\ARM_GCC_541\Debug\ECU-RGB_Command_Sender.a(UART_PC.o)
                                0x30b (size before relaxing)
 .debug_str     0x0000170c      0x10c .\CortexM0\ARM_GCC_541\Debug\ECU-RGB_Command_Sender.a(UART_PC_SPI_UART.o)
                                0x317 (size before relaxing)
 .debug_str     0x00001818       0xa2 .\CortexM0\ARM_GCC_541\Debug\ECU-RGB_Command_Sender.a(UART_PC_UART.o)
                                0x394 (size before relaxing)
 .debug_str     0x000018ba       0x4b .\CortexM0\ARM_GCC_541\Debug\ECU-RGB_Command_Sender.a(UART_MASTER_SPI_UART_INT.o)
                                0x2fa (size before relaxing)

.debug_loc      0x00000000     0x1bfb
 *(.debug_loc)
 .debug_loc     0x00000000      0x301 .\CortexM0\ARM_GCC_541\Debug\main.o
 .debug_loc     0x00000301       0xa9 .\CortexM0\ARM_GCC_541\Debug\cyfitter_cfg.o
 .debug_loc     0x000003aa      0x14f .\CortexM0\ARM_GCC_541\Debug\Cm0Start.o
 .debug_loc     0x000004f9      0x599 .\CortexM0\ARM_GCC_541\Debug\ECU-RGB_Command_Sender.a(CyLib.o)
 .debug_loc     0x00000a92      0x9b5 .\CortexM0\ARM_GCC_541\Debug\ECU-RGB_Command_Sender.a(CyLFClk.o)
 .debug_loc     0x00001447       0x7e .\CortexM0\ARM_GCC_541\Debug\ECU-RGB_Command_Sender.a(UART_MASTER.o)
 .debug_loc     0x000014c5      0x170 .\CortexM0\ARM_GCC_541\Debug\ECU-RGB_Command_Sender.a(UART_MASTER_SPI_UART.o)
 .debug_loc     0x00001635      0x1ef .\CortexM0\ARM_GCC_541\Debug\ECU-RGB_Command_Sender.a(UART_MASTER_UART.o)
 .debug_loc     0x00001824       0xa2 .\CortexM0\ARM_GCC_541\Debug\ECU-RGB_Command_Sender.a(LedRed.o)
 .debug_loc     0x000018c6       0x7e .\CortexM0\ARM_GCC_541\Debug\ECU-RGB_Command_Sender.a(UART_PC.o)
 .debug_loc     0x00001944       0x96 .\CortexM0\ARM_GCC_541\Debug\ECU-RGB_Command_Sender.a(UART_PC_SPI_UART.o)
 .debug_loc     0x000019da      0x1e4 .\CortexM0\ARM_GCC_541\Debug\ECU-RGB_Command_Sender.a(UART_PC_UART.o)
 .debug_loc     0x00001bbe       0x3d .\CortexM0\ARM_GCC_541\Debug\ECU-RGB_Command_Sender.a(UART_MASTER_SPI_UART_INT.o)

.debug_macinfo
 *(.debug_macinfo)

.debug_ranges   0x00000000      0x5a8
 *(.debug_ranges)
 .debug_ranges  0x00000000       0x70 .\CortexM0\ARM_GCC_541\Debug\main.o
 .debug_ranges  0x00000070       0x20 .\CortexM0\ARM_GCC_541\Debug\cyfitter_cfg.o
 .debug_ranges  0x00000090       0x38 .\CortexM0\ARM_GCC_541\Debug\Cm0Start.o
 .debug_ranges  0x000000c8      0x170 .\CortexM0\ARM_GCC_541\Debug\ECU-RGB_Command_Sender.a(CyLib.o)
 .debug_ranges  0x00000238      0x128 .\CortexM0\ARM_GCC_541\Debug\ECU-RGB_Command_Sender.a(CyLFClk.o)
 .debug_ranges  0x00000360       0x60 .\CortexM0\ARM_GCC_541\Debug\ECU-RGB_Command_Sender.a(UART_MASTER.o)
 .debug_ranges  0x000003c0       0x50 .\CortexM0\ARM_GCC_541\Debug\ECU-RGB_Command_Sender.a(UART_MASTER_SPI_UART.o)
 .debug_ranges  0x00000410       0x58 .\CortexM0\ARM_GCC_541\Debug\ECU-RGB_Command_Sender.a(UART_MASTER_UART.o)
 .debug_ranges  0x00000468       0x38 .\CortexM0\ARM_GCC_541\Debug\ECU-RGB_Command_Sender.a(LedRed.o)
 .debug_ranges  0x000004a0       0x50 .\CortexM0\ARM_GCC_541\Debug\ECU-RGB_Command_Sender.a(UART_PC.o)
 .debug_ranges  0x000004f0       0x50 .\CortexM0\ARM_GCC_541\Debug\ECU-RGB_Command_Sender.a(UART_PC_SPI_UART.o)
 .debug_ranges  0x00000540       0x58 .\CortexM0\ARM_GCC_541\Debug\ECU-RGB_Command_Sender.a(UART_PC_UART.o)
 .debug_ranges  0x00000598       0x10 .\CortexM0\ARM_GCC_541\Debug\ECU-RGB_Command_Sender.a(UART_MASTER_SPI_UART_INT.o)

.comment        0x00000000       0x6e
 .comment       0x00000000       0x6e .\CortexM0\ARM_GCC_541\Debug\main.o
                                 0x6f (size before relaxing)
 .comment       0x0000006e       0x6f .\CortexM0\ARM_GCC_541\Debug\cyfitter_cfg.o
 .comment       0x0000006e       0x6f .\CortexM0\ARM_GCC_541\Debug\cymetadata.o
 .comment       0x0000006e       0x6f .\CortexM0\ARM_GCC_541\Debug\Cm0Start.o
 .comment       0x0000006e       0x6f .\CortexM0\ARM_GCC_541\Debug\ECU-RGB_Command_Sender.a(CyLib.o)
 .comment       0x0000006e       0x6f .\CortexM0\ARM_GCC_541\Debug\ECU-RGB_Command_Sender.a(CyLFClk.o)
 .comment       0x0000006e       0x6f .\CortexM0\ARM_GCC_541\Debug\ECU-RGB_Command_Sender.a(UART_MASTER.o)
 .comment       0x0000006e       0x6f .\CortexM0\ARM_GCC_541\Debug\ECU-RGB_Command_Sender.a(UART_MASTER_SPI_UART.o)
 .comment       0x0000006e       0x6f .\CortexM0\ARM_GCC_541\Debug\ECU-RGB_Command_Sender.a(UART_MASTER_UART.o)
 .comment       0x0000006e       0x6f .\CortexM0\ARM_GCC_541\Debug\ECU-RGB_Command_Sender.a(LedRed.o)
 .comment       0x0000006e       0x6f .\CortexM0\ARM_GCC_541\Debug\ECU-RGB_Command_Sender.a(UART_PC.o)
 .comment       0x0000006e       0x6f .\CortexM0\ARM_GCC_541\Debug\ECU-RGB_Command_Sender.a(UART_PC_SPI_UART.o)
 .comment       0x0000006e       0x6f .\CortexM0\ARM_GCC_541\Debug\ECU-RGB_Command_Sender.a(UART_PC_UART.o)
 .comment       0x0000006e       0x6f .\CortexM0\ARM_GCC_541\Debug\ECU-RGB_Command_Sender.a(UART_MASTER_SPI_UART_INT.o)

.debug_weaknames
 *(.debug_weaknames)

.debug_funcnames
 *(.debug_funcnames)

.debug_typenames
 *(.debug_typenames)

.debug_varnames
 *(.debug_varnames)

.note.gnu.arm.ident
 *(.note.gnu.arm.ident)

.ARM.attributes
                0x00000000       0x28
 *(.ARM.attributes)
 .ARM.attributes
                0x00000000       0x1e c:/program files (x86)/cypress/psoc creator/4.2/psoc creator/import/gnu/arm/5.4.1/bin/../lib/gcc/arm-none-eabi/5.4.1/armv6-m/crti.o
 .ARM.attributes
                0x0000001e       0x2c c:/program files (x86)/cypress/psoc creator/4.2/psoc creator/import/gnu/arm/5.4.1/bin/../lib/gcc/arm-none-eabi/5.4.1/armv6-m/crtbegin.o
 .ARM.attributes
                0x0000004a       0x1b c:/program files (x86)/cypress/psoc creator/4.2/psoc creator/import/gnu/arm/5.4.1/bin/../lib/gcc/arm-none-eabi/5.4.1/../../../../arm-none-eabi/lib/armv6-m/crt0.o
 .ARM.attributes
                0x00000065       0x31 .\CortexM0\ARM_GCC_541\Debug\main.o
 .ARM.attributes
                0x00000096       0x31 .\CortexM0\ARM_GCC_541\Debug\cyfitter_cfg.o
 .ARM.attributes
                0x000000c7       0x31 .\CortexM0\ARM_GCC_541\Debug\cymetadata.o
 .ARM.attributes
                0x000000f8       0x31 .\CortexM0\ARM_GCC_541\Debug\Cm0Start.o
 .ARM.attributes
                0x00000129       0x31 .\CortexM0\ARM_GCC_541\Debug\ECU-RGB_Command_Sender.a(CyLib.o)
 .ARM.attributes
                0x0000015a       0x31 .\CortexM0\ARM_GCC_541\Debug\ECU-RGB_Command_Sender.a(CyLFClk.o)
 .ARM.attributes
                0x0000018b       0x31 .\CortexM0\ARM_GCC_541\Debug\ECU-RGB_Command_Sender.a(UART_MASTER.o)
 .ARM.attributes
                0x000001bc       0x31 .\CortexM0\ARM_GCC_541\Debug\ECU-RGB_Command_Sender.a(UART_MASTER_SPI_UART.o)
 .ARM.attributes
                0x000001ed       0x31 .\CortexM0\ARM_GCC_541\Debug\ECU-RGB_Command_Sender.a(UART_MASTER_UART.o)
 .ARM.attributes
                0x0000021e       0x31 .\CortexM0\ARM_GCC_541\Debug\ECU-RGB_Command_Sender.a(LedRed.o)
 .ARM.attributes
                0x0000024f       0x31 .\CortexM0\ARM_GCC_541\Debug\ECU-RGB_Command_Sender.a(UART_PC.o)
 .ARM.attributes
                0x00000280       0x31 .\CortexM0\ARM_GCC_541\Debug\ECU-RGB_Command_Sender.a(UART_PC_SPI_UART.o)
 .ARM.attributes
                0x000002b1       0x31 .\CortexM0\ARM_GCC_541\Debug\ECU-RGB_Command_Sender.a(UART_PC_UART.o)
 .ARM.attributes
                0x000002e2       0x21 .\CortexM0\ARM_GCC_541\Debug\ECU-RGB_Command_Sender.a(CyBootAsmGnu.o)
 .ARM.attributes
                0x00000303       0x31 .\CortexM0\ARM_GCC_541\Debug\ECU-RGB_Command_Sender.a(UART_MASTER_SPI_UART_INT.o)
 .ARM.attributes
                0x00000334       0x1e c:/program files (x86)/cypress/psoc creator/4.2/psoc creator/import/gnu/arm/5.4.1/bin/../lib/gcc/arm-none-eabi/5.4.1/armv6-m\libgcc.a(_udivsi3.o)
 .ARM.attributes
                0x00000352       0x1e c:/program files (x86)/cypress/psoc creator/4.2/psoc creator/import/gnu/arm/5.4.1/bin/../lib/gcc/arm-none-eabi/5.4.1/armv6-m\libgcc.a(_dvmd_tls.o)
 .ARM.attributes
                0x00000370       0x2c c:/program files (x86)/cypress/psoc creator/4.2/psoc creator/import/gnu/arm/5.4.1/bin/../lib/gcc/arm-none-eabi/5.4.1/../../../../arm-none-eabi/lib/armv6-m\libg_nano.a(lib_a-atoi.o)
 .ARM.attributes
                0x0000039c       0x2c c:/program files (x86)/cypress/psoc creator/4.2/psoc creator/import/gnu/arm/5.4.1/bin/../lib/gcc/arm-none-eabi/5.4.1/../../../../arm-none-eabi/lib/armv6-m\libg_nano.a(lib_a-errno.o)
 .ARM.attributes
                0x000003c8       0x2c c:/program files (x86)/cypress/psoc creator/4.2/psoc creator/import/gnu/arm/5.4.1/bin/../lib/gcc/arm-none-eabi/5.4.1/../../../../arm-none-eabi/lib/armv6-m\libg_nano.a(lib_a-exit.o)
 .ARM.attributes
                0x000003f4       0x2c c:/program files (x86)/cypress/psoc creator/4.2/psoc creator/import/gnu/arm/5.4.1/bin/../lib/gcc/arm-none-eabi/5.4.1/../../../../arm-none-eabi/lib/armv6-m\libg_nano.a(lib_a-impure.o)
 .ARM.attributes
                0x00000420       0x2c c:/program files (x86)/cypress/psoc creator/4.2/psoc creator/import/gnu/arm/5.4.1/bin/../lib/gcc/arm-none-eabi/5.4.1/../../../../arm-none-eabi/lib/armv6-m\libg_nano.a(lib_a-init.o)
 .ARM.attributes
                0x0000044c       0x2c c:/program files (x86)/cypress/psoc creator/4.2/psoc creator/import/gnu/arm/5.4.1/bin/../lib/gcc/arm-none-eabi/5.4.1/../../../../arm-none-eabi/lib/armv6-m\libg_nano.a(lib_a-memset.o)
 .ARM.attributes
                0x00000478       0x2c c:/program files (x86)/cypress/psoc creator/4.2/psoc creator/import/gnu/arm/5.4.1/bin/../lib/gcc/arm-none-eabi/5.4.1/../../../../arm-none-eabi/lib/armv6-m\libg_nano.a(lib_a-strtol.o)
 .ARM.attributes
                0x000004a4       0x2c c:/program files (x86)/cypress/psoc creator/4.2/psoc creator/import/gnu/arm/5.4.1/bin/../lib/gcc/arm-none-eabi/5.4.1/../../../../arm-none-eabi/lib/armv6-m\libg_nano.a(lib_a-ctype_.o)
 .ARM.attributes
                0x000004d0       0x2c c:/program files (x86)/cypress/psoc creator/4.2/psoc creator/import/gnu/arm/5.4.1/bin/../lib/gcc/arm-none-eabi/5.4.1/armv6-m/crtend.o
 .ARM.attributes
                0x000004fc       0x1e c:/program files (x86)/cypress/psoc creator/4.2/psoc creator/import/gnu/arm/5.4.1/bin/../lib/gcc/arm-none-eabi/5.4.1/armv6-m/crtn.o

/DISCARD/
 *(.note.GNU-stack)
OUTPUT(D:\Users\jagumiel\Documents\PSoC Creator\LIN-Automotive\4-LIN-RGB_Multiple_Data\ECU-RGB_Command_Sender.cydsn\CortexM0\ARM_GCC_541\Debug\ECU-RGB_Command_Sender.elf elf32-littlearm)
