ARM GAS  C:\Users\jagumiel\AppData\Local\Temp\ccTgLKek.s 			page 1


   1              		.syntax unified
   2              		.cpu cortex-m0
   3              		.fpu softvfp
   4              		.eabi_attribute 20, 1
   5              		.eabi_attribute 21, 1
   6              		.eabi_attribute 23, 3
   7              		.eabi_attribute 24, 1
   8              		.eabi_attribute 25, 1
   9              		.eabi_attribute 26, 1
  10              		.eabi_attribute 30, 1
  11              		.eabi_attribute 34, 0
  12              		.eabi_attribute 18, 4
  13              		.thumb
  14              		.syntax unified
  15              		.file	"cyfitter_cfg.c"
  16              		.text
  17              	.Ltext0:
  18              		.cfi_sections	.debug_frame
  19              		.section	.text.AnalogSetDefault,"ax",%progbits
  20              		.align	2
  21              		.code	16
  22              		.thumb_func
  23              		.type	AnalogSetDefault, %function
  24              	AnalogSetDefault:
  25              	.LFB6:
  26              		.file 1 "Generated_Source\\PSoC4\\cyfitter_cfg.c"
   1:Generated_Source\PSoC4/cyfitter_cfg.c **** 
   2:Generated_Source\PSoC4/cyfitter_cfg.c **** /*******************************************************************************
   3:Generated_Source\PSoC4/cyfitter_cfg.c **** * File Name: cyfitter_cfg.c
   4:Generated_Source\PSoC4/cyfitter_cfg.c **** * 
   5:Generated_Source\PSoC4/cyfitter_cfg.c **** * PSoC Creator  4.2
   6:Generated_Source\PSoC4/cyfitter_cfg.c **** *
   7:Generated_Source\PSoC4/cyfitter_cfg.c **** * Description:
   8:Generated_Source\PSoC4/cyfitter_cfg.c **** * This file contains device initialization code.
   9:Generated_Source\PSoC4/cyfitter_cfg.c **** * Except for the user defined sections in CyClockStartupError(), this file should not be modified.
  10:Generated_Source\PSoC4/cyfitter_cfg.c **** * This file is automatically generated by PSoC Creator.
  11:Generated_Source\PSoC4/cyfitter_cfg.c **** *
  12:Generated_Source\PSoC4/cyfitter_cfg.c **** ********************************************************************************
  13:Generated_Source\PSoC4/cyfitter_cfg.c **** * Copyright (c) 2007-2018 Cypress Semiconductor.  All rights reserved.
  14:Generated_Source\PSoC4/cyfitter_cfg.c **** * You may use this file only in accordance with the license, terms, conditions, 
  15:Generated_Source\PSoC4/cyfitter_cfg.c **** * disclaimers, and limitations in the end user license agreement accompanying 
  16:Generated_Source\PSoC4/cyfitter_cfg.c **** * the software package with which this file was provided.
  17:Generated_Source\PSoC4/cyfitter_cfg.c **** ********************************************************************************/
  18:Generated_Source\PSoC4/cyfitter_cfg.c **** 
  19:Generated_Source\PSoC4/cyfitter_cfg.c **** #include <string.h>
  20:Generated_Source\PSoC4/cyfitter_cfg.c **** #include "cytypes.h"
  21:Generated_Source\PSoC4/cyfitter_cfg.c **** #include "cydevice_trm.h"
  22:Generated_Source\PSoC4/cyfitter_cfg.c **** #include "cyfitter.h"
  23:Generated_Source\PSoC4/cyfitter_cfg.c **** #include "CyLib.h"
  24:Generated_Source\PSoC4/cyfitter_cfg.c **** #include "CyLFClk.h"
  25:Generated_Source\PSoC4/cyfitter_cfg.c **** #include "cyfitter_cfg.h"
  26:Generated_Source\PSoC4/cyfitter_cfg.c **** #include "cyapicallbacks.h"
  27:Generated_Source\PSoC4/cyfitter_cfg.c **** 
  28:Generated_Source\PSoC4/cyfitter_cfg.c **** 
  29:Generated_Source\PSoC4/cyfitter_cfg.c **** #if defined(__GNUC__) || defined(__ARMCC_VERSION)
  30:Generated_Source\PSoC4/cyfitter_cfg.c ****     #define CYPACKED 
  31:Generated_Source\PSoC4/cyfitter_cfg.c ****     #define CYPACKED_ATTR __attribute__ ((packed))
ARM GAS  C:\Users\jagumiel\AppData\Local\Temp\ccTgLKek.s 			page 2


  32:Generated_Source\PSoC4/cyfitter_cfg.c ****     #define CYALIGNED __attribute__ ((aligned))
  33:Generated_Source\PSoC4/cyfitter_cfg.c ****     #define CY_CFG_UNUSED __attribute__ ((unused))
  34:Generated_Source\PSoC4/cyfitter_cfg.c ****     #ifndef CY_CFG_SECTION
  35:Generated_Source\PSoC4/cyfitter_cfg.c ****         #define CY_CFG_SECTION __attribute__ ((section(".psocinit")))
  36:Generated_Source\PSoC4/cyfitter_cfg.c ****     #endif
  37:Generated_Source\PSoC4/cyfitter_cfg.c ****     
  38:Generated_Source\PSoC4/cyfitter_cfg.c ****     #if defined(__ARMCC_VERSION)
  39:Generated_Source\PSoC4/cyfitter_cfg.c ****         #define CY_CFG_MEMORY_BARRIER() __memory_changed()
  40:Generated_Source\PSoC4/cyfitter_cfg.c ****     #else
  41:Generated_Source\PSoC4/cyfitter_cfg.c ****         #define CY_CFG_MEMORY_BARRIER() __sync_synchronize()
  42:Generated_Source\PSoC4/cyfitter_cfg.c ****     #endif
  43:Generated_Source\PSoC4/cyfitter_cfg.c ****     
  44:Generated_Source\PSoC4/cyfitter_cfg.c **** #elif defined(__ICCARM__)
  45:Generated_Source\PSoC4/cyfitter_cfg.c ****     #include <intrinsics.h>
  46:Generated_Source\PSoC4/cyfitter_cfg.c **** 
  47:Generated_Source\PSoC4/cyfitter_cfg.c ****     #define CYPACKED __packed
  48:Generated_Source\PSoC4/cyfitter_cfg.c ****     #define CYPACKED_ATTR 
  49:Generated_Source\PSoC4/cyfitter_cfg.c ****     #define CYALIGNED _Pragma("data_alignment=4")
  50:Generated_Source\PSoC4/cyfitter_cfg.c ****     #define CY_CFG_UNUSED _Pragma("diag_suppress=Pe177")
  51:Generated_Source\PSoC4/cyfitter_cfg.c ****     #define CY_CFG_SECTION _Pragma("location=\".psocinit\"")
  52:Generated_Source\PSoC4/cyfitter_cfg.c ****     
  53:Generated_Source\PSoC4/cyfitter_cfg.c ****     #define CY_CFG_MEMORY_BARRIER() __DMB()
  54:Generated_Source\PSoC4/cyfitter_cfg.c ****     
  55:Generated_Source\PSoC4/cyfitter_cfg.c **** #else
  56:Generated_Source\PSoC4/cyfitter_cfg.c ****     #error Unsupported toolchain
  57:Generated_Source\PSoC4/cyfitter_cfg.c **** #endif
  58:Generated_Source\PSoC4/cyfitter_cfg.c **** 
  59:Generated_Source\PSoC4/cyfitter_cfg.c **** #ifndef CYCODE
  60:Generated_Source\PSoC4/cyfitter_cfg.c ****     #define CYCODE
  61:Generated_Source\PSoC4/cyfitter_cfg.c **** #endif
  62:Generated_Source\PSoC4/cyfitter_cfg.c **** #ifndef CYDATA
  63:Generated_Source\PSoC4/cyfitter_cfg.c ****     #define CYDATA
  64:Generated_Source\PSoC4/cyfitter_cfg.c **** #endif
  65:Generated_Source\PSoC4/cyfitter_cfg.c **** #ifndef CYFAR
  66:Generated_Source\PSoC4/cyfitter_cfg.c ****     #define CYFAR
  67:Generated_Source\PSoC4/cyfitter_cfg.c **** #endif
  68:Generated_Source\PSoC4/cyfitter_cfg.c **** #ifndef CYXDATA
  69:Generated_Source\PSoC4/cyfitter_cfg.c ****     #define CYXDATA
  70:Generated_Source\PSoC4/cyfitter_cfg.c **** #endif
  71:Generated_Source\PSoC4/cyfitter_cfg.c **** 
  72:Generated_Source\PSoC4/cyfitter_cfg.c **** 
  73:Generated_Source\PSoC4/cyfitter_cfg.c **** CY_CFG_UNUSED
  74:Generated_Source\PSoC4/cyfitter_cfg.c **** static void CYMEMZERO(void *s, size_t n);
  75:Generated_Source\PSoC4/cyfitter_cfg.c **** CY_CFG_UNUSED
  76:Generated_Source\PSoC4/cyfitter_cfg.c **** static void CYMEMZERO(void *s, size_t n)
  77:Generated_Source\PSoC4/cyfitter_cfg.c **** {
  78:Generated_Source\PSoC4/cyfitter_cfg.c **** 	(void)memset(s, 0, n);
  79:Generated_Source\PSoC4/cyfitter_cfg.c **** }
  80:Generated_Source\PSoC4/cyfitter_cfg.c **** CY_CFG_UNUSED
  81:Generated_Source\PSoC4/cyfitter_cfg.c **** static void CYCONFIGCPY(void *dest, const void *src, size_t n);
  82:Generated_Source\PSoC4/cyfitter_cfg.c **** CY_CFG_UNUSED
  83:Generated_Source\PSoC4/cyfitter_cfg.c **** static void CYCONFIGCPY(void *dest, const void *src, size_t n)
  84:Generated_Source\PSoC4/cyfitter_cfg.c **** {
  85:Generated_Source\PSoC4/cyfitter_cfg.c **** 	(void)memcpy(dest, src, n);
  86:Generated_Source\PSoC4/cyfitter_cfg.c **** }
  87:Generated_Source\PSoC4/cyfitter_cfg.c **** CY_CFG_UNUSED
  88:Generated_Source\PSoC4/cyfitter_cfg.c **** static void CYCONFIGCPYCODE(void *dest, const void *src, size_t n);
ARM GAS  C:\Users\jagumiel\AppData\Local\Temp\ccTgLKek.s 			page 3


  89:Generated_Source\PSoC4/cyfitter_cfg.c **** CY_CFG_UNUSED
  90:Generated_Source\PSoC4/cyfitter_cfg.c **** static void CYCONFIGCPYCODE(void *dest, const void *src, size_t n)
  91:Generated_Source\PSoC4/cyfitter_cfg.c **** {
  92:Generated_Source\PSoC4/cyfitter_cfg.c **** 	(void)memcpy(dest, src, n);
  93:Generated_Source\PSoC4/cyfitter_cfg.c **** }
  94:Generated_Source\PSoC4/cyfitter_cfg.c **** 
  95:Generated_Source\PSoC4/cyfitter_cfg.c **** 
  96:Generated_Source\PSoC4/cyfitter_cfg.c **** 
  97:Generated_Source\PSoC4/cyfitter_cfg.c **** 
  98:Generated_Source\PSoC4/cyfitter_cfg.c **** /* Clock startup error codes                                                   */
  99:Generated_Source\PSoC4/cyfitter_cfg.c **** #define CYCLOCKSTART_NO_ERROR    0u
 100:Generated_Source\PSoC4/cyfitter_cfg.c **** #define CYCLOCKSTART_XTAL_ERROR  1u
 101:Generated_Source\PSoC4/cyfitter_cfg.c **** #define CYCLOCKSTART_32KHZ_ERROR 2u
 102:Generated_Source\PSoC4/cyfitter_cfg.c **** #define CYCLOCKSTART_PLL_ERROR   3u
 103:Generated_Source\PSoC4/cyfitter_cfg.c **** #define CYCLOCKSTART_FLL_ERROR   4u
 104:Generated_Source\PSoC4/cyfitter_cfg.c **** #define CYCLOCKSTART_WCO_ERROR   5u
 105:Generated_Source\PSoC4/cyfitter_cfg.c **** 
 106:Generated_Source\PSoC4/cyfitter_cfg.c **** 
 107:Generated_Source\PSoC4/cyfitter_cfg.c **** #ifdef CY_NEED_CYCLOCKSTARTUPERROR
 108:Generated_Source\PSoC4/cyfitter_cfg.c **** /*******************************************************************************
 109:Generated_Source\PSoC4/cyfitter_cfg.c **** * Function Name: CyClockStartupError
 110:Generated_Source\PSoC4/cyfitter_cfg.c **** ********************************************************************************
 111:Generated_Source\PSoC4/cyfitter_cfg.c **** * Summary:
 112:Generated_Source\PSoC4/cyfitter_cfg.c **** *  If an error is encountered during clock configuration (crystal startup error,
 113:Generated_Source\PSoC4/cyfitter_cfg.c **** *  PLL lock error, etc.), the system will end up here.  Unless reimplemented by
 114:Generated_Source\PSoC4/cyfitter_cfg.c **** *  the customer, this function will stop in an infinite loop.
 115:Generated_Source\PSoC4/cyfitter_cfg.c **** *
 116:Generated_Source\PSoC4/cyfitter_cfg.c **** * Parameters:
 117:Generated_Source\PSoC4/cyfitter_cfg.c **** *   void
 118:Generated_Source\PSoC4/cyfitter_cfg.c **** *
 119:Generated_Source\PSoC4/cyfitter_cfg.c **** * Return:
 120:Generated_Source\PSoC4/cyfitter_cfg.c **** *   void
 121:Generated_Source\PSoC4/cyfitter_cfg.c **** *
 122:Generated_Source\PSoC4/cyfitter_cfg.c **** *******************************************************************************/
 123:Generated_Source\PSoC4/cyfitter_cfg.c **** CY_CFG_UNUSED
 124:Generated_Source\PSoC4/cyfitter_cfg.c **** static void CyClockStartupError(uint8 errorCode);
 125:Generated_Source\PSoC4/cyfitter_cfg.c **** CY_CFG_UNUSED
 126:Generated_Source\PSoC4/cyfitter_cfg.c **** static void CyClockStartupError(uint8 errorCode)
 127:Generated_Source\PSoC4/cyfitter_cfg.c **** {
 128:Generated_Source\PSoC4/cyfitter_cfg.c ****     /* To remove the compiler warning if errorCode not used.                */
 129:Generated_Source\PSoC4/cyfitter_cfg.c ****     errorCode = errorCode;
 130:Generated_Source\PSoC4/cyfitter_cfg.c **** 
 131:Generated_Source\PSoC4/cyfitter_cfg.c ****     /* If we have a clock startup error (bad MHz crystal, PLL lock, etc.),  */
 132:Generated_Source\PSoC4/cyfitter_cfg.c ****     /* we will end up here to allow the customer to implement something to  */
 133:Generated_Source\PSoC4/cyfitter_cfg.c ****     /* deal with the clock condition.                                       */
 134:Generated_Source\PSoC4/cyfitter_cfg.c **** 
 135:Generated_Source\PSoC4/cyfitter_cfg.c **** #ifdef CY_CFG_CLOCK_STARTUP_ERROR_CALLBACK
 136:Generated_Source\PSoC4/cyfitter_cfg.c ****     CY_CFG_Clock_Startup_ErrorCallback();
 137:Generated_Source\PSoC4/cyfitter_cfg.c **** #else
 138:Generated_Source\PSoC4/cyfitter_cfg.c ****     /*  If not using CY_CFG_CLOCK_STARTUP_ERROR_CALLBACK, place your clock startup code here. */
 139:Generated_Source\PSoC4/cyfitter_cfg.c ****     /* `#START CyClockStartupError` */
 140:Generated_Source\PSoC4/cyfitter_cfg.c **** 
 141:Generated_Source\PSoC4/cyfitter_cfg.c **** 
 142:Generated_Source\PSoC4/cyfitter_cfg.c **** 
 143:Generated_Source\PSoC4/cyfitter_cfg.c ****     /* `#END` */
 144:Generated_Source\PSoC4/cyfitter_cfg.c **** 
 145:Generated_Source\PSoC4/cyfitter_cfg.c ****     while(1) {}
ARM GAS  C:\Users\jagumiel\AppData\Local\Temp\ccTgLKek.s 			page 4


 146:Generated_Source\PSoC4/cyfitter_cfg.c **** #endif /* CY_CFG_CLOCK_STARTUP_ERROR_CALLBACK */
 147:Generated_Source\PSoC4/cyfitter_cfg.c **** }
 148:Generated_Source\PSoC4/cyfitter_cfg.c **** #endif
 149:Generated_Source\PSoC4/cyfitter_cfg.c **** 
 150:Generated_Source\PSoC4/cyfitter_cfg.c **** 
 151:Generated_Source\PSoC4/cyfitter_cfg.c **** 
 152:Generated_Source\PSoC4/cyfitter_cfg.c **** /*******************************************************************************
 153:Generated_Source\PSoC4/cyfitter_cfg.c **** * Function Name: ClockSetup
 154:Generated_Source\PSoC4/cyfitter_cfg.c **** ********************************************************************************
 155:Generated_Source\PSoC4/cyfitter_cfg.c **** *
 156:Generated_Source\PSoC4/cyfitter_cfg.c **** * Summary:
 157:Generated_Source\PSoC4/cyfitter_cfg.c **** *   Performs the initialization of all of the clocks in the device based on the
 158:Generated_Source\PSoC4/cyfitter_cfg.c **** *   settings in the Clock tab of the DWR.  This includes enabling the requested
 159:Generated_Source\PSoC4/cyfitter_cfg.c **** *   clocks and setting the necessary dividers to produce the desired frequency. 
 160:Generated_Source\PSoC4/cyfitter_cfg.c **** *
 161:Generated_Source\PSoC4/cyfitter_cfg.c **** * Parameters:
 162:Generated_Source\PSoC4/cyfitter_cfg.c **** *   void
 163:Generated_Source\PSoC4/cyfitter_cfg.c **** *
 164:Generated_Source\PSoC4/cyfitter_cfg.c **** * Return:
 165:Generated_Source\PSoC4/cyfitter_cfg.c **** *   void
 166:Generated_Source\PSoC4/cyfitter_cfg.c **** *
 167:Generated_Source\PSoC4/cyfitter_cfg.c **** *******************************************************************************/
 168:Generated_Source\PSoC4/cyfitter_cfg.c **** static void ClockSetup(void);
 169:Generated_Source\PSoC4/cyfitter_cfg.c **** CY_CFG_SECTION
 170:Generated_Source\PSoC4/cyfitter_cfg.c **** static void ClockSetup(void)
 171:Generated_Source\PSoC4/cyfitter_cfg.c **** {
 172:Generated_Source\PSoC4/cyfitter_cfg.c **** 
 173:Generated_Source\PSoC4/cyfitter_cfg.c **** 	/* Set Flash Cycles based on max possible frequency in case a glitch occurs during ClockSetup(). *
 174:Generated_Source\PSoC4/cyfitter_cfg.c **** 	CY_SET_REG32((void CYXDATA *)(CYREG_CPUSS_FLASH_CTL), (0x0012u));
 175:Generated_Source\PSoC4/cyfitter_cfg.c **** 	/* Setup and trim IMO based on desired frequency. */
 176:Generated_Source\PSoC4/cyfitter_cfg.c **** 	CySysClkWriteImoFreq(48u);
 177:Generated_Source\PSoC4/cyfitter_cfg.c **** 	/* CYDEV_CLK_ILO_CONFIG Starting address: CYDEV_CLK_ILO_CONFIG */
 178:Generated_Source\PSoC4/cyfitter_cfg.c **** 	CY_SET_REG32((void *)(CYREG_CLK_ILO_CONFIG), 0x80000006u);
 179:Generated_Source\PSoC4/cyfitter_cfg.c **** 
 180:Generated_Source\PSoC4/cyfitter_cfg.c **** 
 181:Generated_Source\PSoC4/cyfitter_cfg.c **** 	/* Setup phase aligned clocks */
 182:Generated_Source\PSoC4/cyfitter_cfg.c **** 	CY_SET_REG32((void *)CYREG_PERI_DIV_16_CTL0, 0x0001A000u);
 183:Generated_Source\PSoC4/cyfitter_cfg.c **** 	CY_SET_REG32((void *)CYREG_PERI_DIV_CMD, 0x8000FF40u);
 184:Generated_Source\PSoC4/cyfitter_cfg.c **** 
 185:Generated_Source\PSoC4/cyfitter_cfg.c **** 	/* CYDEV_CLK_IMO_CONFIG Starting address: CYDEV_CLK_IMO_CONFIG */
 186:Generated_Source\PSoC4/cyfitter_cfg.c **** 	CY_SET_REG32((void *)(CYREG_CLK_IMO_CONFIG), 0x80000000u);
 187:Generated_Source\PSoC4/cyfitter_cfg.c **** 
 188:Generated_Source\PSoC4/cyfitter_cfg.c **** 	/* CYDEV_CLK_SELECT Starting address: CYDEV_CLK_SELECT */
 189:Generated_Source\PSoC4/cyfitter_cfg.c **** 	CY_SET_REG32((void *)(CYREG_CLK_SELECT), 0x00040000u);
 190:Generated_Source\PSoC4/cyfitter_cfg.c **** 
 191:Generated_Source\PSoC4/cyfitter_cfg.c **** 	/* CYDEV_PERI_PCLK_CTL1 Starting address: CYDEV_PERI_PCLK_CTL1 */
 192:Generated_Source\PSoC4/cyfitter_cfg.c **** 	CY_SET_REG32((void *)(CYREG_PERI_PCLK_CTL1), 0x00000040u);
 193:Generated_Source\PSoC4/cyfitter_cfg.c **** 
 194:Generated_Source\PSoC4/cyfitter_cfg.c **** 	(void)CyIntSetVector(8u, &CySysWdtIsr);
 195:Generated_Source\PSoC4/cyfitter_cfg.c **** 	CyIntEnable(8u);
 196:Generated_Source\PSoC4/cyfitter_cfg.c **** 	CY_SET_REG32((void *)(CYREG_WDT_CONFIG), 0x00000000u);
 197:Generated_Source\PSoC4/cyfitter_cfg.c **** }
 198:Generated_Source\PSoC4/cyfitter_cfg.c **** 
 199:Generated_Source\PSoC4/cyfitter_cfg.c **** 
 200:Generated_Source\PSoC4/cyfitter_cfg.c **** /* Analog API Functions */
 201:Generated_Source\PSoC4/cyfitter_cfg.c **** 
 202:Generated_Source\PSoC4/cyfitter_cfg.c **** 
ARM GAS  C:\Users\jagumiel\AppData\Local\Temp\ccTgLKek.s 			page 5


 203:Generated_Source\PSoC4/cyfitter_cfg.c **** /*******************************************************************************
 204:Generated_Source\PSoC4/cyfitter_cfg.c **** * Function Name: AnalogSetDefault
 205:Generated_Source\PSoC4/cyfitter_cfg.c **** ********************************************************************************
 206:Generated_Source\PSoC4/cyfitter_cfg.c **** *
 207:Generated_Source\PSoC4/cyfitter_cfg.c **** * Summary:
 208:Generated_Source\PSoC4/cyfitter_cfg.c **** *  Sets up the analog portions of the chip to default values based on chip
 209:Generated_Source\PSoC4/cyfitter_cfg.c **** *  configuration options from the project.
 210:Generated_Source\PSoC4/cyfitter_cfg.c **** *
 211:Generated_Source\PSoC4/cyfitter_cfg.c **** * Parameters:
 212:Generated_Source\PSoC4/cyfitter_cfg.c **** *  void
 213:Generated_Source\PSoC4/cyfitter_cfg.c **** *
 214:Generated_Source\PSoC4/cyfitter_cfg.c **** * Return:
 215:Generated_Source\PSoC4/cyfitter_cfg.c **** *  void
 216:Generated_Source\PSoC4/cyfitter_cfg.c **** *
 217:Generated_Source\PSoC4/cyfitter_cfg.c **** *******************************************************************************/
 218:Generated_Source\PSoC4/cyfitter_cfg.c **** static void AnalogSetDefault(void);
 219:Generated_Source\PSoC4/cyfitter_cfg.c **** static void AnalogSetDefault(void)
 220:Generated_Source\PSoC4/cyfitter_cfg.c **** {
  27              		.loc 1 220 0
  28              		.cfi_startproc
  29              		@ args = 0, pretend = 0, frame = 0
  30              		@ frame_needed = 0, uses_anonymous_args = 0
  31              		@ link register save eliminated.
 221:Generated_Source\PSoC4/cyfitter_cfg.c **** 	CY_SET_XTND_REG32((void CYFAR *)CYREG_CTBM0_DFT_CTRL, 0x00000003u);
  32              		.loc 1 221 0
  33 0000 0323     		movs	r3, #3
  34 0002 044A     		ldr	r2, .L2
  35 0004 1360     		str	r3, [r2]
 222:Generated_Source\PSoC4/cyfitter_cfg.c **** 	CY_SET_XTND_REG32((void CYFAR *)CYREG_CTBM1_DFT_CTRL, 0x00000003u);
  36              		.loc 1 222 0
  37 0006 044A     		ldr	r2, .L2+4
  38 0008 1360     		str	r3, [r2]
 223:Generated_Source\PSoC4/cyfitter_cfg.c **** 	CY_SET_XTND_REG32((void CYFAR *)CYREG_PASS_DSAB_DSAB_CTRL, 0x00000000u);
  39              		.loc 1 223 0
  40 000a 0022     		movs	r2, #0
  41 000c 034B     		ldr	r3, .L2+8
  42 000e 1A60     		str	r2, [r3]
 224:Generated_Source\PSoC4/cyfitter_cfg.c **** }
  43              		.loc 1 224 0
  44              		@ sp needed
  45 0010 7047     		bx	lr
  46              	.L3:
  47 0012 C046     		.align	2
  48              	.L2:
  49 0014 30003040 		.word	1076887600
  50 0018 30003140 		.word	1076953136
  51 001c 000E3F40 		.word	1077874176
  52              		.cfi_endproc
  53              	.LFE6:
  54              		.size	AnalogSetDefault, .-AnalogSetDefault
  55              		.section	.text.CYMEMZERO,"ax",%progbits
  56              		.align	2
  57              		.code	16
  58              		.thumb_func
  59              		.type	CYMEMZERO, %function
  60              	CYMEMZERO:
  61              	.LFB2:
ARM GAS  C:\Users\jagumiel\AppData\Local\Temp\ccTgLKek.s 			page 6


  77:Generated_Source\PSoC4/cyfitter_cfg.c **** 	(void)memset(s, 0, n);
  62              		.loc 1 77 0
  63              		.cfi_startproc
  64              		@ args = 0, pretend = 0, frame = 0
  65              		@ frame_needed = 0, uses_anonymous_args = 0
  66              	.LVL0:
  67 0000 10B5     		push	{r4, lr}
  68              		.cfi_def_cfa_offset 8
  69              		.cfi_offset 4, -8
  70              		.cfi_offset 14, -4
  71 0002 0A00     		movs	r2, r1
  78:Generated_Source\PSoC4/cyfitter_cfg.c **** }
  72              		.loc 1 78 0
  73 0004 0021     		movs	r1, #0
  74              	.LVL1:
  75 0006 FFF7FEFF 		bl	memset
  76              	.LVL2:
  79:Generated_Source\PSoC4/cyfitter_cfg.c **** CY_CFG_UNUSED
  77              		.loc 1 79 0
  78              		@ sp needed
  79 000a 10BD     		pop	{r4, pc}
  80              		.cfi_endproc
  81              	.LFE2:
  82              		.size	CYMEMZERO, .-CYMEMZERO
  83              		.section	.psocinit,"ax",%progbits
  84              		.align	2
  85              		.code	16
  86              		.thumb_func
  87              		.type	ClockSetup, %function
  88              	ClockSetup:
  89              	.LFB5:
 171:Generated_Source\PSoC4/cyfitter_cfg.c **** 
  90              		.loc 1 171 0
  91              		.cfi_startproc
  92              		@ args = 0, pretend = 0, frame = 0
  93              		@ frame_needed = 0, uses_anonymous_args = 0
  94 0000 10B5     		push	{r4, lr}
  95              		.cfi_def_cfa_offset 8
  96              		.cfi_offset 4, -8
  97              		.cfi_offset 14, -4
 174:Generated_Source\PSoC4/cyfitter_cfg.c **** 	/* Setup and trim IMO based on desired frequency. */
  98              		.loc 1 174 0
  99 0002 1222     		movs	r2, #18
 100 0004 124B     		ldr	r3, .L6
 101 0006 1A60     		str	r2, [r3]
 176:Generated_Source\PSoC4/cyfitter_cfg.c **** 	/* CYDEV_CLK_ILO_CONFIG Starting address: CYDEV_CLK_ILO_CONFIG */
 102              		.loc 1 176 0
 103 0008 3020     		movs	r0, #48
 104 000a FFF7FEFF 		bl	CySysClkWriteImoFreq
 105              	.LVL3:
 178:Generated_Source\PSoC4/cyfitter_cfg.c **** 
 106              		.loc 1 178 0
 107 000e 114A     		ldr	r2, .L6+4
 108 0010 114B     		ldr	r3, .L6+8
 109 0012 1A60     		str	r2, [r3]
 182:Generated_Source\PSoC4/cyfitter_cfg.c **** 	CY_SET_REG32((void *)CYREG_PERI_DIV_CMD, 0x8000FF40u);
 110              		.loc 1 182 0
ARM GAS  C:\Users\jagumiel\AppData\Local\Temp\ccTgLKek.s 			page 7


 111 0014 D022     		movs	r2, #208
 112 0016 5202     		lsls	r2, r2, #9
 113 0018 104B     		ldr	r3, .L6+12
 114 001a 1A60     		str	r2, [r3]
 183:Generated_Source\PSoC4/cyfitter_cfg.c **** 
 115              		.loc 1 183 0
 116 001c 104A     		ldr	r2, .L6+16
 117 001e 114B     		ldr	r3, .L6+20
 118 0020 1A60     		str	r2, [r3]
 186:Generated_Source\PSoC4/cyfitter_cfg.c **** 
 119              		.loc 1 186 0
 120 0022 8022     		movs	r2, #128
 121 0024 1206     		lsls	r2, r2, #24
 122 0026 104B     		ldr	r3, .L6+24
 123 0028 1A60     		str	r2, [r3]
 189:Generated_Source\PSoC4/cyfitter_cfg.c **** 
 124              		.loc 1 189 0
 125 002a 8022     		movs	r2, #128
 126 002c D202     		lsls	r2, r2, #11
 127 002e 0F4B     		ldr	r3, .L6+28
 128 0030 1A60     		str	r2, [r3]
 192:Generated_Source\PSoC4/cyfitter_cfg.c **** 
 129              		.loc 1 192 0
 130 0032 4022     		movs	r2, #64
 131 0034 0E4B     		ldr	r3, .L6+32
 132 0036 1A60     		str	r2, [r3]
 194:Generated_Source\PSoC4/cyfitter_cfg.c **** 	CyIntEnable(8u);
 133              		.loc 1 194 0
 134 0038 0E49     		ldr	r1, .L6+36
 135 003a 0820     		movs	r0, #8
 136 003c FFF7FEFF 		bl	CyIntSetVector
 137              	.LVL4:
 195:Generated_Source\PSoC4/cyfitter_cfg.c **** 	CY_SET_REG32((void *)(CYREG_WDT_CONFIG), 0x00000000u);
 138              		.loc 1 195 0
 139 0040 0820     		movs	r0, #8
 140 0042 FFF7FEFF 		bl	CyIntEnable
 141              	.LVL5:
 196:Generated_Source\PSoC4/cyfitter_cfg.c **** }
 142              		.loc 1 196 0
 143 0046 0022     		movs	r2, #0
 144 0048 0B4B     		ldr	r3, .L6+40
 145 004a 1A60     		str	r2, [r3]
 197:Generated_Source\PSoC4/cyfitter_cfg.c **** 
 146              		.loc 1 197 0
 147              		@ sp needed
 148 004c 10BD     		pop	{r4, pc}
 149              	.L7:
 150 004e C046     		.align	2
 151              	.L6:
 152 0050 30001040 		.word	1074790448
 153 0054 06000080 		.word	-2147483642
 154 0058 04010B40 		.word	1074462980
 155 005c 00030140 		.word	1073808128
 156 0060 40FF0080 		.word	-2147418304
 157 0064 00000140 		.word	1073807360
 158 0068 08010B40 		.word	1074462984
 159 006c 00010B40 		.word	1074462976
ARM GAS  C:\Users\jagumiel\AppData\Local\Temp\ccTgLKek.s 			page 8


 160 0070 04010140 		.word	1073807620
 161 0074 00000000 		.word	CySysWdtIsr
 162 0078 0C020B40 		.word	1074463244
 163              		.cfi_endproc
 164              	.LFE5:
 165              		.size	ClockSetup, .-ClockSetup
 166              		.align	2
 167              		.global	cyfitter_cfg
 168              		.code	16
 169              		.thumb_func
 170              		.type	cyfitter_cfg, %function
 171              	cyfitter_cfg:
 172              	.LFB7:
 225:Generated_Source\PSoC4/cyfitter_cfg.c **** 
 226:Generated_Source\PSoC4/cyfitter_cfg.c **** 
 227:Generated_Source\PSoC4/cyfitter_cfg.c **** 
 228:Generated_Source\PSoC4/cyfitter_cfg.c **** 
 229:Generated_Source\PSoC4/cyfitter_cfg.c **** /*******************************************************************************
 230:Generated_Source\PSoC4/cyfitter_cfg.c **** * Function Name: cyfitter_cfg
 231:Generated_Source\PSoC4/cyfitter_cfg.c **** ********************************************************************************
 232:Generated_Source\PSoC4/cyfitter_cfg.c **** * Summary:
 233:Generated_Source\PSoC4/cyfitter_cfg.c **** *  This function is called by the start-up code for the selected device. It
 234:Generated_Source\PSoC4/cyfitter_cfg.c **** *  performs all of the necessary device configuration based on the design
 235:Generated_Source\PSoC4/cyfitter_cfg.c **** *  settings.  This includes settings from the Design Wide Resources (DWR) such
 236:Generated_Source\PSoC4/cyfitter_cfg.c **** *  as Clocks and Pins as well as any component configuration that is necessary.
 237:Generated_Source\PSoC4/cyfitter_cfg.c **** *
 238:Generated_Source\PSoC4/cyfitter_cfg.c **** * Parameters:
 239:Generated_Source\PSoC4/cyfitter_cfg.c **** *   void
 240:Generated_Source\PSoC4/cyfitter_cfg.c **** *
 241:Generated_Source\PSoC4/cyfitter_cfg.c **** * Return:
 242:Generated_Source\PSoC4/cyfitter_cfg.c **** *   void
 243:Generated_Source\PSoC4/cyfitter_cfg.c **** *
 244:Generated_Source\PSoC4/cyfitter_cfg.c **** *******************************************************************************/
 245:Generated_Source\PSoC4/cyfitter_cfg.c **** CY_CFG_SECTION
 246:Generated_Source\PSoC4/cyfitter_cfg.c **** void cyfitter_cfg(void)
 247:Generated_Source\PSoC4/cyfitter_cfg.c **** {
 173              		.loc 1 247 0
 174              		.cfi_startproc
 175              		@ args = 0, pretend = 0, frame = 0
 176              		@ frame_needed = 0, uses_anonymous_args = 0
 177 007c 10B5     		push	{r4, lr}
 178              		.cfi_def_cfa_offset 8
 179              		.cfi_offset 4, -8
 180              		.cfi_offset 14, -4
 248:Generated_Source\PSoC4/cyfitter_cfg.c **** 	/* Disable interrupts by default. Let user enable if/when they want. */
 249:Generated_Source\PSoC4/cyfitter_cfg.c **** 	CyGlobalIntDisable;
 181              		.loc 1 249 0
 182              		.syntax divided
 183              	@ 249 "Generated_Source\PSoC4\cyfitter_cfg.c" 1
 184 007e 72B6     		CPSID   i
 185              	@ 0 "" 2
 250:Generated_Source\PSoC4/cyfitter_cfg.c **** 
 251:Generated_Source\PSoC4/cyfitter_cfg.c **** 	CY_SET_REG32((void *)(CYREG_BLE_BLESS_LL_DSM_CTRL), 0x00000000u);
 186              		.loc 1 251 0
 187              		.thumb
 188              		.syntax unified
 189 0080 0022     		movs	r2, #0
ARM GAS  C:\Users\jagumiel\AppData\Local\Temp\ccTgLKek.s 			page 9


 190 0082 204B     		ldr	r3, .L11
 191 0084 1A60     		str	r2, [r3]
 192              	.LVL6:
 193              	.LBB2:
 252:Generated_Source\PSoC4/cyfitter_cfg.c **** 
 253:Generated_Source\PSoC4/cyfitter_cfg.c **** 	{
 254:Generated_Source\PSoC4/cyfitter_cfg.c **** 
 255:Generated_Source\PSoC4/cyfitter_cfg.c **** 		CYPACKED typedef struct {
 256:Generated_Source\PSoC4/cyfitter_cfg.c **** 			void CYFAR *address;
 257:Generated_Source\PSoC4/cyfitter_cfg.c **** 			uint16 size;
 258:Generated_Source\PSoC4/cyfitter_cfg.c **** 		} CYPACKED_ATTR cfg_memset_t;
 259:Generated_Source\PSoC4/cyfitter_cfg.c **** 
 260:Generated_Source\PSoC4/cyfitter_cfg.c **** 		static const cfg_memset_t CYCODE cfg_memset_list[] = {
 261:Generated_Source\PSoC4/cyfitter_cfg.c **** 			/* address, size */
 262:Generated_Source\PSoC4/cyfitter_cfg.c **** 			{(void CYFAR *)(CYDEV_UDB_P0_U0_BASE), 1024u},
 263:Generated_Source\PSoC4/cyfitter_cfg.c **** 			{(void CYFAR *)(CYDEV_UDB_DSI0_BASE), 1024u},
 264:Generated_Source\PSoC4/cyfitter_cfg.c **** 		};
 265:Generated_Source\PSoC4/cyfitter_cfg.c **** 
 266:Generated_Source\PSoC4/cyfitter_cfg.c **** 		uint8 CYDATA i;
 267:Generated_Source\PSoC4/cyfitter_cfg.c **** 
 268:Generated_Source\PSoC4/cyfitter_cfg.c **** 		/* Zero out critical memory blocks before beginning configuration */
 269:Generated_Source\PSoC4/cyfitter_cfg.c **** 		for (i = 0u; i < (sizeof(cfg_memset_list)/sizeof(cfg_memset_list[0])); i++)
 194              		.loc 1 269 0
 195 0086 0024     		movs	r4, #0
 196 0088 0FE0     		b	.L9
 197              	.LVL7:
 198              	.L10:
 199              	.LBB3:
 270:Generated_Source\PSoC4/cyfitter_cfg.c **** 		{
 271:Generated_Source\PSoC4/cyfitter_cfg.c **** 			const cfg_memset_t CYCODE * CYDATA ms = &cfg_memset_list[i];
 272:Generated_Source\PSoC4/cyfitter_cfg.c **** 			CYMEMZERO(ms->address, (size_t)(uint32)(ms->size));
 200              		.loc 1 272 0 discriminator 3
 201 008a 1F48     		ldr	r0, .L11+4
 202 008c 6200     		lsls	r2, r4, #1
 203 008e 1319     		adds	r3, r2, r4
 204 0090 5900     		lsls	r1, r3, #1
 205 0092 0B00     		movs	r3, r1
 206 0094 4118     		adds	r1, r0, r1
 207 0096 8988     		ldrh	r1, [r1, #4]
 208 0098 1A5A     		ldrh	r2, [r3, r0]
 209 009a C318     		adds	r3, r0, r3
 210 009c 5888     		ldrh	r0, [r3, #2]
 211 009e 0004     		lsls	r0, r0, #16
 212 00a0 1043     		orrs	r0, r2
 213 00a2 FFF7FEFF 		bl	CYMEMZERO
 214              	.LVL8:
 215              	.LBE3:
 269:Generated_Source\PSoC4/cyfitter_cfg.c **** 		{
 216              		.loc 1 269 0 discriminator 3
 217 00a6 0134     		adds	r4, r4, #1
 218              	.LVL9:
 219 00a8 E4B2     		uxtb	r4, r4
 220              	.LVL10:
 221              	.L9:
 269:Generated_Source\PSoC4/cyfitter_cfg.c **** 		{
 222              		.loc 1 269 0 is_stmt 0 discriminator 1
 223 00aa 012C     		cmp	r4, #1
ARM GAS  C:\Users\jagumiel\AppData\Local\Temp\ccTgLKek.s 			page 10


 224 00ac EDD9     		bls	.L10
 273:Generated_Source\PSoC4/cyfitter_cfg.c **** 		}
 274:Generated_Source\PSoC4/cyfitter_cfg.c **** 
 275:Generated_Source\PSoC4/cyfitter_cfg.c **** 		/* HSIOM Starting address: CYDEV_HSIOM_BASE */
 276:Generated_Source\PSoC4/cyfitter_cfg.c **** 		CY_SET_REG32((void *)(CYDEV_HSIOM_BASE), 0xEE000000u);
 225              		.loc 1 276 0 is_stmt 1
 226 00ae EE22     		movs	r2, #238
 227 00b0 1206     		lsls	r2, r2, #24
 228 00b2 164B     		ldr	r3, .L11+8
 229 00b4 1A60     		str	r2, [r3]
 277:Generated_Source\PSoC4/cyfitter_cfg.c **** 		CY_SET_REG32((void *)(CYREG_HSIOM_PORT_SEL1), 0x00990000u);
 230              		.loc 1 277 0
 231 00b6 9923     		movs	r3, #153
 232 00b8 1B04     		lsls	r3, r3, #16
 233 00ba 154A     		ldr	r2, .L11+12
 234 00bc 1360     		str	r3, [r2]
 278:Generated_Source\PSoC4/cyfitter_cfg.c **** 
 279:Generated_Source\PSoC4/cyfitter_cfg.c **** 		/* UDB_PA_0 Starting address: CYDEV_UDB_PA0_BASE */
 280:Generated_Source\PSoC4/cyfitter_cfg.c **** 		CY_SET_REG32((void *)(CYDEV_UDB_PA0_BASE), 0x00990000u);
 235              		.loc 1 280 0
 236 00be 154A     		ldr	r2, .L11+16
 237 00c0 1360     		str	r3, [r2]
 281:Generated_Source\PSoC4/cyfitter_cfg.c **** 
 282:Generated_Source\PSoC4/cyfitter_cfg.c **** 		/* UDB_PA_1 Starting address: CYDEV_UDB_PA1_BASE */
 283:Generated_Source\PSoC4/cyfitter_cfg.c **** 		CY_SET_REG32((void *)(CYDEV_UDB_PA1_BASE), 0x00990000u);
 238              		.loc 1 283 0
 239 00c2 154A     		ldr	r2, .L11+20
 240 00c4 1360     		str	r3, [r2]
 284:Generated_Source\PSoC4/cyfitter_cfg.c **** 
 285:Generated_Source\PSoC4/cyfitter_cfg.c **** 		/* UDB_PA_2 Starting address: CYDEV_UDB_PA2_BASE */
 286:Generated_Source\PSoC4/cyfitter_cfg.c **** 		CY_SET_REG32((void *)(CYDEV_UDB_PA2_BASE), 0x00990000u);
 241              		.loc 1 286 0
 242 00c6 154A     		ldr	r2, .L11+24
 243 00c8 1360     		str	r3, [r2]
 287:Generated_Source\PSoC4/cyfitter_cfg.c **** 
 288:Generated_Source\PSoC4/cyfitter_cfg.c **** 		/* Enable digital routing */
 289:Generated_Source\PSoC4/cyfitter_cfg.c **** 		CY_SET_XTND_REG8((void *)CYREG_UDB_UDBIF_BANK_CTL, (uint8)(CY_GET_XTND_REG8((void *)CYREG_UDB_UDB
 244              		.loc 1 289 0
 245 00ca 154A     		ldr	r2, .L11+28
 246 00cc 1178     		ldrb	r1, [r2]
 247 00ce 0623     		movs	r3, #6
 248 00d0 0B43     		orrs	r3, r1
 249 00d2 DBB2     		uxtb	r3, r3
 250 00d4 1370     		strb	r3, [r2]
 251              	.LBE2:
 290:Generated_Source\PSoC4/cyfitter_cfg.c **** 	}
 291:Generated_Source\PSoC4/cyfitter_cfg.c **** 
 292:Generated_Source\PSoC4/cyfitter_cfg.c **** 	/* Perform second pass device configuration. These items must be configured in specific order afte
 293:Generated_Source\PSoC4/cyfitter_cfg.c **** 	/* IOPINS0_0 Starting address: CYDEV_GPIO_PRT0_BASE */
 294:Generated_Source\PSoC4/cyfitter_cfg.c **** 	CY_SET_REG32((void *)(CYREG_GPIO_PRT0_PC), 0x00D80000u);
 252              		.loc 1 294 0
 253 00d6 D822     		movs	r2, #216
 254 00d8 1204     		lsls	r2, r2, #16
 255 00da 124B     		ldr	r3, .L11+32
 256 00dc 1A60     		str	r2, [r3]
 295:Generated_Source\PSoC4/cyfitter_cfg.c **** 
 296:Generated_Source\PSoC4/cyfitter_cfg.c **** 	/* IOPINS0_1 Starting address: CYDEV_GPIO_PRT1_BASE */
ARM GAS  C:\Users\jagumiel\AppData\Local\Temp\ccTgLKek.s 			page 11


 297:Generated_Source\PSoC4/cyfitter_cfg.c **** 	CY_SET_REG32((void *)(CYDEV_GPIO_PRT1_BASE), 0x00000020u);
 257              		.loc 1 297 0
 258 00de 2023     		movs	r3, #32
 259 00e0 114A     		ldr	r2, .L11+36
 260 00e2 1360     		str	r3, [r2]
 298:Generated_Source\PSoC4/cyfitter_cfg.c **** 	CY_SET_REG32((void *)(CYREG_GPIO_PRT1_PC), 0x00031000u);
 261              		.loc 1 298 0
 262 00e4 C421     		movs	r1, #196
 263 00e6 8902     		lsls	r1, r1, #10
 264 00e8 104A     		ldr	r2, .L11+40
 265 00ea 1160     		str	r1, [r2]
 299:Generated_Source\PSoC4/cyfitter_cfg.c **** 	CY_SET_REG32((void *)(CYREG_GPIO_PRT1_PC2), 0x00000020u);
 266              		.loc 1 299 0
 267 00ec 104A     		ldr	r2, .L11+44
 268 00ee 1360     		str	r3, [r2]
 300:Generated_Source\PSoC4/cyfitter_cfg.c **** 
 301:Generated_Source\PSoC4/cyfitter_cfg.c **** 	/* IOPINS0_2 Starting address: CYDEV_GPIO_PRT2_BASE */
 302:Generated_Source\PSoC4/cyfitter_cfg.c **** 	CY_SET_REG32((void *)(CYREG_GPIO_PRT2_PC), 0x00000180u);
 269              		.loc 1 302 0
 270 00f0 C022     		movs	r2, #192
 271 00f2 5200     		lsls	r2, r2, #1
 272 00f4 0F4B     		ldr	r3, .L11+48
 273 00f6 1A60     		str	r2, [r3]
 303:Generated_Source\PSoC4/cyfitter_cfg.c **** 
 304:Generated_Source\PSoC4/cyfitter_cfg.c **** 
 305:Generated_Source\PSoC4/cyfitter_cfg.c **** 	/* Setup clocks based on selections from Clock DWR */
 306:Generated_Source\PSoC4/cyfitter_cfg.c **** 	ClockSetup();
 274              		.loc 1 306 0
 275 00f8 FFF782FF 		bl	ClockSetup
 276              	.LVL11:
 307:Generated_Source\PSoC4/cyfitter_cfg.c **** 
 308:Generated_Source\PSoC4/cyfitter_cfg.c **** 	/* Perform basic analog initialization to defaults */
 309:Generated_Source\PSoC4/cyfitter_cfg.c **** 	AnalogSetDefault();
 277              		.loc 1 309 0
 278 00fc FFF7FEFF 		bl	AnalogSetDefault
 279              	.LVL12:
 310:Generated_Source\PSoC4/cyfitter_cfg.c **** 
 311:Generated_Source\PSoC4/cyfitter_cfg.c **** }
 280              		.loc 1 311 0
 281              		@ sp needed
 282              	.LVL13:
 283 0100 10BD     		pop	{r4, pc}
 284              	.L12:
 285 0102 C046     		.align	2
 286              	.L11:
 287 0104 6CF02E40 		.word	1076818028
 288 0108 00000000 		.word	.LANCHOR0
 289 010c 00000240 		.word	1073872896
 290 0110 00010240 		.word	1073873152
 291 0114 00500F40 		.word	1074745344
 292 0118 10500F40 		.word	1074745360
 293 011c 20500F40 		.word	1074745376
 294 0120 00700F40 		.word	1074753536
 295 0124 08000440 		.word	1074003976
 296 0128 00010440 		.word	1074004224
 297 012c 08010440 		.word	1074004232
 298 0130 18010440 		.word	1074004248
ARM GAS  C:\Users\jagumiel\AppData\Local\Temp\ccTgLKek.s 			page 12


 299 0134 08020440 		.word	1074004488
 300              		.cfi_endproc
 301              	.LFE7:
 302              		.size	cyfitter_cfg, .-cyfitter_cfg
 303              		.section	.rodata
 304              		.align	2
 305              		.set	.LANCHOR0,. + 0
 306              		.type	cfg_memset_list.4884, %object
 307              		.size	cfg_memset_list.4884, 12
 308              	cfg_memset_list.4884:
 309 0000 00300F40 		.word	1074737152
 310 0004 0004     		.short	1024
 311 0006 00400F40 		.4byte	1074741248
 312 000a 0004     		.short	1024
 313              		.text
 314              	.Letext0:
 315              		.file 2 "c:\\program files (x86)\\cypress\\psoc creator\\4.2\\psoc creator\\import\\gnu\\arm\\5.4.
 316              		.file 3 "Generated_Source\\PSoC4\\cytypes.h"
 317              		.file 4 "Generated_Source\\PSoC4\\CyLib.h"
 318              		.section	.debug_info,"",%progbits
 319              	.Ldebug_info0:
 320 0000 93020000 		.4byte	0x293
 321 0004 0400     		.2byte	0x4
 322 0006 00000000 		.4byte	.Ldebug_abbrev0
 323 000a 04       		.byte	0x4
 324 000b 01       		.uleb128 0x1
 325 000c FC000000 		.4byte	.LASF29
 326 0010 0C       		.byte	0xc
 327 0011 67020000 		.4byte	.LASF30
 328 0015 B3010000 		.4byte	.LASF31
 329 0019 00000000 		.4byte	.Ldebug_ranges0+0
 330 001d 00000000 		.4byte	0
 331 0021 00000000 		.4byte	.Ldebug_line0
 332 0025 02       		.uleb128 0x2
 333 0026 04       		.byte	0x4
 334 0027 05       		.byte	0x5
 335 0028 696E7400 		.ascii	"int\000"
 336 002c 03       		.uleb128 0x3
 337 002d 06000000 		.4byte	.LASF12
 338 0031 02       		.byte	0x2
 339 0032 D8       		.byte	0xd8
 340 0033 37000000 		.4byte	0x37
 341 0037 04       		.uleb128 0x4
 342 0038 04       		.byte	0x4
 343 0039 07       		.byte	0x7
 344 003a C3000000 		.4byte	.LASF0
 345 003e 04       		.uleb128 0x4
 346 003f 08       		.byte	0x8
 347 0040 05       		.byte	0x5
 348 0041 A0010000 		.4byte	.LASF1
 349 0045 04       		.uleb128 0x4
 350 0046 08       		.byte	0x8
 351 0047 04       		.byte	0x4
 352 0048 4F020000 		.4byte	.LASF2
 353 004c 04       		.uleb128 0x4
 354 004d 01       		.byte	0x1
 355 004e 06       		.byte	0x6
ARM GAS  C:\Users\jagumiel\AppData\Local\Temp\ccTgLKek.s 			page 13


 356 004f 5B020000 		.4byte	.LASF3
 357 0053 04       		.uleb128 0x4
 358 0054 01       		.byte	0x1
 359 0055 08       		.byte	0x8
 360 0056 8D000000 		.4byte	.LASF4
 361 005a 04       		.uleb128 0x4
 362 005b 02       		.byte	0x2
 363 005c 05       		.byte	0x5
 364 005d 27020000 		.4byte	.LASF5
 365 0061 04       		.uleb128 0x4
 366 0062 02       		.byte	0x2
 367 0063 07       		.byte	0x7
 368 0064 48000000 		.4byte	.LASF6
 369 0068 04       		.uleb128 0x4
 370 0069 04       		.byte	0x4
 371 006a 05       		.byte	0x5
 372 006b 46020000 		.4byte	.LASF7
 373 006f 04       		.uleb128 0x4
 374 0070 04       		.byte	0x4
 375 0071 07       		.byte	0x7
 376 0072 6B000000 		.4byte	.LASF8
 377 0076 04       		.uleb128 0x4
 378 0077 08       		.byte	0x8
 379 0078 07       		.byte	0x7
 380 0079 E5000000 		.4byte	.LASF9
 381 007d 04       		.uleb128 0x4
 382 007e 04       		.byte	0x4
 383 007f 07       		.byte	0x7
 384 0080 97010000 		.4byte	.LASF10
 385 0084 05       		.uleb128 0x5
 386 0085 04       		.byte	0x4
 387 0086 04       		.uleb128 0x4
 388 0087 01       		.byte	0x1
 389 0088 08       		.byte	0x8
 390 0089 AE010000 		.4byte	.LASF11
 391 008d 06       		.uleb128 0x6
 392 008e 7D000000 		.4byte	.LASF13
 393 0092 03       		.byte	0x3
 394 0093 E401     		.2byte	0x1e4
 395 0095 53000000 		.4byte	0x53
 396 0099 06       		.uleb128 0x6
 397 009a B5000000 		.4byte	.LASF14
 398 009e 03       		.byte	0x3
 399 009f E501     		.2byte	0x1e5
 400 00a1 61000000 		.4byte	0x61
 401 00a5 06       		.uleb128 0x6
 402 00a6 BC000000 		.4byte	.LASF15
 403 00aa 03       		.byte	0x3
 404 00ab E601     		.2byte	0x1e6
 405 00ad 6F000000 		.4byte	0x6f
 406 00b1 04       		.uleb128 0x4
 407 00b2 04       		.byte	0x4
 408 00b3 04       		.byte	0x4
 409 00b4 5B000000 		.4byte	.LASF16
 410 00b8 04       		.uleb128 0x4
 411 00b9 08       		.byte	0x8
 412 00ba 04       		.byte	0x4
ARM GAS  C:\Users\jagumiel\AppData\Local\Temp\ccTgLKek.s 			page 14


 413 00bb A2000000 		.4byte	.LASF17
 414 00bf 06       		.uleb128 0x6
 415 00c0 66000000 		.4byte	.LASF18
 416 00c4 03       		.byte	0x3
 417 00c5 8E02     		.2byte	0x28e
 418 00c7 CB000000 		.4byte	0xcb
 419 00cb 07       		.uleb128 0x7
 420 00cc 8D000000 		.4byte	0x8d
 421 00d0 06       		.uleb128 0x6
 422 00d1 00000000 		.4byte	.LASF19
 423 00d5 03       		.byte	0x3
 424 00d6 9002     		.2byte	0x290
 425 00d8 DC000000 		.4byte	0xdc
 426 00dc 07       		.uleb128 0x7
 427 00dd A5000000 		.4byte	0xa5
 428 00e1 08       		.uleb128 0x8
 429 00e2 0D000000 		.4byte	.LASF32
 430 00e6 01       		.byte	0x1
 431 00e7 DB       		.byte	0xdb
 432 00e8 00000000 		.4byte	.LFB6
 433 00ec 20000000 		.4byte	.LFE6-.LFB6
 434 00f0 01       		.uleb128 0x1
 435 00f1 9C       		.byte	0x9c
 436 00f2 09       		.uleb128 0x9
 437 00f3 83000000 		.4byte	.LASF20
 438 00f7 01       		.byte	0x1
 439 00f8 4C       		.byte	0x4c
 440 00f9 00000000 		.4byte	.LFB2
 441 00fd 0C000000 		.4byte	.LFE2-.LFB2
 442 0101 01       		.uleb128 0x1
 443 0102 9C       		.byte	0x9c
 444 0103 3F010000 		.4byte	0x13f
 445 0107 0A       		.uleb128 0xa
 446 0108 7300     		.ascii	"s\000"
 447 010a 01       		.byte	0x1
 448 010b 4C       		.byte	0x4c
 449 010c 84000000 		.4byte	0x84
 450 0110 00000000 		.4byte	.LLST0
 451 0114 0A       		.uleb128 0xa
 452 0115 6E00     		.ascii	"n\000"
 453 0117 01       		.byte	0x1
 454 0118 4C       		.byte	0x4c
 455 0119 2C000000 		.4byte	0x2c
 456 011d 21000000 		.4byte	.LLST1
 457 0121 0B       		.uleb128 0xb
 458 0122 0A000000 		.4byte	.LVL2
 459 0126 6C020000 		.4byte	0x26c
 460 012a 0C       		.uleb128 0xc
 461 012b 01       		.uleb128 0x1
 462 012c 50       		.byte	0x50
 463 012d 03       		.uleb128 0x3
 464 012e F3       		.byte	0xf3
 465 012f 01       		.uleb128 0x1
 466 0130 50       		.byte	0x50
 467 0131 0C       		.uleb128 0xc
 468 0132 01       		.uleb128 0x1
 469 0133 51       		.byte	0x51
ARM GAS  C:\Users\jagumiel\AppData\Local\Temp\ccTgLKek.s 			page 15


 470 0134 01       		.uleb128 0x1
 471 0135 30       		.byte	0x30
 472 0136 0C       		.uleb128 0xc
 473 0137 01       		.uleb128 0x1
 474 0138 52       		.byte	0x52
 475 0139 03       		.uleb128 0x3
 476 013a F3       		.byte	0xf3
 477 013b 01       		.uleb128 0x1
 478 013c 51       		.byte	0x51
 479 013d 00       		.byte	0
 480 013e 00       		.byte	0
 481 013f 09       		.uleb128 0x9
 482 0140 3D000000 		.4byte	.LASF21
 483 0144 01       		.byte	0x1
 484 0145 AA       		.byte	0xaa
 485 0146 00000000 		.4byte	.LFB5
 486 014a 7C000000 		.4byte	.LFE5-.LFB5
 487 014e 01       		.uleb128 0x1
 488 014f 9C       		.byte	0x9c
 489 0150 8B010000 		.4byte	0x18b
 490 0154 0D       		.uleb128 0xd
 491 0155 0E000000 		.4byte	.LVL3
 492 0159 75020000 		.4byte	0x275
 493 015d 68010000 		.4byte	0x168
 494 0161 0C       		.uleb128 0xc
 495 0162 01       		.uleb128 0x1
 496 0163 50       		.byte	0x50
 497 0164 02       		.uleb128 0x2
 498 0165 08       		.byte	0x8
 499 0166 30       		.byte	0x30
 500 0167 00       		.byte	0
 501 0168 0D       		.uleb128 0xd
 502 0169 40000000 		.4byte	.LVL4
 503 016d 80020000 		.4byte	0x280
 504 0171 7B010000 		.4byte	0x17b
 505 0175 0C       		.uleb128 0xc
 506 0176 01       		.uleb128 0x1
 507 0177 50       		.byte	0x50
 508 0178 01       		.uleb128 0x1
 509 0179 38       		.byte	0x38
 510 017a 00       		.byte	0
 511 017b 0B       		.uleb128 0xb
 512 017c 46000000 		.4byte	.LVL5
 513 0180 8B020000 		.4byte	0x28b
 514 0184 0C       		.uleb128 0xc
 515 0185 01       		.uleb128 0x1
 516 0186 50       		.byte	0x50
 517 0187 01       		.uleb128 0x1
 518 0188 38       		.byte	0x38
 519 0189 00       		.byte	0
 520 018a 00       		.byte	0
 521 018b 0E       		.uleb128 0xe
 522 018c D0000000 		.4byte	.LASF33
 523 0190 01       		.byte	0x1
 524 0191 F6       		.byte	0xf6
 525 0192 7C000000 		.4byte	.LFB7
 526 0196 BC000000 		.4byte	.LFE7-.LFB7
ARM GAS  C:\Users\jagumiel\AppData\Local\Temp\ccTgLKek.s 			page 16


 527 019a 01       		.uleb128 0x1
 528 019b 9C       		.byte	0x9c
 529 019c 6C020000 		.4byte	0x26c
 530 01a0 0F       		.uleb128 0xf
 531 01a1 86000000 		.4byte	.LBB2
 532 01a5 50000000 		.4byte	.LBE2-.LBB2
 533 01a9 59020000 		.4byte	0x259
 534 01ad 10       		.uleb128 0x10
 535 01ae 06       		.byte	0x6
 536 01af 01       		.byte	0x1
 537 01b0 FF       		.byte	0xff
 538 01b1 D0010000 		.4byte	0x1d0
 539 01b5 11       		.uleb128 0x11
 540 01b6 DD000000 		.4byte	.LASF22
 541 01ba 01       		.byte	0x1
 542 01bb 0001     		.2byte	0x100
 543 01bd 84000000 		.4byte	0x84
 544 01c1 00       		.byte	0
 545 01c2 11       		.uleb128 0x11
 546 01c3 61000000 		.4byte	.LASF23
 547 01c7 01       		.byte	0x1
 548 01c8 0101     		.2byte	0x101
 549 01ca 99000000 		.4byte	0x99
 550 01ce 04       		.byte	0x4
 551 01cf 00       		.byte	0
 552 01d0 06       		.uleb128 0x6
 553 01d1 8A010000 		.4byte	.LASF24
 554 01d5 01       		.byte	0x1
 555 01d6 0201     		.2byte	0x102
 556 01d8 AD010000 		.4byte	0x1ad
 557 01dc 12       		.uleb128 0x12
 558 01dd EC010000 		.4byte	0x1ec
 559 01e1 EC010000 		.4byte	0x1ec
 560 01e5 13       		.uleb128 0x13
 561 01e6 7D000000 		.4byte	0x7d
 562 01ea 01       		.byte	0x1
 563 01eb 00       		.byte	0
 564 01ec 14       		.uleb128 0x14
 565 01ed D0010000 		.4byte	0x1d0
 566 01f1 15       		.uleb128 0x15
 567 01f2 2D000000 		.4byte	.LASF25
 568 01f6 01       		.byte	0x1
 569 01f7 0401     		.2byte	0x104
 570 01f9 03020000 		.4byte	0x203
 571 01fd 05       		.uleb128 0x5
 572 01fe 03       		.byte	0x3
 573 01ff 00000000 		.4byte	cfg_memset_list.4884
 574 0203 14       		.uleb128 0x14
 575 0204 DC010000 		.4byte	0x1dc
 576 0208 16       		.uleb128 0x16
 577 0209 6900     		.ascii	"i\000"
 578 020b 01       		.byte	0x1
 579 020c 0A01     		.2byte	0x10a
 580 020e 8D000000 		.4byte	0x8d
 581 0212 4D000000 		.4byte	.LLST2
 582 0216 17       		.uleb128 0x17
 583 0217 8A000000 		.4byte	.LBB3
ARM GAS  C:\Users\jagumiel\AppData\Local\Temp\ccTgLKek.s 			page 17


 584 021b 1C000000 		.4byte	.LBE3-.LBB3
 585 021f 16       		.uleb128 0x16
 586 0220 6D7300   		.ascii	"ms\000"
 587 0223 01       		.byte	0x1
 588 0224 0F01     		.2byte	0x10f
 589 0226 2E020000 		.4byte	0x22e
 590 022a 77000000 		.4byte	.LLST3
 591 022e 18       		.uleb128 0x18
 592 022f 04       		.byte	0x4
 593 0230 EC010000 		.4byte	0x1ec
 594 0234 0B       		.uleb128 0xb
 595 0235 A6000000 		.4byte	.LVL8
 596 0239 F2000000 		.4byte	0xf2
 597 023d 0C       		.uleb128 0xc
 598 023e 01       		.uleb128 0x1
 599 023f 51       		.byte	0x51
 600 0240 15       		.uleb128 0x15
 601 0241 74       		.byte	0x74
 602 0242 00       		.sleb128 0
 603 0243 31       		.byte	0x31
 604 0244 24       		.byte	0x24
 605 0245 74       		.byte	0x74
 606 0246 00       		.sleb128 0
 607 0247 22       		.byte	0x22
 608 0248 31       		.byte	0x31
 609 0249 24       		.byte	0x24
 610 024a 03       		.byte	0x3
 611 024b 04000000 		.4byte	.LANCHOR0+4
 612 024f 22       		.byte	0x22
 613 0250 94       		.byte	0x94
 614 0251 02       		.byte	0x2
 615 0252 0A       		.byte	0xa
 616 0253 FFFF     		.2byte	0xffff
 617 0255 1A       		.byte	0x1a
 618 0256 00       		.byte	0
 619 0257 00       		.byte	0
 620 0258 00       		.byte	0
 621 0259 19       		.uleb128 0x19
 622 025a FC000000 		.4byte	.LVL11
 623 025e 3F010000 		.4byte	0x13f
 624 0262 19       		.uleb128 0x19
 625 0263 00010000 		.4byte	.LVL12
 626 0267 E1000000 		.4byte	0xe1
 627 026b 00       		.byte	0
 628 026c 1A       		.uleb128 0x1a
 629 026d 9B000000 		.4byte	.LASF34
 630 0271 9B000000 		.4byte	.LASF34
 631 0275 1B       		.uleb128 0x1b
 632 0276 31020000 		.4byte	.LASF26
 633 027a 31020000 		.4byte	.LASF26
 634 027e 04       		.byte	0x4
 635 027f 6C       		.byte	0x6c
 636 0280 1B       		.uleb128 0x1b
 637 0281 1E000000 		.4byte	.LASF27
 638 0285 1E000000 		.4byte	.LASF27
 639 0289 04       		.byte	0x4
 640 028a BD       		.byte	0xbd
ARM GAS  C:\Users\jagumiel\AppData\Local\Temp\ccTgLKek.s 			page 18


 641 028b 1B       		.uleb128 0x1b
 642 028c A9000000 		.4byte	.LASF28
 643 0290 A9000000 		.4byte	.LASF28
 644 0294 04       		.byte	0x4
 645 0295 C3       		.byte	0xc3
 646 0296 00       		.byte	0
 647              		.section	.debug_abbrev,"",%progbits
 648              	.Ldebug_abbrev0:
 649 0000 01       		.uleb128 0x1
 650 0001 11       		.uleb128 0x11
 651 0002 01       		.byte	0x1
 652 0003 25       		.uleb128 0x25
 653 0004 0E       		.uleb128 0xe
 654 0005 13       		.uleb128 0x13
 655 0006 0B       		.uleb128 0xb
 656 0007 03       		.uleb128 0x3
 657 0008 0E       		.uleb128 0xe
 658 0009 1B       		.uleb128 0x1b
 659 000a 0E       		.uleb128 0xe
 660 000b 55       		.uleb128 0x55
 661 000c 17       		.uleb128 0x17
 662 000d 11       		.uleb128 0x11
 663 000e 01       		.uleb128 0x1
 664 000f 10       		.uleb128 0x10
 665 0010 17       		.uleb128 0x17
 666 0011 00       		.byte	0
 667 0012 00       		.byte	0
 668 0013 02       		.uleb128 0x2
 669 0014 24       		.uleb128 0x24
 670 0015 00       		.byte	0
 671 0016 0B       		.uleb128 0xb
 672 0017 0B       		.uleb128 0xb
 673 0018 3E       		.uleb128 0x3e
 674 0019 0B       		.uleb128 0xb
 675 001a 03       		.uleb128 0x3
 676 001b 08       		.uleb128 0x8
 677 001c 00       		.byte	0
 678 001d 00       		.byte	0
 679 001e 03       		.uleb128 0x3
 680 001f 16       		.uleb128 0x16
 681 0020 00       		.byte	0
 682 0021 03       		.uleb128 0x3
 683 0022 0E       		.uleb128 0xe
 684 0023 3A       		.uleb128 0x3a
 685 0024 0B       		.uleb128 0xb
 686 0025 3B       		.uleb128 0x3b
 687 0026 0B       		.uleb128 0xb
 688 0027 49       		.uleb128 0x49
 689 0028 13       		.uleb128 0x13
 690 0029 00       		.byte	0
 691 002a 00       		.byte	0
 692 002b 04       		.uleb128 0x4
 693 002c 24       		.uleb128 0x24
 694 002d 00       		.byte	0
 695 002e 0B       		.uleb128 0xb
 696 002f 0B       		.uleb128 0xb
 697 0030 3E       		.uleb128 0x3e
ARM GAS  C:\Users\jagumiel\AppData\Local\Temp\ccTgLKek.s 			page 19


 698 0031 0B       		.uleb128 0xb
 699 0032 03       		.uleb128 0x3
 700 0033 0E       		.uleb128 0xe
 701 0034 00       		.byte	0
 702 0035 00       		.byte	0
 703 0036 05       		.uleb128 0x5
 704 0037 0F       		.uleb128 0xf
 705 0038 00       		.byte	0
 706 0039 0B       		.uleb128 0xb
 707 003a 0B       		.uleb128 0xb
 708 003b 00       		.byte	0
 709 003c 00       		.byte	0
 710 003d 06       		.uleb128 0x6
 711 003e 16       		.uleb128 0x16
 712 003f 00       		.byte	0
 713 0040 03       		.uleb128 0x3
 714 0041 0E       		.uleb128 0xe
 715 0042 3A       		.uleb128 0x3a
 716 0043 0B       		.uleb128 0xb
 717 0044 3B       		.uleb128 0x3b
 718 0045 05       		.uleb128 0x5
 719 0046 49       		.uleb128 0x49
 720 0047 13       		.uleb128 0x13
 721 0048 00       		.byte	0
 722 0049 00       		.byte	0
 723 004a 07       		.uleb128 0x7
 724 004b 35       		.uleb128 0x35
 725 004c 00       		.byte	0
 726 004d 49       		.uleb128 0x49
 727 004e 13       		.uleb128 0x13
 728 004f 00       		.byte	0
 729 0050 00       		.byte	0
 730 0051 08       		.uleb128 0x8
 731 0052 2E       		.uleb128 0x2e
 732 0053 00       		.byte	0
 733 0054 03       		.uleb128 0x3
 734 0055 0E       		.uleb128 0xe
 735 0056 3A       		.uleb128 0x3a
 736 0057 0B       		.uleb128 0xb
 737 0058 3B       		.uleb128 0x3b
 738 0059 0B       		.uleb128 0xb
 739 005a 27       		.uleb128 0x27
 740 005b 19       		.uleb128 0x19
 741 005c 11       		.uleb128 0x11
 742 005d 01       		.uleb128 0x1
 743 005e 12       		.uleb128 0x12
 744 005f 06       		.uleb128 0x6
 745 0060 40       		.uleb128 0x40
 746 0061 18       		.uleb128 0x18
 747 0062 9742     		.uleb128 0x2117
 748 0064 19       		.uleb128 0x19
 749 0065 00       		.byte	0
 750 0066 00       		.byte	0
 751 0067 09       		.uleb128 0x9
 752 0068 2E       		.uleb128 0x2e
 753 0069 01       		.byte	0x1
 754 006a 03       		.uleb128 0x3
ARM GAS  C:\Users\jagumiel\AppData\Local\Temp\ccTgLKek.s 			page 20


 755 006b 0E       		.uleb128 0xe
 756 006c 3A       		.uleb128 0x3a
 757 006d 0B       		.uleb128 0xb
 758 006e 3B       		.uleb128 0x3b
 759 006f 0B       		.uleb128 0xb
 760 0070 27       		.uleb128 0x27
 761 0071 19       		.uleb128 0x19
 762 0072 11       		.uleb128 0x11
 763 0073 01       		.uleb128 0x1
 764 0074 12       		.uleb128 0x12
 765 0075 06       		.uleb128 0x6
 766 0076 40       		.uleb128 0x40
 767 0077 18       		.uleb128 0x18
 768 0078 9742     		.uleb128 0x2117
 769 007a 19       		.uleb128 0x19
 770 007b 01       		.uleb128 0x1
 771 007c 13       		.uleb128 0x13
 772 007d 00       		.byte	0
 773 007e 00       		.byte	0
 774 007f 0A       		.uleb128 0xa
 775 0080 05       		.uleb128 0x5
 776 0081 00       		.byte	0
 777 0082 03       		.uleb128 0x3
 778 0083 08       		.uleb128 0x8
 779 0084 3A       		.uleb128 0x3a
 780 0085 0B       		.uleb128 0xb
 781 0086 3B       		.uleb128 0x3b
 782 0087 0B       		.uleb128 0xb
 783 0088 49       		.uleb128 0x49
 784 0089 13       		.uleb128 0x13
 785 008a 02       		.uleb128 0x2
 786 008b 17       		.uleb128 0x17
 787 008c 00       		.byte	0
 788 008d 00       		.byte	0
 789 008e 0B       		.uleb128 0xb
 790 008f 898201   		.uleb128 0x4109
 791 0092 01       		.byte	0x1
 792 0093 11       		.uleb128 0x11
 793 0094 01       		.uleb128 0x1
 794 0095 31       		.uleb128 0x31
 795 0096 13       		.uleb128 0x13
 796 0097 00       		.byte	0
 797 0098 00       		.byte	0
 798 0099 0C       		.uleb128 0xc
 799 009a 8A8201   		.uleb128 0x410a
 800 009d 00       		.byte	0
 801 009e 02       		.uleb128 0x2
 802 009f 18       		.uleb128 0x18
 803 00a0 9142     		.uleb128 0x2111
 804 00a2 18       		.uleb128 0x18
 805 00a3 00       		.byte	0
 806 00a4 00       		.byte	0
 807 00a5 0D       		.uleb128 0xd
 808 00a6 898201   		.uleb128 0x4109
 809 00a9 01       		.byte	0x1
 810 00aa 11       		.uleb128 0x11
 811 00ab 01       		.uleb128 0x1
ARM GAS  C:\Users\jagumiel\AppData\Local\Temp\ccTgLKek.s 			page 21


 812 00ac 31       		.uleb128 0x31
 813 00ad 13       		.uleb128 0x13
 814 00ae 01       		.uleb128 0x1
 815 00af 13       		.uleb128 0x13
 816 00b0 00       		.byte	0
 817 00b1 00       		.byte	0
 818 00b2 0E       		.uleb128 0xe
 819 00b3 2E       		.uleb128 0x2e
 820 00b4 01       		.byte	0x1
 821 00b5 3F       		.uleb128 0x3f
 822 00b6 19       		.uleb128 0x19
 823 00b7 03       		.uleb128 0x3
 824 00b8 0E       		.uleb128 0xe
 825 00b9 3A       		.uleb128 0x3a
 826 00ba 0B       		.uleb128 0xb
 827 00bb 3B       		.uleb128 0x3b
 828 00bc 0B       		.uleb128 0xb
 829 00bd 27       		.uleb128 0x27
 830 00be 19       		.uleb128 0x19
 831 00bf 11       		.uleb128 0x11
 832 00c0 01       		.uleb128 0x1
 833 00c1 12       		.uleb128 0x12
 834 00c2 06       		.uleb128 0x6
 835 00c3 40       		.uleb128 0x40
 836 00c4 18       		.uleb128 0x18
 837 00c5 9742     		.uleb128 0x2117
 838 00c7 19       		.uleb128 0x19
 839 00c8 01       		.uleb128 0x1
 840 00c9 13       		.uleb128 0x13
 841 00ca 00       		.byte	0
 842 00cb 00       		.byte	0
 843 00cc 0F       		.uleb128 0xf
 844 00cd 0B       		.uleb128 0xb
 845 00ce 01       		.byte	0x1
 846 00cf 11       		.uleb128 0x11
 847 00d0 01       		.uleb128 0x1
 848 00d1 12       		.uleb128 0x12
 849 00d2 06       		.uleb128 0x6
 850 00d3 01       		.uleb128 0x1
 851 00d4 13       		.uleb128 0x13
 852 00d5 00       		.byte	0
 853 00d6 00       		.byte	0
 854 00d7 10       		.uleb128 0x10
 855 00d8 13       		.uleb128 0x13
 856 00d9 01       		.byte	0x1
 857 00da 0B       		.uleb128 0xb
 858 00db 0B       		.uleb128 0xb
 859 00dc 3A       		.uleb128 0x3a
 860 00dd 0B       		.uleb128 0xb
 861 00de 3B       		.uleb128 0x3b
 862 00df 0B       		.uleb128 0xb
 863 00e0 01       		.uleb128 0x1
 864 00e1 13       		.uleb128 0x13
 865 00e2 00       		.byte	0
 866 00e3 00       		.byte	0
 867 00e4 11       		.uleb128 0x11
 868 00e5 0D       		.uleb128 0xd
ARM GAS  C:\Users\jagumiel\AppData\Local\Temp\ccTgLKek.s 			page 22


 869 00e6 00       		.byte	0
 870 00e7 03       		.uleb128 0x3
 871 00e8 0E       		.uleb128 0xe
 872 00e9 3A       		.uleb128 0x3a
 873 00ea 0B       		.uleb128 0xb
 874 00eb 3B       		.uleb128 0x3b
 875 00ec 05       		.uleb128 0x5
 876 00ed 49       		.uleb128 0x49
 877 00ee 13       		.uleb128 0x13
 878 00ef 38       		.uleb128 0x38
 879 00f0 0B       		.uleb128 0xb
 880 00f1 00       		.byte	0
 881 00f2 00       		.byte	0
 882 00f3 12       		.uleb128 0x12
 883 00f4 01       		.uleb128 0x1
 884 00f5 01       		.byte	0x1
 885 00f6 49       		.uleb128 0x49
 886 00f7 13       		.uleb128 0x13
 887 00f8 01       		.uleb128 0x1
 888 00f9 13       		.uleb128 0x13
 889 00fa 00       		.byte	0
 890 00fb 00       		.byte	0
 891 00fc 13       		.uleb128 0x13
 892 00fd 21       		.uleb128 0x21
 893 00fe 00       		.byte	0
 894 00ff 49       		.uleb128 0x49
 895 0100 13       		.uleb128 0x13
 896 0101 2F       		.uleb128 0x2f
 897 0102 0B       		.uleb128 0xb
 898 0103 00       		.byte	0
 899 0104 00       		.byte	0
 900 0105 14       		.uleb128 0x14
 901 0106 26       		.uleb128 0x26
 902 0107 00       		.byte	0
 903 0108 49       		.uleb128 0x49
 904 0109 13       		.uleb128 0x13
 905 010a 00       		.byte	0
 906 010b 00       		.byte	0
 907 010c 15       		.uleb128 0x15
 908 010d 34       		.uleb128 0x34
 909 010e 00       		.byte	0
 910 010f 03       		.uleb128 0x3
 911 0110 0E       		.uleb128 0xe
 912 0111 3A       		.uleb128 0x3a
 913 0112 0B       		.uleb128 0xb
 914 0113 3B       		.uleb128 0x3b
 915 0114 05       		.uleb128 0x5
 916 0115 49       		.uleb128 0x49
 917 0116 13       		.uleb128 0x13
 918 0117 02       		.uleb128 0x2
 919 0118 18       		.uleb128 0x18
 920 0119 00       		.byte	0
 921 011a 00       		.byte	0
 922 011b 16       		.uleb128 0x16
 923 011c 34       		.uleb128 0x34
 924 011d 00       		.byte	0
 925 011e 03       		.uleb128 0x3
ARM GAS  C:\Users\jagumiel\AppData\Local\Temp\ccTgLKek.s 			page 23


 926 011f 08       		.uleb128 0x8
 927 0120 3A       		.uleb128 0x3a
 928 0121 0B       		.uleb128 0xb
 929 0122 3B       		.uleb128 0x3b
 930 0123 05       		.uleb128 0x5
 931 0124 49       		.uleb128 0x49
 932 0125 13       		.uleb128 0x13
 933 0126 02       		.uleb128 0x2
 934 0127 17       		.uleb128 0x17
 935 0128 00       		.byte	0
 936 0129 00       		.byte	0
 937 012a 17       		.uleb128 0x17
 938 012b 0B       		.uleb128 0xb
 939 012c 01       		.byte	0x1
 940 012d 11       		.uleb128 0x11
 941 012e 01       		.uleb128 0x1
 942 012f 12       		.uleb128 0x12
 943 0130 06       		.uleb128 0x6
 944 0131 00       		.byte	0
 945 0132 00       		.byte	0
 946 0133 18       		.uleb128 0x18
 947 0134 0F       		.uleb128 0xf
 948 0135 00       		.byte	0
 949 0136 0B       		.uleb128 0xb
 950 0137 0B       		.uleb128 0xb
 951 0138 49       		.uleb128 0x49
 952 0139 13       		.uleb128 0x13
 953 013a 00       		.byte	0
 954 013b 00       		.byte	0
 955 013c 19       		.uleb128 0x19
 956 013d 898201   		.uleb128 0x4109
 957 0140 00       		.byte	0
 958 0141 11       		.uleb128 0x11
 959 0142 01       		.uleb128 0x1
 960 0143 31       		.uleb128 0x31
 961 0144 13       		.uleb128 0x13
 962 0145 00       		.byte	0
 963 0146 00       		.byte	0
 964 0147 1A       		.uleb128 0x1a
 965 0148 2E       		.uleb128 0x2e
 966 0149 00       		.byte	0
 967 014a 3F       		.uleb128 0x3f
 968 014b 19       		.uleb128 0x19
 969 014c 3C       		.uleb128 0x3c
 970 014d 19       		.uleb128 0x19
 971 014e 6E       		.uleb128 0x6e
 972 014f 0E       		.uleb128 0xe
 973 0150 03       		.uleb128 0x3
 974 0151 0E       		.uleb128 0xe
 975 0152 00       		.byte	0
 976 0153 00       		.byte	0
 977 0154 1B       		.uleb128 0x1b
 978 0155 2E       		.uleb128 0x2e
 979 0156 00       		.byte	0
 980 0157 3F       		.uleb128 0x3f
 981 0158 19       		.uleb128 0x19
 982 0159 3C       		.uleb128 0x3c
ARM GAS  C:\Users\jagumiel\AppData\Local\Temp\ccTgLKek.s 			page 24


 983 015a 19       		.uleb128 0x19
 984 015b 6E       		.uleb128 0x6e
 985 015c 0E       		.uleb128 0xe
 986 015d 03       		.uleb128 0x3
 987 015e 0E       		.uleb128 0xe
 988 015f 3A       		.uleb128 0x3a
 989 0160 0B       		.uleb128 0xb
 990 0161 3B       		.uleb128 0x3b
 991 0162 0B       		.uleb128 0xb
 992 0163 00       		.byte	0
 993 0164 00       		.byte	0
 994 0165 00       		.byte	0
 995              		.section	.debug_loc,"",%progbits
 996              	.Ldebug_loc0:
 997              	.LLST0:
 998 0000 00000000 		.4byte	.LVL0
 999 0004 09000000 		.4byte	.LVL2-1
 1000 0008 0100     		.2byte	0x1
 1001 000a 50       		.byte	0x50
 1002 000b 09000000 		.4byte	.LVL2-1
 1003 000f 0C000000 		.4byte	.LFE2
 1004 0013 0400     		.2byte	0x4
 1005 0015 F3       		.byte	0xf3
 1006 0016 01       		.uleb128 0x1
 1007 0017 50       		.byte	0x50
 1008 0018 9F       		.byte	0x9f
 1009 0019 00000000 		.4byte	0
 1010 001d 00000000 		.4byte	0
 1011              	.LLST1:
 1012 0021 00000000 		.4byte	.LVL0
 1013 0025 06000000 		.4byte	.LVL1
 1014 0029 0100     		.2byte	0x1
 1015 002b 51       		.byte	0x51
 1016 002c 06000000 		.4byte	.LVL1
 1017 0030 09000000 		.4byte	.LVL2-1
 1018 0034 0100     		.2byte	0x1
 1019 0036 52       		.byte	0x52
 1020 0037 09000000 		.4byte	.LVL2-1
 1021 003b 0C000000 		.4byte	.LFE2
 1022 003f 0400     		.2byte	0x4
 1023 0041 F3       		.byte	0xf3
 1024 0042 01       		.uleb128 0x1
 1025 0043 51       		.byte	0x51
 1026 0044 9F       		.byte	0x9f
 1027 0045 00000000 		.4byte	0
 1028 0049 00000000 		.4byte	0
 1029              	.LLST2:
 1030 004d 86000000 		.4byte	.LVL6
 1031 0051 8A000000 		.4byte	.LVL7
 1032 0055 0200     		.2byte	0x2
 1033 0057 30       		.byte	0x30
 1034 0058 9F       		.byte	0x9f
 1035 0059 8A000000 		.4byte	.LVL7
 1036 005d A8000000 		.4byte	.LVL9
 1037 0061 0100     		.2byte	0x1
 1038 0063 54       		.byte	0x54
 1039 0064 AA000000 		.4byte	.LVL10
ARM GAS  C:\Users\jagumiel\AppData\Local\Temp\ccTgLKek.s 			page 25


 1040 0068 00010000 		.4byte	.LVL13
 1041 006c 0100     		.2byte	0x1
 1042 006e 54       		.byte	0x54
 1043 006f 00000000 		.4byte	0
 1044 0073 00000000 		.4byte	0
 1045              	.LLST3:
 1046 0077 8A000000 		.4byte	.LVL7
 1047 007b A8000000 		.4byte	.LVL9
 1048 007f 0B00     		.2byte	0xb
 1049 0081 74       		.byte	0x74
 1050 0082 00       		.sleb128 0
 1051 0083 36       		.byte	0x36
 1052 0084 1E       		.byte	0x1e
 1053 0085 03       		.byte	0x3
 1054 0086 00000000 		.4byte	cfg_memset_list.4884
 1055 008a 22       		.byte	0x22
 1056 008b 9F       		.byte	0x9f
 1057 008c A8000000 		.4byte	.LVL9
 1058 0090 AA000000 		.4byte	.LVL10
 1059 0094 0B00     		.2byte	0xb
 1060 0096 74       		.byte	0x74
 1061 0097 7F       		.sleb128 -1
 1062 0098 36       		.byte	0x36
 1063 0099 1E       		.byte	0x1e
 1064 009a 03       		.byte	0x3
 1065 009b 00000000 		.4byte	cfg_memset_list.4884
 1066 009f 22       		.byte	0x22
 1067 00a0 9F       		.byte	0x9f
 1068 00a1 00000000 		.4byte	0
 1069 00a5 00000000 		.4byte	0
 1070              		.section	.debug_aranges,"",%progbits
 1071 0000 34000000 		.4byte	0x34
 1072 0004 0200     		.2byte	0x2
 1073 0006 00000000 		.4byte	.Ldebug_info0
 1074 000a 04       		.byte	0x4
 1075 000b 00       		.byte	0
 1076 000c 0000     		.2byte	0
 1077 000e 0000     		.2byte	0
 1078 0010 00000000 		.4byte	.LFB6
 1079 0014 20000000 		.4byte	.LFE6-.LFB6
 1080 0018 00000000 		.4byte	.LFB2
 1081 001c 0C000000 		.4byte	.LFE2-.LFB2
 1082 0020 00000000 		.4byte	.LFB5
 1083 0024 7C000000 		.4byte	.LFE5-.LFB5
 1084 0028 7C000000 		.4byte	.LFB7
 1085 002c BC000000 		.4byte	.LFE7-.LFB7
 1086 0030 00000000 		.4byte	0
 1087 0034 00000000 		.4byte	0
 1088              		.section	.debug_ranges,"",%progbits
 1089              	.Ldebug_ranges0:
 1090 0000 00000000 		.4byte	.LFB6
 1091 0004 20000000 		.4byte	.LFE6
 1092 0008 00000000 		.4byte	.LFB2
 1093 000c 0C000000 		.4byte	.LFE2
 1094 0010 00000000 		.4byte	.LFB5
 1095 0014 7C000000 		.4byte	.LFE5
 1096 0018 7C000000 		.4byte	.LFB7
ARM GAS  C:\Users\jagumiel\AppData\Local\Temp\ccTgLKek.s 			page 26


 1097 001c 38010000 		.4byte	.LFE7
 1098 0020 00000000 		.4byte	0
 1099 0024 00000000 		.4byte	0
 1100              		.section	.debug_line,"",%progbits
 1101              	.Ldebug_line0:
 1102 0000 46010000 		.section	.debug_str,"MS",%progbits,1
 1102      0200D600 
 1102      00000201 
 1102      FB0E0D00 
 1102      01010101 
 1103              	.LASF19:
 1104 0000 72656733 		.ascii	"reg32\000"
 1104      3200
 1105              	.LASF12:
 1106 0006 73697A65 		.ascii	"size_t\000"
 1106      5F7400
 1107              	.LASF32:
 1108 000d 416E616C 		.ascii	"AnalogSetDefault\000"
 1108      6F675365 
 1108      74446566 
 1108      61756C74 
 1108      00
 1109              	.LASF27:
 1110 001e 4379496E 		.ascii	"CyIntSetVector\000"
 1110      74536574 
 1110      56656374 
 1110      6F7200
 1111              	.LASF25:
 1112 002d 6366675F 		.ascii	"cfg_memset_list\000"
 1112      6D656D73 
 1112      65745F6C 
 1112      69737400 
 1113              	.LASF21:
 1114 003d 436C6F63 		.ascii	"ClockSetup\000"
 1114      6B536574 
 1114      757000
 1115              	.LASF6:
 1116 0048 73686F72 		.ascii	"short unsigned int\000"
 1116      7420756E 
 1116      7369676E 
 1116      65642069 
 1116      6E7400
 1117              	.LASF16:
 1118 005b 666C6F61 		.ascii	"float\000"
 1118      7400
 1119              	.LASF23:
 1120 0061 73697A65 		.ascii	"size\000"
 1120      00
 1121              	.LASF18:
 1122 0066 72656738 		.ascii	"reg8\000"
 1122      00
 1123              	.LASF8:
 1124 006b 6C6F6E67 		.ascii	"long unsigned int\000"
 1124      20756E73 
 1124      69676E65 
 1124      6420696E 
 1124      7400
ARM GAS  C:\Users\jagumiel\AppData\Local\Temp\ccTgLKek.s 			page 27


 1125              	.LASF13:
 1126 007d 75696E74 		.ascii	"uint8\000"
 1126      3800
 1127              	.LASF20:
 1128 0083 43594D45 		.ascii	"CYMEMZERO\000"
 1128      4D5A4552 
 1128      4F00
 1129              	.LASF4:
 1130 008d 756E7369 		.ascii	"unsigned char\000"
 1130      676E6564 
 1130      20636861 
 1130      7200
 1131              	.LASF34:
 1132 009b 6D656D73 		.ascii	"memset\000"
 1132      657400
 1133              	.LASF17:
 1134 00a2 646F7562 		.ascii	"double\000"
 1134      6C6500
 1135              	.LASF28:
 1136 00a9 4379496E 		.ascii	"CyIntEnable\000"
 1136      74456E61 
 1136      626C6500 
 1137              	.LASF14:
 1138 00b5 75696E74 		.ascii	"uint16\000"
 1138      313600
 1139              	.LASF15:
 1140 00bc 75696E74 		.ascii	"uint32\000"
 1140      333200
 1141              	.LASF0:
 1142 00c3 756E7369 		.ascii	"unsigned int\000"
 1142      676E6564 
 1142      20696E74 
 1142      00
 1143              	.LASF33:
 1144 00d0 63796669 		.ascii	"cyfitter_cfg\000"
 1144      74746572 
 1144      5F636667 
 1144      00
 1145              	.LASF22:
 1146 00dd 61646472 		.ascii	"address\000"
 1146      65737300 
 1147              	.LASF9:
 1148 00e5 6C6F6E67 		.ascii	"long long unsigned int\000"
 1148      206C6F6E 
 1148      6720756E 
 1148      7369676E 
 1148      65642069 
 1149              	.LASF29:
 1150 00fc 474E5520 		.ascii	"GNU C11 5.4.1 20160609 (release) [ARM/embedded-5-br"
 1150      43313120 
 1150      352E342E 
 1150      31203230 
 1150      31363036 
 1151 012f 616E6368 		.ascii	"anch revision 237715] -mcpu=cortex-m0 -mthumb -g -O"
 1151      20726576 
 1151      6973696F 
 1151      6E203233 
ARM GAS  C:\Users\jagumiel\AppData\Local\Temp\ccTgLKek.s 			page 28


 1151      37373135 
 1152 0162 67202D66 		.ascii	"g -ffunction-sections -ffat-lto-objects\000"
 1152      66756E63 
 1152      74696F6E 
 1152      2D736563 
 1152      74696F6E 
 1153              	.LASF24:
 1154 018a 6366675F 		.ascii	"cfg_memset_t\000"
 1154      6D656D73 
 1154      65745F74 
 1154      00
 1155              	.LASF10:
 1156 0197 73697A65 		.ascii	"sizetype\000"
 1156      74797065 
 1156      00
 1157              	.LASF1:
 1158 01a0 6C6F6E67 		.ascii	"long long int\000"
 1158      206C6F6E 
 1158      6720696E 
 1158      7400
 1159              	.LASF11:
 1160 01ae 63686172 		.ascii	"char\000"
 1160      00
 1161              	.LASF31:
 1162 01b3 433A5C55 		.ascii	"C:\\Users\\jagumiel\\OneDrive - TEKNIKER\\Codigo\\C"
 1162      73657273 
 1162      5C6A6167 
 1162      756D6965 
 1162      6C5C4F6E 
 1163 01e1 79707265 		.ascii	"ypress\\1-Pruebas\\1-LIN-Master-Slave\\Master-UART\\"
 1163      73735C31 
 1163      2D507275 
 1163      65626173 
 1163      5C312D4C 
 1164 0211 4C494E2D 		.ascii	"LIN-Master-UART.cydsn\000"
 1164      4D617374 
 1164      65722D55 
 1164      4152542E 
 1164      63796473 
 1165              	.LASF5:
 1166 0227 73686F72 		.ascii	"short int\000"
 1166      7420696E 
 1166      7400
 1167              	.LASF26:
 1168 0231 43795379 		.ascii	"CySysClkWriteImoFreq\000"
 1168      73436C6B 
 1168      57726974 
 1168      65496D6F 
 1168      46726571 
 1169              	.LASF7:
 1170 0246 6C6F6E67 		.ascii	"long int\000"
 1170      20696E74 
 1170      00
 1171              	.LASF2:
 1172 024f 6C6F6E67 		.ascii	"long double\000"
 1172      20646F75 
 1172      626C6500 
ARM GAS  C:\Users\jagumiel\AppData\Local\Temp\ccTgLKek.s 			page 29


 1173              	.LASF3:
 1174 025b 7369676E 		.ascii	"signed char\000"
 1174      65642063 
 1174      68617200 
 1175              	.LASF30:
 1176 0267 47656E65 		.ascii	"Generated_Source\\PSoC4\\cyfitter_cfg.c\000"
 1176      72617465 
 1176      645F536F 
 1176      75726365 
 1176      5C50536F 
 1177              		.ident	"GCC: (GNU Tools for ARM Embedded Processors) 5.4.1 20160609 (release) [ARM/embedded-5-bran
