Archive member included to satisfy reference by file (symbol)

.\CortexM0\ARM_GCC_541\Debug\LIN-Master-UART.a(CyLib.o)
                              .\CortexM0\ARM_GCC_541\Debug\cyfitter_cfg.o (CySysClkWriteImoFreq)
.\CortexM0\ARM_GCC_541\Debug\LIN-Master-UART.a(CyLFClk.o)
                              .\CortexM0\ARM_GCC_541\Debug\cyfitter_cfg.o (CySysWdtIsr)
.\CortexM0\ARM_GCC_541\Debug\LIN-Master-UART.a(UART_MASTER.o)
                              .\CortexM0\ARM_GCC_541\Debug\main.o (UART_MASTER_Start)
.\CortexM0\ARM_GCC_541\Debug\LIN-Master-UART.a(UART_MASTER_SPI_UART.o)
                              .\CortexM0\ARM_GCC_541\Debug\main.o (UART_MASTER_SpiUartWriteTxData)
.\CortexM0\ARM_GCC_541\Debug\LIN-Master-UART.a(UART_MASTER_UART.o)
                              .\CortexM0\ARM_GCC_541\Debug\LIN-Master-UART.a(UART_MASTER.o) (UART_MASTER_UartInit)
.\CortexM0\ARM_GCC_541\Debug\LIN-Master-UART.a(CyBootAsmGnu.o)
                              .\CortexM0\ARM_GCC_541\Debug\LIN-Master-UART.a(CyLib.o) (CyDelayCycles)
.\CortexM0\ARM_GCC_541\Debug\LIN-Master-UART.a(UART_MASTER_SPI_UART_INT.o)
                              .\CortexM0\ARM_GCC_541\Debug\LIN-Master-UART.a(UART_MASTER_UART.o) (UART_MASTER_SPI_UART_ISR)
c:/program files (x86)/cypress/psoc creator/4.2/psoc creator/import/gnu/arm/5.4.1/bin/../lib/gcc/arm-none-eabi/5.4.1/armv6-m\libgcc.a(_udivsi3.o)
                              .\CortexM0\ARM_GCC_541\Debug\LIN-Master-UART.a(CyLib.o) (__aeabi_uidiv)
c:/program files (x86)/cypress/psoc creator/4.2/psoc creator/import/gnu/arm/5.4.1/bin/../lib/gcc/arm-none-eabi/5.4.1/armv6-m\libgcc.a(_divsi3.o)
                              .\CortexM0\ARM_GCC_541\Debug\LIN-Master-UART.a(CyLFClk.o) (__aeabi_idiv)
c:/program files (x86)/cypress/psoc creator/4.2/psoc creator/import/gnu/arm/5.4.1/bin/../lib/gcc/arm-none-eabi/5.4.1/armv6-m\libgcc.a(_dvmd_tls.o)
                              c:/program files (x86)/cypress/psoc creator/4.2/psoc creator/import/gnu/arm/5.4.1/bin/../lib/gcc/arm-none-eabi/5.4.1/armv6-m\libgcc.a(_udivsi3.o) (__aeabi_idiv0)
c:/program files (x86)/cypress/psoc creator/4.2/psoc creator/import/gnu/arm/5.4.1/bin/../lib/gcc/arm-none-eabi/5.4.1/../../../../arm-none-eabi/lib/armv6-m\libg_nano.a(lib_a-errno.o)
                              .\CortexM0\ARM_GCC_541\Debug\Cm0Start.o (__errno)
c:/program files (x86)/cypress/psoc creator/4.2/psoc creator/import/gnu/arm/5.4.1/bin/../lib/gcc/arm-none-eabi/5.4.1/../../../../arm-none-eabi/lib/armv6-m\libg_nano.a(lib_a-exit.o)
                              c:/program files (x86)/cypress/psoc creator/4.2/psoc creator/import/gnu/arm/5.4.1/bin/../lib/gcc/arm-none-eabi/5.4.1/../../../../arm-none-eabi/lib/armv6-m/crt0.o (exit)
c:/program files (x86)/cypress/psoc creator/4.2/psoc creator/import/gnu/arm/5.4.1/bin/../lib/gcc/arm-none-eabi/5.4.1/../../../../arm-none-eabi/lib/armv6-m\libg_nano.a(lib_a-impure.o)
                              c:/program files (x86)/cypress/psoc creator/4.2/psoc creator/import/gnu/arm/5.4.1/bin/../lib/gcc/arm-none-eabi/5.4.1/../../../../arm-none-eabi/lib/armv6-m\libg_nano.a(lib_a-exit.o) (_global_impure_ptr)
c:/program files (x86)/cypress/psoc creator/4.2/psoc creator/import/gnu/arm/5.4.1/bin/../lib/gcc/arm-none-eabi/5.4.1/../../../../arm-none-eabi/lib/armv6-m\libg_nano.a(lib_a-init.o)
                              c:/program files (x86)/cypress/psoc creator/4.2/psoc creator/import/gnu/arm/5.4.1/bin/../lib/gcc/arm-none-eabi/5.4.1/../../../../arm-none-eabi/lib/armv6-m/crt0.o (__libc_init_array)
c:/program files (x86)/cypress/psoc creator/4.2/psoc creator/import/gnu/arm/5.4.1/bin/../lib/gcc/arm-none-eabi/5.4.1/../../../../arm-none-eabi/lib/armv6-m\libg_nano.a(lib_a-memset.o)
                              c:/program files (x86)/cypress/psoc creator/4.2/psoc creator/import/gnu/arm/5.4.1/bin/../lib/gcc/arm-none-eabi/5.4.1/../../../../arm-none-eabi/lib/armv6-m/crt0.o (memset)

Allocating common symbols
Common symbol       size              file

UART_MASTER_rxBufferInternal
                    0xb               .\CortexM0\ARM_GCC_541\Debug\LIN-Master-UART.a(UART_MASTER_SPI_UART.o)
Sensor_data         0x8               .\CortexM0\ARM_GCC_541\Debug\main.o
UART_MASTER_txBufferHead
                    0x4               .\CortexM0\ARM_GCC_541\Debug\LIN-Master-UART.a(UART_MASTER_SPI_UART.o)
UART_MASTER_rxBufferHead
                    0x4               .\CortexM0\ARM_GCC_541\Debug\LIN-Master-UART.a(UART_MASTER_SPI_UART.o)
UART_MASTER_rxBufferTail
                    0x4               .\CortexM0\ARM_GCC_541\Debug\LIN-Master-UART.a(UART_MASTER_SPI_UART.o)
UART_MASTER_txBufferInternal
                    0xa               .\CortexM0\ARM_GCC_541\Debug\LIN-Master-UART.a(UART_MASTER_SPI_UART.o)
UART_MASTER_txBufferTail
                    0x4               .\CortexM0\ARM_GCC_541\Debug\LIN-Master-UART.a(UART_MASTER_SPI_UART.o)
UART_MASTER_rxBufferOverflow
                    0x1               .\CortexM0\ARM_GCC_541\Debug\LIN-Master-UART.a(UART_MASTER_SPI_UART.o)

Discarded input sections

 .text          0x00000000        0x0 c:/program files (x86)/cypress/psoc creator/4.2/psoc creator/import/gnu/arm/5.4.1/bin/../lib/gcc/arm-none-eabi/5.4.1/armv6-m/crti.o
 .data          0x00000000        0x0 c:/program files (x86)/cypress/psoc creator/4.2/psoc creator/import/gnu/arm/5.4.1/bin/../lib/gcc/arm-none-eabi/5.4.1/armv6-m/crti.o
 .bss           0x00000000        0x0 c:/program files (x86)/cypress/psoc creator/4.2/psoc creator/import/gnu/arm/5.4.1/bin/../lib/gcc/arm-none-eabi/5.4.1/armv6-m/crti.o
 .data          0x00000000        0x4 c:/program files (x86)/cypress/psoc creator/4.2/psoc creator/import/gnu/arm/5.4.1/bin/../lib/gcc/arm-none-eabi/5.4.1/armv6-m/crtbegin.o
 .text          0x00000000       0x78 c:/program files (x86)/cypress/psoc creator/4.2/psoc creator/import/gnu/arm/5.4.1/bin/../lib/gcc/arm-none-eabi/5.4.1/../../../../arm-none-eabi/lib/armv6-m/crt0.o
 .data          0x00000000        0x0 c:/program files (x86)/cypress/psoc creator/4.2/psoc creator/import/gnu/arm/5.4.1/bin/../lib/gcc/arm-none-eabi/5.4.1/../../../../arm-none-eabi/lib/armv6-m/crt0.o
 .bss           0x00000000        0x0 c:/program files (x86)/cypress/psoc creator/4.2/psoc creator/import/gnu/arm/5.4.1/bin/../lib/gcc/arm-none-eabi/5.4.1/../../../../arm-none-eabi/lib/armv6-m/crt0.o
 .ARM.extab     0x00000000        0x0 c:/program files (x86)/cypress/psoc creator/4.2/psoc creator/import/gnu/arm/5.4.1/bin/../lib/gcc/arm-none-eabi/5.4.1/../../../../arm-none-eabi/lib/armv6-m/crt0.o
 .ARM.exidx     0x00000000        0x8 c:/program files (x86)/cypress/psoc creator/4.2/psoc creator/import/gnu/arm/5.4.1/bin/../lib/gcc/arm-none-eabi/5.4.1/../../../../arm-none-eabi/lib/armv6-m/crt0.o
 .text          0x00000000        0x0 .\CortexM0\ARM_GCC_541\Debug\main.o
 .data          0x00000000        0x0 .\CortexM0\ARM_GCC_541\Debug\main.o
 .bss           0x00000000        0x0 .\CortexM0\ARM_GCC_541\Debug\main.o
 .text          0x00000000        0x0 .\CortexM0\ARM_GCC_541\Debug\cyfitter_cfg.o
 .data          0x00000000        0x0 .\CortexM0\ARM_GCC_541\Debug\cyfitter_cfg.o
 .bss           0x00000000        0x0 .\CortexM0\ARM_GCC_541\Debug\cyfitter_cfg.o
 .text          0x00000000        0x0 .\CortexM0\ARM_GCC_541\Debug\cymetadata.o
 .data          0x00000000        0x0 .\CortexM0\ARM_GCC_541\Debug\cymetadata.o
 .bss           0x00000000        0x0 .\CortexM0\ARM_GCC_541\Debug\cymetadata.o
 .text          0x00000000        0x0 .\CortexM0\ARM_GCC_541\Debug\Cm0Start.o
 .data          0x00000000        0x4 .\CortexM0\ARM_GCC_541\Debug\Cm0Start.o
 .bss           0x00000000        0x0 .\CortexM0\ARM_GCC_541\Debug\Cm0Start.o
 .text._exit    0x00000000        0xc .\CortexM0\ARM_GCC_541\Debug\Cm0Start.o
 .text._sbrk    0x00000000       0x30 .\CortexM0\ARM_GCC_541\Debug\Cm0Start.o
 .text          0x00000000        0x0 .\CortexM0\ARM_GCC_541\Debug\LIN-Master-UART.a(CyLib.o)
 .bss           0x00000000       0x18 .\CortexM0\ARM_GCC_541\Debug\LIN-Master-UART.a(CyLib.o)
 .text.CySysClkImoStart
                0x00000000       0x14 .\CortexM0\ARM_GCC_541\Debug\LIN-Master-UART.a(CyLib.o)
 .text.CySysClkImoStop
                0x00000000       0x10 .\CortexM0\ARM_GCC_541\Debug\LIN-Master-UART.a(CyLib.o)
 .text.CySysClkWriteHfclkDirect
                0x00000000       0x20 .\CortexM0\ARM_GCC_541\Debug\LIN-Master-UART.a(CyLib.o)
 .text.CySysEnablePumpClock
                0x00000000       0x38 .\CortexM0\ARM_GCC_541\Debug\LIN-Master-UART.a(CyLib.o)
 .text.CySysClkGetSysclkSource
                0x00000000       0x1c .\CortexM0\ARM_GCC_541\Debug\LIN-Master-UART.a(CyLib.o)
 .text.CySysClkWriteSysclkDiv
                0x00000000       0x30 .\CortexM0\ARM_GCC_541\Debug\LIN-Master-UART.a(CyLib.o)
 .text.CySysClkEcoStop
                0x00000000       0x24 .\CortexM0\ARM_GCC_541\Debug\LIN-Master-UART.a(CyLib.o)
 .text.CySysClkEcoReadStatus
                0x00000000       0x10 .\CortexM0\ARM_GCC_541\Debug\LIN-Master-UART.a(CyLib.o)
 .text.CySysLvdDisable
                0x00000000       0x20 .\CortexM0\ARM_GCC_541\Debug\LIN-Master-UART.a(CyLib.o)
 .text.CySysLvdGetInterruptSource
                0x00000000       0x10 .\CortexM0\ARM_GCC_541\Debug\LIN-Master-UART.a(CyLib.o)
 .text.CySysLvdClearInterrupt
                0x00000000        0xc .\CortexM0\ARM_GCC_541\Debug\LIN-Master-UART.a(CyLib.o)
 .text.CySysGetResetReason
                0x00000000       0x14 .\CortexM0\ARM_GCC_541\Debug\LIN-Master-UART.a(CyLib.o)
 .text.CyDisableInts
                0x00000000       0x10 .\CortexM0\ARM_GCC_541\Debug\LIN-Master-UART.a(CyLib.o)
 .text.CyEnableInts
                0x00000000        0xc .\CortexM0\ARM_GCC_541\Debug\LIN-Master-UART.a(CyLib.o)
 .text.CyIntGetState
                0x00000000       0x18 .\CortexM0\ARM_GCC_541\Debug\LIN-Master-UART.a(CyLib.o)
 .text.CyIntSetPending
                0x00000000       0x14 .\CortexM0\ARM_GCC_541\Debug\LIN-Master-UART.a(CyLib.o)
 .text.CyIntClearPending
                0x00000000       0x14 .\CortexM0\ARM_GCC_541\Debug\LIN-Master-UART.a(CyLib.o)
 .text.CySysClkWriteEcoDiv
                0x00000000       0x38 .\CortexM0\ARM_GCC_541\Debug\LIN-Master-UART.a(CyLib.o)
 .text.CyIntSetSysVector
                0x00000000       0x20 .\CortexM0\ARM_GCC_541\Debug\LIN-Master-UART.a(CyLib.o)
 .text.CyIntGetSysVector
                0x00000000       0x1c .\CortexM0\ARM_GCC_541\Debug\LIN-Master-UART.a(CyLib.o)
 .text.CyIntGetVector
                0x00000000       0x20 .\CortexM0\ARM_GCC_541\Debug\LIN-Master-UART.a(CyLib.o)
 .text.CyIntGetPriority
                0x00000000       0x2c .\CortexM0\ARM_GCC_541\Debug\LIN-Master-UART.a(CyLib.o)
 .text.CySoftwareReset
                0x00000000       0x18 .\CortexM0\ARM_GCC_541\Debug\LIN-Master-UART.a(CyLib.o)
 .text.CyDelayUs
                0x00000000       0x14 .\CortexM0\ARM_GCC_541\Debug\LIN-Master-UART.a(CyLib.o)
 .text.CySysClkEcoStart
                0x00000000       0x54 .\CortexM0\ARM_GCC_541\Debug\LIN-Master-UART.a(CyLib.o)
 .text.CySysLvdEnable
                0x00000000       0x44 .\CortexM0\ARM_GCC_541\Debug\LIN-Master-UART.a(CyLib.o)
 .text.CyDelayFreq
                0x00000000       0x4c .\CortexM0\ARM_GCC_541\Debug\LIN-Master-UART.a(CyLib.o)
 .text.CySysTickStop
                0x00000000       0x10 .\CortexM0\ARM_GCC_541\Debug\LIN-Master-UART.a(CyLib.o)
 .text.CySysTickEnableInterrupt
                0x00000000       0x10 .\CortexM0\ARM_GCC_541\Debug\LIN-Master-UART.a(CyLib.o)
 .text.CySysTickEnable
                0x00000000       0x18 .\CortexM0\ARM_GCC_541\Debug\LIN-Master-UART.a(CyLib.o)
 .text.CySysTickDisableInterrupt
                0x00000000       0x10 .\CortexM0\ARM_GCC_541\Debug\LIN-Master-UART.a(CyLib.o)
 .text.CySysTickSetReload
                0x00000000       0x10 .\CortexM0\ARM_GCC_541\Debug\LIN-Master-UART.a(CyLib.o)
 .text.CySysTickGetReload
                0x00000000       0x10 .\CortexM0\ARM_GCC_541\Debug\LIN-Master-UART.a(CyLib.o)
 .text.CySysTickGetValue
                0x00000000       0x10 .\CortexM0\ARM_GCC_541\Debug\LIN-Master-UART.a(CyLib.o)
 .text.CySysTickSetClockSource
                0x00000000       0x20 .\CortexM0\ARM_GCC_541\Debug\LIN-Master-UART.a(CyLib.o)
 .text.CySysTickGetClockSource
                0x00000000       0x10 .\CortexM0\ARM_GCC_541\Debug\LIN-Master-UART.a(CyLib.o)
 .text.CySysTickGetCountFlag
                0x00000000       0x10 .\CortexM0\ARM_GCC_541\Debug\LIN-Master-UART.a(CyLib.o)
 .text.CySysTickServiceCallbacks
                0x00000000       0x28 .\CortexM0\ARM_GCC_541\Debug\LIN-Master-UART.a(CyLib.o)
 .text.CySysTickClear
                0x00000000        0xc .\CortexM0\ARM_GCC_541\Debug\LIN-Master-UART.a(CyLib.o)
 .text.CySysTickInit
                0x00000000       0x44 .\CortexM0\ARM_GCC_541\Debug\LIN-Master-UART.a(CyLib.o)
 .text.CySysTickStart
                0x00000000       0x20 .\CortexM0\ARM_GCC_541\Debug\LIN-Master-UART.a(CyLib.o)
 .text.CySysTickSetCallback
                0x00000000       0x10 .\CortexM0\ARM_GCC_541\Debug\LIN-Master-UART.a(CyLib.o)
 .text.CySysTickGetCallback
                0x00000000        0xc .\CortexM0\ARM_GCC_541\Debug\LIN-Master-UART.a(CyLib.o)
 .text.CyGetUniqueId
                0x00000000       0x70 .\CortexM0\ARM_GCC_541\Debug\LIN-Master-UART.a(CyLib.o)
 .text          0x00000000        0x0 .\CortexM0\ARM_GCC_541\Debug\LIN-Master-UART.a(CyLFClk.o)
 .text.CySysClkIloEnabled
                0x00000000       0x14 .\CortexM0\ARM_GCC_541\Debug\LIN-Master-UART.a(CyLFClk.o)
 .text.CySysClkGetLfclkSource
                0x00000000       0x10 .\CortexM0\ARM_GCC_541\Debug\LIN-Master-UART.a(CyLFClk.o)
 .text.CySysClkIloStart
                0x00000000       0x14 .\CortexM0\ARM_GCC_541\Debug\LIN-Master-UART.a(CyLFClk.o)
 .text.CySysClkIloStartMeasurement
                0x00000000       0x5c .\CortexM0\ARM_GCC_541\Debug\LIN-Master-UART.a(CyLFClk.o)
 .text.CySysClkIloStopMeasurement
                0x00000000       0x14 .\CortexM0\ARM_GCC_541\Debug\LIN-Master-UART.a(CyLFClk.o)
 .text.CySysClkIloCompensate
                0x00000000      0x104 .\CortexM0\ARM_GCC_541\Debug\LIN-Master-UART.a(CyLFClk.o)
 .text.CySysClkIloUpdateTrimReg
                0x00000000       0xa8 .\CortexM0\ARM_GCC_541\Debug\LIN-Master-UART.a(CyLFClk.o)
 .text.CySysClkIloTrim
                0x00000000       0xd8 .\CortexM0\ARM_GCC_541\Debug\LIN-Master-UART.a(CyLFClk.o)
 .text.CySysClkIloRestoreFactoryTrim
                0x00000000       0x30 .\CortexM0\ARM_GCC_541\Debug\LIN-Master-UART.a(CyLFClk.o)
 .text.CySysClkWcoStart
                0x00000000       0x40 .\CortexM0\ARM_GCC_541\Debug\LIN-Master-UART.a(CyLFClk.o)
 .text.CySysClkWcoEnabled
                0x00000000       0x14 .\CortexM0\ARM_GCC_541\Debug\LIN-Master-UART.a(CyLFClk.o)
 .text.CySysClkWcoSetPowerMode
                0x00000000       0x80 .\CortexM0\ARM_GCC_541\Debug\LIN-Master-UART.a(CyLFClk.o)
 .text.CySysClkWcoClockOutSelect
                0x00000000       0x2c .\CortexM0\ARM_GCC_541\Debug\LIN-Master-UART.a(CyLFClk.o)
 .text.CySysWdtGetEnabledStatus
                0x00000000       0x24 .\CortexM0\ARM_GCC_541\Debug\LIN-Master-UART.a(CyLFClk.o)
 .text.CySysWdtSetMode
                0x00000000       0x38 .\CortexM0\ARM_GCC_541\Debug\LIN-Master-UART.a(CyLFClk.o)
 .text.CySysClkLfclkPosedgeRestore
                0x00000000       0x2c .\CortexM0\ARM_GCC_541\Debug\LIN-Master-UART.a(CyLFClk.o)
 .text.CySysWdtGetMode
                0x00000000       0x14 .\CortexM0\ARM_GCC_541\Debug\LIN-Master-UART.a(CyLFClk.o)
 .text.CySysWdtSetClearOnMatch
                0x00000000       0x34 .\CortexM0\ARM_GCC_541\Debug\LIN-Master-UART.a(CyLFClk.o)
 .text.CySysWdtGetClearOnMatch
                0x00000000       0x24 .\CortexM0\ARM_GCC_541\Debug\LIN-Master-UART.a(CyLFClk.o)
 .text.CySysWdtEnable
                0x00000000       0x3c .\CortexM0\ARM_GCC_541\Debug\LIN-Master-UART.a(CyLFClk.o)
 .text.CySysWdtDisable
                0x00000000       0x44 .\CortexM0\ARM_GCC_541\Debug\LIN-Master-UART.a(CyLFClk.o)
 .text.CySysWdtSetCascade
                0x00000000       0x34 .\CortexM0\ARM_GCC_541\Debug\LIN-Master-UART.a(CyLFClk.o)
 .text.CySysWdtGetCascade
                0x00000000       0x14 .\CortexM0\ARM_GCC_541\Debug\LIN-Master-UART.a(CyLFClk.o)
 .text.CySysWdtSetMatch
                0x00000000       0x54 .\CortexM0\ARM_GCC_541\Debug\LIN-Master-UART.a(CyLFClk.o)
 .text.CySysWdtSetToggleBit
                0x00000000       0x30 .\CortexM0\ARM_GCC_541\Debug\LIN-Master-UART.a(CyLFClk.o)
 .text.CySysWdtGetToggleBit
                0x00000000       0x10 .\CortexM0\ARM_GCC_541\Debug\LIN-Master-UART.a(CyLFClk.o)
 .text.CySysWdtGetMatch
                0x00000000       0x20 .\CortexM0\ARM_GCC_541\Debug\LIN-Master-UART.a(CyLFClk.o)
 .text.CySysWdtGetCount
                0x00000000       0x3c .\CortexM0\ARM_GCC_541\Debug\LIN-Master-UART.a(CyLFClk.o)
 .text.CySysClkLfclkPosedgeCatch
                0x00000000       0x74 .\CortexM0\ARM_GCC_541\Debug\LIN-Master-UART.a(CyLFClk.o)
 .text.CySysClkIloStop
                0x00000000       0x4c .\CortexM0\ARM_GCC_541\Debug\LIN-Master-UART.a(CyLFClk.o)
 .text.CySysClkSetLfclkSource
                0x00000000       0x38 .\CortexM0\ARM_GCC_541\Debug\LIN-Master-UART.a(CyLFClk.o)
 .text.CySysClkWcoStop
                0x00000000       0x48 .\CortexM0\ARM_GCC_541\Debug\LIN-Master-UART.a(CyLFClk.o)
 .text.CySysWdtGetInterruptSource
                0x00000000       0x14 .\CortexM0\ARM_GCC_541\Debug\LIN-Master-UART.a(CyLFClk.o)
 .text.CySysWdtResetCounters
                0x00000000       0x20 .\CortexM0\ARM_GCC_541\Debug\LIN-Master-UART.a(CyLFClk.o)
 .text.CySysWdtSetInterruptCallback
                0x00000000       0x20 .\CortexM0\ARM_GCC_541\Debug\LIN-Master-UART.a(CyLFClk.o)
 .text.CySysWdtGetInterruptCallback
                0x00000000       0x20 .\CortexM0\ARM_GCC_541\Debug\LIN-Master-UART.a(CyLFClk.o)
 .text.CySysWdtEnableCounterIsr
                0x00000000       0x34 .\CortexM0\ARM_GCC_541\Debug\LIN-Master-UART.a(CyLFClk.o)
 .text.CySysWdtDisableCounterIsr
                0x00000000       0x28 .\CortexM0\ARM_GCC_541\Debug\LIN-Master-UART.a(CyLFClk.o)
 .text.CySysWatchdogFeed
                0x00000000       0x60 .\CortexM0\ARM_GCC_541\Debug\LIN-Master-UART.a(CyLFClk.o)
 .text.CySysTimerDelayUntilMatch
                0x00000000       0x6c .\CortexM0\ARM_GCC_541\Debug\LIN-Master-UART.a(CyLFClk.o)
 .text.CySysTimerDelay
                0x00000000       0x3c .\CortexM0\ARM_GCC_541\Debug\LIN-Master-UART.a(CyLFClk.o)
 .rodata        0x00000000        0xc .\CortexM0\ARM_GCC_541\Debug\LIN-Master-UART.a(CyLFClk.o)
 .text          0x00000000        0x0 .\CortexM0\ARM_GCC_541\Debug\LIN-Master-UART.a(UART_MASTER.o)
 .data          0x00000000        0x0 .\CortexM0\ARM_GCC_541\Debug\LIN-Master-UART.a(UART_MASTER.o)
 .text.UART_MASTER_ScbModeStop
                0x00000000        0x8 .\CortexM0\ARM_GCC_541\Debug\LIN-Master-UART.a(UART_MASTER.o)
 .text.UART_MASTER_Stop
                0x00000000       0x2c .\CortexM0\ARM_GCC_541\Debug\LIN-Master-UART.a(UART_MASTER.o)
 .text.UART_MASTER_SetRxFifoLevel
                0x00000000       0x14 .\CortexM0\ARM_GCC_541\Debug\LIN-Master-UART.a(UART_MASTER.o)
 .text.UART_MASTER_SetTxFifoLevel
                0x00000000       0x14 .\CortexM0\ARM_GCC_541\Debug\LIN-Master-UART.a(UART_MASTER.o)
 .text.UART_MASTER_SetCustomInterruptHandler
                0x00000000        0xc .\CortexM0\ARM_GCC_541\Debug\LIN-Master-UART.a(UART_MASTER.o)
 .text          0x00000000        0x0 .\CortexM0\ARM_GCC_541\Debug\LIN-Master-UART.a(UART_MASTER_SPI_UART.o)
 .data          0x00000000        0x0 .\CortexM0\ARM_GCC_541\Debug\LIN-Master-UART.a(UART_MASTER_SPI_UART.o)
 .bss           0x00000000        0x0 .\CortexM0\ARM_GCC_541\Debug\LIN-Master-UART.a(UART_MASTER_SPI_UART.o)
 .text.UART_MASTER_SpiUartClearRxBuffer
                0x00000000       0x54 .\CortexM0\ARM_GCC_541\Debug\LIN-Master-UART.a(UART_MASTER_SPI_UART.o)
 .text.UART_MASTER_SpiUartPutArray
                0x00000000       0x18 .\CortexM0\ARM_GCC_541\Debug\LIN-Master-UART.a(UART_MASTER_SPI_UART.o)
 .text.UART_MASTER_SpiUartGetTxBufferSize
                0x00000000       0x28 .\CortexM0\ARM_GCC_541\Debug\LIN-Master-UART.a(UART_MASTER_SPI_UART.o)
 .text.UART_MASTER_SpiUartClearTxBuffer
                0x00000000       0x58 .\CortexM0\ARM_GCC_541\Debug\LIN-Master-UART.a(UART_MASTER_SPI_UART.o)
 .text.UART_MASTER_SpiUartDisableIntRx
                0x00000000       0x10 .\CortexM0\ARM_GCC_541\Debug\LIN-Master-UART.a(UART_MASTER_SPI_UART.o)
 .text.UART_MASTER_SpiUartDisableIntTx
                0x00000000       0x10 .\CortexM0\ARM_GCC_541\Debug\LIN-Master-UART.a(UART_MASTER_SPI_UART.o)
 .text          0x00000000        0x0 .\CortexM0\ARM_GCC_541\Debug\LIN-Master-UART.a(UART_MASTER_UART.o)
 .data          0x00000000        0x0 .\CortexM0\ARM_GCC_541\Debug\LIN-Master-UART.a(UART_MASTER_UART.o)
 .bss           0x00000000        0x0 .\CortexM0\ARM_GCC_541\Debug\LIN-Master-UART.a(UART_MASTER_UART.o)
 .text.UART_MASTER_UartStop
                0x00000000       0x2c .\CortexM0\ARM_GCC_541\Debug\LIN-Master-UART.a(UART_MASTER_UART.o)
 .text.UART_MASTER_UartSetRxAddress
                0x00000000       0x14 .\CortexM0\ARM_GCC_541\Debug\LIN-Master-UART.a(UART_MASTER_UART.o)
 .text.UART_MASTER_UartSetRxAddressMask
                0x00000000       0x18 .\CortexM0\ARM_GCC_541\Debug\LIN-Master-UART.a(UART_MASTER_UART.o)
 .text.UART_MASTER_UartGetChar
                0x00000000       0x2c .\CortexM0\ARM_GCC_541\Debug\LIN-Master-UART.a(UART_MASTER_UART.o)
 .text.UART_MASTER_UartSetRtsPolarity
                0x00000000       0x28 .\CortexM0\ARM_GCC_541\Debug\LIN-Master-UART.a(UART_MASTER_UART.o)
 .text.UART_MASTER_UartSetRtsFifoLevel
                0x00000000       0x14 .\CortexM0\ARM_GCC_541\Debug\LIN-Master-UART.a(UART_MASTER_UART.o)
 .text.UART_MASTER_UartPutString
                0x00000000       0x18 .\CortexM0\ARM_GCC_541\Debug\LIN-Master-UART.a(UART_MASTER_UART.o)
 .text.UART_MASTER_UartPutCRLF
                0x00000000       0x14 .\CortexM0\ARM_GCC_541\Debug\LIN-Master-UART.a(UART_MASTER_UART.o)
 .text.UART_MASTER_UartEnableCts
                0x00000000       0x14 .\CortexM0\ARM_GCC_541\Debug\LIN-Master-UART.a(UART_MASTER_UART.o)
 .text.UART_MASTER_UartDisableCts
                0x00000000       0x14 .\CortexM0\ARM_GCC_541\Debug\LIN-Master-UART.a(UART_MASTER_UART.o)
 .text.UART_MASTER_UartSetCtsPolarity
                0x00000000       0x28 .\CortexM0\ARM_GCC_541\Debug\LIN-Master-UART.a(UART_MASTER_UART.o)
 .data          0x00000000        0x0 .\CortexM0\ARM_GCC_541\Debug\LIN-Master-UART.a(CyBootAsmGnu.o)
 .bss           0x00000000        0x0 .\CortexM0\ARM_GCC_541\Debug\LIN-Master-UART.a(CyBootAsmGnu.o)
 .text          0x00000000        0x0 .\CortexM0\ARM_GCC_541\Debug\LIN-Master-UART.a(UART_MASTER_SPI_UART_INT.o)
 .data          0x00000000        0x0 .\CortexM0\ARM_GCC_541\Debug\LIN-Master-UART.a(UART_MASTER_SPI_UART_INT.o)
 .bss           0x00000000        0x0 .\CortexM0\ARM_GCC_541\Debug\LIN-Master-UART.a(UART_MASTER_SPI_UART_INT.o)
 .text          0x00000000      0x114 c:/program files (x86)/cypress/psoc creator/4.2/psoc creator/import/gnu/arm/5.4.1/bin/../lib/gcc/arm-none-eabi/5.4.1/armv6-m\libgcc.a(_udivsi3.o)
 .data          0x00000000        0x0 c:/program files (x86)/cypress/psoc creator/4.2/psoc creator/import/gnu/arm/5.4.1/bin/../lib/gcc/arm-none-eabi/5.4.1/armv6-m\libgcc.a(_udivsi3.o)
 .bss           0x00000000        0x0 c:/program files (x86)/cypress/psoc creator/4.2/psoc creator/import/gnu/arm/5.4.1/bin/../lib/gcc/arm-none-eabi/5.4.1/armv6-m\libgcc.a(_udivsi3.o)
 .text          0x00000000      0x1d4 c:/program files (x86)/cypress/psoc creator/4.2/psoc creator/import/gnu/arm/5.4.1/bin/../lib/gcc/arm-none-eabi/5.4.1/armv6-m\libgcc.a(_divsi3.o)
 .data          0x00000000        0x0 c:/program files (x86)/cypress/psoc creator/4.2/psoc creator/import/gnu/arm/5.4.1/bin/../lib/gcc/arm-none-eabi/5.4.1/armv6-m\libgcc.a(_divsi3.o)
 .bss           0x00000000        0x0 c:/program files (x86)/cypress/psoc creator/4.2/psoc creator/import/gnu/arm/5.4.1/bin/../lib/gcc/arm-none-eabi/5.4.1/armv6-m\libgcc.a(_divsi3.o)
 .text          0x00000000        0x4 c:/program files (x86)/cypress/psoc creator/4.2/psoc creator/import/gnu/arm/5.4.1/bin/../lib/gcc/arm-none-eabi/5.4.1/armv6-m\libgcc.a(_dvmd_tls.o)
 .data          0x00000000        0x0 c:/program files (x86)/cypress/psoc creator/4.2/psoc creator/import/gnu/arm/5.4.1/bin/../lib/gcc/arm-none-eabi/5.4.1/armv6-m\libgcc.a(_dvmd_tls.o)
 .bss           0x00000000        0x0 c:/program files (x86)/cypress/psoc creator/4.2/psoc creator/import/gnu/arm/5.4.1/bin/../lib/gcc/arm-none-eabi/5.4.1/armv6-m\libgcc.a(_dvmd_tls.o)
 .text          0x00000000        0x0 c:/program files (x86)/cypress/psoc creator/4.2/psoc creator/import/gnu/arm/5.4.1/bin/../lib/gcc/arm-none-eabi/5.4.1/../../../../arm-none-eabi/lib/armv6-m\libg_nano.a(lib_a-errno.o)
 .data          0x00000000        0x0 c:/program files (x86)/cypress/psoc creator/4.2/psoc creator/import/gnu/arm/5.4.1/bin/../lib/gcc/arm-none-eabi/5.4.1/../../../../arm-none-eabi/lib/armv6-m\libg_nano.a(lib_a-errno.o)
 .bss           0x00000000        0x0 c:/program files (x86)/cypress/psoc creator/4.2/psoc creator/import/gnu/arm/5.4.1/bin/../lib/gcc/arm-none-eabi/5.4.1/../../../../arm-none-eabi/lib/armv6-m\libg_nano.a(lib_a-errno.o)
 .text          0x00000000        0x0 c:/program files (x86)/cypress/psoc creator/4.2/psoc creator/import/gnu/arm/5.4.1/bin/../lib/gcc/arm-none-eabi/5.4.1/../../../../arm-none-eabi/lib/armv6-m\libg_nano.a(lib_a-exit.o)
 .data          0x00000000        0x0 c:/program files (x86)/cypress/psoc creator/4.2/psoc creator/import/gnu/arm/5.4.1/bin/../lib/gcc/arm-none-eabi/5.4.1/../../../../arm-none-eabi/lib/armv6-m\libg_nano.a(lib_a-exit.o)
 .bss           0x00000000        0x0 c:/program files (x86)/cypress/psoc creator/4.2/psoc creator/import/gnu/arm/5.4.1/bin/../lib/gcc/arm-none-eabi/5.4.1/../../../../arm-none-eabi/lib/armv6-m\libg_nano.a(lib_a-exit.o)
 .text.exit     0x00000000       0x2c c:/program files (x86)/cypress/psoc creator/4.2/psoc creator/import/gnu/arm/5.4.1/bin/../lib/gcc/arm-none-eabi/5.4.1/../../../../arm-none-eabi/lib/armv6-m\libg_nano.a(lib_a-exit.o)
 .text          0x00000000        0x0 c:/program files (x86)/cypress/psoc creator/4.2/psoc creator/import/gnu/arm/5.4.1/bin/../lib/gcc/arm-none-eabi/5.4.1/../../../../arm-none-eabi/lib/armv6-m\libg_nano.a(lib_a-impure.o)
 .data          0x00000000        0x0 c:/program files (x86)/cypress/psoc creator/4.2/psoc creator/import/gnu/arm/5.4.1/bin/../lib/gcc/arm-none-eabi/5.4.1/../../../../arm-none-eabi/lib/armv6-m\libg_nano.a(lib_a-impure.o)
 .bss           0x00000000        0x0 c:/program files (x86)/cypress/psoc creator/4.2/psoc creator/import/gnu/arm/5.4.1/bin/../lib/gcc/arm-none-eabi/5.4.1/../../../../arm-none-eabi/lib/armv6-m\libg_nano.a(lib_a-impure.o)
 .rodata._global_impure_ptr
                0x00000000        0x4 c:/program files (x86)/cypress/psoc creator/4.2/psoc creator/import/gnu/arm/5.4.1/bin/../lib/gcc/arm-none-eabi/5.4.1/../../../../arm-none-eabi/lib/armv6-m\libg_nano.a(lib_a-impure.o)
 .text          0x00000000        0x0 c:/program files (x86)/cypress/psoc creator/4.2/psoc creator/import/gnu/arm/5.4.1/bin/../lib/gcc/arm-none-eabi/5.4.1/../../../../arm-none-eabi/lib/armv6-m\libg_nano.a(lib_a-init.o)
 .data          0x00000000        0x0 c:/program files (x86)/cypress/psoc creator/4.2/psoc creator/import/gnu/arm/5.4.1/bin/../lib/gcc/arm-none-eabi/5.4.1/../../../../arm-none-eabi/lib/armv6-m\libg_nano.a(lib_a-init.o)
 .bss           0x00000000        0x0 c:/program files (x86)/cypress/psoc creator/4.2/psoc creator/import/gnu/arm/5.4.1/bin/../lib/gcc/arm-none-eabi/5.4.1/../../../../arm-none-eabi/lib/armv6-m\libg_nano.a(lib_a-init.o)
 .text          0x00000000        0x0 c:/program files (x86)/cypress/psoc creator/4.2/psoc creator/import/gnu/arm/5.4.1/bin/../lib/gcc/arm-none-eabi/5.4.1/../../../../arm-none-eabi/lib/armv6-m\libg_nano.a(lib_a-memset.o)
 .data          0x00000000        0x0 c:/program files (x86)/cypress/psoc creator/4.2/psoc creator/import/gnu/arm/5.4.1/bin/../lib/gcc/arm-none-eabi/5.4.1/../../../../arm-none-eabi/lib/armv6-m\libg_nano.a(lib_a-memset.o)
 .bss           0x00000000        0x0 c:/program files (x86)/cypress/psoc creator/4.2/psoc creator/import/gnu/arm/5.4.1/bin/../lib/gcc/arm-none-eabi/5.4.1/../../../../arm-none-eabi/lib/armv6-m\libg_nano.a(lib_a-memset.o)
 .text          0x00000000        0x0 c:/program files (x86)/cypress/psoc creator/4.2/psoc creator/import/gnu/arm/5.4.1/bin/../lib/gcc/arm-none-eabi/5.4.1/armv6-m/crtend.o
 .data          0x00000000        0x0 c:/program files (x86)/cypress/psoc creator/4.2/psoc creator/import/gnu/arm/5.4.1/bin/../lib/gcc/arm-none-eabi/5.4.1/armv6-m/crtend.o
 .bss           0x00000000        0x0 c:/program files (x86)/cypress/psoc creator/4.2/psoc creator/import/gnu/arm/5.4.1/bin/../lib/gcc/arm-none-eabi/5.4.1/armv6-m/crtend.o
 .text          0x00000000        0x0 c:/program files (x86)/cypress/psoc creator/4.2/psoc creator/import/gnu/arm/5.4.1/bin/../lib/gcc/arm-none-eabi/5.4.1/armv6-m/crtn.o
 .data          0x00000000        0x0 c:/program files (x86)/cypress/psoc creator/4.2/psoc creator/import/gnu/arm/5.4.1/bin/../lib/gcc/arm-none-eabi/5.4.1/armv6-m/crtn.o
 .bss           0x00000000        0x0 c:/program files (x86)/cypress/psoc creator/4.2/psoc creator/import/gnu/arm/5.4.1/bin/../lib/gcc/arm-none-eabi/5.4.1/armv6-m/crtn.o

Memory Configuration

Name             Origin             Length             Attributes
rom              0x00000000         0x00020000         xr
ram              0x20000000         0x00004000         xrw
*default*        0x00000000         0xffffffff

Linker script and memory map

LOAD c:/program files (x86)/cypress/psoc creator/4.2/psoc creator/import/gnu/arm/5.4.1/bin/../lib/gcc/arm-none-eabi/5.4.1/armv6-m/crti.o
LOAD c:/program files (x86)/cypress/psoc creator/4.2/psoc creator/import/gnu/arm/5.4.1/bin/../lib/gcc/arm-none-eabi/5.4.1/armv6-m/crtbegin.o
LOAD c:/program files (x86)/cypress/psoc creator/4.2/psoc creator/import/gnu/arm/5.4.1/bin/../lib/gcc/arm-none-eabi/5.4.1/../../../../arm-none-eabi/lib/armv6-m/crt0.o
START GROUP
LOAD .\CortexM0\ARM_GCC_541\Debug\main.o
LOAD .\CortexM0\ARM_GCC_541\Debug\cyfitter_cfg.o
LOAD .\CortexM0\ARM_GCC_541\Debug\cymetadata.o
LOAD .\CortexM0\ARM_GCC_541\Debug\Cm0Start.o
LOAD .\CortexM0\ARM_GCC_541\Debug\LIN-Master-UART.a
END GROUP
START GROUP
LOAD c:/program files (x86)/cypress/psoc creator/4.2/psoc creator/import/gnu/arm/5.4.1/bin/../lib/gcc/arm-none-eabi/5.4.1/armv6-m\libgcc.a
LOAD c:/program files (x86)/cypress/psoc creator/4.2/psoc creator/import/gnu/arm/5.4.1/bin/../lib/gcc/arm-none-eabi/5.4.1/../../../../arm-none-eabi/lib/armv6-m\libg_nano.a
LOAD c:/program files (x86)/cypress/psoc creator/4.2/psoc creator/import/gnu/arm/5.4.1/bin/../lib/gcc/arm-none-eabi/5.4.1/../../../../arm-none-eabi/lib/armv6-m\libc_nano.a
END GROUP
START GROUP
LOAD c:/program files (x86)/cypress/psoc creator/4.2/psoc creator/import/gnu/arm/5.4.1/bin/../lib/gcc/arm-none-eabi/5.4.1/armv6-m\libgcc.a
LOAD c:/program files (x86)/cypress/psoc creator/4.2/psoc creator/import/gnu/arm/5.4.1/bin/../lib/gcc/arm-none-eabi/5.4.1/../../../../arm-none-eabi/lib/armv6-m\libc_nano.a
END GROUP
LOAD c:/program files (x86)/cypress/psoc creator/4.2/psoc creator/import/gnu/arm/5.4.1/bin/../lib/gcc/arm-none-eabi/5.4.1/armv6-m/crtend.o
LOAD c:/program files (x86)/cypress/psoc creator/4.2/psoc creator/import/gnu/arm/5.4.1/bin/../lib/gcc/arm-none-eabi/5.4.1/armv6-m/crtn.o
START GROUP
LOAD c:/program files (x86)/cypress/psoc creator/4.2/psoc creator/import/gnu/arm/5.4.1/bin/../lib/gcc/arm-none-eabi/5.4.1/armv6-m\libgcc.a
LOAD c:/program files (x86)/cypress/psoc creator/4.2/psoc creator/import/gnu/arm/5.4.1/bin/../lib/gcc/arm-none-eabi/5.4.1/../../../../arm-none-eabi/lib/armv6-m\libc.a
LOAD c:/program files (x86)/cypress/psoc creator/4.2/psoc creator/import/gnu/arm/5.4.1/bin/../lib/gcc/arm-none-eabi/5.4.1/../../../../arm-none-eabi/lib/armv6-m\libnosys.a
END GROUP
                0x00000000                CY_APPL_ORIGIN = 0x0
                0x00000080                CY_FLASH_ROW_SIZE = 0x80
                0x00000001                CY_APPL_NUM = 0x1
                0x00000001                CY_APPL_MAX = 0x1
                0x00000040                CY_METADATA_SIZE = 0x40
                0x00000000                CY_APPL_LOADABLE = 0x0
                0x00000000                CY_CHECKSUM_EXCLUDE_SIZE = ALIGN (0x0, CY_FLASH_ROW_SIZE)
                0x00000000                CY_APP_FOR_STACK_AND_COPIER = 0x0
                [!provide]                PROVIDE (__cy_heap_start, _end)
                0x00000001                PROVIDE (__cy_region_num, ((__cy_regions_end - __cy_regions) / 0x10))
                0x20004000                PROVIDE (__cy_stack, (ORIGIN (ram) + LENGTH (ram)))
                [!provide]                PROVIDE (__cy_heap_end, (__cy_stack - 0x800))

.cybootloader   0x00000000        0x0
 *(.cybootloader)
                0x00000000                appl1_start = CY_APPL_ORIGIN?CY_APPL_ORIGIN:ALIGN (CY_FLASH_ROW_SIZE)
                0x0000ff80                appl2_start = (appl1_start + ALIGN ((((LENGTH (rom) - appl1_start) - (0x2 * CY_FLASH_ROW_SIZE)) / 0x2), CY_FLASH_ROW_SIZE))
                0x00000000                appl_start = (CY_APPL_NUM == 0x1)?appl1_start:appl2_start
                0x00000001                cy_project_type_bootloader = (appl_start == 0x0)?0x1:0x0
                0x00000000                cy_project_type_app_for_stack_and_copier = (CY_APP_FOR_STACK_AND_COPIER == 0x1)?0x1:0x0

.text           0x00000000      0x9ec
 CREATE_OBJECT_SYMBOLS
                0x00000000                PROVIDE (__cy_interrupt_vector, RomVectors)
 *(.romvectors)
 .romvectors    0x00000000       0x10 .\CortexM0\ARM_GCC_541\Debug\Cm0Start.o
                0x00000000                RomVectors
                0x00000001                ASSERT ((. != __cy_interrupt_vector), No interrupt vector)
                0x00000001                ASSERT (CY_APPL_ORIGIN?(SIZEOF (.cybootloader) <= CY_APPL_ORIGIN):0x1, Wrong image location)
                0x00000010                PROVIDE (__cy_reset, Reset)
 *(.text.Reset)
 .text.Reset    0x00000010        0x8 .\CortexM0\ARM_GCC_541\Debug\Cm0Start.o
                0x00000010                Reset
                0x00000001                ASSERT ((. != __cy_reset), No reset code)
 *(.psocinit)
 .psocinit      0x00000018      0x138 .\CortexM0\ARM_GCC_541\Debug\cyfitter_cfg.o
                0x00000094                cyfitter_cfg
                0x00000150                . = MAX (., 0x100)
 *(.text .text.* .gnu.linkonce.t.*)
 .text          0x00000150       0x60 c:/program files (x86)/cypress/psoc creator/4.2/psoc creator/import/gnu/arm/5.4.1/bin/../lib/gcc/arm-none-eabi/5.4.1/armv6-m/crtbegin.o
 .text.main     0x000001b0       0xa0 .\CortexM0\ARM_GCC_541\Debug\main.o
                0x000001b0                main
 .text.AnalogSetDefault
                0x00000250       0x20 .\CortexM0\ARM_GCC_541\Debug\cyfitter_cfg.o
 .text.CYMEMZERO
                0x00000270        0xc .\CortexM0\ARM_GCC_541\Debug\cyfitter_cfg.o
 .text.IntDefaultHandler
                0x0000027c       0x10 .\CortexM0\ARM_GCC_541\Debug\Cm0Start.o
                0x0000027c                IntDefaultHandler
 .text.Start_c  0x0000028c       0x48 .\CortexM0\ARM_GCC_541\Debug\Cm0Start.o
                0x0000028c                Start_c
 .text.initialize_psoc
                0x000002d4       0x4c .\CortexM0\ARM_GCC_541\Debug\Cm0Start.o
                0x000002d4                initialize_psoc
 .text.CySysClkWriteImoFreq
                0x00000320       0x64 .\CortexM0\ARM_GCC_541\Debug\LIN-Master-UART.a(CyLib.o)
                0x00000320                CySysClkWriteImoFreq
 .text.CyIntEnable
                0x00000384       0x14 .\CortexM0\ARM_GCC_541\Debug\LIN-Master-UART.a(CyLib.o)
                0x00000384                CyIntEnable
 .text.CyIntDisable
                0x00000398       0x14 .\CortexM0\ARM_GCC_541\Debug\LIN-Master-UART.a(CyLib.o)
                0x00000398                CyIntDisable
 .text.CyHalt   0x000003ac        0x4 .\CortexM0\ARM_GCC_541\Debug\LIN-Master-UART.a(CyLib.o)
                0x000003ac                CyHalt
 .text.CyIntSetVector
                0x000003b0       0x24 .\CortexM0\ARM_GCC_541\Debug\LIN-Master-UART.a(CyLib.o)
                0x000003b0                CyIntSetVector
 .text.CyIntSetPriority
                0x000003d4       0x4c .\CortexM0\ARM_GCC_541\Debug\LIN-Master-UART.a(CyLib.o)
                0x000003d4                CyIntSetPriority
 .text.CyDelay  0x00000420       0x30 .\CortexM0\ARM_GCC_541\Debug\LIN-Master-UART.a(CyLib.o)
                0x00000420                CyDelay
 .text.CySysWdtLocked
                0x00000450       0x14 .\CortexM0\ARM_GCC_541\Debug\LIN-Master-UART.a(CyLFClk.o)
 .text.CySysWdtLock
                0x00000464       0x1c .\CortexM0\ARM_GCC_541\Debug\LIN-Master-UART.a(CyLFClk.o)
                0x00000464                CySysWdtLock
 .text.CySysWdtUnlock
                0x00000480       0x30 .\CortexM0\ARM_GCC_541\Debug\LIN-Master-UART.a(CyLFClk.o)
                0x00000480                CySysWdtUnlock
 .text.CySysWdtClearInterrupt
                0x000004b0       0x4c .\CortexM0\ARM_GCC_541\Debug\LIN-Master-UART.a(CyLFClk.o)
                0x000004b0                CySysWdtClearInterrupt
 .text.CySysWdtIsr
                0x000004fc       0xa4 .\CortexM0\ARM_GCC_541\Debug\LIN-Master-UART.a(CyLFClk.o)
                0x000004fc                CySysWdtIsr
 .text.UART_MASTER_ScbEnableIntr
                0x000005a0        0xc .\CortexM0\ARM_GCC_541\Debug\LIN-Master-UART.a(UART_MASTER.o)
 .text.UART_MASTER_ScbModePostEnable
                0x000005ac        0x8 .\CortexM0\ARM_GCC_541\Debug\LIN-Master-UART.a(UART_MASTER.o)
 .text.UART_MASTER_Init
                0x000005b4        0x8 .\CortexM0\ARM_GCC_541\Debug\LIN-Master-UART.a(UART_MASTER.o)
                0x000005b4                UART_MASTER_Init
 .text.UART_MASTER_Enable
                0x000005bc       0x1c .\CortexM0\ARM_GCC_541\Debug\LIN-Master-UART.a(UART_MASTER.o)
                0x000005bc                UART_MASTER_Enable
 .text.UART_MASTER_Start
                0x000005d8       0x20 .\CortexM0\ARM_GCC_541\Debug\LIN-Master-UART.a(UART_MASTER.o)
                0x000005d8                UART_MASTER_Start
 .text.UART_MASTER_SpiUartReadRxData
                0x000005f8       0x34 .\CortexM0\ARM_GCC_541\Debug\LIN-Master-UART.a(UART_MASTER_SPI_UART.o)
                0x000005f8                UART_MASTER_SpiUartReadRxData
 .text.UART_MASTER_SpiUartGetRxBufferSize
                0x0000062c       0x28 .\CortexM0\ARM_GCC_541\Debug\LIN-Master-UART.a(UART_MASTER_SPI_UART.o)
                0x0000062c                UART_MASTER_SpiUartGetRxBufferSize
 .text.UART_MASTER_SpiUartWriteTxData
                0x00000654       0x70 .\CortexM0\ARM_GCC_541\Debug\LIN-Master-UART.a(UART_MASTER_SPI_UART.o)
                0x00000654                UART_MASTER_SpiUartWriteTxData
 .text.UART_MASTER_UartInit
                0x000006c4       0xec .\CortexM0\ARM_GCC_541\Debug\LIN-Master-UART.a(UART_MASTER_UART.o)
                0x000006c4                UART_MASTER_UartInit
 .text.UART_MASTER_UartPostEnable
                0x000007b0       0x2c .\CortexM0\ARM_GCC_541\Debug\LIN-Master-UART.a(UART_MASTER_UART.o)
                0x000007b0                UART_MASTER_UartPostEnable
 .text.UART_MASTER_UartGetByte
                0x000007dc       0x4c .\CortexM0\ARM_GCC_541\Debug\LIN-Master-UART.a(UART_MASTER_UART.o)
                0x000007dc                UART_MASTER_UartGetByte
 .text.UART_MASTER_UartSendBreakBlocking
                0x00000828       0x58 .\CortexM0\ARM_GCC_541\Debug\LIN-Master-UART.a(UART_MASTER_UART.o)
                0x00000828                UART_MASTER_UartSendBreakBlocking
 .text          0x00000880       0x20 .\CortexM0\ARM_GCC_541\Debug\LIN-Master-UART.a(CyBootAsmGnu.o)
                0x00000880                CyDelayCycles
                0x00000892                CyEnterCriticalSection
                0x0000089a                CyExitCriticalSection
 .text.UART_MASTER_SPI_UART_ISR
                0x000008a0       0xe4 .\CortexM0\ARM_GCC_541\Debug\LIN-Master-UART.a(UART_MASTER_SPI_UART_INT.o)
                0x000008a0                UART_MASTER_SPI_UART_ISR
 .text.__errno  0x00000984        0xc c:/program files (x86)/cypress/psoc creator/4.2/psoc creator/import/gnu/arm/5.4.1/bin/../lib/gcc/arm-none-eabi/5.4.1/../../../../arm-none-eabi/lib/armv6-m\libg_nano.a(lib_a-errno.o)
                0x00000984                __errno
 .text.__libc_init_array
                0x00000990       0x4c c:/program files (x86)/cypress/psoc creator/4.2/psoc creator/import/gnu/arm/5.4.1/bin/../lib/gcc/arm-none-eabi/5.4.1/../../../../arm-none-eabi/lib/armv6-m\libg_nano.a(lib_a-init.o)
                0x00000990                __libc_init_array
 .text.memset   0x000009dc       0x10 c:/program files (x86)/cypress/psoc creator/4.2/psoc creator/import/gnu/arm/5.4.1/bin/../lib/gcc/arm-none-eabi/5.4.1/../../../../arm-none-eabi/lib/armv6-m\libg_nano.a(lib_a-memset.o)
                0x000009dc                memset
 *(.plt)
 *(.gnu.warning)
 *(.glue_7t)
 .glue_7t       0x000009ec        0x0 linker stubs
 *(.glue_7)
 .glue_7        0x000009ec        0x0 linker stubs
 *(.vfp11_veneer)
 .vfp11_veneer  0x000009ec        0x0 linker stubs
 *(.bootloader)
 *(.ARM.extab* .gnu.linkonce.armextab.*)
 *(.gcc_except_table)

.v4_bx          0x000009ec        0x0
 .v4_bx         0x000009ec        0x0 linker stubs

.iplt           0x000009ec        0x0
 .iplt          0x000009ec        0x0 c:/program files (x86)/cypress/psoc creator/4.2/psoc creator/import/gnu/arm/5.4.1/bin/../lib/gcc/arm-none-eabi/5.4.1/armv6-m/crtbegin.o

.eh_frame_hdr
 *(.eh_frame_hdr)

.eh_frame       0x000009ec        0x4
 *(.eh_frame)
 .eh_frame      0x000009ec        0x0 c:/program files (x86)/cypress/psoc creator/4.2/psoc creator/import/gnu/arm/5.4.1/bin/../lib/gcc/arm-none-eabi/5.4.1/armv6-m/crtbegin.o
 .eh_frame      0x000009ec        0x4 c:/program files (x86)/cypress/psoc creator/4.2/psoc creator/import/gnu/arm/5.4.1/bin/../lib/gcc/arm-none-eabi/5.4.1/armv6-m/crtend.o
                [!provide]                PROVIDE (__exidx_start, .)

.ARM.exidx
 *(.ARM.exidx* .gnu.linkonce.armexidx.*)
                0x000009f0                __exidx_end = .

.rodata         0x000009f0       0x70
 *(.rodata .rodata.* .gnu.linkonce.r.*)
 .rodata        0x000009f0        0xc .\CortexM0\ARM_GCC_541\Debug\cyfitter_cfg.o
 .rodata        0x000009fc       0x2e .\CortexM0\ARM_GCC_541\Debug\LIN-Master-UART.a(CyLib.o)
                0x000009fc                cyImoFreqMhz2Reg
 .rodata.str1.1
                0x00000a2a        0x2 c:/program files (x86)/cypress/psoc creator/4.2/psoc creator/import/gnu/arm/5.4.1/bin/../lib/gcc/arm-none-eabi/5.4.1/../../../../arm-none-eabi/lib/armv6-m\libg_nano.a(lib_a-impure.o)
                0x00000a2c                . = ALIGN (0x4)
 *(.init)
 .init          0x00000a2c        0x4 c:/program files (x86)/cypress/psoc creator/4.2/psoc creator/import/gnu/arm/5.4.1/bin/../lib/gcc/arm-none-eabi/5.4.1/armv6-m/crti.o
                0x00000a2c                _init
 .init          0x00000a30        0x8 c:/program files (x86)/cypress/psoc creator/4.2/psoc creator/import/gnu/arm/5.4.1/bin/../lib/gcc/arm-none-eabi/5.4.1/armv6-m/crtn.o
                0x00000a38                . = ALIGN (0x4)
                0x00000a38                __preinit_array_start = .
 *(.preinit_array)
                0x00000a38                __preinit_array_end = .
                0x00000a38                . = ALIGN (0x4)
                0x00000a38                __init_array_start = .
 *(SORT(.init_array.*))
 *(.init_array)
 .init_array    0x00000a38        0x4 c:/program files (x86)/cypress/psoc creator/4.2/psoc creator/import/gnu/arm/5.4.1/bin/../lib/gcc/arm-none-eabi/5.4.1/armv6-m/crtbegin.o
 .init_array    0x00000a3c        0x4 .\CortexM0\ARM_GCC_541\Debug\Cm0Start.o
                0x00000a40                __init_array_end = .
                0x00000a40                . = ALIGN (0x4)
 *(.fini)
 .fini          0x00000a40        0x4 c:/program files (x86)/cypress/psoc creator/4.2/psoc creator/import/gnu/arm/5.4.1/bin/../lib/gcc/arm-none-eabi/5.4.1/armv6-m/crti.o
                0x00000a40                _fini
 .fini          0x00000a44        0x8 c:/program files (x86)/cypress/psoc creator/4.2/psoc creator/import/gnu/arm/5.4.1/bin/../lib/gcc/arm-none-eabi/5.4.1/armv6-m/crtn.o
                0x00000a4c                . = ALIGN (0x4)
                0x00000a4c                __fini_array_start = .
 *(.fini_array)
 .fini_array    0x00000a4c        0x4 c:/program files (x86)/cypress/psoc creator/4.2/psoc creator/import/gnu/arm/5.4.1/bin/../lib/gcc/arm-none-eabi/5.4.1/armv6-m/crtbegin.o
 *(SORT(.fini_array.*))
                0x00000a50                __fini_array_end = .
                0x00000a50                . = ALIGN (0x4)
 *crtbegin.o(.ctors)
 *(EXCLUDE_FILE(*crtend.o) .ctors)
 *(SORT(.ctors.*))
 *crtend.o(.ctors)
                0x00000a50                . = ALIGN (0x4)
 *crtbegin.o(.dtors)
 *(EXCLUDE_FILE(*crtend.o) .dtors)
 *(SORT(.dtors.*))
 *crtend.o(.dtors)
                0x00000a50                . = ALIGN (0x4)
                0x00000a50                __cy_regions = .
                0x00000a50        0x4 LONG 0xa60 __cy_region_init_ram
                0x00000a54        0x4 LONG 0x200000c0 __cy_region_start_data
                0x00000a58        0x4 LONG 0x88 __cy_region_init_size_ram
                0x00000a5c        0x4 LONG 0x88 __cy_region_zero_size_ram
                0x00000a60                __cy_regions_end = .
                0x00000a60                . = ALIGN (0x8)
                0x00000a60                _etext = .

.cy_checksum_exclude
                0x00000a60        0x0
 *(.cy_checksum_exclude)

.ramvectors     0x20000000       0xc0
                0x20000000                __cy_region_start_ram = .
 *(.ramvectors)
 .ramvectors    0x20000000       0xc0 .\CortexM0\ARM_GCC_541\Debug\Cm0Start.o
                0x20000000                CyRamVectors

.noinit
 *(.noinit)

.data           0x200000c0       0x88 load address 0x00000a60
                0x200000c0                __cy_region_start_data = .
 *(.jcr)
 .jcr           0x200000c0        0x0 c:/program files (x86)/cypress/psoc creator/4.2/psoc creator/import/gnu/arm/5.4.1/bin/../lib/gcc/arm-none-eabi/5.4.1/armv6-m/crtbegin.o
 .jcr           0x200000c0        0x4 c:/program files (x86)/cypress/psoc creator/4.2/psoc creator/import/gnu/arm/5.4.1/bin/../lib/gcc/arm-none-eabi/5.4.1/armv6-m/crtend.o
 *(.got.plt)
 *(.got)
 *(.shdata)
 *(.data .data.* .gnu.linkonce.d.*)
 .data          0x200000c4       0x14 .\CortexM0\ARM_GCC_541\Debug\LIN-Master-UART.a(CyLib.o)
                0x200000c4                CySysClkPumpConfig
                0x200000c8                cydelay32kMs
                0x200000cc                cydelayFreqKhz
                0x200000d0                cydelayFreqMhz
                0x200000d4                cydelayFreqHz
 .data          0x200000d8        0x8 .\CortexM0\ARM_GCC_541\Debug\LIN-Master-UART.a(CyLFClk.o)
 .data.impure_data
                0x200000e0       0x60 c:/program files (x86)/cypress/psoc creator/4.2/psoc creator/import/gnu/arm/5.4.1/bin/../lib/gcc/arm-none-eabi/5.4.1/../../../../arm-none-eabi/lib/armv6-m\libg_nano.a(lib_a-impure.o)
 .data._impure_ptr
                0x20000140        0x4 c:/program files (x86)/cypress/psoc creator/4.2/psoc creator/import/gnu/arm/5.4.1/bin/../lib/gcc/arm-none-eabi/5.4.1/../../../../arm-none-eabi/lib/armv6-m\libg_nano.a(lib_a-impure.o)
                0x20000140                _impure_ptr
                0x20000148                . = ALIGN (0x8)
 *fill*         0x20000144        0x4 
 *(.ram)
                0x20000148                _edata = .

.igot.plt       0x20000148        0x0 load address 0x00000ae8
 .igot.plt      0x20000148        0x0 c:/program files (x86)/cypress/psoc creator/4.2/psoc creator/import/gnu/arm/5.4.1/bin/../lib/gcc/arm-none-eabi/5.4.1/armv6-m/crtbegin.o

.bss            0x20000148       0x88 load address 0x00000ae8
                0x20000148                PROVIDE (__bss_start__, .)
 *(.shbss)
 *(.bss .bss.* .gnu.linkonce.b.*)
 .bss           0x20000148       0x1c c:/program files (x86)/cypress/psoc creator/4.2/psoc creator/import/gnu/arm/5.4.1/bin/../lib/gcc/arm-none-eabi/5.4.1/armv6-m/crtbegin.o
 .bss           0x20000164       0x28 .\CortexM0\ARM_GCC_541\Debug\LIN-Master-UART.a(CyLFClk.o)
 .bss           0x2000018c        0xa .\CortexM0\ARM_GCC_541\Debug\LIN-Master-UART.a(UART_MASTER.o)
                0x2000018c                UART_MASTER_initVar
                0x20000190                UART_MASTER_customIntrHandler
                0x20000194                UART_MASTER_IntrTxMask
 *(COMMON)
 *fill*         0x20000196        0x2 
 COMMON         0x20000198        0x8 .\CortexM0\ARM_GCC_541\Debug\main.o
                0x20000198                Sensor_data
 COMMON         0x200001a0       0x29 .\CortexM0\ARM_GCC_541\Debug\LIN-Master-UART.a(UART_MASTER_SPI_UART.o)
                0x200001a0                UART_MASTER_rxBufferInternal
                0x200001ac                UART_MASTER_txBufferHead
                0x200001b0                UART_MASTER_rxBufferHead
                0x200001b4                UART_MASTER_rxBufferTail
                0x200001b8                UART_MASTER_txBufferInternal
                0x200001c4                UART_MASTER_txBufferTail
                0x200001c8                UART_MASTER_rxBufferOverflow
                0x200001d0                . = ALIGN (0x8)
 *fill*         0x200001c9        0x7 
 *(.ram.b)
                0x200001d0                _end = .
                0x200001d0                __end = .
                0x200001d0                PROVIDE (end, .)
                0x200001d0                PROVIDE (__bss_end__, .)
                0x00000a60                __cy_region_init_ram = LOADADDR (.data)
                0x00000088                __cy_region_init_size_ram = (_edata - ADDR (.data))
                0x00000088                __cy_region_zero_size_ram = (_end - _edata)

.heap           0x200001d0       0x80 load address 0x00000ae8
                0x200001d0                . = _end
                0x20000250                . = (. + 0x80)
 *fill*         0x200001d0       0x80 
                0x20000250                __cy_heap_limit = .

.stack          0x20003800      0x800
                0x20003800                __cy_stack_limit = .
                0x20004000                . = (. + 0x800)
 *fill*         0x20003800      0x800 
                0x00000001                ASSERT ((__cy_stack_limit >= __cy_heap_limit), region RAM overflowed with stack)
                0x00000000                cy_checksum_exclude_size = (CY_APPL_LOADABLE == 0x1)?SIZEOF (.cy_checksum_exclude):0x0
                0x00000001                ASSERT ((cy_checksum_exclude_size <= CY_CHECKSUM_EXCLUDE_SIZE), CY_BOOT: Section .cy_checksum_exclude size exceedes specified limit.)
                0x0001ffc0                cyloadermeta_start = (cy_project_type_bootloader || cy_project_type_app_for_stack_and_copier)?(LENGTH (rom) - CY_METADATA_SIZE):0xf0000000

.cyloadermeta
 *(.cyloadermeta)
                0x0001ffc0                cyloadablemeta_start = cy_project_type_app_for_stack_and_copier?((LENGTH (rom) - CY_FLASH_ROW_SIZE) - CY_METADATA_SIZE):((LENGTH (rom) - (CY_FLASH_ROW_SIZE * (CY_APPL_NUM - 0x1))) - CY_METADATA_SIZE)

.cyloadablemeta
 *(.cyloadablemeta)

.cyflashprotect
                0x90400000       0x80
 *(.cyflashprotect)
 .cyflashprotect
                0x90400000       0x80 .\CortexM0\ARM_GCC_541\Debug\cymetadata.o
                0x90400000                cy_meta_flashprotect

.cymeta         0x90500000        0xc
 *(.cymeta)
 .cymeta        0x90500000        0xc .\CortexM0\ARM_GCC_541\Debug\cymetadata.o
                0x90500000                cy_metadata

.cychipprotect  0x90600000        0x1
 *(.cychipprotect)
 .cychipprotect
                0x90600000        0x1 .\CortexM0\ARM_GCC_541\Debug\cymetadata.o
                0x90600000                cy_meta_chipprotect

.rel.dyn        0x00000ae8        0x0 load address 0x90600004
 .rel.iplt      0x00000ae8        0x0 c:/program files (x86)/cypress/psoc creator/4.2/psoc creator/import/gnu/arm/5.4.1/bin/../lib/gcc/arm-none-eabi/5.4.1/armv6-m/crtbegin.o

.stab
 *(.stab)

.stabstr
 *(.stabstr)

.debug
 *(.debug)

.line
 *(.line)

.debug_srcinfo
 *(.debug_srcinfo)

.debug_sfnames
 *(.debug_sfnames)

.debug_aranges  0x00000000      0x588
 *(.debug_aranges)
 .debug_aranges
                0x00000000       0x20 .\CortexM0\ARM_GCC_541\Debug\main.o
 .debug_aranges
                0x00000020       0x38 .\CortexM0\ARM_GCC_541\Debug\cyfitter_cfg.o
 .debug_aranges
                0x00000058       0x18 .\CortexM0\ARM_GCC_541\Debug\cymetadata.o
 .debug_aranges
                0x00000070       0x48 .\CortexM0\ARM_GCC_541\Debug\Cm0Start.o
 .debug_aranges
                0x000000b8      0x1b0 .\CortexM0\ARM_GCC_541\Debug\LIN-Master-UART.a(CyLib.o)
 .debug_aranges
                0x00000268      0x188 .\CortexM0\ARM_GCC_541\Debug\LIN-Master-UART.a(CyLFClk.o)
 .debug_aranges
                0x000003f0       0x68 .\CortexM0\ARM_GCC_541\Debug\LIN-Master-UART.a(UART_MASTER.o)
 .debug_aranges
                0x00000458       0x60 .\CortexM0\ARM_GCC_541\Debug\LIN-Master-UART.a(UART_MASTER_SPI_UART.o)
 .debug_aranges
                0x000004b8       0x90 .\CortexM0\ARM_GCC_541\Debug\LIN-Master-UART.a(UART_MASTER_UART.o)
 .debug_aranges
                0x00000548       0x20 .\CortexM0\ARM_GCC_541\Debug\LIN-Master-UART.a(CyBootAsmGnu.o)
 .debug_aranges
                0x00000568       0x20 .\CortexM0\ARM_GCC_541\Debug\LIN-Master-UART.a(UART_MASTER_SPI_UART_INT.o)

.debug_pubnames
 *(.debug_pubnames)

.debug_info     0x00000000     0x32de
 *(.debug_info .gnu.linkonce.wi.*)
 .debug_info    0x00000000      0x26f .\CortexM0\ARM_GCC_541\Debug\main.o
 .debug_info    0x0000026f      0x297 .\CortexM0\ARM_GCC_541\Debug\cyfitter_cfg.o
 .debug_info    0x00000506       0xf8 .\CortexM0\ARM_GCC_541\Debug\cymetadata.o
 .debug_info    0x000005fe      0x3a2 .\CortexM0\ARM_GCC_541\Debug\Cm0Start.o
 .debug_info    0x000009a0      0xbd0 .\CortexM0\ARM_GCC_541\Debug\LIN-Master-UART.a(CyLib.o)
 .debug_info    0x00001570     0x1071 .\CortexM0\ARM_GCC_541\Debug\LIN-Master-UART.a(CyLFClk.o)
 .debug_info    0x000025e1      0x2e9 .\CortexM0\ARM_GCC_541\Debug\LIN-Master-UART.a(UART_MASTER.o)
 .debug_info    0x000028ca      0x372 .\CortexM0\ARM_GCC_541\Debug\LIN-Master-UART.a(UART_MASTER_SPI_UART.o)
 .debug_info    0x00002c3c      0x49d .\CortexM0\ARM_GCC_541\Debug\LIN-Master-UART.a(UART_MASTER_UART.o)
 .debug_info    0x000030d9       0x7f .\CortexM0\ARM_GCC_541\Debug\LIN-Master-UART.a(CyBootAsmGnu.o)
 .debug_info    0x00003158      0x186 .\CortexM0\ARM_GCC_541\Debug\LIN-Master-UART.a(UART_MASTER_SPI_UART_INT.o)

.debug_abbrev   0x00000000      0xcfb
 *(.debug_abbrev)
 .debug_abbrev  0x00000000       0xc6 .\CortexM0\ARM_GCC_541\Debug\main.o
 .debug_abbrev  0x000000c6      0x166 .\CortexM0\ARM_GCC_541\Debug\cyfitter_cfg.o
 .debug_abbrev  0x0000022c       0x5d .\CortexM0\ARM_GCC_541\Debug\cymetadata.o
 .debug_abbrev  0x00000289      0x1d7 .\CortexM0\ARM_GCC_541\Debug\Cm0Start.o
 .debug_abbrev  0x00000460      0x1e0 .\CortexM0\ARM_GCC_541\Debug\LIN-Master-UART.a(CyLib.o)
 .debug_abbrev  0x00000640      0x248 .\CortexM0\ARM_GCC_541\Debug\LIN-Master-UART.a(CyLFClk.o)
 .debug_abbrev  0x00000888      0x118 .\CortexM0\ARM_GCC_541\Debug\LIN-Master-UART.a(UART_MASTER.o)
 .debug_abbrev  0x000009a0      0x168 .\CortexM0\ARM_GCC_541\Debug\LIN-Master-UART.a(UART_MASTER_SPI_UART.o)
 .debug_abbrev  0x00000b08      0x145 .\CortexM0\ARM_GCC_541\Debug\LIN-Master-UART.a(UART_MASTER_UART.o)
 .debug_abbrev  0x00000c4d       0x14 .\CortexM0\ARM_GCC_541\Debug\LIN-Master-UART.a(CyBootAsmGnu.o)
 .debug_abbrev  0x00000c61       0x9a .\CortexM0\ARM_GCC_541\Debug\LIN-Master-UART.a(UART_MASTER_SPI_UART_INT.o)

.debug_line     0x00000000     0x1648
 *(.debug_line)
 .debug_line    0x00000000       0xfb .\CortexM0\ARM_GCC_541\Debug\main.o
 .debug_line    0x000000fb      0x14a .\CortexM0\ARM_GCC_541\Debug\cyfitter_cfg.o
 .debug_line    0x00000245      0x141 .\CortexM0\ARM_GCC_541\Debug\cymetadata.o
 .debug_line    0x00000386      0x236 .\CortexM0\ARM_GCC_541\Debug\Cm0Start.o
 .debug_line    0x000005bc      0x4d0 .\CortexM0\ARM_GCC_541\Debug\LIN-Master-UART.a(CyLib.o)
 .debug_line    0x00000a8c      0x5db .\CortexM0\ARM_GCC_541\Debug\LIN-Master-UART.a(CyLFClk.o)
 .debug_line    0x00001067      0x14a .\CortexM0\ARM_GCC_541\Debug\LIN-Master-UART.a(UART_MASTER.o)
 .debug_line    0x000011b1      0x159 .\CortexM0\ARM_GCC_541\Debug\LIN-Master-UART.a(UART_MASTER_SPI_UART.o)
 .debug_line    0x0000130a      0x213 .\CortexM0\ARM_GCC_541\Debug\LIN-Master-UART.a(UART_MASTER_UART.o)
 .debug_line    0x0000151d       0x68 .\CortexM0\ARM_GCC_541\Debug\LIN-Master-UART.a(CyBootAsmGnu.o)
 .debug_line    0x00001585       0xc3 .\CortexM0\ARM_GCC_541\Debug\LIN-Master-UART.a(UART_MASTER_SPI_UART_INT.o)

.debug_frame    0x00000000      0xe68
 *(.debug_frame)
 .debug_frame   0x00000000       0x2c .\CortexM0\ARM_GCC_541\Debug\main.o
 .debug_frame   0x0000002c       0x74 .\CortexM0\ARM_GCC_541\Debug\cyfitter_cfg.o
 .debug_frame   0x000000a0       0xbc .\CortexM0\ARM_GCC_541\Debug\Cm0Start.o
 .debug_frame   0x0000015c      0x444 .\CortexM0\ARM_GCC_541\Debug\LIN-Master-UART.a(CyLib.o)
 .debug_frame   0x000005a0      0x4a8 .\CortexM0\ARM_GCC_541\Debug\LIN-Master-UART.a(CyLFClk.o)
 .debug_frame   0x00000a48      0x104 .\CortexM0\ARM_GCC_541\Debug\LIN-Master-UART.a(UART_MASTER.o)
 .debug_frame   0x00000b4c       0xc8 .\CortexM0\ARM_GCC_541\Debug\LIN-Master-UART.a(UART_MASTER_SPI_UART.o)
 .debug_frame   0x00000c14      0x154 .\CortexM0\ARM_GCC_541\Debug\LIN-Master-UART.a(UART_MASTER_UART.o)
 .debug_frame   0x00000d68       0x2c .\CortexM0\ARM_GCC_541\Debug\LIN-Master-UART.a(UART_MASTER_SPI_UART_INT.o)
 .debug_frame   0x00000d94       0x20 c:/program files (x86)/cypress/psoc creator/4.2/psoc creator/import/gnu/arm/5.4.1/bin/../lib/gcc/arm-none-eabi/5.4.1/armv6-m\libgcc.a(_udivsi3.o)
 .debug_frame   0x00000db4       0x20 c:/program files (x86)/cypress/psoc creator/4.2/psoc creator/import/gnu/arm/5.4.1/bin/../lib/gcc/arm-none-eabi/5.4.1/armv6-m\libgcc.a(_divsi3.o)
 .debug_frame   0x00000dd4       0x20 c:/program files (x86)/cypress/psoc creator/4.2/psoc creator/import/gnu/arm/5.4.1/bin/../lib/gcc/arm-none-eabi/5.4.1/../../../../arm-none-eabi/lib/armv6-m\libg_nano.a(lib_a-errno.o)
 .debug_frame   0x00000df4       0x28 c:/program files (x86)/cypress/psoc creator/4.2/psoc creator/import/gnu/arm/5.4.1/bin/../lib/gcc/arm-none-eabi/5.4.1/../../../../arm-none-eabi/lib/armv6-m\libg_nano.a(lib_a-exit.o)
 .debug_frame   0x00000e1c       0x2c c:/program files (x86)/cypress/psoc creator/4.2/psoc creator/import/gnu/arm/5.4.1/bin/../lib/gcc/arm-none-eabi/5.4.1/../../../../arm-none-eabi/lib/armv6-m\libg_nano.a(lib_a-init.o)
 .debug_frame   0x00000e48       0x20 c:/program files (x86)/cypress/psoc creator/4.2/psoc creator/import/gnu/arm/5.4.1/bin/../lib/gcc/arm-none-eabi/5.4.1/../../../../arm-none-eabi/lib/armv6-m\libg_nano.a(lib_a-memset.o)

.debug_str      0x00000000     0x16dd
 *(.debug_str)
 .debug_str     0x00000000      0x1ff .\CortexM0\ARM_GCC_541\Debug\main.o
                                0x23f (size before relaxing)
 .debug_str     0x000001ff       0xcc .\CortexM0\ARM_GCC_541\Debug\cyfitter_cfg.o
                                0x28d (size before relaxing)
 .debug_str     0x000002cb       0x94 .\CortexM0\ARM_GCC_541\Debug\cymetadata.o
                                0x1b7 (size before relaxing)
 .debug_str     0x0000035f      0x140 .\CortexM0\ARM_GCC_541\Debug\Cm0Start.o
                                0x333 (size before relaxing)
 .debug_str     0x0000049f      0x541 .\CortexM0\ARM_GCC_541\Debug\LIN-Master-UART.a(CyLib.o)
                                0x76d (size before relaxing)
 .debug_str     0x000009e0      0x71c .\CortexM0\ARM_GCC_541\Debug\LIN-Master-UART.a(CyLFClk.o)
                                0x96a (size before relaxing)
 .debug_str     0x000010fc      0x1b5 .\CortexM0\ARM_GCC_541\Debug\LIN-Master-UART.a(UART_MASTER.o)
                                0x3b9 (size before relaxing)
 .debug_str     0x000012b1      0x227 .\CortexM0\ARM_GCC_541\Debug\LIN-Master-UART.a(UART_MASTER_SPI_UART.o)
                                0x42a (size before relaxing)
 .debug_str     0x000014d8      0x1ba .\CortexM0\ARM_GCC_541\Debug\LIN-Master-UART.a(UART_MASTER_UART.o)
                                0x546 (size before relaxing)
 .debug_str     0x00001692       0x4b .\CortexM0\ARM_GCC_541\Debug\LIN-Master-UART.a(UART_MASTER_SPI_UART_INT.o)
                                0x301 (size before relaxing)

.debug_loc      0x00000000     0x194f
 *(.debug_loc)
 .debug_loc     0x00000000       0xa9 .\CortexM0\ARM_GCC_541\Debug\cyfitter_cfg.o
 .debug_loc     0x000000a9      0x14f .\CortexM0\ARM_GCC_541\Debug\Cm0Start.o
 .debug_loc     0x000001f8      0x554 .\CortexM0\ARM_GCC_541\Debug\LIN-Master-UART.a(CyLib.o)
 .debug_loc     0x0000074c      0xdaa .\CortexM0\ARM_GCC_541\Debug\LIN-Master-UART.a(CyLFClk.o)
 .debug_loc     0x000014f6       0x7e .\CortexM0\ARM_GCC_541\Debug\LIN-Master-UART.a(UART_MASTER.o)
 .debug_loc     0x00001574      0x170 .\CortexM0\ARM_GCC_541\Debug\LIN-Master-UART.a(UART_MASTER_SPI_UART.o)
 .debug_loc     0x000016e4      0x22e .\CortexM0\ARM_GCC_541\Debug\LIN-Master-UART.a(UART_MASTER_UART.o)
 .debug_loc     0x00001912       0x3d .\CortexM0\ARM_GCC_541\Debug\LIN-Master-UART.a(UART_MASTER_SPI_UART_INT.o)

.debug_macinfo
 *(.debug_macinfo)

.debug_ranges   0x00000000      0x4c0
 *(.debug_ranges)
 .debug_ranges  0x00000000       0x10 .\CortexM0\ARM_GCC_541\Debug\main.o
 .debug_ranges  0x00000010       0x28 .\CortexM0\ARM_GCC_541\Debug\cyfitter_cfg.o
 .debug_ranges  0x00000038       0x38 .\CortexM0\ARM_GCC_541\Debug\Cm0Start.o
 .debug_ranges  0x00000070      0x1a0 .\CortexM0\ARM_GCC_541\Debug\LIN-Master-UART.a(CyLib.o)
 .debug_ranges  0x00000210      0x178 .\CortexM0\ARM_GCC_541\Debug\LIN-Master-UART.a(CyLFClk.o)
 .debug_ranges  0x00000388       0x58 .\CortexM0\ARM_GCC_541\Debug\LIN-Master-UART.a(UART_MASTER.o)
 .debug_ranges  0x000003e0       0x50 .\CortexM0\ARM_GCC_541\Debug\LIN-Master-UART.a(UART_MASTER_SPI_UART.o)
 .debug_ranges  0x00000430       0x80 .\CortexM0\ARM_GCC_541\Debug\LIN-Master-UART.a(UART_MASTER_UART.o)
 .debug_ranges  0x000004b0       0x10 .\CortexM0\ARM_GCC_541\Debug\LIN-Master-UART.a(UART_MASTER_SPI_UART_INT.o)

.comment        0x00000000       0x6e
 .comment       0x00000000       0x6e .\CortexM0\ARM_GCC_541\Debug\main.o
                                 0x6f (size before relaxing)
 .comment       0x0000006e       0x6f .\CortexM0\ARM_GCC_541\Debug\cyfitter_cfg.o
 .comment       0x0000006e       0x6f .\CortexM0\ARM_GCC_541\Debug\cymetadata.o
 .comment       0x0000006e       0x6f .\CortexM0\ARM_GCC_541\Debug\Cm0Start.o
 .comment       0x0000006e       0x6f .\CortexM0\ARM_GCC_541\Debug\LIN-Master-UART.a(CyLib.o)
 .comment       0x0000006e       0x6f .\CortexM0\ARM_GCC_541\Debug\LIN-Master-UART.a(CyLFClk.o)
 .comment       0x0000006e       0x6f .\CortexM0\ARM_GCC_541\Debug\LIN-Master-UART.a(UART_MASTER.o)
 .comment       0x0000006e       0x6f .\CortexM0\ARM_GCC_541\Debug\LIN-Master-UART.a(UART_MASTER_SPI_UART.o)
 .comment       0x0000006e       0x6f .\CortexM0\ARM_GCC_541\Debug\LIN-Master-UART.a(UART_MASTER_UART.o)
 .comment       0x0000006e       0x6f .\CortexM0\ARM_GCC_541\Debug\LIN-Master-UART.a(UART_MASTER_SPI_UART_INT.o)

.debug_weaknames
 *(.debug_weaknames)

.debug_funcnames
 *(.debug_funcnames)

.debug_typenames
 *(.debug_typenames)

.debug_varnames
 *(.debug_varnames)

.note.gnu.arm.ident
 *(.note.gnu.arm.ident)

.ARM.attributes
                0x00000000       0x28
 *(.ARM.attributes)
 .ARM.attributes
                0x00000000       0x1e c:/program files (x86)/cypress/psoc creator/4.2/psoc creator/import/gnu/arm/5.4.1/bin/../lib/gcc/arm-none-eabi/5.4.1/armv6-m/crti.o
 .ARM.attributes
                0x0000001e       0x2c c:/program files (x86)/cypress/psoc creator/4.2/psoc creator/import/gnu/arm/5.4.1/bin/../lib/gcc/arm-none-eabi/5.4.1/armv6-m/crtbegin.o
 .ARM.attributes
                0x0000004a       0x1b c:/program files (x86)/cypress/psoc creator/4.2/psoc creator/import/gnu/arm/5.4.1/bin/../lib/gcc/arm-none-eabi/5.4.1/../../../../arm-none-eabi/lib/armv6-m/crt0.o
 .ARM.attributes
                0x00000065       0x31 .\CortexM0\ARM_GCC_541\Debug\main.o
 .ARM.attributes
                0x00000096       0x31 .\CortexM0\ARM_GCC_541\Debug\cyfitter_cfg.o
 .ARM.attributes
                0x000000c7       0x31 .\CortexM0\ARM_GCC_541\Debug\cymetadata.o
 .ARM.attributes
                0x000000f8       0x31 .\CortexM0\ARM_GCC_541\Debug\Cm0Start.o
 .ARM.attributes
                0x00000129       0x31 .\CortexM0\ARM_GCC_541\Debug\LIN-Master-UART.a(CyLib.o)
 .ARM.attributes
                0x0000015a       0x31 .\CortexM0\ARM_GCC_541\Debug\LIN-Master-UART.a(CyLFClk.o)
 .ARM.attributes
                0x0000018b       0x31 .\CortexM0\ARM_GCC_541\Debug\LIN-Master-UART.a(UART_MASTER.o)
 .ARM.attributes
                0x000001bc       0x31 .\CortexM0\ARM_GCC_541\Debug\LIN-Master-UART.a(UART_MASTER_SPI_UART.o)
 .ARM.attributes
                0x000001ed       0x31 .\CortexM0\ARM_GCC_541\Debug\LIN-Master-UART.a(UART_MASTER_UART.o)
 .ARM.attributes
                0x0000021e       0x21 .\CortexM0\ARM_GCC_541\Debug\LIN-Master-UART.a(CyBootAsmGnu.o)
 .ARM.attributes
                0x0000023f       0x31 .\CortexM0\ARM_GCC_541\Debug\LIN-Master-UART.a(UART_MASTER_SPI_UART_INT.o)
 .ARM.attributes
                0x00000270       0x1e c:/program files (x86)/cypress/psoc creator/4.2/psoc creator/import/gnu/arm/5.4.1/bin/../lib/gcc/arm-none-eabi/5.4.1/armv6-m\libgcc.a(_udivsi3.o)
 .ARM.attributes
                0x0000028e       0x1e c:/program files (x86)/cypress/psoc creator/4.2/psoc creator/import/gnu/arm/5.4.1/bin/../lib/gcc/arm-none-eabi/5.4.1/armv6-m\libgcc.a(_divsi3.o)
 .ARM.attributes
                0x000002ac       0x1e c:/program files (x86)/cypress/psoc creator/4.2/psoc creator/import/gnu/arm/5.4.1/bin/../lib/gcc/arm-none-eabi/5.4.1/armv6-m\libgcc.a(_dvmd_tls.o)
 .ARM.attributes
                0x000002ca       0x2c c:/program files (x86)/cypress/psoc creator/4.2/psoc creator/import/gnu/arm/5.4.1/bin/../lib/gcc/arm-none-eabi/5.4.1/../../../../arm-none-eabi/lib/armv6-m\libg_nano.a(lib_a-errno.o)
 .ARM.attributes
                0x000002f6       0x2c c:/program files (x86)/cypress/psoc creator/4.2/psoc creator/import/gnu/arm/5.4.1/bin/../lib/gcc/arm-none-eabi/5.4.1/../../../../arm-none-eabi/lib/armv6-m\libg_nano.a(lib_a-exit.o)
 .ARM.attributes
                0x00000322       0x2c c:/program files (x86)/cypress/psoc creator/4.2/psoc creator/import/gnu/arm/5.4.1/bin/../lib/gcc/arm-none-eabi/5.4.1/../../../../arm-none-eabi/lib/armv6-m\libg_nano.a(lib_a-impure.o)
 .ARM.attributes
                0x0000034e       0x2c c:/program files (x86)/cypress/psoc creator/4.2/psoc creator/import/gnu/arm/5.4.1/bin/../lib/gcc/arm-none-eabi/5.4.1/../../../../arm-none-eabi/lib/armv6-m\libg_nano.a(lib_a-init.o)
 .ARM.attributes
                0x0000037a       0x2c c:/program files (x86)/cypress/psoc creator/4.2/psoc creator/import/gnu/arm/5.4.1/bin/../lib/gcc/arm-none-eabi/5.4.1/../../../../arm-none-eabi/lib/armv6-m\libg_nano.a(lib_a-memset.o)
 .ARM.attributes
                0x000003a6       0x2c c:/program files (x86)/cypress/psoc creator/4.2/psoc creator/import/gnu/arm/5.4.1/bin/../lib/gcc/arm-none-eabi/5.4.1/armv6-m/crtend.o
 .ARM.attributes
                0x000003d2       0x1e c:/program files (x86)/cypress/psoc creator/4.2/psoc creator/import/gnu/arm/5.4.1/bin/../lib/gcc/arm-none-eabi/5.4.1/armv6-m/crtn.o

/DISCARD/
 *(.note.GNU-stack)
OUTPUT(C:\Users\jagumiel\OneDrive - TEKNIKER\Codigo\Cypress\1-Pruebas\1-LIN-Master-Slave\Master-UART\LIN-Master-UART.cydsn\CortexM0\ARM_GCC_541\Debug\LIN-Master-UART.elf elf32-littlearm)
