Archive member included to satisfy reference by file (symbol)

.\CortexM0\ARM_GCC_541\Debug\LIN_Slave_CY8CKIT-042.a(LINS.o)
                              .\CortexM0\ARM_GCC_541\Debug\main.o (l_u8_rd_InSig)
.\CortexM0\ARM_GCC_541\Debug\LIN_Slave_CY8CKIT-042.a(LINS_INT.o)
                              .\CortexM0\ARM_GCC_541\Debug\LIN_Slave_CY8CKIT-042.a(LINS.o) (LINS_UART_ISR)
.\CortexM0\ARM_GCC_541\Debug\LIN_Slave_CY8CKIT-042.a(LED_RED.o)
                              .\CortexM0\ARM_GCC_541\Debug\main.o (LED_RED_Write)
.\CortexM0\ARM_GCC_541\Debug\LIN_Slave_CY8CKIT-042.a(LED_GREEN.o)
                              .\CortexM0\ARM_GCC_541\Debug\main.o (LED_GREEN_Write)
.\CortexM0\ARM_GCC_541\Debug\LIN_Slave_CY8CKIT-042.a(LED_BLUE.o)
                              .\CortexM0\ARM_GCC_541\Debug\main.o (LED_BLUE_Write)
.\CortexM0\ARM_GCC_541\Debug\LIN_Slave_CY8CKIT-042.a(LINS_ISR.o)
                              .\CortexM0\ARM_GCC_541\Debug\LIN_Slave_CY8CKIT-042.a(LINS.o) (LINS_ISR_Disable)
.\CortexM0\ARM_GCC_541\Debug\LIN_Slave_CY8CKIT-042.a(LINS_IntClk.o)
                              .\CortexM0\ARM_GCC_541\Debug\LIN_Slave_CY8CKIT-042.a(LINS.o) (LINS_IntClk_Start)
.\CortexM0\ARM_GCC_541\Debug\LIN_Slave_CY8CKIT-042.a(LINS_SCB.o)
                              .\CortexM0\ARM_GCC_541\Debug\LIN_Slave_CY8CKIT-042.a(LINS.o) (LINS_SCB_Init)
.\CortexM0\ARM_GCC_541\Debug\LIN_Slave_CY8CKIT-042.a(LINS_SCB_SPI_UART.o)
                              .\CortexM0\ARM_GCC_541\Debug\LIN_Slave_CY8CKIT-042.a(LINS.o) (LINS_SCB_SpiUartReadRxData)
.\CortexM0\ARM_GCC_541\Debug\LIN_Slave_CY8CKIT-042.a(LINS_SCB_UART.o)
                              .\CortexM0\ARM_GCC_541\Debug\LIN_Slave_CY8CKIT-042.a(LINS_SCB.o) (LINS_SCB_UartInit)
.\CortexM0\ARM_GCC_541\Debug\LIN_Slave_CY8CKIT-042.a(LIN_Dynamic.o)
                              .\CortexM0\ARM_GCC_541\Debug\main.o (l_u8_wr)
.\CortexM0\ARM_GCC_541\Debug\LIN_Slave_CY8CKIT-042.a(CyLib.o)
                              .\CortexM0\ARM_GCC_541\Debug\cyfitter_cfg.o (CyIntEnable)
.\CortexM0\ARM_GCC_541\Debug\LIN_Slave_CY8CKIT-042.a(CyLFClk.o)
                              .\CortexM0\ARM_GCC_541\Debug\cyfitter_cfg.o (CySysWdtIsr)
.\CortexM0\ARM_GCC_541\Debug\LIN_Slave_CY8CKIT-042.a(CyBootAsmGnu.o)
                              .\CortexM0\ARM_GCC_541\Debug\LIN_Slave_CY8CKIT-042.a(CyLib.o) (CyDelayCycles)
c:/program files (x86)/cypress/psoc creator/4.2/psoc creator/import/gnu/arm/5.4.1/bin/../lib/gcc/arm-none-eabi/5.4.1/armv6-m\libgcc.a(_udivsi3.o)
                              .\CortexM0\ARM_GCC_541\Debug\LIN_Slave_CY8CKIT-042.a(CyLib.o) (__aeabi_uidiv)
c:/program files (x86)/cypress/psoc creator/4.2/psoc creator/import/gnu/arm/5.4.1/bin/../lib/gcc/arm-none-eabi/5.4.1/armv6-m\libgcc.a(_dvmd_tls.o)
                              c:/program files (x86)/cypress/psoc creator/4.2/psoc creator/import/gnu/arm/5.4.1/bin/../lib/gcc/arm-none-eabi/5.4.1/armv6-m\libgcc.a(_udivsi3.o) (__aeabi_idiv0)
c:/program files (x86)/cypress/psoc creator/4.2/psoc creator/import/gnu/arm/5.4.1/bin/../lib/gcc/arm-none-eabi/5.4.1/../../../../arm-none-eabi/lib/armv6-m\libg_nano.a(lib_a-errno.o)
                              .\CortexM0\ARM_GCC_541\Debug\Cm0Start.o (__errno)
c:/program files (x86)/cypress/psoc creator/4.2/psoc creator/import/gnu/arm/5.4.1/bin/../lib/gcc/arm-none-eabi/5.4.1/../../../../arm-none-eabi/lib/armv6-m\libg_nano.a(lib_a-exit.o)
                              c:/program files (x86)/cypress/psoc creator/4.2/psoc creator/import/gnu/arm/5.4.1/bin/../lib/gcc/arm-none-eabi/5.4.1/../../../../arm-none-eabi/lib/armv6-m/crt0.o (exit)
c:/program files (x86)/cypress/psoc creator/4.2/psoc creator/import/gnu/arm/5.4.1/bin/../lib/gcc/arm-none-eabi/5.4.1/../../../../arm-none-eabi/lib/armv6-m\libg_nano.a(lib_a-impure.o)
                              c:/program files (x86)/cypress/psoc creator/4.2/psoc creator/import/gnu/arm/5.4.1/bin/../lib/gcc/arm-none-eabi/5.4.1/../../../../arm-none-eabi/lib/armv6-m\libg_nano.a(lib_a-exit.o) (_global_impure_ptr)
c:/program files (x86)/cypress/psoc creator/4.2/psoc creator/import/gnu/arm/5.4.1/bin/../lib/gcc/arm-none-eabi/5.4.1/../../../../arm-none-eabi/lib/armv6-m\libg_nano.a(lib_a-init.o)
                              c:/program files (x86)/cypress/psoc creator/4.2/psoc creator/import/gnu/arm/5.4.1/bin/../lib/gcc/arm-none-eabi/5.4.1/../../../../arm-none-eabi/lib/armv6-m/crt0.o (__libc_init_array)
c:/program files (x86)/cypress/psoc creator/4.2/psoc creator/import/gnu/arm/5.4.1/bin/../lib/gcc/arm-none-eabi/5.4.1/../../../../arm-none-eabi/lib/armv6-m\libg_nano.a(lib_a-memset.o)
                              c:/program files (x86)/cypress/psoc creator/4.2/psoc creator/import/gnu/arm/5.4.1/bin/../lib/gcc/arm-none-eabi/5.4.1/../../../../arm-none-eabi/lib/armv6-m/crt0.o (memset)

Allocating common symbols
Common symbol       size              file

LINS_initialClockDivider
                    0x2               .\CortexM0\ARM_GCC_541\Debug\LIN_Slave_CY8CKIT-042.a(LINS.o)

Discarded input sections

 .text          0x00000000        0x0 c:/program files (x86)/cypress/psoc creator/4.2/psoc creator/import/gnu/arm/5.4.1/bin/../lib/gcc/arm-none-eabi/5.4.1/armv6-m/crti.o
 .data          0x00000000        0x0 c:/program files (x86)/cypress/psoc creator/4.2/psoc creator/import/gnu/arm/5.4.1/bin/../lib/gcc/arm-none-eabi/5.4.1/armv6-m/crti.o
 .bss           0x00000000        0x0 c:/program files (x86)/cypress/psoc creator/4.2/psoc creator/import/gnu/arm/5.4.1/bin/../lib/gcc/arm-none-eabi/5.4.1/armv6-m/crti.o
 .data          0x00000000        0x4 c:/program files (x86)/cypress/psoc creator/4.2/psoc creator/import/gnu/arm/5.4.1/bin/../lib/gcc/arm-none-eabi/5.4.1/armv6-m/crtbegin.o
 .text          0x00000000       0x78 c:/program files (x86)/cypress/psoc creator/4.2/psoc creator/import/gnu/arm/5.4.1/bin/../lib/gcc/arm-none-eabi/5.4.1/../../../../arm-none-eabi/lib/armv6-m/crt0.o
 .data          0x00000000        0x0 c:/program files (x86)/cypress/psoc creator/4.2/psoc creator/import/gnu/arm/5.4.1/bin/../lib/gcc/arm-none-eabi/5.4.1/../../../../arm-none-eabi/lib/armv6-m/crt0.o
 .bss           0x00000000        0x0 c:/program files (x86)/cypress/psoc creator/4.2/psoc creator/import/gnu/arm/5.4.1/bin/../lib/gcc/arm-none-eabi/5.4.1/../../../../arm-none-eabi/lib/armv6-m/crt0.o
 .ARM.extab     0x00000000        0x0 c:/program files (x86)/cypress/psoc creator/4.2/psoc creator/import/gnu/arm/5.4.1/bin/../lib/gcc/arm-none-eabi/5.4.1/../../../../arm-none-eabi/lib/armv6-m/crt0.o
 .ARM.exidx     0x00000000        0x8 c:/program files (x86)/cypress/psoc creator/4.2/psoc creator/import/gnu/arm/5.4.1/bin/../lib/gcc/arm-none-eabi/5.4.1/../../../../arm-none-eabi/lib/armv6-m/crt0.o
 .text          0x00000000        0x0 .\CortexM0\ARM_GCC_541\Debug\main.o
 .data          0x00000000        0x0 .\CortexM0\ARM_GCC_541\Debug\main.o
 .bss           0x00000000        0x0 .\CortexM0\ARM_GCC_541\Debug\main.o
 .text          0x00000000        0x0 .\CortexM0\ARM_GCC_541\Debug\cyfitter_cfg.o
 .data          0x00000000        0x0 .\CortexM0\ARM_GCC_541\Debug\cyfitter_cfg.o
 .bss           0x00000000        0x0 .\CortexM0\ARM_GCC_541\Debug\cyfitter_cfg.o
 .text          0x00000000        0x0 .\CortexM0\ARM_GCC_541\Debug\cymetadata.o
 .data          0x00000000        0x0 .\CortexM0\ARM_GCC_541\Debug\cymetadata.o
 .bss           0x00000000        0x0 .\CortexM0\ARM_GCC_541\Debug\cymetadata.o
 .text          0x00000000        0x0 .\CortexM0\ARM_GCC_541\Debug\Cm0Start.o
 .data          0x00000000        0x4 .\CortexM0\ARM_GCC_541\Debug\Cm0Start.o
 .bss           0x00000000        0x0 .\CortexM0\ARM_GCC_541\Debug\Cm0Start.o
 .text._exit    0x00000000        0xc .\CortexM0\ARM_GCC_541\Debug\Cm0Start.o
 .text._sbrk    0x00000000       0x30 .\CortexM0\ARM_GCC_541\Debug\Cm0Start.o
 .text          0x00000000        0x0 .\CortexM0\ARM_GCC_541\Debug\LIN_Slave_CY8CKIT-042.a(LINS.o)
 .text.l_u8_rd_InArraySig
                0x00000000        0xc .\CortexM0\ARM_GCC_541\Debug\LIN_Slave_CY8CKIT-042.a(LINS.o)
 .text.l_u8_rd_LINS
                0x00000000       0x1c .\CortexM0\ARM_GCC_541\Debug\LIN_Slave_CY8CKIT-042.a(LINS.o)
 .text.l_bool_wr_Response_Error
                0x00000000       0x30 .\CortexM0\ARM_GCC_541\Debug\LIN_Slave_CY8CKIT-042.a(LINS.o)
 .text.l_bool_wr_LINS
                0x00000000       0x10 .\CortexM0\ARM_GCC_541\Debug\LIN_Slave_CY8CKIT-042.a(LINS.o)
 .text.l_ifc_wake_up_LINS
                0x00000000       0x10 .\CortexM0\ARM_GCC_541\Debug\LIN_Slave_CY8CKIT-042.a(LINS.o)
 .text.l_ifc_read_status_LINS
                0x00000000       0x20 .\CortexM0\ARM_GCC_541\Debug\LIN_Slave_CY8CKIT-042.a(LINS.o)
 .text.ld_init_LINS
                0x00000000       0x4c .\CortexM0\ARM_GCC_541\Debug\LIN_Slave_CY8CKIT-042.a(LINS.o)
 .text.ld_read_configuration_LINS
                0x00000000       0x34 .\CortexM0\ARM_GCC_541\Debug\LIN_Slave_CY8CKIT-042.a(LINS.o)
 .text.ld_set_configuration_LINS
                0x00000000       0x4c .\CortexM0\ARM_GCC_541\Debug\LIN_Slave_CY8CKIT-042.a(LINS.o)
 .text.l_ifc_tx_LINS
                0x00000000        0x8 .\CortexM0\ARM_GCC_541\Debug\LIN_Slave_CY8CKIT-042.a(LINS.o)
 .text.ld_send_message_LINS
                0x00000000       0x48 .\CortexM0\ARM_GCC_541\Debug\LIN_Slave_CY8CKIT-042.a(LINS.o)
 .text.ld_receive_message_LINS
                0x00000000       0x3c .\CortexM0\ARM_GCC_541\Debug\LIN_Slave_CY8CKIT-042.a(LINS.o)
 .text.ld_tx_status_LINS
                0x00000000       0x1c .\CortexM0\ARM_GCC_541\Debug\LIN_Slave_CY8CKIT-042.a(LINS.o)
 .text.ld_rx_status_LINS
                0x00000000       0x18 .\CortexM0\ARM_GCC_541\Debug\LIN_Slave_CY8CKIT-042.a(LINS.o)
 .text.LINS_Start
                0x00000000        0xc .\CortexM0\ARM_GCC_541\Debug\LIN_Slave_CY8CKIT-042.a(LINS.o)
 .text.LINS_TimerDisableInt
                0x00000000       0x44 .\CortexM0\ARM_GCC_541\Debug\LIN_Slave_CY8CKIT-042.a(LINS.o)
 .text.LINS_Stop
                0x00000000       0x10 .\CortexM0\ARM_GCC_541\Debug\LIN_Slave_CY8CKIT-042.a(LINS.o)
 .text          0x00000000        0x0 .\CortexM0\ARM_GCC_541\Debug\LIN_Slave_CY8CKIT-042.a(LINS_INT.o)
 .data          0x00000000        0x0 .\CortexM0\ARM_GCC_541\Debug\LIN_Slave_CY8CKIT-042.a(LINS_INT.o)
 .bss           0x00000000        0x0 .\CortexM0\ARM_GCC_541\Debug\LIN_Slave_CY8CKIT-042.a(LINS_INT.o)
 .text          0x00000000        0x0 .\CortexM0\ARM_GCC_541\Debug\LIN_Slave_CY8CKIT-042.a(LED_RED.o)
 .data          0x00000000        0x0 .\CortexM0\ARM_GCC_541\Debug\LIN_Slave_CY8CKIT-042.a(LED_RED.o)
 .bss           0x00000000        0x0 .\CortexM0\ARM_GCC_541\Debug\LIN_Slave_CY8CKIT-042.a(LED_RED.o)
 .text.LED_RED_SetDriveMode
                0x00000000       0x18 .\CortexM0\ARM_GCC_541\Debug\LIN_Slave_CY8CKIT-042.a(LED_RED.o)
 .text.LED_RED_Read
                0x00000000       0x10 .\CortexM0\ARM_GCC_541\Debug\LIN_Slave_CY8CKIT-042.a(LED_RED.o)
 .text.LED_RED_ReadDataReg
                0x00000000       0x10 .\CortexM0\ARM_GCC_541\Debug\LIN_Slave_CY8CKIT-042.a(LED_RED.o)
 .text.LED_RED_SetInterruptMode
                0x00000000       0x14 .\CortexM0\ARM_GCC_541\Debug\LIN_Slave_CY8CKIT-042.a(LED_RED.o)
 .text.LED_RED_ClearInterrupt
                0x00000000       0x14 .\CortexM0\ARM_GCC_541\Debug\LIN_Slave_CY8CKIT-042.a(LED_RED.o)
 .text          0x00000000        0x0 .\CortexM0\ARM_GCC_541\Debug\LIN_Slave_CY8CKIT-042.a(LED_GREEN.o)
 .data          0x00000000        0x0 .\CortexM0\ARM_GCC_541\Debug\LIN_Slave_CY8CKIT-042.a(LED_GREEN.o)
 .bss           0x00000000        0x0 .\CortexM0\ARM_GCC_541\Debug\LIN_Slave_CY8CKIT-042.a(LED_GREEN.o)
 .text.LED_GREEN_SetDriveMode
                0x00000000       0x18 .\CortexM0\ARM_GCC_541\Debug\LIN_Slave_CY8CKIT-042.a(LED_GREEN.o)
 .text.LED_GREEN_Read
                0x00000000       0x10 .\CortexM0\ARM_GCC_541\Debug\LIN_Slave_CY8CKIT-042.a(LED_GREEN.o)
 .text.LED_GREEN_ReadDataReg
                0x00000000       0x10 .\CortexM0\ARM_GCC_541\Debug\LIN_Slave_CY8CKIT-042.a(LED_GREEN.o)
 .text.LED_GREEN_SetInterruptMode
                0x00000000       0x14 .\CortexM0\ARM_GCC_541\Debug\LIN_Slave_CY8CKIT-042.a(LED_GREEN.o)
 .text.LED_GREEN_ClearInterrupt
                0x00000000       0x14 .\CortexM0\ARM_GCC_541\Debug\LIN_Slave_CY8CKIT-042.a(LED_GREEN.o)
 .text          0x00000000        0x0 .\CortexM0\ARM_GCC_541\Debug\LIN_Slave_CY8CKIT-042.a(LED_BLUE.o)
 .data          0x00000000        0x0 .\CortexM0\ARM_GCC_541\Debug\LIN_Slave_CY8CKIT-042.a(LED_BLUE.o)
 .bss           0x00000000        0x0 .\CortexM0\ARM_GCC_541\Debug\LIN_Slave_CY8CKIT-042.a(LED_BLUE.o)
 .text.LED_BLUE_SetDriveMode
                0x00000000       0x18 .\CortexM0\ARM_GCC_541\Debug\LIN_Slave_CY8CKIT-042.a(LED_BLUE.o)
 .text.LED_BLUE_Read
                0x00000000       0x10 .\CortexM0\ARM_GCC_541\Debug\LIN_Slave_CY8CKIT-042.a(LED_BLUE.o)
 .text.LED_BLUE_ReadDataReg
                0x00000000       0x10 .\CortexM0\ARM_GCC_541\Debug\LIN_Slave_CY8CKIT-042.a(LED_BLUE.o)
 .text.LED_BLUE_SetInterruptMode
                0x00000000       0x14 .\CortexM0\ARM_GCC_541\Debug\LIN_Slave_CY8CKIT-042.a(LED_BLUE.o)
 .text.LED_BLUE_ClearInterrupt
                0x00000000       0x14 .\CortexM0\ARM_GCC_541\Debug\LIN_Slave_CY8CKIT-042.a(LED_BLUE.o)
 .text          0x00000000        0x0 .\CortexM0\ARM_GCC_541\Debug\LIN_Slave_CY8CKIT-042.a(LINS_ISR.o)
 .data          0x00000000        0x0 .\CortexM0\ARM_GCC_541\Debug\LIN_Slave_CY8CKIT-042.a(LINS_ISR.o)
 .bss           0x00000000        0x0 .\CortexM0\ARM_GCC_541\Debug\LIN_Slave_CY8CKIT-042.a(LINS_ISR.o)
 .text.LINS_ISR_Interrupt
                0x00000000        0x4 .\CortexM0\ARM_GCC_541\Debug\LIN_Slave_CY8CKIT-042.a(LINS_ISR.o)
 .text.LINS_ISR_GetVector
                0x00000000        0xc .\CortexM0\ARM_GCC_541\Debug\LIN_Slave_CY8CKIT-042.a(LINS_ISR.o)
 .text.LINS_ISR_GetPriority
                0x00000000        0xc .\CortexM0\ARM_GCC_541\Debug\LIN_Slave_CY8CKIT-042.a(LINS_ISR.o)
 .text.LINS_ISR_GetState
                0x00000000       0x14 .\CortexM0\ARM_GCC_541\Debug\LIN_Slave_CY8CKIT-042.a(LINS_ISR.o)
 .text.LINS_ISR_Start
                0x00000000       0x1c .\CortexM0\ARM_GCC_541\Debug\LIN_Slave_CY8CKIT-042.a(LINS_ISR.o)
 .text.LINS_ISR_Stop
                0x00000000       0x14 .\CortexM0\ARM_GCC_541\Debug\LIN_Slave_CY8CKIT-042.a(LINS_ISR.o)
 .text.LINS_ISR_SetPending
                0x00000000       0x10 .\CortexM0\ARM_GCC_541\Debug\LIN_Slave_CY8CKIT-042.a(LINS_ISR.o)
 .text          0x00000000        0x0 .\CortexM0\ARM_GCC_541\Debug\LIN_Slave_CY8CKIT-042.a(LINS_IntClk.o)
 .data          0x00000000        0x0 .\CortexM0\ARM_GCC_541\Debug\LIN_Slave_CY8CKIT-042.a(LINS_IntClk.o)
 .bss           0x00000000        0x0 .\CortexM0\ARM_GCC_541\Debug\LIN_Slave_CY8CKIT-042.a(LINS_IntClk.o)
 .text.LINS_IntClk_GetFractionalDividerRegister
                0x00000000        0x4 .\CortexM0\ARM_GCC_541\Debug\LIN_Slave_CY8CKIT-042.a(LINS_IntClk.o)
 .text          0x00000000        0x0 .\CortexM0\ARM_GCC_541\Debug\LIN_Slave_CY8CKIT-042.a(LINS_SCB.o)
 .data          0x00000000        0x0 .\CortexM0\ARM_GCC_541\Debug\LIN_Slave_CY8CKIT-042.a(LINS_SCB.o)
 .text.LINS_SCB_Start
                0x00000000       0x20 .\CortexM0\ARM_GCC_541\Debug\LIN_Slave_CY8CKIT-042.a(LINS_SCB.o)
 .text.LINS_SCB_SetRxFifoLevel
                0x00000000       0x14 .\CortexM0\ARM_GCC_541\Debug\LIN_Slave_CY8CKIT-042.a(LINS_SCB.o)
 .text.LINS_SCB_SetTxFifoLevel
                0x00000000       0x14 .\CortexM0\ARM_GCC_541\Debug\LIN_Slave_CY8CKIT-042.a(LINS_SCB.o)
 .text.LINS_SCB_I2CSlaveNackGeneration
                0x00000000       0x3c .\CortexM0\ARM_GCC_541\Debug\LIN_Slave_CY8CKIT-042.a(LINS_SCB.o)
 .text          0x00000000        0x0 .\CortexM0\ARM_GCC_541\Debug\LIN_Slave_CY8CKIT-042.a(LINS_SCB_SPI_UART.o)
 .data          0x00000000        0x0 .\CortexM0\ARM_GCC_541\Debug\LIN_Slave_CY8CKIT-042.a(LINS_SCB_SPI_UART.o)
 .bss           0x00000000        0x0 .\CortexM0\ARM_GCC_541\Debug\LIN_Slave_CY8CKIT-042.a(LINS_SCB_SPI_UART.o)
 .text.LINS_SCB_SpiUartGetRxBufferSize
                0x00000000       0x10 .\CortexM0\ARM_GCC_541\Debug\LIN_Slave_CY8CKIT-042.a(LINS_SCB_SPI_UART.o)
 .text.LINS_SCB_SpiUartPutArray
                0x00000000       0x18 .\CortexM0\ARM_GCC_541\Debug\LIN_Slave_CY8CKIT-042.a(LINS_SCB_SPI_UART.o)
 .text.LINS_SCB_SpiUartGetTxBufferSize
                0x00000000       0x10 .\CortexM0\ARM_GCC_541\Debug\LIN_Slave_CY8CKIT-042.a(LINS_SCB_SPI_UART.o)
 .text.LINS_SCB_SpiUartDisableIntRx
                0x00000000       0x10 .\CortexM0\ARM_GCC_541\Debug\LIN_Slave_CY8CKIT-042.a(LINS_SCB_SPI_UART.o)
 .text.LINS_SCB_SpiUartDisableIntTx
                0x00000000       0x10 .\CortexM0\ARM_GCC_541\Debug\LIN_Slave_CY8CKIT-042.a(LINS_SCB_SPI_UART.o)
 .text          0x00000000        0x0 .\CortexM0\ARM_GCC_541\Debug\LIN_Slave_CY8CKIT-042.a(LINS_SCB_UART.o)
 .data          0x00000000        0x0 .\CortexM0\ARM_GCC_541\Debug\LIN_Slave_CY8CKIT-042.a(LINS_SCB_UART.o)
 .bss           0x00000000        0x0 .\CortexM0\ARM_GCC_541\Debug\LIN_Slave_CY8CKIT-042.a(LINS_SCB_UART.o)
 .text.LINS_SCB_UartSetRxAddress
                0x00000000       0x14 .\CortexM0\ARM_GCC_541\Debug\LIN_Slave_CY8CKIT-042.a(LINS_SCB_UART.o)
 .text.LINS_SCB_UartSetRxAddressMask
                0x00000000       0x18 .\CortexM0\ARM_GCC_541\Debug\LIN_Slave_CY8CKIT-042.a(LINS_SCB_UART.o)
 .text.LINS_SCB_UartGetChar
                0x00000000       0x2c .\CortexM0\ARM_GCC_541\Debug\LIN_Slave_CY8CKIT-042.a(LINS_SCB_UART.o)
 .text.LINS_SCB_UartGetByte
                0x00000000       0x34 .\CortexM0\ARM_GCC_541\Debug\LIN_Slave_CY8CKIT-042.a(LINS_SCB_UART.o)
 .text.LINS_SCB_UartPutString
                0x00000000       0x18 .\CortexM0\ARM_GCC_541\Debug\LIN_Slave_CY8CKIT-042.a(LINS_SCB_UART.o)
 .text.LINS_SCB_UartPutCRLF
                0x00000000       0x14 .\CortexM0\ARM_GCC_541\Debug\LIN_Slave_CY8CKIT-042.a(LINS_SCB_UART.o)
 .text.LINS_SCB_UartSendBreakBlocking
                0x00000000       0x58 .\CortexM0\ARM_GCC_541\Debug\LIN_Slave_CY8CKIT-042.a(LINS_SCB_UART.o)
 .text          0x00000000        0x0 .\CortexM0\ARM_GCC_541\Debug\LIN_Slave_CY8CKIT-042.a(LIN_Dynamic.o)
 .data          0x00000000        0x0 .\CortexM0\ARM_GCC_541\Debug\LIN_Slave_CY8CKIT-042.a(LIN_Dynamic.o)
 .text.l_flg_tst
                0x00000000        0x8 .\CortexM0\ARM_GCC_541\Debug\LIN_Slave_CY8CKIT-042.a(LIN_Dynamic.o)
 .text.l_flg_clr
                0x00000000        0x8 .\CortexM0\ARM_GCC_541\Debug\LIN_Slave_CY8CKIT-042.a(LIN_Dynamic.o)
 .text.l_u8_rd  0x00000000        0x8 .\CortexM0\ARM_GCC_541\Debug\LIN_Slave_CY8CKIT-042.a(LIN_Dynamic.o)
 .text.l_bool_wr
                0x00000000        0x8 .\CortexM0\ARM_GCC_541\Debug\LIN_Slave_CY8CKIT-042.a(LIN_Dynamic.o)
 .text.l_ifc_wake_up
                0x00000000        0xc .\CortexM0\ARM_GCC_541\Debug\LIN_Slave_CY8CKIT-042.a(LIN_Dynamic.o)
 .text.l_ifc_ioctl
                0x00000000       0x18 .\CortexM0\ARM_GCC_541\Debug\LIN_Slave_CY8CKIT-042.a(LIN_Dynamic.o)
 .text.l_ifc_rx
                0x00000000        0xc .\CortexM0\ARM_GCC_541\Debug\LIN_Slave_CY8CKIT-042.a(LIN_Dynamic.o)
 .text.l_ifc_tx
                0x00000000        0xc .\CortexM0\ARM_GCC_541\Debug\LIN_Slave_CY8CKIT-042.a(LIN_Dynamic.o)
 .text.l_ifc_aux
                0x00000000        0xc .\CortexM0\ARM_GCC_541\Debug\LIN_Slave_CY8CKIT-042.a(LIN_Dynamic.o)
 .text.l_ifc_read_status
                0x00000000       0x10 .\CortexM0\ARM_GCC_541\Debug\LIN_Slave_CY8CKIT-042.a(LIN_Dynamic.o)
 .text.ld_init  0x00000000        0xc .\CortexM0\ARM_GCC_541\Debug\LIN_Slave_CY8CKIT-042.a(LIN_Dynamic.o)
 .text.ld_read_configuration
                0x00000000       0x18 .\CortexM0\ARM_GCC_541\Debug\LIN_Slave_CY8CKIT-042.a(LIN_Dynamic.o)
 .text.ld_set_configuration
                0x00000000       0x18 .\CortexM0\ARM_GCC_541\Debug\LIN_Slave_CY8CKIT-042.a(LIN_Dynamic.o)
 .text.ld_read_by_id_callout
                0x00000000       0x18 .\CortexM0\ARM_GCC_541\Debug\LIN_Slave_CY8CKIT-042.a(LIN_Dynamic.o)
 .text.ld_send_message
                0x00000000       0x14 .\CortexM0\ARM_GCC_541\Debug\LIN_Slave_CY8CKIT-042.a(LIN_Dynamic.o)
 .text.ld_receive_message
                0x00000000       0x14 .\CortexM0\ARM_GCC_541\Debug\LIN_Slave_CY8CKIT-042.a(LIN_Dynamic.o)
 .text.ld_tx_status
                0x00000000       0x10 .\CortexM0\ARM_GCC_541\Debug\LIN_Slave_CY8CKIT-042.a(LIN_Dynamic.o)
 .text.ld_rx_status
                0x00000000       0x10 .\CortexM0\ARM_GCC_541\Debug\LIN_Slave_CY8CKIT-042.a(LIN_Dynamic.o)
 .text.ld_put_raw
                0x00000000        0x4 .\CortexM0\ARM_GCC_541\Debug\LIN_Slave_CY8CKIT-042.a(LIN_Dynamic.o)
 .text.ld_get_raw
                0x00000000        0x4 .\CortexM0\ARM_GCC_541\Debug\LIN_Slave_CY8CKIT-042.a(LIN_Dynamic.o)
 .text.ld_raw_tx_status
                0x00000000        0x4 .\CortexM0\ARM_GCC_541\Debug\LIN_Slave_CY8CKIT-042.a(LIN_Dynamic.o)
 .text.ld_raw_rx_status
                0x00000000        0x4 .\CortexM0\ARM_GCC_541\Debug\LIN_Slave_CY8CKIT-042.a(LIN_Dynamic.o)
 .text          0x00000000        0x0 .\CortexM0\ARM_GCC_541\Debug\LIN_Slave_CY8CKIT-042.a(CyLib.o)
 .text.CySysClkImoStart
                0x00000000       0x14 .\CortexM0\ARM_GCC_541\Debug\LIN_Slave_CY8CKIT-042.a(CyLib.o)
 .text.CySysClkImoStop
                0x00000000       0x10 .\CortexM0\ARM_GCC_541\Debug\LIN_Slave_CY8CKIT-042.a(CyLib.o)
 .text.CySysClkWriteHfclkDirect
                0x00000000       0x20 .\CortexM0\ARM_GCC_541\Debug\LIN_Slave_CY8CKIT-042.a(CyLib.o)
 .text.CySysEnablePumpClock
                0x00000000       0x38 .\CortexM0\ARM_GCC_541\Debug\LIN_Slave_CY8CKIT-042.a(CyLib.o)
 .text.CySysClkGetSysclkSource
                0x00000000       0x1c .\CortexM0\ARM_GCC_541\Debug\LIN_Slave_CY8CKIT-042.a(CyLib.o)
 .text.CySysClkWriteSysclkDiv
                0x00000000       0x30 .\CortexM0\ARM_GCC_541\Debug\LIN_Slave_CY8CKIT-042.a(CyLib.o)
 .text.CySysLvdDisable
                0x00000000       0x20 .\CortexM0\ARM_GCC_541\Debug\LIN_Slave_CY8CKIT-042.a(CyLib.o)
 .text.CySysLvdGetInterruptSource
                0x00000000       0x10 .\CortexM0\ARM_GCC_541\Debug\LIN_Slave_CY8CKIT-042.a(CyLib.o)
 .text.CySysLvdClearInterrupt
                0x00000000        0xc .\CortexM0\ARM_GCC_541\Debug\LIN_Slave_CY8CKIT-042.a(CyLib.o)
 .text.CySysGetResetReason
                0x00000000       0x14 .\CortexM0\ARM_GCC_541\Debug\LIN_Slave_CY8CKIT-042.a(CyLib.o)
 .text.CyDisableInts
                0x00000000       0x10 .\CortexM0\ARM_GCC_541\Debug\LIN_Slave_CY8CKIT-042.a(CyLib.o)
 .text.CyEnableInts
                0x00000000        0xc .\CortexM0\ARM_GCC_541\Debug\LIN_Slave_CY8CKIT-042.a(CyLib.o)
 .text.CyIntGetState
                0x00000000       0x18 .\CortexM0\ARM_GCC_541\Debug\LIN_Slave_CY8CKIT-042.a(CyLib.o)
 .text.CyIntDisable
                0x00000000       0x14 .\CortexM0\ARM_GCC_541\Debug\LIN_Slave_CY8CKIT-042.a(CyLib.o)
 .text.CyIntSetPending
                0x00000000       0x14 .\CortexM0\ARM_GCC_541\Debug\LIN_Slave_CY8CKIT-042.a(CyLib.o)
 .text.CyIntClearPending
                0x00000000       0x14 .\CortexM0\ARM_GCC_541\Debug\LIN_Slave_CY8CKIT-042.a(CyLib.o)
 .text.CyIntGetSysVector
                0x00000000       0x1c .\CortexM0\ARM_GCC_541\Debug\LIN_Slave_CY8CKIT-042.a(CyLib.o)
 .text.CyIntGetVector
                0x00000000       0x20 .\CortexM0\ARM_GCC_541\Debug\LIN_Slave_CY8CKIT-042.a(CyLib.o)
 .text.CyIntSetPriority
                0x00000000       0x4c .\CortexM0\ARM_GCC_541\Debug\LIN_Slave_CY8CKIT-042.a(CyLib.o)
 .text.CyIntGetPriority
                0x00000000       0x2c .\CortexM0\ARM_GCC_541\Debug\LIN_Slave_CY8CKIT-042.a(CyLib.o)
 .text.CySoftwareReset
                0x00000000       0x18 .\CortexM0\ARM_GCC_541\Debug\LIN_Slave_CY8CKIT-042.a(CyLib.o)
 .text.CyDelay  0x00000000       0x30 .\CortexM0\ARM_GCC_541\Debug\LIN_Slave_CY8CKIT-042.a(CyLib.o)
 .text.CySysLvdEnable
                0x00000000       0x44 .\CortexM0\ARM_GCC_541\Debug\LIN_Slave_CY8CKIT-042.a(CyLib.o)
 .text.CyDelayFreq
                0x00000000       0x4c .\CortexM0\ARM_GCC_541\Debug\LIN_Slave_CY8CKIT-042.a(CyLib.o)
 .text.CySysTickStop
                0x00000000       0x10 .\CortexM0\ARM_GCC_541\Debug\LIN_Slave_CY8CKIT-042.a(CyLib.o)
 .text.CySysTickDisableInterrupt
                0x00000000       0x10 .\CortexM0\ARM_GCC_541\Debug\LIN_Slave_CY8CKIT-042.a(CyLib.o)
 .text.CySysTickGetReload
                0x00000000       0x10 .\CortexM0\ARM_GCC_541\Debug\LIN_Slave_CY8CKIT-042.a(CyLib.o)
 .text.CySysTickGetValue
                0x00000000       0x10 .\CortexM0\ARM_GCC_541\Debug\LIN_Slave_CY8CKIT-042.a(CyLib.o)
 .text.CyGetUniqueId
                0x00000000       0x70 .\CortexM0\ARM_GCC_541\Debug\LIN_Slave_CY8CKIT-042.a(CyLib.o)
 .text          0x00000000        0x0 .\CortexM0\ARM_GCC_541\Debug\LIN_Slave_CY8CKIT-042.a(CyLFClk.o)
 .text.CySysClkIloEnabled
                0x00000000       0x14 .\CortexM0\ARM_GCC_541\Debug\LIN_Slave_CY8CKIT-042.a(CyLFClk.o)
 .text.CySysClkIloStart
                0x00000000       0x14 .\CortexM0\ARM_GCC_541\Debug\LIN_Slave_CY8CKIT-042.a(CyLFClk.o)
 .text.CySysClkIloStartMeasurement
                0x00000000       0x34 .\CortexM0\ARM_GCC_541\Debug\LIN_Slave_CY8CKIT-042.a(CyLFClk.o)
 .text.CySysClkIloStopMeasurement
                0x00000000       0x14 .\CortexM0\ARM_GCC_541\Debug\LIN_Slave_CY8CKIT-042.a(CyLFClk.o)
 .text.CySysClkIloCompensate
                0x00000000      0x104 .\CortexM0\ARM_GCC_541\Debug\LIN_Slave_CY8CKIT-042.a(CyLFClk.o)
 .text.CySysWdtGetEnabledStatus
                0x00000000       0x24 .\CortexM0\ARM_GCC_541\Debug\LIN_Slave_CY8CKIT-042.a(CyLFClk.o)
 .text.CySysWdtSetMode
                0x00000000       0x38 .\CortexM0\ARM_GCC_541\Debug\LIN_Slave_CY8CKIT-042.a(CyLFClk.o)
 .text.CySysClkLfclkPosedgeRestore
                0x00000000       0x2c .\CortexM0\ARM_GCC_541\Debug\LIN_Slave_CY8CKIT-042.a(CyLFClk.o)
 .text.CySysWdtGetMode
                0x00000000       0x14 .\CortexM0\ARM_GCC_541\Debug\LIN_Slave_CY8CKIT-042.a(CyLFClk.o)
 .text.CySysWdtSetClearOnMatch
                0x00000000       0x34 .\CortexM0\ARM_GCC_541\Debug\LIN_Slave_CY8CKIT-042.a(CyLFClk.o)
 .text.CySysWdtGetClearOnMatch
                0x00000000       0x24 .\CortexM0\ARM_GCC_541\Debug\LIN_Slave_CY8CKIT-042.a(CyLFClk.o)
 .text.CySysWdtEnable
                0x00000000       0x40 .\CortexM0\ARM_GCC_541\Debug\LIN_Slave_CY8CKIT-042.a(CyLFClk.o)
 .text.CySysWdtDisable
                0x00000000       0x44 .\CortexM0\ARM_GCC_541\Debug\LIN_Slave_CY8CKIT-042.a(CyLFClk.o)
 .text.CySysWdtSetCascade
                0x00000000       0x34 .\CortexM0\ARM_GCC_541\Debug\LIN_Slave_CY8CKIT-042.a(CyLFClk.o)
 .text.CySysWdtGetCascade
                0x00000000       0x14 .\CortexM0\ARM_GCC_541\Debug\LIN_Slave_CY8CKIT-042.a(CyLFClk.o)
 .text.CySysWdtSetMatch
                0x00000000       0x38 .\CortexM0\ARM_GCC_541\Debug\LIN_Slave_CY8CKIT-042.a(CyLFClk.o)
 .text.CySysWdtSetToggleBit
                0x00000000       0x30 .\CortexM0\ARM_GCC_541\Debug\LIN_Slave_CY8CKIT-042.a(CyLFClk.o)
 .text.CySysWdtGetToggleBit
                0x00000000       0x10 .\CortexM0\ARM_GCC_541\Debug\LIN_Slave_CY8CKIT-042.a(CyLFClk.o)
 .text.CySysWdtGetMatch
                0x00000000       0x20 .\CortexM0\ARM_GCC_541\Debug\LIN_Slave_CY8CKIT-042.a(CyLFClk.o)
 .text.CySysWdtGetCount
                0x00000000       0x3c .\CortexM0\ARM_GCC_541\Debug\LIN_Slave_CY8CKIT-042.a(CyLFClk.o)
 .text.CySysClkLfclkPosedgeCatch
                0x00000000       0x74 .\CortexM0\ARM_GCC_541\Debug\LIN_Slave_CY8CKIT-042.a(CyLFClk.o)
 .text.CySysClkIloStop
                0x00000000       0x38 .\CortexM0\ARM_GCC_541\Debug\LIN_Slave_CY8CKIT-042.a(CyLFClk.o)
 .text.CySysWdtGetInterruptSource
                0x00000000       0x14 .\CortexM0\ARM_GCC_541\Debug\LIN_Slave_CY8CKIT-042.a(CyLFClk.o)
 .text.CySysWdtResetCounters
                0x00000000       0x20 .\CortexM0\ARM_GCC_541\Debug\LIN_Slave_CY8CKIT-042.a(CyLFClk.o)
 .text.CySysWdtSetInterruptCallback
                0x00000000       0x20 .\CortexM0\ARM_GCC_541\Debug\LIN_Slave_CY8CKIT-042.a(CyLFClk.o)
 .text.CySysWdtGetInterruptCallback
                0x00000000       0x20 .\CortexM0\ARM_GCC_541\Debug\LIN_Slave_CY8CKIT-042.a(CyLFClk.o)
 .text.CySysWdtEnableCounterIsr
                0x00000000       0x34 .\CortexM0\ARM_GCC_541\Debug\LIN_Slave_CY8CKIT-042.a(CyLFClk.o)
 .text.CySysWdtDisableCounterIsr
                0x00000000       0x28 .\CortexM0\ARM_GCC_541\Debug\LIN_Slave_CY8CKIT-042.a(CyLFClk.o)
 .text.CySysWatchdogFeed
                0x00000000       0x60 .\CortexM0\ARM_GCC_541\Debug\LIN_Slave_CY8CKIT-042.a(CyLFClk.o)
 .text.CySysTimerDelayUntilMatch
                0x00000000       0x6c .\CortexM0\ARM_GCC_541\Debug\LIN_Slave_CY8CKIT-042.a(CyLFClk.o)
 .text.CySysTimerDelay
                0x00000000       0x3c .\CortexM0\ARM_GCC_541\Debug\LIN_Slave_CY8CKIT-042.a(CyLFClk.o)
 .rodata        0x00000000        0xc .\CortexM0\ARM_GCC_541\Debug\LIN_Slave_CY8CKIT-042.a(CyLFClk.o)
 .data          0x00000000        0x0 .\CortexM0\ARM_GCC_541\Debug\LIN_Slave_CY8CKIT-042.a(CyBootAsmGnu.o)
 .bss           0x00000000        0x0 .\CortexM0\ARM_GCC_541\Debug\LIN_Slave_CY8CKIT-042.a(CyBootAsmGnu.o)
 .data          0x00000000        0x0 c:/program files (x86)/cypress/psoc creator/4.2/psoc creator/import/gnu/arm/5.4.1/bin/../lib/gcc/arm-none-eabi/5.4.1/armv6-m\libgcc.a(_udivsi3.o)
 .bss           0x00000000        0x0 c:/program files (x86)/cypress/psoc creator/4.2/psoc creator/import/gnu/arm/5.4.1/bin/../lib/gcc/arm-none-eabi/5.4.1/armv6-m\libgcc.a(_udivsi3.o)
 .data          0x00000000        0x0 c:/program files (x86)/cypress/psoc creator/4.2/psoc creator/import/gnu/arm/5.4.1/bin/../lib/gcc/arm-none-eabi/5.4.1/armv6-m\libgcc.a(_dvmd_tls.o)
 .bss           0x00000000        0x0 c:/program files (x86)/cypress/psoc creator/4.2/psoc creator/import/gnu/arm/5.4.1/bin/../lib/gcc/arm-none-eabi/5.4.1/armv6-m\libgcc.a(_dvmd_tls.o)
 .text          0x00000000        0x0 c:/program files (x86)/cypress/psoc creator/4.2/psoc creator/import/gnu/arm/5.4.1/bin/../lib/gcc/arm-none-eabi/5.4.1/../../../../arm-none-eabi/lib/armv6-m\libg_nano.a(lib_a-errno.o)
 .data          0x00000000        0x0 c:/program files (x86)/cypress/psoc creator/4.2/psoc creator/import/gnu/arm/5.4.1/bin/../lib/gcc/arm-none-eabi/5.4.1/../../../../arm-none-eabi/lib/armv6-m\libg_nano.a(lib_a-errno.o)
 .bss           0x00000000        0x0 c:/program files (x86)/cypress/psoc creator/4.2/psoc creator/import/gnu/arm/5.4.1/bin/../lib/gcc/arm-none-eabi/5.4.1/../../../../arm-none-eabi/lib/armv6-m\libg_nano.a(lib_a-errno.o)
 .text          0x00000000        0x0 c:/program files (x86)/cypress/psoc creator/4.2/psoc creator/import/gnu/arm/5.4.1/bin/../lib/gcc/arm-none-eabi/5.4.1/../../../../arm-none-eabi/lib/armv6-m\libg_nano.a(lib_a-exit.o)
 .data          0x00000000        0x0 c:/program files (x86)/cypress/psoc creator/4.2/psoc creator/import/gnu/arm/5.4.1/bin/../lib/gcc/arm-none-eabi/5.4.1/../../../../arm-none-eabi/lib/armv6-m\libg_nano.a(lib_a-exit.o)
 .bss           0x00000000        0x0 c:/program files (x86)/cypress/psoc creator/4.2/psoc creator/import/gnu/arm/5.4.1/bin/../lib/gcc/arm-none-eabi/5.4.1/../../../../arm-none-eabi/lib/armv6-m\libg_nano.a(lib_a-exit.o)
 .text.exit     0x00000000       0x2c c:/program files (x86)/cypress/psoc creator/4.2/psoc creator/import/gnu/arm/5.4.1/bin/../lib/gcc/arm-none-eabi/5.4.1/../../../../arm-none-eabi/lib/armv6-m\libg_nano.a(lib_a-exit.o)
 .text          0x00000000        0x0 c:/program files (x86)/cypress/psoc creator/4.2/psoc creator/import/gnu/arm/5.4.1/bin/../lib/gcc/arm-none-eabi/5.4.1/../../../../arm-none-eabi/lib/armv6-m\libg_nano.a(lib_a-impure.o)
 .data          0x00000000        0x0 c:/program files (x86)/cypress/psoc creator/4.2/psoc creator/import/gnu/arm/5.4.1/bin/../lib/gcc/arm-none-eabi/5.4.1/../../../../arm-none-eabi/lib/armv6-m\libg_nano.a(lib_a-impure.o)
 .bss           0x00000000        0x0 c:/program files (x86)/cypress/psoc creator/4.2/psoc creator/import/gnu/arm/5.4.1/bin/../lib/gcc/arm-none-eabi/5.4.1/../../../../arm-none-eabi/lib/armv6-m\libg_nano.a(lib_a-impure.o)
 .rodata._global_impure_ptr
                0x00000000        0x4 c:/program files (x86)/cypress/psoc creator/4.2/psoc creator/import/gnu/arm/5.4.1/bin/../lib/gcc/arm-none-eabi/5.4.1/../../../../arm-none-eabi/lib/armv6-m\libg_nano.a(lib_a-impure.o)
 .text          0x00000000        0x0 c:/program files (x86)/cypress/psoc creator/4.2/psoc creator/import/gnu/arm/5.4.1/bin/../lib/gcc/arm-none-eabi/5.4.1/../../../../arm-none-eabi/lib/armv6-m\libg_nano.a(lib_a-init.o)
 .data          0x00000000        0x0 c:/program files (x86)/cypress/psoc creator/4.2/psoc creator/import/gnu/arm/5.4.1/bin/../lib/gcc/arm-none-eabi/5.4.1/../../../../arm-none-eabi/lib/armv6-m\libg_nano.a(lib_a-init.o)
 .bss           0x00000000        0x0 c:/program files (x86)/cypress/psoc creator/4.2/psoc creator/import/gnu/arm/5.4.1/bin/../lib/gcc/arm-none-eabi/5.4.1/../../../../arm-none-eabi/lib/armv6-m\libg_nano.a(lib_a-init.o)
 .text          0x00000000        0x0 c:/program files (x86)/cypress/psoc creator/4.2/psoc creator/import/gnu/arm/5.4.1/bin/../lib/gcc/arm-none-eabi/5.4.1/../../../../arm-none-eabi/lib/armv6-m\libg_nano.a(lib_a-memset.o)
 .data          0x00000000        0x0 c:/program files (x86)/cypress/psoc creator/4.2/psoc creator/import/gnu/arm/5.4.1/bin/../lib/gcc/arm-none-eabi/5.4.1/../../../../arm-none-eabi/lib/armv6-m\libg_nano.a(lib_a-memset.o)
 .bss           0x00000000        0x0 c:/program files (x86)/cypress/psoc creator/4.2/psoc creator/import/gnu/arm/5.4.1/bin/../lib/gcc/arm-none-eabi/5.4.1/../../../../arm-none-eabi/lib/armv6-m\libg_nano.a(lib_a-memset.o)
 .text          0x00000000        0x0 c:/program files (x86)/cypress/psoc creator/4.2/psoc creator/import/gnu/arm/5.4.1/bin/../lib/gcc/arm-none-eabi/5.4.1/armv6-m/crtend.o
 .data          0x00000000        0x0 c:/program files (x86)/cypress/psoc creator/4.2/psoc creator/import/gnu/arm/5.4.1/bin/../lib/gcc/arm-none-eabi/5.4.1/armv6-m/crtend.o
 .bss           0x00000000        0x0 c:/program files (x86)/cypress/psoc creator/4.2/psoc creator/import/gnu/arm/5.4.1/bin/../lib/gcc/arm-none-eabi/5.4.1/armv6-m/crtend.o
 .text          0x00000000        0x0 c:/program files (x86)/cypress/psoc creator/4.2/psoc creator/import/gnu/arm/5.4.1/bin/../lib/gcc/arm-none-eabi/5.4.1/armv6-m/crtn.o
 .data          0x00000000        0x0 c:/program files (x86)/cypress/psoc creator/4.2/psoc creator/import/gnu/arm/5.4.1/bin/../lib/gcc/arm-none-eabi/5.4.1/armv6-m/crtn.o
 .bss           0x00000000        0x0 c:/program files (x86)/cypress/psoc creator/4.2/psoc creator/import/gnu/arm/5.4.1/bin/../lib/gcc/arm-none-eabi/5.4.1/armv6-m/crtn.o

Memory Configuration

Name             Origin             Length             Attributes
rom              0x00000000         0x00008000         xr
ram              0x20000000         0x00001000         xrw
*default*        0x00000000         0xffffffff

Linker script and memory map

LOAD c:/program files (x86)/cypress/psoc creator/4.2/psoc creator/import/gnu/arm/5.4.1/bin/../lib/gcc/arm-none-eabi/5.4.1/armv6-m/crti.o
LOAD c:/program files (x86)/cypress/psoc creator/4.2/psoc creator/import/gnu/arm/5.4.1/bin/../lib/gcc/arm-none-eabi/5.4.1/armv6-m/crtbegin.o
LOAD c:/program files (x86)/cypress/psoc creator/4.2/psoc creator/import/gnu/arm/5.4.1/bin/../lib/gcc/arm-none-eabi/5.4.1/../../../../arm-none-eabi/lib/armv6-m/crt0.o
START GROUP
LOAD .\CortexM0\ARM_GCC_541\Debug\main.o
LOAD .\CortexM0\ARM_GCC_541\Debug\cyfitter_cfg.o
LOAD .\CortexM0\ARM_GCC_541\Debug\cymetadata.o
LOAD .\CortexM0\ARM_GCC_541\Debug\Cm0Start.o
LOAD .\CortexM0\ARM_GCC_541\Debug\LIN_Slave_CY8CKIT-042.a
END GROUP
START GROUP
LOAD c:/program files (x86)/cypress/psoc creator/4.2/psoc creator/import/gnu/arm/5.4.1/bin/../lib/gcc/arm-none-eabi/5.4.1/armv6-m\libgcc.a
LOAD c:/program files (x86)/cypress/psoc creator/4.2/psoc creator/import/gnu/arm/5.4.1/bin/../lib/gcc/arm-none-eabi/5.4.1/../../../../arm-none-eabi/lib/armv6-m\libg_nano.a
LOAD c:/program files (x86)/cypress/psoc creator/4.2/psoc creator/import/gnu/arm/5.4.1/bin/../lib/gcc/arm-none-eabi/5.4.1/../../../../arm-none-eabi/lib/armv6-m\libc_nano.a
END GROUP
START GROUP
LOAD c:/program files (x86)/cypress/psoc creator/4.2/psoc creator/import/gnu/arm/5.4.1/bin/../lib/gcc/arm-none-eabi/5.4.1/armv6-m\libgcc.a
LOAD c:/program files (x86)/cypress/psoc creator/4.2/psoc creator/import/gnu/arm/5.4.1/bin/../lib/gcc/arm-none-eabi/5.4.1/../../../../arm-none-eabi/lib/armv6-m\libc_nano.a
END GROUP
LOAD c:/program files (x86)/cypress/psoc creator/4.2/psoc creator/import/gnu/arm/5.4.1/bin/../lib/gcc/arm-none-eabi/5.4.1/armv6-m/crtend.o
LOAD c:/program files (x86)/cypress/psoc creator/4.2/psoc creator/import/gnu/arm/5.4.1/bin/../lib/gcc/arm-none-eabi/5.4.1/armv6-m/crtn.o
START GROUP
LOAD c:/program files (x86)/cypress/psoc creator/4.2/psoc creator/import/gnu/arm/5.4.1/bin/../lib/gcc/arm-none-eabi/5.4.1/armv6-m\libgcc.a
LOAD c:/program files (x86)/cypress/psoc creator/4.2/psoc creator/import/gnu/arm/5.4.1/bin/../lib/gcc/arm-none-eabi/5.4.1/../../../../arm-none-eabi/lib/armv6-m\libc.a
LOAD c:/program files (x86)/cypress/psoc creator/4.2/psoc creator/import/gnu/arm/5.4.1/bin/../lib/gcc/arm-none-eabi/5.4.1/../../../../arm-none-eabi/lib/armv6-m\libnosys.a
END GROUP
                0x00000000                CY_APPL_ORIGIN = 0x0
                0x00000080                CY_FLASH_ROW_SIZE = 0x80
                0x00000001                CY_APPL_NUM = 0x1
                0x00000001                CY_APPL_MAX = 0x1
                0x00000040                CY_METADATA_SIZE = 0x40
                0x00000000                CY_APPL_LOADABLE = 0x0
                0x00000000                CY_CHECKSUM_EXCLUDE_SIZE = ALIGN (0x0, CY_FLASH_ROW_SIZE)
                0x00000000                CY_APP_FOR_STACK_AND_COPIER = 0x0
                [!provide]                PROVIDE (__cy_heap_start, _end)
                0x00000001                PROVIDE (__cy_region_num, ((__cy_regions_end - __cy_regions) / 0x10))
                0x20001000                PROVIDE (__cy_stack, (ORIGIN (ram) + LENGTH (ram)))
                [!provide]                PROVIDE (__cy_heap_end, (__cy_stack - 0x800))

.cybootloader   0x00000000        0x0
 *(.cybootloader)
                0x00000000                appl1_start = CY_APPL_ORIGIN?CY_APPL_ORIGIN:ALIGN (CY_FLASH_ROW_SIZE)
                0x00003f80                appl2_start = (appl1_start + ALIGN ((((LENGTH (rom) - appl1_start) - (0x2 * CY_FLASH_ROW_SIZE)) / 0x2), CY_FLASH_ROW_SIZE))
                0x00000000                appl_start = (CY_APPL_NUM == 0x1)?appl1_start:appl2_start
                0x00000001                cy_project_type_bootloader = (appl_start == 0x0)?0x1:0x0
                0x00000000                cy_project_type_app_for_stack_and_copier = (CY_APP_FOR_STACK_AND_COPIER == 0x1)?0x1:0x0

.text           0x00000000     0x2274
 CREATE_OBJECT_SYMBOLS
                0x00000000                PROVIDE (__cy_interrupt_vector, RomVectors)
 *(.romvectors)
 .romvectors    0x00000000       0x10 .\CortexM0\ARM_GCC_541\Debug\Cm0Start.o
                0x00000000                RomVectors
                0x00000001                ASSERT ((. != __cy_interrupt_vector), No interrupt vector)
                0x00000001                ASSERT (CY_APPL_ORIGIN?(SIZEOF (.cybootloader) <= CY_APPL_ORIGIN):0x1, Wrong image location)
                0x00000010                PROVIDE (__cy_reset, Reset)
 *(.text.Reset)
 .text.Reset    0x00000010        0x8 .\CortexM0\ARM_GCC_541\Debug\Cm0Start.o
                0x00000010                Reset
                0x00000001                ASSERT ((. != __cy_reset), No reset code)
 *(.psocinit)
 .psocinit      0x00000018      0x158 .\CortexM0\ARM_GCC_541\Debug\cyfitter_cfg.o
                0x00000084                cyfitter_cfg
                0x00000170                . = MAX (., 0x100)
 *(.text .text.* .gnu.linkonce.t.*)
 .text          0x00000170       0x60 c:/program files (x86)/cypress/psoc creator/4.2/psoc creator/import/gnu/arm/5.4.1/bin/../lib/gcc/arm-none-eabi/5.4.1/armv6-m/crtbegin.o
 .text.main     0x000001d0       0xbc .\CortexM0\ARM_GCC_541\Debug\main.o
                0x000001d0                main
 .text.cfg_write_bytes32
                0x0000028c       0x34 .\CortexM0\ARM_GCC_541\Debug\cyfitter_cfg.o
 .text.CYMEMZERO
                0x000002c0        0xc .\CortexM0\ARM_GCC_541\Debug\cyfitter_cfg.o
 .text.IntDefaultHandler
                0x000002cc       0x10 .\CortexM0\ARM_GCC_541\Debug\Cm0Start.o
                0x000002cc                IntDefaultHandler
 .text.Start_c  0x000002dc       0x48 .\CortexM0\ARM_GCC_541\Debug\Cm0Start.o
                0x000002dc                Start_c
 .text.initialize_psoc
                0x00000324       0x40 .\CortexM0\ARM_GCC_541\Debug\Cm0Start.o
                0x00000324                initialize_psoc
 .text.LINS_FindPidIndex
                0x00000364       0x20 .\CortexM0\ARM_GCC_541\Debug\LIN_Slave_CY8CKIT-042.a(LINS.o)
 .text.LINS_SetAssociatedFlags
                0x00000384       0x28 .\CortexM0\ARM_GCC_541\Debug\LIN_Slave_CY8CKIT-042.a(LINS.o)
 .text.LINS_GetEtFlagValue
                0x000003ac        0x4 .\CortexM0\ARM_GCC_541\Debug\LIN_Slave_CY8CKIT-042.a(LINS.o)
 .text.LINS_LinProductId
                0x000003b0       0x50 .\CortexM0\ARM_GCC_541\Debug\LIN_Slave_CY8CKIT-042.a(LINS.o)
 .text.LINS_TransmitTLFrame
                0x00000400       0x38 .\CortexM0\ARM_GCC_541\Debug\LIN_Slave_CY8CKIT-042.a(LINS.o)
 .text.LINS_ClrRxBuffer
                0x00000438       0x6c .\CortexM0\ARM_GCC_541\Debug\LIN_Slave_CY8CKIT-042.a(LINS.o)
 .text.LINS_ClrTxBuffer
                0x000004a4       0x64 .\CortexM0\ARM_GCC_541\Debug\LIN_Slave_CY8CKIT-042.a(LINS.o)
 .text.LINS_EndFrame
                0x00000508       0xac .\CortexM0\ARM_GCC_541\Debug\LIN_Slave_CY8CKIT-042.a(LINS.o)
 .text.l_u8_rd_InSig
                0x000005b4       0x10 .\CortexM0\ARM_GCC_541\Debug\LIN_Slave_CY8CKIT-042.a(LINS.o)
                0x000005b4                l_u8_rd_InSig
 .text.l_u8_wr_OutSig
                0x000005c4       0x24 .\CortexM0\ARM_GCC_541\Debug\LIN_Slave_CY8CKIT-042.a(LINS.o)
                0x000005c4                l_u8_wr_OutSig
 .text.l_u8_wr_OutArraySig
                0x000005e8        0xc .\CortexM0\ARM_GCC_541\Debug\LIN_Slave_CY8CKIT-042.a(LINS.o)
                0x000005e8                l_u8_wr_OutArraySig
 .text.l_u8_wr_LINS
                0x000005f4       0x1c .\CortexM0\ARM_GCC_541\Debug\LIN_Slave_CY8CKIT-042.a(LINS.o)
                0x000005f4                l_u8_wr_LINS
 .text.l_flg_tst_MRF
                0x00000610       0x14 .\CortexM0\ARM_GCC_541\Debug\LIN_Slave_CY8CKIT-042.a(LINS.o)
                0x00000610                l_flg_tst_MRF
 .text.l_flg_tst_SRF
                0x00000624       0x14 .\CortexM0\ARM_GCC_541\Debug\LIN_Slave_CY8CKIT-042.a(LINS.o)
                0x00000624                l_flg_tst_SRF
 .text.l_flg_tst_InSig
                0x00000638       0x14 .\CortexM0\ARM_GCC_541\Debug\LIN_Slave_CY8CKIT-042.a(LINS.o)
                0x00000638                l_flg_tst_InSig
 .text.l_flg_tst_InArraySig
                0x0000064c       0x14 .\CortexM0\ARM_GCC_541\Debug\LIN_Slave_CY8CKIT-042.a(LINS.o)
                0x0000064c                l_flg_tst_InArraySig
 .text.l_flg_tst_OutSig
                0x00000660       0x14 .\CortexM0\ARM_GCC_541\Debug\LIN_Slave_CY8CKIT-042.a(LINS.o)
                0x00000660                l_flg_tst_OutSig
 .text.l_flg_tst_OutArraySig
                0x00000674       0x14 .\CortexM0\ARM_GCC_541\Debug\LIN_Slave_CY8CKIT-042.a(LINS.o)
                0x00000674                l_flg_tst_OutArraySig
 .text.l_flg_tst_InFrame
                0x00000688       0x14 .\CortexM0\ARM_GCC_541\Debug\LIN_Slave_CY8CKIT-042.a(LINS.o)
                0x00000688                l_flg_tst_InFrame
 .text.l_flg_tst_OutFrame
                0x0000069c       0x18 .\CortexM0\ARM_GCC_541\Debug\LIN_Slave_CY8CKIT-042.a(LINS.o)
                0x0000069c                l_flg_tst_OutFrame
 .text.l_flg_tst_LINS
                0x000006b4       0x48 .\CortexM0\ARM_GCC_541\Debug\LIN_Slave_CY8CKIT-042.a(LINS.o)
                0x000006b4                l_flg_tst_LINS
 .text.l_flg_clr_MRF
                0x000006fc       0x10 .\CortexM0\ARM_GCC_541\Debug\LIN_Slave_CY8CKIT-042.a(LINS.o)
                0x000006fc                l_flg_clr_MRF
 .text.l_flg_clr_SRF
                0x0000070c       0x10 .\CortexM0\ARM_GCC_541\Debug\LIN_Slave_CY8CKIT-042.a(LINS.o)
                0x0000070c                l_flg_clr_SRF
 .text.l_flg_clr_InSig
                0x0000071c       0x10 .\CortexM0\ARM_GCC_541\Debug\LIN_Slave_CY8CKIT-042.a(LINS.o)
                0x0000071c                l_flg_clr_InSig
 .text.l_flg_clr_InArraySig
                0x0000072c       0x10 .\CortexM0\ARM_GCC_541\Debug\LIN_Slave_CY8CKIT-042.a(LINS.o)
                0x0000072c                l_flg_clr_InArraySig
 .text.l_flg_clr_OutSig
                0x0000073c       0x10 .\CortexM0\ARM_GCC_541\Debug\LIN_Slave_CY8CKIT-042.a(LINS.o)
                0x0000073c                l_flg_clr_OutSig
 .text.l_flg_clr_OutArraySig
                0x0000074c       0x10 .\CortexM0\ARM_GCC_541\Debug\LIN_Slave_CY8CKIT-042.a(LINS.o)
                0x0000074c                l_flg_clr_OutArraySig
 .text.l_flg_clr_InFrame
                0x0000075c       0x10 .\CortexM0\ARM_GCC_541\Debug\LIN_Slave_CY8CKIT-042.a(LINS.o)
                0x0000075c                l_flg_clr_InFrame
 .text.l_flg_clr_OutFrame
                0x0000076c       0x10 .\CortexM0\ARM_GCC_541\Debug\LIN_Slave_CY8CKIT-042.a(LINS.o)
                0x0000076c                l_flg_clr_OutFrame
 .text.l_flg_clr_LINS
                0x0000077c       0x44 .\CortexM0\ARM_GCC_541\Debug\LIN_Slave_CY8CKIT-042.a(LINS.o)
                0x0000077c                l_flg_clr_LINS
 .text.ld_read_by_id_callout_LINS
                0x000007c0        0x4 .\CortexM0\ARM_GCC_541\Debug\LIN_Slave_CY8CKIT-042.a(LINS.o)
                0x000007c0                ld_read_by_id_callout_LINS
 .text.LINS_ProcessMrf
                0x000007c4      0x45c .\CortexM0\ARM_GCC_541\Debug\LIN_Slave_CY8CKIT-042.a(LINS.o)
 .text.LINS_CheckNodeState
                0x00000c20      0x170 .\CortexM0\ARM_GCC_541\Debug\LIN_Slave_CY8CKIT-042.a(LINS.o)
 .text.l_ifc_rx_LINS
                0x00000d90      0x974 .\CortexM0\ARM_GCC_541\Debug\LIN_Slave_CY8CKIT-042.a(LINS.o)
                0x00000d90                l_ifc_rx_LINS
 .text.l_ifc_aux_LINS
                0x00001704       0x78 .\CortexM0\ARM_GCC_541\Debug\LIN_Slave_CY8CKIT-042.a(LINS.o)
                0x00001704                l_ifc_aux_LINS
 .text.LINS_TimerEnableInt
                0x0000177c       0x68 .\CortexM0\ARM_GCC_541\Debug\LIN_Slave_CY8CKIT-042.a(LINS.o)
                0x0000177c                LINS_TimerEnableInt
 .text.l_ifc_init_LINS
                0x000017e4       0xb0 .\CortexM0\ARM_GCC_541\Debug\LIN_Slave_CY8CKIT-042.a(LINS.o)
                0x000017e4                l_ifc_init_LINS
 .text.l_ifc_ioctl_LINS
                0x00001894      0x124 .\CortexM0\ARM_GCC_541\Debug\LIN_Slave_CY8CKIT-042.a(LINS.o)
                0x00001894                l_ifc_ioctl_LINS
 .text.LINS_UART_ISR
                0x000019b8        0x8 .\CortexM0\ARM_GCC_541\Debug\LIN_Slave_CY8CKIT-042.a(LINS_INT.o)
                0x000019b8                LINS_UART_ISR
 .text.LED_RED_Write
                0x000019c0       0x18 .\CortexM0\ARM_GCC_541\Debug\LIN_Slave_CY8CKIT-042.a(LED_RED.o)
                0x000019c0                LED_RED_Write
 .text.LED_GREEN_Write
                0x000019d8       0x18 .\CortexM0\ARM_GCC_541\Debug\LIN_Slave_CY8CKIT-042.a(LED_GREEN.o)
                0x000019d8                LED_GREEN_Write
 .text.LED_BLUE_Write
                0x000019f0       0x18 .\CortexM0\ARM_GCC_541\Debug\LIN_Slave_CY8CKIT-042.a(LED_BLUE.o)
                0x000019f0                LED_BLUE_Write
 .text.LINS_ISR_SetVector
                0x00001a08        0xc .\CortexM0\ARM_GCC_541\Debug\LIN_Slave_CY8CKIT-042.a(LINS_ISR.o)
                0x00001a08                LINS_ISR_SetVector
 .text.LINS_ISR_SetPriority
                0x00001a14       0x20 .\CortexM0\ARM_GCC_541\Debug\LIN_Slave_CY8CKIT-042.a(LINS_ISR.o)
                0x00001a14                LINS_ISR_SetPriority
 .text.LINS_ISR_Enable
                0x00001a34       0x10 .\CortexM0\ARM_GCC_541\Debug\LIN_Slave_CY8CKIT-042.a(LINS_ISR.o)
                0x00001a34                LINS_ISR_Enable
 .text.LINS_ISR_Disable
                0x00001a44       0x10 .\CortexM0\ARM_GCC_541\Debug\LIN_Slave_CY8CKIT-042.a(LINS_ISR.o)
                0x00001a44                LINS_ISR_Disable
 .text.LINS_ISR_StartEx
                0x00001a54       0x1c .\CortexM0\ARM_GCC_541\Debug\LIN_Slave_CY8CKIT-042.a(LINS_ISR.o)
                0x00001a54                LINS_ISR_StartEx
 .text.LINS_ISR_ClearPending
                0x00001a70       0x10 .\CortexM0\ARM_GCC_541\Debug\LIN_Slave_CY8CKIT-042.a(LINS_ISR.o)
                0x00001a70                LINS_ISR_ClearPending
 .text.LINS_IntClk_Start
                0x00001a80       0x14 .\CortexM0\ARM_GCC_541\Debug\LIN_Slave_CY8CKIT-042.a(LINS_IntClk.o)
                0x00001a80                LINS_IntClk_Start
 .text.LINS_IntClk_Stop
                0x00001a94       0x10 .\CortexM0\ARM_GCC_541\Debug\LIN_Slave_CY8CKIT-042.a(LINS_IntClk.o)
                0x00001a94                LINS_IntClk_Stop
 .text.LINS_IntClk_SetFractionalDividerRegister
                0x00001aa4       0x14 .\CortexM0\ARM_GCC_541\Debug\LIN_Slave_CY8CKIT-042.a(LINS_IntClk.o)
                0x00001aa4                LINS_IntClk_SetFractionalDividerRegister
 .text.LINS_IntClk_GetDividerRegister
                0x00001ab8        0xc .\CortexM0\ARM_GCC_541\Debug\LIN_Slave_CY8CKIT-042.a(LINS_IntClk.o)
                0x00001ab8                LINS_IntClk_GetDividerRegister
 .text.LINS_SCB_ScbModePostEnable
                0x00001ac4        0x8 .\CortexM0\ARM_GCC_541\Debug\LIN_Slave_CY8CKIT-042.a(LINS_SCB.o)
 .text.LINS_SCB_ScbModeStop
                0x00001acc        0x8 .\CortexM0\ARM_GCC_541\Debug\LIN_Slave_CY8CKIT-042.a(LINS_SCB.o)
 .text.LINS_SCB_Init
                0x00001ad4        0x8 .\CortexM0\ARM_GCC_541\Debug\LIN_Slave_CY8CKIT-042.a(LINS_SCB.o)
                0x00001ad4                LINS_SCB_Init
 .text.LINS_SCB_Enable
                0x00001adc       0x18 .\CortexM0\ARM_GCC_541\Debug\LIN_Slave_CY8CKIT-042.a(LINS_SCB.o)
                0x00001adc                LINS_SCB_Enable
 .text.LINS_SCB_Stop
                0x00001af4       0x20 .\CortexM0\ARM_GCC_541\Debug\LIN_Slave_CY8CKIT-042.a(LINS_SCB.o)
                0x00001af4                LINS_SCB_Stop
 .text.LINS_SCB_SpiUartReadRxData
                0x00001b14        0xc .\CortexM0\ARM_GCC_541\Debug\LIN_Slave_CY8CKIT-042.a(LINS_SCB_SPI_UART.o)
                0x00001b14                LINS_SCB_SpiUartReadRxData
 .text.LINS_SCB_SpiUartClearRxBuffer
                0x00001b20       0x20 .\CortexM0\ARM_GCC_541\Debug\LIN_Slave_CY8CKIT-042.a(LINS_SCB_SPI_UART.o)
                0x00001b20                LINS_SCB_SpiUartClearRxBuffer
 .text.LINS_SCB_SpiUartWriteTxData
                0x00001b40       0x1c .\CortexM0\ARM_GCC_541\Debug\LIN_Slave_CY8CKIT-042.a(LINS_SCB_SPI_UART.o)
                0x00001b40                LINS_SCB_SpiUartWriteTxData
 .text.LINS_SCB_SpiUartClearTxBuffer
                0x00001b5c       0x20 .\CortexM0\ARM_GCC_541\Debug\LIN_Slave_CY8CKIT-042.a(LINS_SCB_SPI_UART.o)
                0x00001b5c                LINS_SCB_SpiUartClearTxBuffer
 .text.LINS_SCB_UartInit
                0x00001b7c       0x9c .\CortexM0\ARM_GCC_541\Debug\LIN_Slave_CY8CKIT-042.a(LINS_SCB_UART.o)
                0x00001b7c                LINS_SCB_UartInit
 .text.LINS_SCB_UartPostEnable
                0x00001c18       0x2c .\CortexM0\ARM_GCC_541\Debug\LIN_Slave_CY8CKIT-042.a(LINS_SCB_UART.o)
                0x00001c18                LINS_SCB_UartPostEnable
 .text.LINS_SCB_UartStop
                0x00001c44       0x2c .\CortexM0\ARM_GCC_541\Debug\LIN_Slave_CY8CKIT-042.a(LINS_SCB_UART.o)
                0x00001c44                LINS_SCB_UartStop
 .text.l_u8_wr  0x00001c70        0x8 .\CortexM0\ARM_GCC_541\Debug\LIN_Slave_CY8CKIT-042.a(LIN_Dynamic.o)
                0x00001c70                l_u8_wr
 .text.l_sys_init
                0x00001c78       0x28 .\CortexM0\ARM_GCC_541\Debug\LIN_Slave_CY8CKIT-042.a(LIN_Dynamic.o)
                0x00001c78                l_sys_init
 .text.l_ifc_init
                0x00001ca0       0x10 .\CortexM0\ARM_GCC_541\Debug\LIN_Slave_CY8CKIT-042.a(LIN_Dynamic.o)
                0x00001ca0                l_ifc_init
 .text.CyIntEnable
                0x00001cb0       0x14 .\CortexM0\ARM_GCC_541\Debug\LIN_Slave_CY8CKIT-042.a(CyLib.o)
                0x00001cb0                CyIntEnable
 .text.CyHalt   0x00001cc4        0x4 .\CortexM0\ARM_GCC_541\Debug\LIN_Slave_CY8CKIT-042.a(CyLib.o)
                0x00001cc4                CyHalt
 .text.CyIntSetSysVector
                0x00001cc8       0x20 .\CortexM0\ARM_GCC_541\Debug\LIN_Slave_CY8CKIT-042.a(CyLib.o)
                0x00001cc8                CyIntSetSysVector
 .text.CyIntSetVector
                0x00001ce8       0x24 .\CortexM0\ARM_GCC_541\Debug\LIN_Slave_CY8CKIT-042.a(CyLib.o)
                0x00001ce8                CyIntSetVector
 .text.CyDelayUs
                0x00001d0c       0x14 .\CortexM0\ARM_GCC_541\Debug\LIN_Slave_CY8CKIT-042.a(CyLib.o)
                0x00001d0c                CyDelayUs
 .text.CySysClkWriteImoFreq
                0x00001d20      0x164 .\CortexM0\ARM_GCC_541\Debug\LIN_Slave_CY8CKIT-042.a(CyLib.o)
                0x00001d20                CySysClkWriteImoFreq
 .text.CySysTickEnableInterrupt
                0x00001e84       0x10 .\CortexM0\ARM_GCC_541\Debug\LIN_Slave_CY8CKIT-042.a(CyLib.o)
                0x00001e84                CySysTickEnableInterrupt
 .text.CySysTickEnable
                0x00001e94       0x18 .\CortexM0\ARM_GCC_541\Debug\LIN_Slave_CY8CKIT-042.a(CyLib.o)
                0x00001e94                CySysTickEnable
 .text.CySysTickSetReload
                0x00001eac       0x10 .\CortexM0\ARM_GCC_541\Debug\LIN_Slave_CY8CKIT-042.a(CyLib.o)
                0x00001eac                CySysTickSetReload
 .text.CySysTickGetCountFlag
                0x00001ebc       0x10 .\CortexM0\ARM_GCC_541\Debug\LIN_Slave_CY8CKIT-042.a(CyLib.o)
                0x00001ebc                CySysTickGetCountFlag
 .text.CySysTickServiceCallbacks
                0x00001ecc       0x28 .\CortexM0\ARM_GCC_541\Debug\LIN_Slave_CY8CKIT-042.a(CyLib.o)
 .text.CySysTickClear
                0x00001ef4        0xc .\CortexM0\ARM_GCC_541\Debug\LIN_Slave_CY8CKIT-042.a(CyLib.o)
                0x00001ef4                CySysTickClear
 .text.CySysTickInit
                0x00001f00       0x40 .\CortexM0\ARM_GCC_541\Debug\LIN_Slave_CY8CKIT-042.a(CyLib.o)
                0x00001f00                CySysTickInit
 .text.CySysTickStart
                0x00001f40       0x20 .\CortexM0\ARM_GCC_541\Debug\LIN_Slave_CY8CKIT-042.a(CyLib.o)
                0x00001f40                CySysTickStart
 .text.CySysTickSetCallback
                0x00001f60       0x10 .\CortexM0\ARM_GCC_541\Debug\LIN_Slave_CY8CKIT-042.a(CyLib.o)
                0x00001f60                CySysTickSetCallback
 .text.CySysTickGetCallback
                0x00001f70        0xc .\CortexM0\ARM_GCC_541\Debug\LIN_Slave_CY8CKIT-042.a(CyLib.o)
                0x00001f70                CySysTickGetCallback
 .text.CySysWdtLocked
                0x00001f7c       0x14 .\CortexM0\ARM_GCC_541\Debug\LIN_Slave_CY8CKIT-042.a(CyLFClk.o)
 .text.CySysWdtLock
                0x00001f90       0x1c .\CortexM0\ARM_GCC_541\Debug\LIN_Slave_CY8CKIT-042.a(CyLFClk.o)
                0x00001f90                CySysWdtLock
 .text.CySysWdtUnlock
                0x00001fac       0x30 .\CortexM0\ARM_GCC_541\Debug\LIN_Slave_CY8CKIT-042.a(CyLFClk.o)
                0x00001fac                CySysWdtUnlock
 .text.CySysWdtClearInterrupt
                0x00001fdc       0x4c .\CortexM0\ARM_GCC_541\Debug\LIN_Slave_CY8CKIT-042.a(CyLFClk.o)
                0x00001fdc                CySysWdtClearInterrupt
 .text.CySysWdtIsr
                0x00002028       0xa4 .\CortexM0\ARM_GCC_541\Debug\LIN_Slave_CY8CKIT-042.a(CyLFClk.o)
                0x00002028                CySysWdtIsr
 *fill*         0x000020cc        0x4 
 .text          0x000020d0       0x24 .\CortexM0\ARM_GCC_541\Debug\LIN_Slave_CY8CKIT-042.a(CyBootAsmGnu.o)
                0x000020d0                CyDelayCycles
                0x000020e4                CyEnterCriticalSection
                0x000020ec                CyExitCriticalSection
 .text          0x000020f4      0x114 c:/program files (x86)/cypress/psoc creator/4.2/psoc creator/import/gnu/arm/5.4.1/bin/../lib/gcc/arm-none-eabi/5.4.1/armv6-m\libgcc.a(_udivsi3.o)
                0x000020f4                __aeabi_uidiv
                0x000020f4                __udivsi3
                0x00002200                __aeabi_uidivmod
 .text          0x00002208        0x4 c:/program files (x86)/cypress/psoc creator/4.2/psoc creator/import/gnu/arm/5.4.1/bin/../lib/gcc/arm-none-eabi/5.4.1/armv6-m\libgcc.a(_dvmd_tls.o)
                0x00002208                __aeabi_idiv0
                0x00002208                __aeabi_ldiv0
 .text.__errno  0x0000220c        0xc c:/program files (x86)/cypress/psoc creator/4.2/psoc creator/import/gnu/arm/5.4.1/bin/../lib/gcc/arm-none-eabi/5.4.1/../../../../arm-none-eabi/lib/armv6-m\libg_nano.a(lib_a-errno.o)
                0x0000220c                __errno
 .text.__libc_init_array
                0x00002218       0x4c c:/program files (x86)/cypress/psoc creator/4.2/psoc creator/import/gnu/arm/5.4.1/bin/../lib/gcc/arm-none-eabi/5.4.1/../../../../arm-none-eabi/lib/armv6-m\libg_nano.a(lib_a-init.o)
                0x00002218                __libc_init_array
 .text.memset   0x00002264       0x10 c:/program files (x86)/cypress/psoc creator/4.2/psoc creator/import/gnu/arm/5.4.1/bin/../lib/gcc/arm-none-eabi/5.4.1/../../../../arm-none-eabi/lib/armv6-m\libg_nano.a(lib_a-memset.o)
                0x00002264                memset
 *(.plt)
 *(.gnu.warning)
 *(.glue_7t)
 .glue_7t       0x00002274        0x0 linker stubs
 *(.glue_7)
 .glue_7        0x00002274        0x0 linker stubs
 *(.vfp11_veneer)
 .vfp11_veneer  0x00002274        0x0 linker stubs
 *(.bootloader)
 *(.ARM.extab* .gnu.linkonce.armextab.*)
 *(.gcc_except_table)

.v4_bx          0x00002274        0x0
 .v4_bx         0x00002274        0x0 linker stubs

.iplt           0x00002274        0x0
 .iplt          0x00002274        0x0 c:/program files (x86)/cypress/psoc creator/4.2/psoc creator/import/gnu/arm/5.4.1/bin/../lib/gcc/arm-none-eabi/5.4.1/armv6-m/crtbegin.o

.eh_frame_hdr
 *(.eh_frame_hdr)

.eh_frame       0x00002274        0x4
 *(.eh_frame)
 .eh_frame      0x00002274        0x0 c:/program files (x86)/cypress/psoc creator/4.2/psoc creator/import/gnu/arm/5.4.1/bin/../lib/gcc/arm-none-eabi/5.4.1/armv6-m/crtbegin.o
 .eh_frame      0x00002274        0x4 c:/program files (x86)/cypress/psoc creator/4.2/psoc creator/import/gnu/arm/5.4.1/bin/../lib/gcc/arm-none-eabi/5.4.1/armv6-m/crtend.o
                [!provide]                PROVIDE (__exidx_start, .)

.ARM.exidx
 *(.ARM.exidx* .gnu.linkonce.armexidx.*)
                0x00002278                __exidx_end = .

.rodata         0x00002278      0x170
 *(.rodata .rodata.* .gnu.linkonce.r.*)
 .rodata        0x00002278       0x34 .\CortexM0\ARM_GCC_541\Debug\cyfitter_cfg.o
 .rodata        0x000022ac       0xd7 .\CortexM0\ARM_GCC_541\Debug\LIN_Slave_CY8CKIT-042.a(LINS.o)
 *fill*         0x00002383        0x1 
 .rodata        0x00002384       0x2e .\CortexM0\ARM_GCC_541\Debug\LIN_Slave_CY8CKIT-042.a(CyLib.o)
                0x00002384                cyImoFreqMhz2Reg
 .rodata.str1.1
                0x000023b2        0x2 c:/program files (x86)/cypress/psoc creator/4.2/psoc creator/import/gnu/arm/5.4.1/bin/../lib/gcc/arm-none-eabi/5.4.1/../../../../arm-none-eabi/lib/armv6-m\libg_nano.a(lib_a-impure.o)
                0x000023b4                . = ALIGN (0x4)
 *(.init)
 .init          0x000023b4        0x4 c:/program files (x86)/cypress/psoc creator/4.2/psoc creator/import/gnu/arm/5.4.1/bin/../lib/gcc/arm-none-eabi/5.4.1/armv6-m/crti.o
                0x000023b4                _init
 .init          0x000023b8        0x8 c:/program files (x86)/cypress/psoc creator/4.2/psoc creator/import/gnu/arm/5.4.1/bin/../lib/gcc/arm-none-eabi/5.4.1/armv6-m/crtn.o
                0x000023c0                . = ALIGN (0x4)
                0x000023c0                __preinit_array_start = .
 *(.preinit_array)
                0x000023c0                __preinit_array_end = .
                0x000023c0                . = ALIGN (0x4)
                0x000023c0                __init_array_start = .
 *(SORT(.init_array.*))
 *(.init_array)
 .init_array    0x000023c0        0x4 c:/program files (x86)/cypress/psoc creator/4.2/psoc creator/import/gnu/arm/5.4.1/bin/../lib/gcc/arm-none-eabi/5.4.1/armv6-m/crtbegin.o
 .init_array    0x000023c4        0x4 .\CortexM0\ARM_GCC_541\Debug\Cm0Start.o
                0x000023c8                __init_array_end = .
                0x000023c8                . = ALIGN (0x4)
 *(.fini)
 .fini          0x000023c8        0x4 c:/program files (x86)/cypress/psoc creator/4.2/psoc creator/import/gnu/arm/5.4.1/bin/../lib/gcc/arm-none-eabi/5.4.1/armv6-m/crti.o
                0x000023c8                _fini
 .fini          0x000023cc        0x8 c:/program files (x86)/cypress/psoc creator/4.2/psoc creator/import/gnu/arm/5.4.1/bin/../lib/gcc/arm-none-eabi/5.4.1/armv6-m/crtn.o
                0x000023d4                . = ALIGN (0x4)
                0x000023d4                __fini_array_start = .
 *(.fini_array)
 .fini_array    0x000023d4        0x4 c:/program files (x86)/cypress/psoc creator/4.2/psoc creator/import/gnu/arm/5.4.1/bin/../lib/gcc/arm-none-eabi/5.4.1/armv6-m/crtbegin.o
 *(SORT(.fini_array.*))
                0x000023d8                __fini_array_end = .
                0x000023d8                . = ALIGN (0x4)
 *crtbegin.o(.ctors)
 *(EXCLUDE_FILE(*crtend.o) .ctors)
 *(SORT(.ctors.*))
 *crtend.o(.ctors)
                0x000023d8                . = ALIGN (0x4)
 *crtbegin.o(.dtors)
 *(EXCLUDE_FILE(*crtend.o) .dtors)
 *(SORT(.dtors.*))
 *crtend.o(.dtors)
                0x000023d8                . = ALIGN (0x4)
                0x000023d8                __cy_regions = .
                0x000023d8        0x4 LONG 0x23e8 __cy_region_init_ram
                0x000023dc        0x4 LONG 0x200000c0 __cy_region_start_data
                0x000023e0        0x4 LONG 0x90 __cy_region_init_size_ram
                0x000023e4        0x4 LONG 0xe0 __cy_region_zero_size_ram
                0x000023e8                __cy_regions_end = .
                0x000023e8                . = ALIGN (0x8)
                0x000023e8                _etext = .

.cy_checksum_exclude
                0x000023e8        0x0
 *(.cy_checksum_exclude)

.ramvectors     0x20000000       0xc0
                0x20000000                __cy_region_start_ram = .
 *(.ramvectors)
 .ramvectors    0x20000000       0xc0 .\CortexM0\ARM_GCC_541\Debug\Cm0Start.o
                0x20000000                CyRamVectors

.noinit
 *(.noinit)

.data           0x200000c0       0x90 load address 0x000023e8
                0x200000c0                __cy_region_start_data = .
 *(.jcr)
 .jcr           0x200000c0        0x0 c:/program files (x86)/cypress/psoc creator/4.2/psoc creator/import/gnu/arm/5.4.1/bin/../lib/gcc/arm-none-eabi/5.4.1/armv6-m/crtbegin.o
 .jcr           0x200000c0        0x4 c:/program files (x86)/cypress/psoc creator/4.2/psoc creator/import/gnu/arm/5.4.1/bin/../lib/gcc/arm-none-eabi/5.4.1/armv6-m/crtend.o
 *(.got.plt)
 *(.got)
 *(.shdata)
 *(.data .data.* .gnu.linkonce.d.*)
 .data          0x200000c4       0x10 .\CortexM0\ARM_GCC_541\Debug\LIN_Slave_CY8CKIT-042.a(LINS.o)
 .data          0x200000d4       0x14 .\CortexM0\ARM_GCC_541\Debug\LIN_Slave_CY8CKIT-042.a(CyLib.o)
                0x200000d4                CySysClkPumpConfig
                0x200000d8                cydelay32kMs
                0x200000dc                cydelayFreqKhz
                0x200000e0                cydelayFreqMhz
                0x200000e4                cydelayFreqHz
 .data          0x200000e8        0x4 .\CortexM0\ARM_GCC_541\Debug\LIN_Slave_CY8CKIT-042.a(CyLFClk.o)
 .data.impure_data
                0x200000ec       0x60 c:/program files (x86)/cypress/psoc creator/4.2/psoc creator/import/gnu/arm/5.4.1/bin/../lib/gcc/arm-none-eabi/5.4.1/../../../../arm-none-eabi/lib/armv6-m\libg_nano.a(lib_a-impure.o)
 .data._impure_ptr
                0x2000014c        0x4 c:/program files (x86)/cypress/psoc creator/4.2/psoc creator/import/gnu/arm/5.4.1/bin/../lib/gcc/arm-none-eabi/5.4.1/../../../../arm-none-eabi/lib/armv6-m\libg_nano.a(lib_a-impure.o)
                0x2000014c                _impure_ptr
                0x20000150                . = ALIGN (0x8)
 *(.ram)
                0x20000150                _edata = .

.igot.plt       0x20000150        0x0 load address 0x00002478
 .igot.plt      0x20000150        0x0 c:/program files (x86)/cypress/psoc creator/4.2/psoc creator/import/gnu/arm/5.4.1/bin/../lib/gcc/arm-none-eabi/5.4.1/armv6-m/crtbegin.o

.bss            0x20000150       0xe0 load address 0x00002478
                0x20000150                PROVIDE (__bss_start__, .)
 *(.shbss)
 *(.bss .bss.* .gnu.linkonce.b.*)
 .bss           0x20000150       0x1c c:/program files (x86)/cypress/psoc creator/4.2/psoc creator/import/gnu/arm/5.4.1/bin/../lib/gcc/arm-none-eabi/5.4.1/armv6-m/crtbegin.o
 .bss           0x2000016c       0x7e .\CortexM0\ARM_GCC_541\Debug\LIN_Slave_CY8CKIT-042.a(LINS.o)
 .bss           0x200001ea        0x4 .\CortexM0\ARM_GCC_541\Debug\LIN_Slave_CY8CKIT-042.a(LINS_SCB.o)
                0x200001ea                LINS_SCB_initVar
                0x200001ec                LINS_SCB_IntrTxMask
 .bss           0x200001ee        0x1 .\CortexM0\ARM_GCC_541\Debug\LIN_Slave_CY8CKIT-042.a(LIN_Dynamic.o)
 *fill*         0x200001ef        0x1 
 .bss           0x200001f0       0x18 .\CortexM0\ARM_GCC_541\Debug\LIN_Slave_CY8CKIT-042.a(CyLib.o)
                0x20000204                CySysTickInitVar
 .bss           0x20000208       0x20 .\CortexM0\ARM_GCC_541\Debug\LIN_Slave_CY8CKIT-042.a(CyLFClk.o)
 *(COMMON)
 COMMON         0x20000228        0x2 .\CortexM0\ARM_GCC_541\Debug\LIN_Slave_CY8CKIT-042.a(LINS.o)
                0x20000228                LINS_initialClockDivider
                0x20000230                . = ALIGN (0x8)
 *fill*         0x2000022a        0x6 
 *(.ram.b)
                0x20000230                _end = .
                0x20000230                __end = .
                0x20000230                PROVIDE (end, .)
                0x20000230                PROVIDE (__bss_end__, .)
                0x000023e8                __cy_region_init_ram = LOADADDR (.data)
                0x00000090                __cy_region_init_size_ram = (_edata - ADDR (.data))
                0x000000e0                __cy_region_zero_size_ram = (_end - _edata)

.heap           0x20000230       0x80 load address 0x00002478
                0x20000230                . = _end
                0x200002b0                . = (. + 0x80)
 *fill*         0x20000230       0x80 
                0x200002b0                __cy_heap_limit = .

.stack          0x20000800      0x800
                0x20000800                __cy_stack_limit = .
                0x20001000                . = (. + 0x800)
 *fill*         0x20000800      0x800 
                0x00000001                ASSERT ((__cy_stack_limit >= __cy_heap_limit), region RAM overflowed with stack)
                0x00000000                cy_checksum_exclude_size = (CY_APPL_LOADABLE == 0x1)?SIZEOF (.cy_checksum_exclude):0x0
                0x00000001                ASSERT ((cy_checksum_exclude_size <= CY_CHECKSUM_EXCLUDE_SIZE), CY_BOOT: Section .cy_checksum_exclude size exceedes specified limit.)
                0x00007fc0                cyloadermeta_start = (cy_project_type_bootloader || cy_project_type_app_for_stack_and_copier)?(LENGTH (rom) - CY_METADATA_SIZE):0xf0000000

.cyloadermeta
 *(.cyloadermeta)
                0x00007fc0                cyloadablemeta_start = cy_project_type_app_for_stack_and_copier?((LENGTH (rom) - CY_FLASH_ROW_SIZE) - CY_METADATA_SIZE):((LENGTH (rom) - (CY_FLASH_ROW_SIZE * (CY_APPL_NUM - 0x1))) - CY_METADATA_SIZE)

.cyloadablemeta
 *(.cyloadablemeta)

.cyflashprotect
                0x90400000       0x20
 *(.cyflashprotect)
 .cyflashprotect
                0x90400000       0x20 .\CortexM0\ARM_GCC_541\Debug\cymetadata.o
                0x90400000                cy_meta_flashprotect

.cymeta         0x90500000        0xc
 *(.cymeta)
 .cymeta        0x90500000        0xc .\CortexM0\ARM_GCC_541\Debug\cymetadata.o
                0x90500000                cy_metadata

.cychipprotect  0x90600000        0x1
 *(.cychipprotect)
 .cychipprotect
                0x90600000        0x1 .\CortexM0\ARM_GCC_541\Debug\cymetadata.o
                0x90600000                cy_meta_chipprotect

.rel.dyn        0x00002478        0x0 load address 0x90600004
 .rel.iplt      0x00002478        0x0 c:/program files (x86)/cypress/psoc creator/4.2/psoc creator/import/gnu/arm/5.4.1/bin/../lib/gcc/arm-none-eabi/5.4.1/armv6-m/crtbegin.o

.stab
 *(.stab)

.stabstr
 *(.stabstr)

.debug
 *(.debug)

.line
 *(.line)

.debug_srcinfo
 *(.debug_srcinfo)

.debug_sfnames
 *(.debug_sfnames)

.debug_aranges  0x00000000      0x920
 *(.debug_aranges)
 .debug_aranges
                0x00000000       0x20 .\CortexM0\ARM_GCC_541\Debug\main.o
 .debug_aranges
                0x00000020       0x38 .\CortexM0\ARM_GCC_541\Debug\cyfitter_cfg.o
 .debug_aranges
                0x00000058       0x18 .\CortexM0\ARM_GCC_541\Debug\cymetadata.o
 .debug_aranges
                0x00000070       0x48 .\CortexM0\ARM_GCC_541\Debug\Cm0Start.o
 .debug_aranges
                0x000000b8      0x1d0 .\CortexM0\ARM_GCC_541\Debug\LIN_Slave_CY8CKIT-042.a(LINS.o)
 .debug_aranges
                0x00000288       0x20 .\CortexM0\ARM_GCC_541\Debug\LIN_Slave_CY8CKIT-042.a(LINS_INT.o)
 .debug_aranges
                0x000002a8       0x48 .\CortexM0\ARM_GCC_541\Debug\LIN_Slave_CY8CKIT-042.a(LED_RED.o)
 .debug_aranges
                0x000002f0       0x48 .\CortexM0\ARM_GCC_541\Debug\LIN_Slave_CY8CKIT-042.a(LED_GREEN.o)
 .debug_aranges
                0x00000338       0x48 .\CortexM0\ARM_GCC_541\Debug\LIN_Slave_CY8CKIT-042.a(LED_BLUE.o)
 .debug_aranges
                0x00000380       0x80 .\CortexM0\ARM_GCC_541\Debug\LIN_Slave_CY8CKIT-042.a(LINS_ISR.o)
 .debug_aranges
                0x00000400       0x40 .\CortexM0\ARM_GCC_541\Debug\LIN_Slave_CY8CKIT-042.a(LINS_IntClk.o)
 .debug_aranges
                0x00000440       0x60 .\CortexM0\ARM_GCC_541\Debug\LIN_Slave_CY8CKIT-042.a(LINS_SCB.o)
 .debug_aranges
                0x000004a0       0x60 .\CortexM0\ARM_GCC_541\Debug\LIN_Slave_CY8CKIT-042.a(LINS_SCB_SPI_UART.o)
 .debug_aranges
                0x00000500       0x68 .\CortexM0\ARM_GCC_541\Debug\LIN_Slave_CY8CKIT-042.a(LINS_SCB_UART.o)
 .debug_aranges
                0x00000568       0xe0 .\CortexM0\ARM_GCC_541\Debug\LIN_Slave_CY8CKIT-042.a(LIN_Dynamic.o)
 .debug_aranges
                0x00000648      0x180 .\CortexM0\ARM_GCC_541\Debug\LIN_Slave_CY8CKIT-042.a(CyLib.o)
 .debug_aranges
                0x000007c8      0x138 .\CortexM0\ARM_GCC_541\Debug\LIN_Slave_CY8CKIT-042.a(CyLFClk.o)
 .debug_aranges
                0x00000900       0x20 .\CortexM0\ARM_GCC_541\Debug\LIN_Slave_CY8CKIT-042.a(CyBootAsmGnu.o)

.debug_pubnames
 *(.debug_pubnames)

.debug_info     0x00000000     0x5700
 *(.debug_info .gnu.linkonce.wi.*)
 .debug_info    0x00000000      0x2ee .\CortexM0\ARM_GCC_541\Debug\main.o
 .debug_info    0x000002ee      0x3a1 .\CortexM0\ARM_GCC_541\Debug\cyfitter_cfg.o
 .debug_info    0x0000068f       0xf8 .\CortexM0\ARM_GCC_541\Debug\cymetadata.o
 .debug_info    0x00000787      0x3a2 .\CortexM0\ARM_GCC_541\Debug\Cm0Start.o
 .debug_info    0x00000b29     0x1912 .\CortexM0\ARM_GCC_541\Debug\LIN_Slave_CY8CKIT-042.a(LINS.o)
 .debug_info    0x0000243b       0xba .\CortexM0\ARM_GCC_541\Debug\LIN_Slave_CY8CKIT-042.a(LINS_INT.o)
 .debug_info    0x000024f5      0x19d .\CortexM0\ARM_GCC_541\Debug\LIN_Slave_CY8CKIT-042.a(LED_RED.o)
 .debug_info    0x00002692      0x19d .\CortexM0\ARM_GCC_541\Debug\LIN_Slave_CY8CKIT-042.a(LED_GREEN.o)
 .debug_info    0x0000282f      0x19d .\CortexM0\ARM_GCC_541\Debug\LIN_Slave_CY8CKIT-042.a(LED_BLUE.o)
 .debug_info    0x000029cc      0x305 .\CortexM0\ARM_GCC_541\Debug\LIN_Slave_CY8CKIT-042.a(LINS_ISR.o)
 .debug_info    0x00002cd1      0x14e .\CortexM0\ARM_GCC_541\Debug\LIN_Slave_CY8CKIT-042.a(LINS_IntClk.o)
 .debug_info    0x00002e1f      0x24c .\CortexM0\ARM_GCC_541\Debug\LIN_Slave_CY8CKIT-042.a(LINS_SCB.o)
 .debug_info    0x0000306b      0x220 .\CortexM0\ARM_GCC_541\Debug\LIN_Slave_CY8CKIT-042.a(LINS_SCB_SPI_UART.o)
 .debug_info    0x0000328b      0x310 .\CortexM0\ARM_GCC_541\Debug\LIN_Slave_CY8CKIT-042.a(LINS_SCB_UART.o)
 .debug_info    0x0000359b      0x8ca .\CortexM0\ARM_GCC_541\Debug\LIN_Slave_CY8CKIT-042.a(LIN_Dynamic.o)
 .debug_info    0x00003e65      0xaec .\CortexM0\ARM_GCC_541\Debug\LIN_Slave_CY8CKIT-042.a(CyLib.o)
 .debug_info    0x00004951      0xcfe .\CortexM0\ARM_GCC_541\Debug\LIN_Slave_CY8CKIT-042.a(CyLFClk.o)
 .debug_info    0x0000564f       0xb1 .\CortexM0\ARM_GCC_541\Debug\LIN_Slave_CY8CKIT-042.a(CyBootAsmGnu.o)

.debug_abbrev   0x00000000     0x14c5
 *(.debug_abbrev)
 .debug_abbrev  0x00000000       0xab .\CortexM0\ARM_GCC_541\Debug\main.o
 .debug_abbrev  0x000000ab      0x199 .\CortexM0\ARM_GCC_541\Debug\cyfitter_cfg.o
 .debug_abbrev  0x00000244       0x5d .\CortexM0\ARM_GCC_541\Debug\cymetadata.o
 .debug_abbrev  0x000002a1      0x1d7 .\CortexM0\ARM_GCC_541\Debug\Cm0Start.o
 .debug_abbrev  0x00000478      0x24d .\CortexM0\ARM_GCC_541\Debug\LIN_Slave_CY8CKIT-042.a(LINS.o)
 .debug_abbrev  0x000006c5       0x60 .\CortexM0\ARM_GCC_541\Debug\LIN_Slave_CY8CKIT-042.a(LINS_INT.o)
 .debug_abbrev  0x00000725       0xc8 .\CortexM0\ARM_GCC_541\Debug\LIN_Slave_CY8CKIT-042.a(LED_RED.o)
 .debug_abbrev  0x000007ed       0xc8 .\CortexM0\ARM_GCC_541\Debug\LIN_Slave_CY8CKIT-042.a(LED_GREEN.o)
 .debug_abbrev  0x000008b5       0xc8 .\CortexM0\ARM_GCC_541\Debug\LIN_Slave_CY8CKIT-042.a(LED_BLUE.o)
 .debug_abbrev  0x0000097d      0x19a .\CortexM0\ARM_GCC_541\Debug\LIN_Slave_CY8CKIT-042.a(LINS_ISR.o)
 .debug_abbrev  0x00000b17       0xb7 .\CortexM0\ARM_GCC_541\Debug\LIN_Slave_CY8CKIT-042.a(LINS_IntClk.o)
 .debug_abbrev  0x00000bce       0xed .\CortexM0\ARM_GCC_541\Debug\LIN_Slave_CY8CKIT-042.a(LINS_SCB.o)
 .debug_abbrev  0x00000cbb      0x14f .\CortexM0\ARM_GCC_541\Debug\LIN_Slave_CY8CKIT-042.a(LINS_SCB_SPI_UART.o)
 .debug_abbrev  0x00000e0a      0x123 .\CortexM0\ARM_GCC_541\Debug\LIN_Slave_CY8CKIT-042.a(LINS_SCB_UART.o)
 .debug_abbrev  0x00000f2d      0x194 .\CortexM0\ARM_GCC_541\Debug\LIN_Slave_CY8CKIT-042.a(LIN_Dynamic.o)
 .debug_abbrev  0x000010c1      0x1e0 .\CortexM0\ARM_GCC_541\Debug\LIN_Slave_CY8CKIT-042.a(CyLib.o)
 .debug_abbrev  0x000012a1      0x210 .\CortexM0\ARM_GCC_541\Debug\LIN_Slave_CY8CKIT-042.a(CyLFClk.o)
 .debug_abbrev  0x000014b1       0x14 .\CortexM0\ARM_GCC_541\Debug\LIN_Slave_CY8CKIT-042.a(CyBootAsmGnu.o)

.debug_line     0x00000000     0x2441
 *(.debug_line)
 .debug_line    0x00000000       0xbc .\CortexM0\ARM_GCC_541\Debug\main.o
 .debug_line    0x000000bc      0x160 .\CortexM0\ARM_GCC_541\Debug\cyfitter_cfg.o
 .debug_line    0x0000021c      0x141 .\CortexM0\ARM_GCC_541\Debug\cymetadata.o
 .debug_line    0x0000035d      0x235 .\CortexM0\ARM_GCC_541\Debug\Cm0Start.o
 .debug_line    0x00000592      0xa80 .\CortexM0\ARM_GCC_541\Debug\LIN_Slave_CY8CKIT-042.a(LINS.o)
 .debug_line    0x00001012       0x5d .\CortexM0\ARM_GCC_541\Debug\LIN_Slave_CY8CKIT-042.a(LINS_INT.o)
 .debug_line    0x0000106f       0xbf .\CortexM0\ARM_GCC_541\Debug\LIN_Slave_CY8CKIT-042.a(LED_RED.o)
 .debug_line    0x0000112e       0xc1 .\CortexM0\ARM_GCC_541\Debug\LIN_Slave_CY8CKIT-042.a(LED_GREEN.o)
 .debug_line    0x000011ef       0xc0 .\CortexM0\ARM_GCC_541\Debug\LIN_Slave_CY8CKIT-042.a(LED_BLUE.o)
 .debug_line    0x000012af      0x154 .\CortexM0\ARM_GCC_541\Debug\LIN_Slave_CY8CKIT-042.a(LINS_ISR.o)
 .debug_line    0x00001403       0xb1 .\CortexM0\ARM_GCC_541\Debug\LIN_Slave_CY8CKIT-042.a(LINS_IntClk.o)
 .debug_line    0x000014b4      0x12f .\CortexM0\ARM_GCC_541\Debug\LIN_Slave_CY8CKIT-042.a(LINS_SCB.o)
 .debug_line    0x000015e3      0x11e .\CortexM0\ARM_GCC_541\Debug\LIN_Slave_CY8CKIT-042.a(LINS_SCB_SPI_UART.o)
 .debug_line    0x00001701      0x179 .\CortexM0\ARM_GCC_541\Debug\LIN_Slave_CY8CKIT-042.a(LINS_SCB_UART.o)
 .debug_line    0x0000187a      0x298 .\CortexM0\ARM_GCC_541\Debug\LIN_Slave_CY8CKIT-042.a(LIN_Dynamic.o)
 .debug_line    0x00001b12      0x460 .\CortexM0\ARM_GCC_541\Debug\LIN_Slave_CY8CKIT-042.a(CyLib.o)
 .debug_line    0x00001f72      0x466 .\CortexM0\ARM_GCC_541\Debug\LIN_Slave_CY8CKIT-042.a(CyLFClk.o)
 .debug_line    0x000023d8       0x69 .\CortexM0\ARM_GCC_541\Debug\LIN_Slave_CY8CKIT-042.a(CyBootAsmGnu.o)

.debug_frame    0x00000000     0x16a0
 *(.debug_frame)
 .debug_frame   0x00000000       0x30 .\CortexM0\ARM_GCC_541\Debug\main.o
 .debug_frame   0x00000030       0x8c .\CortexM0\ARM_GCC_541\Debug\cyfitter_cfg.o
 .debug_frame   0x000000bc       0xbc .\CortexM0\ARM_GCC_541\Debug\Cm0Start.o
 .debug_frame   0x00000178      0x4d8 .\CortexM0\ARM_GCC_541\Debug\LIN_Slave_CY8CKIT-042.a(LINS.o)
 .debug_frame   0x00000650       0x2c .\CortexM0\ARM_GCC_541\Debug\LIN_Slave_CY8CKIT-042.a(LINS_INT.o)
 .debug_frame   0x0000067c       0x70 .\CortexM0\ARM_GCC_541\Debug\LIN_Slave_CY8CKIT-042.a(LED_RED.o)
 .debug_frame   0x000006ec       0x70 .\CortexM0\ARM_GCC_541\Debug\LIN_Slave_CY8CKIT-042.a(LED_GREEN.o)
 .debug_frame   0x0000075c       0x70 .\CortexM0\ARM_GCC_541\Debug\LIN_Slave_CY8CKIT-042.a(LED_BLUE.o)
 .debug_frame   0x000007cc      0x110 .\CortexM0\ARM_GCC_541\Debug\LIN_Slave_CY8CKIT-042.a(LINS_ISR.o)
 .debug_frame   0x000008dc       0x60 .\CortexM0\ARM_GCC_541\Debug\LIN_Slave_CY8CKIT-042.a(LINS_IntClk.o)
 .debug_frame   0x0000093c       0xe8 .\CortexM0\ARM_GCC_541\Debug\LIN_Slave_CY8CKIT-042.a(LINS_SCB.o)
 .debug_frame   0x00000a24       0xb0 .\CortexM0\ARM_GCC_541\Debug\LIN_Slave_CY8CKIT-042.a(LINS_SCB_SPI_UART.o)
 .debug_frame   0x00000ad4       0xf4 .\CortexM0\ARM_GCC_541\Debug\LIN_Slave_CY8CKIT-042.a(LINS_SCB_UART.o)
 .debug_frame   0x00000bc8      0x29c .\CortexM0\ARM_GCC_541\Debug\LIN_Slave_CY8CKIT-042.a(LIN_Dynamic.o)
 .debug_frame   0x00000e64      0x3e0 .\CortexM0\ARM_GCC_541\Debug\LIN_Slave_CY8CKIT-042.a(CyLib.o)
 .debug_frame   0x00001244      0x3a8 .\CortexM0\ARM_GCC_541\Debug\LIN_Slave_CY8CKIT-042.a(CyLFClk.o)
 .debug_frame   0x000015ec       0x20 c:/program files (x86)/cypress/psoc creator/4.2/psoc creator/import/gnu/arm/5.4.1/bin/../lib/gcc/arm-none-eabi/5.4.1/armv6-m\libgcc.a(_udivsi3.o)
 .debug_frame   0x0000160c       0x20 c:/program files (x86)/cypress/psoc creator/4.2/psoc creator/import/gnu/arm/5.4.1/bin/../lib/gcc/arm-none-eabi/5.4.1/../../../../arm-none-eabi/lib/armv6-m\libg_nano.a(lib_a-errno.o)
 .debug_frame   0x0000162c       0x28 c:/program files (x86)/cypress/psoc creator/4.2/psoc creator/import/gnu/arm/5.4.1/bin/../lib/gcc/arm-none-eabi/5.4.1/../../../../arm-none-eabi/lib/armv6-m\libg_nano.a(lib_a-exit.o)
 .debug_frame   0x00001654       0x2c c:/program files (x86)/cypress/psoc creator/4.2/psoc creator/import/gnu/arm/5.4.1/bin/../lib/gcc/arm-none-eabi/5.4.1/../../../../arm-none-eabi/lib/armv6-m\libg_nano.a(lib_a-init.o)
 .debug_frame   0x00001680       0x20 c:/program files (x86)/cypress/psoc creator/4.2/psoc creator/import/gnu/arm/5.4.1/bin/../lib/gcc/arm-none-eabi/5.4.1/../../../../arm-none-eabi/lib/armv6-m\libg_nano.a(lib_a-memset.o)

.debug_str      0x00000000     0x20cd
 *(.debug_str)
 .debug_str     0x00000000      0x23c .\CortexM0\ARM_GCC_541\Debug\main.o
                                0x27c (size before relaxing)
 .debug_str     0x0000023c      0x11b .\CortexM0\ARM_GCC_541\Debug\cyfitter_cfg.o
                                0x2e6 (size before relaxing)
 .debug_str     0x00000357       0x63 .\CortexM0\ARM_GCC_541\Debug\cymetadata.o
                                0x1e9 (size before relaxing)
 .debug_str     0x000003ba      0x135 .\CortexM0\ARM_GCC_541\Debug\Cm0Start.o
                                0x322 (size before relaxing)
 .debug_str     0x000004ef      0xa76 .\CortexM0\ARM_GCC_541\Debug\LIN_Slave_CY8CKIT-042.a(LINS.o)
                                0xcd5 (size before relaxing)
 .debug_str     0x00000f65       0x30 .\CortexM0\ARM_GCC_541\Debug\LIN_Slave_CY8CKIT-042.a(LINS_INT.o)
                                0x1da (size before relaxing)
 .debug_str     0x00000f95       0xb0 .\CortexM0\ARM_GCC_541\Debug\LIN_Slave_CY8CKIT-042.a(LED_RED.o)
                                0x265 (size before relaxing)
 .debug_str     0x00001045       0x93 .\CortexM0\ARM_GCC_541\Debug\LIN_Slave_CY8CKIT-042.a(LED_GREEN.o)
                                0x273 (size before relaxing)
 .debug_str     0x000010d8       0x8d .\CortexM0\ARM_GCC_541\Debug\LIN_Slave_CY8CKIT-042.a(LED_BLUE.o)
                                0x26c (size before relaxing)
 .debug_str     0x00001165       0xf0 .\CortexM0\ARM_GCC_541\Debug\LIN_Slave_CY8CKIT-042.a(LINS_ISR.o)
                                0x335 (size before relaxing)
 .debug_str     0x00001255       0x95 .\CortexM0\ARM_GCC_541\Debug\LIN_Slave_CY8CKIT-042.a(LINS_IntClk.o)
                                0x282 (size before relaxing)
 .debug_str     0x000012ea      0x12e .\CortexM0\ARM_GCC_541\Debug\LIN_Slave_CY8CKIT-042.a(LINS_SCB.o)
                                0x310 (size before relaxing)
 .debug_str     0x00001418       0xea .\CortexM0\ARM_GCC_541\Debug\LIN_Slave_CY8CKIT-042.a(LINS_SCB_SPI_UART.o)
                                0x317 (size before relaxing)
 .debug_str     0x00001502      0x133 .\CortexM0\ARM_GCC_541\Debug\LIN_Slave_CY8CKIT-042.a(LINS_SCB_UART.o)
                                0x399 (size before relaxing)
 .debug_str     0x00001635      0x16b .\CortexM0\ARM_GCC_541\Debug\LIN_Slave_CY8CKIT-042.a(LIN_Dynamic.o)
                                0x53b (size before relaxing)
 .debug_str     0x000017a0      0x40b .\CortexM0\ARM_GCC_541\Debug\LIN_Slave_CY8CKIT-042.a(CyLib.o)
                                0x6d7 (size before relaxing)
 .debug_str     0x00001bab      0x522 .\CortexM0\ARM_GCC_541\Debug\LIN_Slave_CY8CKIT-042.a(CyLFClk.o)
                                0x75e (size before relaxing)

.debug_loc      0x00000000     0x3101
 *(.debug_loc)
 .debug_loc     0x00000000       0x9e .\CortexM0\ARM_GCC_541\Debug\main.o
 .debug_loc     0x0000009e      0x118 .\CortexM0\ARM_GCC_541\Debug\cyfitter_cfg.o
 .debug_loc     0x000001b6      0x14f .\CortexM0\ARM_GCC_541\Debug\Cm0Start.o
 .debug_loc     0x00000305     0x1131 .\CortexM0\ARM_GCC_541\Debug\LIN_Slave_CY8CKIT-042.a(LINS.o)
 .debug_loc     0x00001436       0xa2 .\CortexM0\ARM_GCC_541\Debug\LIN_Slave_CY8CKIT-042.a(LED_RED.o)
 .debug_loc     0x000014d8       0xa2 .\CortexM0\ARM_GCC_541\Debug\LIN_Slave_CY8CKIT-042.a(LED_GREEN.o)
 .debug_loc     0x0000157a       0xa2 .\CortexM0\ARM_GCC_541\Debug\LIN_Slave_CY8CKIT-042.a(LED_BLUE.o)
 .debug_loc     0x0000161c       0x82 .\CortexM0\ARM_GCC_541\Debug\LIN_Slave_CY8CKIT-042.a(LINS_ISR.o)
 .debug_loc     0x0000169e       0x13 .\CortexM0\ARM_GCC_541\Debug\LIN_Slave_CY8CKIT-042.a(LINS_IntClk.o)
 .debug_loc     0x000016b1       0x7e .\CortexM0\ARM_GCC_541\Debug\LIN_Slave_CY8CKIT-042.a(LINS_SCB.o)
 .debug_loc     0x0000172f       0x96 .\CortexM0\ARM_GCC_541\Debug\LIN_Slave_CY8CKIT-042.a(LINS_SCB_SPI_UART.o)
 .debug_loc     0x000017c5      0x1e4 .\CortexM0\ARM_GCC_541\Debug\LIN_Slave_CY8CKIT-042.a(LINS_SCB_UART.o)
 .debug_loc     0x000019a9      0x80a .\CortexM0\ARM_GCC_541\Debug\LIN_Slave_CY8CKIT-042.a(LIN_Dynamic.o)
 .debug_loc     0x000021b3      0x599 .\CortexM0\ARM_GCC_541\Debug\LIN_Slave_CY8CKIT-042.a(CyLib.o)
 .debug_loc     0x0000274c      0x9b5 .\CortexM0\ARM_GCC_541\Debug\LIN_Slave_CY8CKIT-042.a(CyLFClk.o)

.debug_macinfo
 *(.debug_macinfo)

.debug_ranges   0x00000000      0x7e8
 *(.debug_ranges)
 .debug_ranges  0x00000000       0x10 .\CortexM0\ARM_GCC_541\Debug\main.o
 .debug_ranges  0x00000010       0x28 .\CortexM0\ARM_GCC_541\Debug\cyfitter_cfg.o
 .debug_ranges  0x00000038       0x38 .\CortexM0\ARM_GCC_541\Debug\Cm0Start.o
 .debug_ranges  0x00000070      0x1c0 .\CortexM0\ARM_GCC_541\Debug\LIN_Slave_CY8CKIT-042.a(LINS.o)
 .debug_ranges  0x00000230       0x10 .\CortexM0\ARM_GCC_541\Debug\LIN_Slave_CY8CKIT-042.a(LINS_INT.o)
 .debug_ranges  0x00000240       0x38 .\CortexM0\ARM_GCC_541\Debug\LIN_Slave_CY8CKIT-042.a(LED_RED.o)
 .debug_ranges  0x00000278       0x38 .\CortexM0\ARM_GCC_541\Debug\LIN_Slave_CY8CKIT-042.a(LED_GREEN.o)
 .debug_ranges  0x000002b0       0x38 .\CortexM0\ARM_GCC_541\Debug\LIN_Slave_CY8CKIT-042.a(LED_BLUE.o)
 .debug_ranges  0x000002e8       0x70 .\CortexM0\ARM_GCC_541\Debug\LIN_Slave_CY8CKIT-042.a(LINS_ISR.o)
 .debug_ranges  0x00000358       0x30 .\CortexM0\ARM_GCC_541\Debug\LIN_Slave_CY8CKIT-042.a(LINS_IntClk.o)
 .debug_ranges  0x00000388       0x50 .\CortexM0\ARM_GCC_541\Debug\LIN_Slave_CY8CKIT-042.a(LINS_SCB.o)
 .debug_ranges  0x000003d8       0x50 .\CortexM0\ARM_GCC_541\Debug\LIN_Slave_CY8CKIT-042.a(LINS_SCB_SPI_UART.o)
 .debug_ranges  0x00000428       0x58 .\CortexM0\ARM_GCC_541\Debug\LIN_Slave_CY8CKIT-042.a(LINS_SCB_UART.o)
 .debug_ranges  0x00000480       0xd0 .\CortexM0\ARM_GCC_541\Debug\LIN_Slave_CY8CKIT-042.a(LIN_Dynamic.o)
 .debug_ranges  0x00000550      0x170 .\CortexM0\ARM_GCC_541\Debug\LIN_Slave_CY8CKIT-042.a(CyLib.o)
 .debug_ranges  0x000006c0      0x128 .\CortexM0\ARM_GCC_541\Debug\LIN_Slave_CY8CKIT-042.a(CyLFClk.o)

.comment        0x00000000       0x6e
 .comment       0x00000000       0x6e .\CortexM0\ARM_GCC_541\Debug\main.o
                                 0x6f (size before relaxing)
 .comment       0x0000006e       0x6f .\CortexM0\ARM_GCC_541\Debug\cyfitter_cfg.o
 .comment       0x0000006e       0x6f .\CortexM0\ARM_GCC_541\Debug\cymetadata.o
 .comment       0x0000006e       0x6f .\CortexM0\ARM_GCC_541\Debug\Cm0Start.o
 .comment       0x0000006e       0x6f .\CortexM0\ARM_GCC_541\Debug\LIN_Slave_CY8CKIT-042.a(LINS.o)
 .comment       0x0000006e       0x6f .\CortexM0\ARM_GCC_541\Debug\LIN_Slave_CY8CKIT-042.a(LINS_INT.o)
 .comment       0x0000006e       0x6f .\CortexM0\ARM_GCC_541\Debug\LIN_Slave_CY8CKIT-042.a(LED_RED.o)
 .comment       0x0000006e       0x6f .\CortexM0\ARM_GCC_541\Debug\LIN_Slave_CY8CKIT-042.a(LED_GREEN.o)
 .comment       0x0000006e       0x6f .\CortexM0\ARM_GCC_541\Debug\LIN_Slave_CY8CKIT-042.a(LED_BLUE.o)
 .comment       0x0000006e       0x6f .\CortexM0\ARM_GCC_541\Debug\LIN_Slave_CY8CKIT-042.a(LINS_ISR.o)
 .comment       0x0000006e       0x6f .\CortexM0\ARM_GCC_541\Debug\LIN_Slave_CY8CKIT-042.a(LINS_IntClk.o)
 .comment       0x0000006e       0x6f .\CortexM0\ARM_GCC_541\Debug\LIN_Slave_CY8CKIT-042.a(LINS_SCB.o)
 .comment       0x0000006e       0x6f .\CortexM0\ARM_GCC_541\Debug\LIN_Slave_CY8CKIT-042.a(LINS_SCB_SPI_UART.o)
 .comment       0x0000006e       0x6f .\CortexM0\ARM_GCC_541\Debug\LIN_Slave_CY8CKIT-042.a(LINS_SCB_UART.o)
 .comment       0x0000006e       0x6f .\CortexM0\ARM_GCC_541\Debug\LIN_Slave_CY8CKIT-042.a(LIN_Dynamic.o)
 .comment       0x0000006e       0x6f .\CortexM0\ARM_GCC_541\Debug\LIN_Slave_CY8CKIT-042.a(CyLib.o)
 .comment       0x0000006e       0x6f .\CortexM0\ARM_GCC_541\Debug\LIN_Slave_CY8CKIT-042.a(CyLFClk.o)

.debug_weaknames
 *(.debug_weaknames)

.debug_funcnames
 *(.debug_funcnames)

.debug_typenames
 *(.debug_typenames)

.debug_varnames
 *(.debug_varnames)

.note.gnu.arm.ident
 *(.note.gnu.arm.ident)

.ARM.attributes
                0x00000000       0x28
 *(.ARM.attributes)
 .ARM.attributes
                0x00000000       0x1e c:/program files (x86)/cypress/psoc creator/4.2/psoc creator/import/gnu/arm/5.4.1/bin/../lib/gcc/arm-none-eabi/5.4.1/armv6-m/crti.o
 .ARM.attributes
                0x0000001e       0x2c c:/program files (x86)/cypress/psoc creator/4.2/psoc creator/import/gnu/arm/5.4.1/bin/../lib/gcc/arm-none-eabi/5.4.1/armv6-m/crtbegin.o
 .ARM.attributes
                0x0000004a       0x1b c:/program files (x86)/cypress/psoc creator/4.2/psoc creator/import/gnu/arm/5.4.1/bin/../lib/gcc/arm-none-eabi/5.4.1/../../../../arm-none-eabi/lib/armv6-m/crt0.o
 .ARM.attributes
                0x00000065       0x31 .\CortexM0\ARM_GCC_541\Debug\main.o
 .ARM.attributes
                0x00000096       0x31 .\CortexM0\ARM_GCC_541\Debug\cyfitter_cfg.o
 .ARM.attributes
                0x000000c7       0x31 .\CortexM0\ARM_GCC_541\Debug\cymetadata.o
 .ARM.attributes
                0x000000f8       0x31 .\CortexM0\ARM_GCC_541\Debug\Cm0Start.o
 .ARM.attributes
                0x00000129       0x31 .\CortexM0\ARM_GCC_541\Debug\LIN_Slave_CY8CKIT-042.a(LINS.o)
 .ARM.attributes
                0x0000015a       0x31 .\CortexM0\ARM_GCC_541\Debug\LIN_Slave_CY8CKIT-042.a(LINS_INT.o)
 .ARM.attributes
                0x0000018b       0x31 .\CortexM0\ARM_GCC_541\Debug\LIN_Slave_CY8CKIT-042.a(LED_RED.o)
 .ARM.attributes
                0x000001bc       0x31 .\CortexM0\ARM_GCC_541\Debug\LIN_Slave_CY8CKIT-042.a(LED_GREEN.o)
 .ARM.attributes
                0x000001ed       0x31 .\CortexM0\ARM_GCC_541\Debug\LIN_Slave_CY8CKIT-042.a(LED_BLUE.o)
 .ARM.attributes
                0x0000021e       0x31 .\CortexM0\ARM_GCC_541\Debug\LIN_Slave_CY8CKIT-042.a(LINS_ISR.o)
 .ARM.attributes
                0x0000024f       0x31 .\CortexM0\ARM_GCC_541\Debug\LIN_Slave_CY8CKIT-042.a(LINS_IntClk.o)
 .ARM.attributes
                0x00000280       0x31 .\CortexM0\ARM_GCC_541\Debug\LIN_Slave_CY8CKIT-042.a(LINS_SCB.o)
 .ARM.attributes
                0x000002b1       0x31 .\CortexM0\ARM_GCC_541\Debug\LIN_Slave_CY8CKIT-042.a(LINS_SCB_SPI_UART.o)
 .ARM.attributes
                0x000002e2       0x31 .\CortexM0\ARM_GCC_541\Debug\LIN_Slave_CY8CKIT-042.a(LINS_SCB_UART.o)
 .ARM.attributes
                0x00000313       0x31 .\CortexM0\ARM_GCC_541\Debug\LIN_Slave_CY8CKIT-042.a(LIN_Dynamic.o)
 .ARM.attributes
                0x00000344       0x31 .\CortexM0\ARM_GCC_541\Debug\LIN_Slave_CY8CKIT-042.a(CyLib.o)
 .ARM.attributes
                0x00000375       0x31 .\CortexM0\ARM_GCC_541\Debug\LIN_Slave_CY8CKIT-042.a(CyLFClk.o)
 .ARM.attributes
                0x000003a6       0x21 .\CortexM0\ARM_GCC_541\Debug\LIN_Slave_CY8CKIT-042.a(CyBootAsmGnu.o)
 .ARM.attributes
                0x000003c7       0x1e c:/program files (x86)/cypress/psoc creator/4.2/psoc creator/import/gnu/arm/5.4.1/bin/../lib/gcc/arm-none-eabi/5.4.1/armv6-m\libgcc.a(_udivsi3.o)
 .ARM.attributes
                0x000003e5       0x1e c:/program files (x86)/cypress/psoc creator/4.2/psoc creator/import/gnu/arm/5.4.1/bin/../lib/gcc/arm-none-eabi/5.4.1/armv6-m\libgcc.a(_dvmd_tls.o)
 .ARM.attributes
                0x00000403       0x2c c:/program files (x86)/cypress/psoc creator/4.2/psoc creator/import/gnu/arm/5.4.1/bin/../lib/gcc/arm-none-eabi/5.4.1/../../../../arm-none-eabi/lib/armv6-m\libg_nano.a(lib_a-errno.o)
 .ARM.attributes
                0x0000042f       0x2c c:/program files (x86)/cypress/psoc creator/4.2/psoc creator/import/gnu/arm/5.4.1/bin/../lib/gcc/arm-none-eabi/5.4.1/../../../../arm-none-eabi/lib/armv6-m\libg_nano.a(lib_a-exit.o)
 .ARM.attributes
                0x0000045b       0x2c c:/program files (x86)/cypress/psoc creator/4.2/psoc creator/import/gnu/arm/5.4.1/bin/../lib/gcc/arm-none-eabi/5.4.1/../../../../arm-none-eabi/lib/armv6-m\libg_nano.a(lib_a-impure.o)
 .ARM.attributes
                0x00000487       0x2c c:/program files (x86)/cypress/psoc creator/4.2/psoc creator/import/gnu/arm/5.4.1/bin/../lib/gcc/arm-none-eabi/5.4.1/../../../../arm-none-eabi/lib/armv6-m\libg_nano.a(lib_a-init.o)
 .ARM.attributes
                0x000004b3       0x2c c:/program files (x86)/cypress/psoc creator/4.2/psoc creator/import/gnu/arm/5.4.1/bin/../lib/gcc/arm-none-eabi/5.4.1/../../../../arm-none-eabi/lib/armv6-m\libg_nano.a(lib_a-memset.o)
 .ARM.attributes
                0x000004df       0x2c c:/program files (x86)/cypress/psoc creator/4.2/psoc creator/import/gnu/arm/5.4.1/bin/../lib/gcc/arm-none-eabi/5.4.1/armv6-m/crtend.o
 .ARM.attributes
                0x0000050b       0x1e c:/program files (x86)/cypress/psoc creator/4.2/psoc creator/import/gnu/arm/5.4.1/bin/../lib/gcc/arm-none-eabi/5.4.1/armv6-m/crtn.o

/DISCARD/
 *(.note.GNU-stack)
OUTPUT(D:\Users\jagumiel\Documents\PSoC Creator\prueba4\LIN_Slave_CY8CKIT-042\LIN_Slave_CY8CKIT-042.cydsn\CortexM0\ARM_GCC_541\Debug\LIN_Slave_CY8CKIT-042.elf elf32-littlearm)
